=== RUN   TestProtoIncrementalRTA
=== RUN   TestProtoIncrementalRTA/deletion
    incremental_rta_test.go:121: PrevRun Nodes: 3244
There are 3262 functions
    incremental_rta_test.go:164: Writing full RTA call graph to full_rta_deletion.dot
    incremental_rta_test.go:166: Writing incremental RTA call graph to incremental_rta_deletion.dot
    incremental_rta_test.go:168: Call graphs don't match!
        Full RTA:
        digraph {
          "(*fmt.buffer).writeRune" -> "unicode/utf8.AppendRune";
          "(*fmt.fmt).fmtBoolean" -> "(*fmt.fmt).padString";
          "(*fmt.fmt).fmtBoolean" -> "(*fmt.fmt).padString";
          "(*fmt.fmt).fmtBs" -> "(*fmt.fmt).pad";
          "(*fmt.fmt).fmtBs" -> "(*fmt.fmt).truncate";
          "(*fmt.fmt).fmtBx" -> "(*fmt.fmt).fmtSbx";
          "(*fmt.fmt).fmtC" -> "(*fmt.fmt).pad";
          "(*fmt.fmt).fmtC" -> "unicode/utf8.AppendRune";
          "(*fmt.fmt).fmtFloat" -> "(*fmt.buffer).write";
          "(*fmt.fmt).fmtFloat" -> "(*fmt.buffer).writeByte";
          "(*fmt.fmt).fmtFloat" -> "(*fmt.fmt).pad";
          "(*fmt.fmt).fmtFloat" -> "(*fmt.fmt).pad";
          "(*fmt.fmt).fmtFloat" -> "(*fmt.fmt).pad";
          "(*fmt.fmt).fmtFloat" -> "(*fmt.fmt).writePadding";
          "(*fmt.fmt).fmtFloat" -> "strconv.AppendFloat";
          "(*fmt.fmt).fmtInteger" -> "(*fmt.fmt).pad";
          "(*fmt.fmt).fmtInteger" -> "(*fmt.fmt).writePadding";
          "(*fmt.fmt).fmtQ" -> "(*fmt.fmt).pad";
          "(*fmt.fmt).fmtQ" -> "(*fmt.fmt).pad";
          "(*fmt.fmt).fmtQ" -> "(*fmt.fmt).padString";
          "(*fmt.fmt).fmtQ" -> "(*fmt.fmt).truncateString";
          "(*fmt.fmt).fmtQ" -> "strconv.AppendQuote";
          "(*fmt.fmt).fmtQ" -> "strconv.AppendQuoteToASCII";
          "(*fmt.fmt).fmtQ" -> "strconv.CanBackquote";
          "(*fmt.fmt).fmtQc" -> "(*fmt.fmt).pad";
          "(*fmt.fmt).fmtQc" -> "(*fmt.fmt).pad";
          "(*fmt.fmt).fmtQc" -> "strconv.AppendQuoteRune";
          "(*fmt.fmt).fmtQc" -> "strconv.AppendQuoteRuneToASCII";
          "(*fmt.fmt).fmtS" -> "(*fmt.fmt).padString";
          "(*fmt.fmt).fmtS" -> "(*fmt.fmt).truncateString";
          "(*fmt.fmt).fmtSbx" -> "(*fmt.fmt).writePadding";
          "(*fmt.fmt).fmtSbx" -> "(*fmt.fmt).writePadding";
          "(*fmt.fmt).fmtSbx" -> "(*fmt.fmt).writePadding";
          "(*fmt.fmt).fmtSx" -> "(*fmt.fmt).fmtSbx";
          "(*fmt.fmt).fmtUnicode" -> "(*fmt.fmt).pad";
          "(*fmt.fmt).fmtUnicode" -> "strconv.IsPrint";
          "(*fmt.fmt).fmtUnicode" -> "unicode/utf8.EncodeRune";
          "(*fmt.fmt).fmtUnicode" -> "unicode/utf8.RuneLen";
          "(*fmt.fmt).init" -> "(*fmt.fmt).clearflags";
          "(*fmt.fmt).pad" -> "(*fmt.buffer).write";
          "(*fmt.fmt).pad" -> "(*fmt.buffer).write";
          "(*fmt.fmt).pad" -> "(*fmt.buffer).write";
          "(*fmt.fmt).pad" -> "(*fmt.fmt).writePadding";
          "(*fmt.fmt).pad" -> "(*fmt.fmt).writePadding";
          "(*fmt.fmt).pad" -> "unicode/utf8.RuneCount";
          "(*fmt.fmt).padString" -> "(*fmt.buffer).writeString";
          "(*fmt.fmt).padString" -> "(*fmt.buffer).writeString";
          "(*fmt.fmt).padString" -> "(*fmt.buffer).writeString";
          "(*fmt.fmt).padString" -> "(*fmt.fmt).writePadding";
          "(*fmt.fmt).padString" -> "(*fmt.fmt).writePadding";
          "(*fmt.fmt).padString" -> "unicode/utf8.RuneCountInString";
          "(*fmt.fmt).truncate" -> "unicode/utf8.DecodeRune";
          "(*fmt.pp).Write" -> "(*fmt.buffer).write";
          "(*fmt.pp).WriteString" -> "(*fmt.buffer).writeString";
          "(*fmt.pp).badVerb" -> "(*fmt.buffer).writeByte";
          "(*fmt.pp).badVerb" -> "(*fmt.buffer).writeByte";
          "(*fmt.pp).badVerb" -> "(*fmt.buffer).writeByte";
          "(*fmt.pp).badVerb" -> "(*fmt.buffer).writeByte";
          "(*fmt.pp).badVerb" -> "(*fmt.buffer).writeRune";
          "(*fmt.pp).badVerb" -> "(*fmt.buffer).writeString";
          "(*fmt.pp).badVerb" -> "(*fmt.buffer).writeString";
          "(*fmt.pp).badVerb" -> "(*fmt.buffer).writeString";
          "(*fmt.pp).badVerb" -> "(*fmt.buffer).writeString";
          "(*fmt.pp).badVerb" -> "(*fmt.pp).printArg";
          "(*fmt.pp).badVerb" -> "(*fmt.pp).printValue";
          "(*fmt.pp).badVerb" -> "(*reflect.rtype).String";
          "(*fmt.pp).badVerb" -> "(*reflect.rtype).String";
          "(*fmt.pp).badVerb" -> "(reflect.Value).IsValid";
          "(*fmt.pp).badVerb" -> "(reflect.Value).Type";
          "(*fmt.pp).badVerb" -> "reflect.TypeOf";
          "(*fmt.pp).catchPanic" -> "(*fmt.buffer).writeByte";
          "(*fmt.pp).catchPanic" -> "(*fmt.buffer).writeRune";
          "(*fmt.pp).catchPanic" -> "(*fmt.buffer).writeString";
          "(*fmt.pp).catchPanic" -> "(*fmt.buffer).writeString";
          "(*fmt.pp).catchPanic" -> "(*fmt.buffer).writeString";
          "(*fmt.pp).catchPanic" -> "(*fmt.buffer).writeString";
          "(*fmt.pp).catchPanic" -> "(*fmt.buffer).writeString";
          "(*fmt.pp).catchPanic" -> "(*fmt.fmt).clearflags";
          "(*fmt.pp).catchPanic" -> "(*fmt.pp).printArg";
          "(*fmt.pp).catchPanic" -> "(reflect.Value).IsNil";
          "(*fmt.pp).catchPanic" -> "(reflect.Value).Kind";
          "(*fmt.pp).catchPanic" -> "reflect.ValueOf";
          "(*fmt.pp).doPrintln" -> "(*fmt.buffer).writeByte";
          "(*fmt.pp).doPrintln" -> "(*fmt.buffer).writeByte";
          "(*fmt.pp).doPrintln" -> "(*fmt.pp).printArg";
          "(*fmt.pp).fmt0x64" -> "(*fmt.fmt).fmtInteger";
          "(*fmt.pp).fmtBool" -> "(*fmt.fmt).fmtBoolean";
          "(*fmt.pp).fmtBool" -> "(*fmt.pp).badVerb";
          "(*fmt.pp).fmtBytes" -> "(*fmt.buffer).writeByte";
          "(*fmt.pp).fmtBytes" -> "(*fmt.buffer).writeByte";
          "(*fmt.pp).fmtBytes" -> "(*fmt.buffer).writeByte";
          "(*fmt.pp).fmtBytes" -> "(*fmt.buffer).writeByte";
          "(*fmt.pp).fmtBytes" -> "(*fmt.buffer).writeByte";
          "(*fmt.pp).fmtBytes" -> "(*fmt.buffer).writeString";
          "(*fmt.pp).fmtBytes" -> "(*fmt.buffer).writeString";
          "(*fmt.pp).fmtBytes" -> "(*fmt.buffer).writeString";
          "(*fmt.pp).fmtBytes" -> "(*fmt.fmt).fmtBs";
          "(*fmt.pp).fmtBytes" -> "(*fmt.fmt).fmtBx";
          "(*fmt.pp).fmtBytes" -> "(*fmt.fmt).fmtBx";
          "(*fmt.pp).fmtBytes" -> "(*fmt.fmt).fmtInteger";
          "(*fmt.pp).fmtBytes" -> "(*fmt.fmt).fmtQ";
          "(*fmt.pp).fmtBytes" -> "(*fmt.pp).fmt0x64";
          "(*fmt.pp).fmtBytes" -> "(*fmt.pp).printValue";
          "(*fmt.pp).fmtBytes" -> "reflect.ValueOf";
          "(*fmt.pp).fmtComplex" -> "(*fmt.buffer).writeByte";
          "(*fmt.pp).fmtComplex" -> "(*fmt.buffer).writeString";
          "(*fmt.pp).fmtComplex" -> "(*fmt.pp).badVerb";
          "(*fmt.pp).fmtComplex" -> "(*fmt.pp).fmtFloat";
          "(*fmt.pp).fmtComplex" -> "(*fmt.pp).fmtFloat";
          "(*fmt.pp).fmtFloat" -> "(*fmt.fmt).fmtFloat";
          "(*fmt.pp).fmtFloat" -> "(*fmt.fmt).fmtFloat";
          "(*fmt.pp).fmtFloat" -> "(*fmt.fmt).fmtFloat";
          "(*fmt.pp).fmtFloat" -> "(*fmt.fmt).fmtFloat";
          "(*fmt.pp).fmtFloat" -> "(*fmt.pp).badVerb";
          "(*fmt.pp).fmtInteger" -> "(*fmt.fmt).fmtC";
          "(*fmt.pp).fmtInteger" -> "(*fmt.fmt).fmtInteger";
          "(*fmt.pp).fmtInteger" -> "(*fmt.fmt).fmtInteger";
          "(*fmt.pp).fmtInteger" -> "(*fmt.fmt).fmtInteger";
          "(*fmt.pp).fmtInteger" -> "(*fmt.fmt).fmtInteger";
          "(*fmt.pp).fmtInteger" -> "(*fmt.fmt).fmtInteger";
          "(*fmt.pp).fmtInteger" -> "(*fmt.fmt).fmtInteger";
          "(*fmt.pp).fmtInteger" -> "(*fmt.fmt).fmtQc";
          "(*fmt.pp).fmtInteger" -> "(*fmt.fmt).fmtUnicode";
          "(*fmt.pp).fmtInteger" -> "(*fmt.pp).badVerb";
          "(*fmt.pp).fmtInteger" -> "(*fmt.pp).fmt0x64";
          "(*fmt.pp).fmtPointer" -> "(*fmt.buffer).writeByte";
          "(*fmt.pp).fmtPointer" -> "(*fmt.buffer).writeByte";
          "(*fmt.pp).fmtPointer" -> "(*fmt.buffer).writeString";
          "(*fmt.pp).fmtPointer" -> "(*fmt.buffer).writeString";
          "(*fmt.pp).fmtPointer" -> "(*fmt.buffer).writeString";
          "(*fmt.pp).fmtPointer" -> "(*fmt.fmt).padString";
          "(*fmt.pp).fmtPointer" -> "(*fmt.pp).badVerb";
          "(*fmt.pp).fmtPointer" -> "(*fmt.pp).badVerb";
          "(*fmt.pp).fmtPointer" -> "(*fmt.pp).fmt0x64";
          "(*fmt.pp).fmtPointer" -> "(*fmt.pp).fmt0x64";
          "(*fmt.pp).fmtPointer" -> "(*fmt.pp).fmt0x64";
          "(*fmt.pp).fmtPointer" -> "(*fmt.pp).fmtInteger";
          "(*fmt.pp).fmtPointer" -> "(*reflect.rtype).String";
          "(*fmt.pp).fmtPointer" -> "(reflect.Value).Kind";
          "(*fmt.pp).fmtPointer" -> "(reflect.Value).Type";
          "(*fmt.pp).fmtPointer" -> "(reflect.Value).UnsafePointer";
          "(*fmt.pp).fmtString" -> "(*fmt.fmt).fmtQ";
          "(*fmt.pp).fmtString" -> "(*fmt.fmt).fmtQ";
          "(*fmt.pp).fmtString" -> "(*fmt.fmt).fmtS";
          "(*fmt.pp).fmtString" -> "(*fmt.fmt).fmtS";
          "(*fmt.pp).fmtString" -> "(*fmt.fmt).fmtSx";
          "(*fmt.pp).fmtString" -> "(*fmt.fmt).fmtSx";
          "(*fmt.pp).fmtString" -> "(*fmt.pp).badVerb";
          "(*fmt.pp).free" -> "(*sync.Pool).Put";
          "(*fmt.pp).handleMethods" -> "(*errors.errorString).Error";
          "(*fmt.pp).handleMethods" -> "(*fmt.fmt).fmtS";
          "(*fmt.pp).handleMethods" -> "(*fmt.pp).badVerb";
          "(*fmt.pp).handleMethods" -> "(*fmt.pp).catchPanic";
          "(*fmt.pp).handleMethods" -> "(*fmt.pp).catchPanic";
          "(*fmt.pp).handleMethods" -> "(*fmt.pp).catchPanic";
          "(*fmt.pp).handleMethods" -> "(*fmt.pp).catchPanic";
          "(*fmt.pp).handleMethods" -> "(*fmt.pp).fmtString";
          "(*fmt.pp).handleMethods" -> "(*fmt.pp).fmtString";
          "(*fmt.pp).handleMethods" -> "(*internal/abi.Kind).String";
          "(*fmt.pp).handleMethods" -> "(*internal/poll.errNetClosing).Error";
          "(*fmt.pp).handleMethods" -> "(*internal/reflectlite.rtype).String";
          "(*fmt.pp).handleMethods" -> "(*io/fs.FileMode).String";
          "(*fmt.pp).handleMethods" -> "(*io/fs.PathError).Error";
          "(*fmt.pp).handleMethods" -> "(*os.unixDirent).String";
          "(*fmt.pp).handleMethods" -> "(*reflect.ChanDir).String";
          "(*fmt.pp).handleMethods" -> "(*reflect.Kind).String";
          "(*fmt.pp).handleMethods" -> "(*reflect.Value).String";
          "(*fmt.pp).handleMethods" -> "(*reflect.ValueError).Error";
          "(*fmt.pp).handleMethods" -> "(*reflect.rtype).String";
          "(*fmt.pp).handleMethods" -> "(*runtime.TypeAssertionError).Error";
          "(*fmt.pp).handleMethods" -> "(*runtime.errorAddressString).Error";
          "(*fmt.pp).handleMethods" -> "(*runtime.errorString).Error";
          "(*fmt.pp).handleMethods" -> "(*runtime.lockRank).String";
          "(*fmt.pp).handleMethods" -> "(*runtime.waitReason).String";
          "(*fmt.pp).handleMethods" -> "(*syscall.Errno).Error";
          "(*fmt.pp).handleMethods" -> "(*time.Duration).String";
          "(*fmt.pp).handleMethods" -> "(*time.Location).String";
          "(*fmt.pp).handleMethods" -> "(*time.Month).String";
          "(*fmt.pp).handleMethods" -> "(*time.ParseError).Error";
          "(*fmt.pp).handleMethods" -> "(*time.Time).GoString";
          "(*fmt.pp).handleMethods" -> "(*time.Time).String";
          "(*fmt.pp).handleMethods" -> "(*time.Weekday).String";
          "(*fmt.pp).handleMethods" -> "(*time.fileSizeError).Error";
          "(*fmt.pp).handleMethods" -> "(internal/abi.Kind).String";
          "(*fmt.pp).handleMethods" -> "(internal/poll.errNetClosing).Error";
          "(*fmt.pp).handleMethods" -> "(internal/reflectlite.rtype).String";
          "(*fmt.pp).handleMethods" -> "(io/fs.FileMode).String";
          "(*fmt.pp).handleMethods" -> "(reflect.ChanDir).String";
          "(*fmt.pp).handleMethods" -> "(reflect.Kind).String";
          "(*fmt.pp).handleMethods" -> "(reflect.Value).String";
          "(*fmt.pp).handleMethods" -> "(runtime.errorAddressString).Error";
          "(*fmt.pp).handleMethods" -> "(runtime.errorString).Error";
          "(*fmt.pp).handleMethods" -> "(runtime.lockRank).String";
          "(*fmt.pp).handleMethods" -> "(runtime.waitReason).String";
          "(*fmt.pp).handleMethods" -> "(syscall.Errno).Error";
          "(*fmt.pp).handleMethods" -> "(time.Duration).String";
          "(*fmt.pp).handleMethods" -> "(time.Month).String";
          "(*fmt.pp).handleMethods" -> "(time.Time).GoString";
          "(*fmt.pp).handleMethods" -> "(time.Time).String";
          "(*fmt.pp).handleMethods" -> "(time.Weekday).String";
          "(*fmt.pp).handleMethods" -> "(time.fileSizeError).Error";
          "(*fmt.pp).printArg" -> "(*fmt.fmt).fmtS";
          "(*fmt.pp).printArg" -> "(*fmt.fmt).padString";
          "(*fmt.pp).printArg" -> "(*fmt.pp).badVerb";
          "(*fmt.pp).printArg" -> "(*fmt.pp).fmtBool";
          "(*fmt.pp).printArg" -> "(*fmt.pp).fmtBytes";
          "(*fmt.pp).printArg" -> "(*fmt.pp).fmtComplex";
          "(*fmt.pp).printArg" -> "(*fmt.pp).fmtComplex";
          "(*fmt.pp).printArg" -> "(*fmt.pp).fmtFloat";
          "(*fmt.pp).printArg" -> "(*fmt.pp).fmtFloat";
          "(*fmt.pp).printArg" -> "(*fmt.pp).fmtInteger";
          "(*fmt.pp).printArg" -> "(*fmt.pp).fmtInteger";
          "(*fmt.pp).printArg" -> "(*fmt.pp).fmtInteger";
          "(*fmt.pp).printArg" -> "(*fmt.pp).fmtInteger";
          "(*fmt.pp).printArg" -> "(*fmt.pp).fmtInteger";
          "(*fmt.pp).printArg" -> "(*fmt.pp).fmtInteger";
          "(*fmt.pp).printArg" -> "(*fmt.pp).fmtInteger";
          "(*fmt.pp).printArg" -> "(*fmt.pp).fmtInteger";
          "(*fmt.pp).printArg" -> "(*fmt.pp).fmtInteger";
          "(*fmt.pp).printArg" -> "(*fmt.pp).fmtInteger";
          "(*fmt.pp).printArg" -> "(*fmt.pp).fmtInteger";
          "(*fmt.pp).printArg" -> "(*fmt.pp).fmtPointer";
          "(*fmt.pp).printArg" -> "(*fmt.pp).fmtString";
          "(*fmt.pp).printArg" -> "(*fmt.pp).handleMethods";
          "(*fmt.pp).printArg" -> "(*fmt.pp).handleMethods";
          "(*fmt.pp).printArg" -> "(*fmt.pp).printValue";
          "(*fmt.pp).printArg" -> "(*fmt.pp).printValue";
          "(*fmt.pp).printArg" -> "(*reflect.rtype).String";
          "(*fmt.pp).printArg" -> "(reflect.Value).CanInterface";
          "(*fmt.pp).printArg" -> "(reflect.Value).Interface";
          "(*fmt.pp).printArg" -> "(reflect.Value).IsValid";
          "(*fmt.pp).printArg" -> "reflect.TypeOf";
          "(*fmt.pp).printArg" -> "reflect.ValueOf";
          "(*fmt.pp).printArg" -> "reflect.ValueOf";
          "(*fmt.pp).printValue" -> "(*fmt.buffer).writeByte";
          "(*fmt.pp).printValue" -> "(*fmt.buffer).writeByte";
          "(*fmt.pp).printValue" -> "(*fmt.buffer).writeByte";
          "(*fmt.pp).printValue" -> "(*fmt.buffer).writeByte";
          "(*fmt.pp).printValue" -> "(*fmt.buffer).writeByte";
          "(*fmt.pp).printValue" -> "(*fmt.buffer).writeByte";
          "(*fmt.pp).printValue" -> "(*fmt.buffer).writeByte";
          "(*fmt.pp).printValue" -> "(*fmt.buffer).writeByte";
          "(*fmt.pp).printValue" -> "(*fmt.buffer).writeByte";
          "(*fmt.pp).printValue" -> "(*fmt.buffer).writeByte";
          "(*fmt.pp).printValue" -> "(*fmt.buffer).writeByte";
          "(*fmt.pp).printValue" -> "(*fmt.buffer).writeByte";
          "(*fmt.pp).printValue" -> "(*fmt.buffer).writeByte";
          "(*fmt.pp).printValue" -> "(*fmt.buffer).writeByte";
          "(*fmt.pp).printValue" -> "(*fmt.buffer).writeByte";
          "(*fmt.pp).printValue" -> "(*fmt.buffer).writeString";
          "(*fmt.pp).printValue" -> "(*fmt.buffer).writeString";
          "(*fmt.pp).printValue" -> "(*fmt.buffer).writeString";
          "(*fmt.pp).printValue" -> "(*fmt.buffer).writeString";
          "(*fmt.pp).printValue" -> "(*fmt.buffer).writeString";
          "(*fmt.pp).printValue" -> "(*fmt.buffer).writeString";
          "(*fmt.pp).printValue" -> "(*fmt.buffer).writeString";
          "(*fmt.pp).printValue" -> "(*fmt.buffer).writeString";
          "(*fmt.pp).printValue" -> "(*fmt.buffer).writeString";
          "(*fmt.pp).printValue" -> "(*fmt.buffer).writeString";
          "(*fmt.pp).printValue" -> "(*fmt.buffer).writeString";
          "(*fmt.pp).printValue" -> "(*fmt.buffer).writeString";
          "(*fmt.pp).printValue" -> "(*fmt.buffer).writeString";
          "(*fmt.pp).printValue" -> "(*fmt.buffer).writeString";
          "(*fmt.pp).printValue" -> "(*fmt.buffer).writeString";
          "(*fmt.pp).printValue" -> "(*fmt.pp).badVerb";
          "(*fmt.pp).printValue" -> "(*fmt.pp).fmtBool";
          "(*fmt.pp).printValue" -> "(*fmt.pp).fmtBytes";
          "(*fmt.pp).printValue" -> "(*fmt.pp).fmtComplex";
          "(*fmt.pp).printValue" -> "(*fmt.pp).fmtComplex";
          "(*fmt.pp).printValue" -> "(*fmt.pp).fmtFloat";
          "(*fmt.pp).printValue" -> "(*fmt.pp).fmtFloat";
          "(*fmt.pp).printValue" -> "(*fmt.pp).fmtInteger";
          "(*fmt.pp).printValue" -> "(*fmt.pp).fmtInteger";
          "(*fmt.pp).printValue" -> "(*fmt.pp).fmtPointer";
          "(*fmt.pp).printValue" -> "(*fmt.pp).fmtString";
          "(*fmt.pp).printValue" -> "(*fmt.pp).handleMethods";
          "(*fmt.pp).printValue" -> "(*fmt.pp).printValue";
          "(*fmt.pp).printValue" -> "(*fmt.pp).printValue";
          "(*fmt.pp).printValue" -> "(*fmt.pp).printValue";
          "(*fmt.pp).printValue" -> "(*fmt.pp).printValue";
          "(*fmt.pp).printValue" -> "(*fmt.pp).printValue";
          "(*fmt.pp).printValue" -> "(*fmt.pp).printValue";
          "(*fmt.pp).printValue" -> "(*fmt.pp).printValue";
          "(*fmt.pp).printValue" -> "(*fmt.pp).unknownType";
          "(*fmt.pp).printValue" -> "(*reflect.rtype).Elem";
          "(*fmt.pp).printValue" -> "(*reflect.rtype).Field";
          "(*fmt.pp).printValue" -> "(*reflect.rtype).Kind";
          "(*fmt.pp).printValue" -> "(*reflect.rtype).String";
          "(*fmt.pp).printValue" -> "(*reflect.rtype).String";
          "(*fmt.pp).printValue" -> "(*reflect.rtype).String";
          "(*fmt.pp).printValue" -> "(*reflect.rtype).String";
          "(*fmt.pp).printValue" -> "(*reflect.rtype).String";
          "(*fmt.pp).printValue" -> "(reflect.Value).Bool";
          "(*fmt.pp).printValue" -> "(reflect.Value).Bytes";
          "(*fmt.pp).printValue" -> "(reflect.Value).CanAddr";
          "(*fmt.pp).printValue" -> "(reflect.Value).CanInterface";
          "(*fmt.pp).printValue" -> "(reflect.Value).Complex";
          "(*fmt.pp).printValue" -> "(reflect.Value).Complex";
          "(*fmt.pp).printValue" -> "(reflect.Value).Elem";
          "(*fmt.pp).printValue" -> "(reflect.Value).Elem";
          "(*fmt.pp).printValue" -> "(reflect.Value).Float";
          "(*fmt.pp).printValue" -> "(reflect.Value).Float";
          "(*fmt.pp).printValue" -> "(reflect.Value).Index";
          "(*fmt.pp).printValue" -> "(reflect.Value).Index";
          "(*fmt.pp).printValue" -> "(reflect.Value).Index";
          "(*fmt.pp).printValue" -> "(reflect.Value).Int";
          "(*fmt.pp).printValue" -> "(reflect.Value).Interface";
          "(*fmt.pp).printValue" -> "(reflect.Value).IsNil";
          "(*fmt.pp).printValue" -> "(reflect.Value).IsNil";
          "(*fmt.pp).printValue" -> "(reflect.Value).IsValid";
          "(*fmt.pp).printValue" -> "(reflect.Value).IsValid";
          "(*fmt.pp).printValue" -> "(reflect.Value).Kind";
          "(*fmt.pp).printValue" -> "(reflect.Value).Kind";
          "(*fmt.pp).printValue" -> "(reflect.Value).Kind";
          "(*fmt.pp).printValue" -> "(reflect.Value).Kind";
          "(*fmt.pp).printValue" -> "(reflect.Value).Len";
          "(*fmt.pp).printValue" -> "(reflect.Value).Len";
          "(*fmt.pp).printValue" -> "(reflect.Value).Len";
          "(*fmt.pp).printValue" -> "(reflect.Value).NumField";
          "(*fmt.pp).printValue" -> "(reflect.Value).String";
          "(*fmt.pp).printValue" -> "(reflect.Value).Type";
          "(*fmt.pp).printValue" -> "(reflect.Value).Type";
          "(*fmt.pp).printValue" -> "(reflect.Value).Type";
          "(*fmt.pp).printValue" -> "(reflect.Value).Type";
          "(*fmt.pp).printValue" -> "(reflect.Value).Type";
          "(*fmt.pp).printValue" -> "(reflect.Value).Type";
          "(*fmt.pp).printValue" -> "(reflect.Value).Uint";
          "(*fmt.pp).printValue" -> "(reflect.Value).Uint";
          "(*fmt.pp).printValue" -> "(reflect.Value).UnsafePointer";
          "(*fmt.pp).printValue" -> "fmt.getField";
          "(*fmt.pp).printValue" -> "internal/fmtsort.Sort";
          "(*fmt.pp).unknownType" -> "(*fmt.buffer).writeByte";
          "(*fmt.pp).unknownType" -> "(*fmt.buffer).writeByte";
          "(*fmt.pp).unknownType" -> "(*fmt.buffer).writeString";
          "(*fmt.pp).unknownType" -> "(*fmt.buffer).writeString";
          "(*fmt.pp).unknownType" -> "(*reflect.rtype).String";
          "(*fmt.pp).unknownType" -> "(reflect.Value).IsValid";
          "(*fmt.pp).unknownType" -> "(reflect.Value).Type";
          "(*internal/abi.ArrayType).Align" -> "(*internal/abi.Type).Align";
          "(*internal/abi.ArrayType).ArrayType" -> "(*internal/abi.Type).ArrayType";
          "(*internal/abi.ArrayType).ChanDir" -> "(*internal/abi.Type).ChanDir";
          "(*internal/abi.ArrayType).Common" -> "(*internal/abi.Type).Common";
          "(*internal/abi.ArrayType).ExportedMethods" -> "(*internal/abi.Type).ExportedMethods";
          "(*internal/abi.ArrayType).FieldAlign" -> "(*internal/abi.Type).FieldAlign";
          "(*internal/abi.ArrayType).FuncType" -> "(*internal/abi.Type).FuncType";
          "(*internal/abi.ArrayType).GcSlice" -> "(*internal/abi.Type).GcSlice";
          "(*internal/abi.ArrayType).HasName" -> "(*internal/abi.Type).HasName";
          "(*internal/abi.ArrayType).IfaceIndir" -> "(*internal/abi.Type).IfaceIndir";
          "(*internal/abi.ArrayType).InterfaceType" -> "(*internal/abi.Type).InterfaceType";
          "(*internal/abi.ArrayType).IsDirectIface" -> "(*internal/abi.Type).IsDirectIface";
          "(*internal/abi.ArrayType).Key" -> "(*internal/abi.Type).Key";
          "(*internal/abi.ArrayType).Kind" -> "(*internal/abi.Type).Kind";
          "(*internal/abi.ArrayType).MapType" -> "(*internal/abi.Type).MapType";
          "(*internal/abi.ArrayType).NumMethod" -> "(*internal/abi.Type).NumMethod";
          "(*internal/abi.ArrayType).Pointers" -> "(*internal/abi.Type).Pointers";
          "(*internal/abi.ArrayType).Size" -> "(*internal/abi.Type).Size";
          "(*internal/abi.ArrayType).StructType" -> "(*internal/abi.Type).StructType";
          "(*internal/abi.ArrayType).Uncommon" -> "(*internal/abi.Type).Uncommon";
          "(*internal/abi.FuncType).Align" -> "(*internal/abi.Type).Align";
          "(*internal/abi.FuncType).ArrayType" -> "(*internal/abi.Type).ArrayType";
          "(*internal/abi.FuncType).ChanDir" -> "(*internal/abi.Type).ChanDir";
          "(*internal/abi.FuncType).Common" -> "(*internal/abi.Type).Common";
          "(*internal/abi.FuncType).Elem" -> "(*internal/abi.Type).Elem";
          "(*internal/abi.FuncType).ExportedMethods" -> "(*internal/abi.Type).ExportedMethods";
          "(*internal/abi.FuncType).FieldAlign" -> "(*internal/abi.Type).FieldAlign";
          "(*internal/abi.FuncType).FuncType" -> "(*internal/abi.Type).FuncType";
          "(*internal/abi.FuncType).GcSlice" -> "(*internal/abi.Type).GcSlice";
          "(*internal/abi.FuncType).HasName" -> "(*internal/abi.Type).HasName";
          "(*internal/abi.FuncType).IfaceIndir" -> "(*internal/abi.Type).IfaceIndir";
          "(*internal/abi.FuncType).In" -> "(*internal/abi.FuncType).InSlice";
          "(*internal/abi.FuncType).InSlice" -> "internal/abi.addChecked";
          "(*internal/abi.FuncType).InterfaceType" -> "(*internal/abi.Type).InterfaceType";
          "(*internal/abi.FuncType).IsDirectIface" -> "(*internal/abi.Type).IsDirectIface";
          "(*internal/abi.FuncType).Key" -> "(*internal/abi.Type).Key";
          "(*internal/abi.FuncType).Kind" -> "(*internal/abi.Type).Kind";
          "(*internal/abi.FuncType).Len" -> "(*internal/abi.Type).Len";
          "(*internal/abi.FuncType).MapType" -> "(*internal/abi.Type).MapType";
          "(*internal/abi.FuncType).NumMethod" -> "(*internal/abi.Type).NumMethod";
          "(*internal/abi.FuncType).Out" -> "(*internal/abi.FuncType).OutSlice";
          "(*internal/abi.FuncType).OutSlice" -> "(*internal/abi.FuncType).NumOut";
          "(*internal/abi.FuncType).OutSlice" -> "internal/abi.addChecked";
          "(*internal/abi.FuncType).Pointers" -> "(*internal/abi.Type).Pointers";
          "(*internal/abi.FuncType).Size" -> "(*internal/abi.Type).Size";
          "(*internal/abi.FuncType).StructType" -> "(*internal/abi.Type).StructType";
          "(*internal/abi.FuncType).Uncommon" -> "(*internal/abi.Type).Uncommon";
          "(*internal/abi.InterfaceType).Align" -> "(*internal/abi.Type).Align";
          "(*internal/abi.InterfaceType).ArrayType" -> "(*internal/abi.Type).ArrayType";
          "(*internal/abi.InterfaceType).ChanDir" -> "(*internal/abi.Type).ChanDir";
          "(*internal/abi.InterfaceType).Common" -> "(*internal/abi.Type).Common";
          "(*internal/abi.InterfaceType).Elem" -> "(*internal/abi.Type).Elem";
          "(*internal/abi.InterfaceType).ExportedMethods" -> "(*internal/abi.Type).ExportedMethods";
          "(*internal/abi.InterfaceType).FieldAlign" -> "(*internal/abi.Type).FieldAlign";
          "(*internal/abi.InterfaceType).FuncType" -> "(*internal/abi.Type).FuncType";
          "(*internal/abi.InterfaceType).GcSlice" -> "(*internal/abi.Type).GcSlice";
          "(*internal/abi.InterfaceType).HasName" -> "(*internal/abi.Type).HasName";
          "(*internal/abi.InterfaceType).IfaceIndir" -> "(*internal/abi.Type).IfaceIndir";
          "(*internal/abi.InterfaceType).InterfaceType" -> "(*internal/abi.Type).InterfaceType";
          "(*internal/abi.InterfaceType).IsDirectIface" -> "(*internal/abi.Type).IsDirectIface";
          "(*internal/abi.InterfaceType).Key" -> "(*internal/abi.Type).Key";
          "(*internal/abi.InterfaceType).Kind" -> "(*internal/abi.Type).Kind";
          "(*internal/abi.InterfaceType).Len" -> "(*internal/abi.Type).Len";
          "(*internal/abi.InterfaceType).MapType" -> "(*internal/abi.Type).MapType";
          "(*internal/abi.InterfaceType).Pointers" -> "(*internal/abi.Type).Pointers";
          "(*internal/abi.InterfaceType).Size" -> "(*internal/abi.Type).Size";
          "(*internal/abi.InterfaceType).StructType" -> "(*internal/abi.Type).StructType";
          "(*internal/abi.InterfaceType).Uncommon" -> "(*internal/abi.Type).Uncommon";
          "(*internal/abi.Kind).String" -> "(internal/abi.Kind).String";
          "(*internal/abi.Name).Data" -> "(internal/abi.Name).Data";
          "(*internal/abi.Name).DataChecked" -> "(internal/abi.Name).DataChecked";
          "(*internal/abi.Name).HasTag" -> "(internal/abi.Name).HasTag";
          "(*internal/abi.Name).IsBlank" -> "(internal/abi.Name).IsBlank";
          "(*internal/abi.Name).IsEmbedded" -> "(internal/abi.Name).IsEmbedded";
          "(*internal/abi.Name).IsExported" -> "(internal/abi.Name).IsExported";
          "(*internal/abi.Name).Name" -> "(internal/abi.Name).Name";
          "(*internal/abi.Name).ReadVarint" -> "(internal/abi.Name).ReadVarint";
          "(*internal/abi.Name).Tag" -> "(internal/abi.Name).Tag";
          "(*internal/abi.PtrType).Align" -> "(*internal/abi.Type).Align";
          "(*internal/abi.PtrType).ArrayType" -> "(*internal/abi.Type).ArrayType";
          "(*internal/abi.PtrType).ChanDir" -> "(*internal/abi.Type).ChanDir";
          "(*internal/abi.PtrType).Common" -> "(*internal/abi.Type).Common";
          "(*internal/abi.PtrType).ExportedMethods" -> "(*internal/abi.Type).ExportedMethods";
          "(*internal/abi.PtrType).FieldAlign" -> "(*internal/abi.Type).FieldAlign";
          "(*internal/abi.PtrType).FuncType" -> "(*internal/abi.Type).FuncType";
          "(*internal/abi.PtrType).GcSlice" -> "(*internal/abi.Type).GcSlice";
          "(*internal/abi.PtrType).HasName" -> "(*internal/abi.Type).HasName";
          "(*internal/abi.PtrType).IfaceIndir" -> "(*internal/abi.Type).IfaceIndir";
          "(*internal/abi.PtrType).InterfaceType" -> "(*internal/abi.Type).InterfaceType";
          "(*internal/abi.PtrType).IsDirectIface" -> "(*internal/abi.Type).IsDirectIface";
          "(*internal/abi.PtrType).Key" -> "(*internal/abi.Type).Key";
          "(*internal/abi.PtrType).Kind" -> "(*internal/abi.Type).Kind";
          "(*internal/abi.PtrType).Len" -> "(*internal/abi.Type).Len";
          "(*internal/abi.PtrType).MapType" -> "(*internal/abi.Type).MapType";
          "(*internal/abi.PtrType).NumMethod" -> "(*internal/abi.Type).NumMethod";
          "(*internal/abi.PtrType).Pointers" -> "(*internal/abi.Type).Pointers";
          "(*internal/abi.PtrType).Size" -> "(*internal/abi.Type).Size";
          "(*internal/abi.PtrType).StructType" -> "(*internal/abi.Type).StructType";
          "(*internal/abi.PtrType).Uncommon" -> "(*internal/abi.Type).Uncommon";
          "(*internal/abi.StructField).Embedded" -> "(internal/abi.Name).IsEmbedded";
          "(*internal/abi.StructType).Align" -> "(*internal/abi.Type).Align";
          "(*internal/abi.StructType).ArrayType" -> "(*internal/abi.Type).ArrayType";
          "(*internal/abi.StructType).ChanDir" -> "(*internal/abi.Type).ChanDir";
          "(*internal/abi.StructType).Common" -> "(*internal/abi.Type).Common";
          "(*internal/abi.StructType).Elem" -> "(*internal/abi.Type).Elem";
          "(*internal/abi.StructType).ExportedMethods" -> "(*internal/abi.Type).ExportedMethods";
          "(*internal/abi.StructType).FieldAlign" -> "(*internal/abi.Type).FieldAlign";
          "(*internal/abi.StructType).FuncType" -> "(*internal/abi.Type).FuncType";
          "(*internal/abi.StructType).GcSlice" -> "(*internal/abi.Type).GcSlice";
          "(*internal/abi.StructType).HasName" -> "(*internal/abi.Type).HasName";
          "(*internal/abi.StructType).IfaceIndir" -> "(*internal/abi.Type).IfaceIndir";
          "(*internal/abi.StructType).InterfaceType" -> "(*internal/abi.Type).InterfaceType";
          "(*internal/abi.StructType).IsDirectIface" -> "(*internal/abi.Type).IsDirectIface";
          "(*internal/abi.StructType).Key" -> "(*internal/abi.Type).Key";
          "(*internal/abi.StructType).Kind" -> "(*internal/abi.Type).Kind";
          "(*internal/abi.StructType).Len" -> "(*internal/abi.Type).Len";
          "(*internal/abi.StructType).MapType" -> "(*internal/abi.Type).MapType";
          "(*internal/abi.StructType).NumMethod" -> "(*internal/abi.Type).NumMethod";
          "(*internal/abi.StructType).Pointers" -> "(*internal/abi.Type).Pointers";
          "(*internal/abi.StructType).Size" -> "(*internal/abi.Type).Size";
          "(*internal/abi.StructType).StructType" -> "(*internal/abi.Type).StructType";
          "(*internal/abi.StructType).Uncommon" -> "(*internal/abi.Type).Uncommon";
          "(*internal/abi.SwissMapType).Align" -> "(*internal/abi.Type).Align";
          "(*internal/abi.SwissMapType).ArrayType" -> "(*internal/abi.Type).ArrayType";
          "(*internal/abi.SwissMapType).ChanDir" -> "(*internal/abi.Type).ChanDir";
          "(*internal/abi.SwissMapType).Common" -> "(*internal/abi.Type).Common";
          "(*internal/abi.SwissMapType).ExportedMethods" -> "(*internal/abi.Type).ExportedMethods";
          "(*internal/abi.SwissMapType).FieldAlign" -> "(*internal/abi.Type).FieldAlign";
          "(*internal/abi.SwissMapType).FuncType" -> "(*internal/abi.Type).FuncType";
          "(*internal/abi.SwissMapType).GcSlice" -> "(*internal/abi.Type).GcSlice";
          "(*internal/abi.SwissMapType).HasName" -> "(*internal/abi.Type).HasName";
          "(*internal/abi.SwissMapType).IfaceIndir" -> "(*internal/abi.Type).IfaceIndir";
          "(*internal/abi.SwissMapType).InterfaceType" -> "(*internal/abi.Type).InterfaceType";
          "(*internal/abi.SwissMapType).IsDirectIface" -> "(*internal/abi.Type).IsDirectIface";
          "(*internal/abi.SwissMapType).Kind" -> "(*internal/abi.Type).Kind";
          "(*internal/abi.SwissMapType).Len" -> "(*internal/abi.Type).Len";
          "(*internal/abi.SwissMapType).MapType" -> "(*internal/abi.Type).MapType";
          "(*internal/abi.SwissMapType).NumMethod" -> "(*internal/abi.Type).NumMethod";
          "(*internal/abi.SwissMapType).Pointers" -> "(*internal/abi.Type).Pointers";
          "(*internal/abi.SwissMapType).Size" -> "(*internal/abi.Type).Size";
          "(*internal/abi.SwissMapType).StructType" -> "(*internal/abi.Type).StructType";
          "(*internal/abi.SwissMapType).Uncommon" -> "(*internal/abi.Type).Uncommon";
          "(*internal/abi.Type).ArrayType" -> "(*internal/abi.Type).Kind";
          "(*internal/abi.Type).ChanDir" -> "(*internal/abi.Type).Kind";
          "(*internal/abi.Type).Elem" -> "(*internal/abi.Type).Kind";
          "(*internal/abi.Type).ExportedMethods" -> "(*internal/abi.Type).Uncommon";
          "(*internal/abi.Type).ExportedMethods" -> "(*internal/abi.UncommonType).ExportedMethods";
          "(*internal/abi.Type).FuncType" -> "(*internal/abi.Type).Kind";
          "(*internal/abi.Type).InterfaceType" -> "(*internal/abi.Type).Kind";
          "(*internal/abi.Type).Key" -> "(*internal/abi.Type).Kind";
          "(*internal/abi.Type).Len" -> "(*internal/abi.Type).Kind";
          "(*internal/abi.Type).MapType" -> "(*internal/abi.Type).Kind";
          "(*internal/abi.Type).NumMethod" -> "(*internal/abi.InterfaceType).NumMethod";
          "(*internal/abi.Type).NumMethod" -> "(*internal/abi.Type).ExportedMethods";
          "(*internal/abi.Type).NumMethod" -> "(*internal/abi.Type).Kind";
          "(*internal/abi.Type).StructType" -> "(*internal/abi.Type).Kind";
          "(*internal/abi.Type).Uncommon" -> "(*internal/abi.Type).Kind";
          "(*internal/abi.UncommonType).ExportedMethods" -> "internal/abi.addChecked";
          "(*internal/abi.UncommonType).Methods" -> "internal/abi.addChecked";
          "(*internal/chacha8rand.State).Init" -> "(*internal/chacha8rand.State).Init64";
          "(*internal/chacha8rand.State).Init" -> "internal/byteorder.LEUint64";
          "(*internal/chacha8rand.State).Init" -> "internal/byteorder.LEUint64";
          "(*internal/chacha8rand.State).Init" -> "internal/byteorder.LEUint64";
          "(*internal/chacha8rand.State).Init" -> "internal/byteorder.LEUint64";
          "(*internal/chacha8rand.State).Init64" -> "internal/chacha8rand.block";
          "(*internal/chacha8rand.State).Refill" -> "internal/chacha8rand.block";
          "(*internal/chacha8rand.State).Reseed" -> "(*internal/chacha8rand.State).Init64";
          "(*internal/chacha8rand.State).Reseed" -> "(*internal/chacha8rand.State).Next";
          "(*internal/chacha8rand.State).Reseed" -> "(*internal/chacha8rand.State).Refill";
          "(*internal/poll.FD).Accept" -> "(*internal/poll.FD).readLock";
          "(*internal/poll.FD).Accept" -> "(*internal/poll.FD).readUnlock";
          "(*internal/poll.FD).Accept" -> "(*internal/poll.pollDesc).pollable";
          "(*internal/poll.FD).Accept" -> "(*internal/poll.pollDesc).prepareRead";
          "(*internal/poll.FD).Accept" -> "(*internal/poll.pollDesc).waitRead";
          "(*internal/poll.FD).Accept" -> "internal/poll.accept";
          "(*internal/poll.FD).Close" -> "(*internal/poll.FD).decref";
          "(*internal/poll.FD).Close" -> "(*internal/poll.fdMutex).increfAndClose";
          "(*internal/poll.FD).Close" -> "(*internal/poll.pollDesc).evict";
          "(*internal/poll.FD).Close" -> "internal/poll.errClosing";
          "(*internal/poll.FD).Close" -> "internal/poll.runtime_Semacquire";
          "(*internal/poll.FD).Dup" -> "(*internal/poll.FD).decref";
          "(*internal/poll.FD).Dup" -> "(*internal/poll.FD).incref";
          "(*internal/poll.FD).Dup" -> "internal/poll.DupCloseOnExec";
          "(*internal/poll.FD).Fchdir" -> "(*internal/poll.FD).decref";
          "(*internal/poll.FD).Fchdir" -> "(*internal/poll.FD).incref";
          "(*internal/poll.FD).Fchdir" -> "syscall.Fchdir";
          "(*internal/poll.FD).Fchmod" -> "(*internal/poll.FD).decref";
          "(*internal/poll.FD).Fchmod" -> "(*internal/poll.FD).incref";
          "(*internal/poll.FD).Fchmod" -> "internal/poll.ignoringEINTR";
          "(*internal/poll.FD).Fchmod$1" -> "syscall.Fchmod";
          "(*internal/poll.FD).Fchown" -> "(*internal/poll.FD).decref";
          "(*internal/poll.FD).Fchown" -> "(*internal/poll.FD).incref";
          "(*internal/poll.FD).Fchown" -> "internal/poll.ignoringEINTR";
          "(*internal/poll.FD).Fchown$1" -> "syscall.Fchown";
          "(*internal/poll.FD).Fstat" -> "(*internal/poll.FD).decref";
          "(*internal/poll.FD).Fstat" -> "(*internal/poll.FD).incref";
          "(*internal/poll.FD).Fstat" -> "internal/poll.ignoringEINTR";
          "(*internal/poll.FD).Fstat$1" -> "syscall.Fstat";
          "(*internal/poll.FD).Fsync" -> "(*internal/poll.FD).decref";
          "(*internal/poll.FD).Fsync" -> "(*internal/poll.FD).incref";
          "(*internal/poll.FD).Fsync" -> "internal/poll.ignoringEINTR";
          "(*internal/poll.FD).Fsync$1" -> "errors.Is";
          "(*internal/poll.FD).Fsync$1" -> "internal/syscall/unix.Fcntl";
          "(*internal/poll.FD).Fsync$1" -> "syscall.Fsync";
          "(*internal/poll.FD).Ftruncate" -> "(*internal/poll.FD).decref";
          "(*internal/poll.FD).Ftruncate" -> "(*internal/poll.FD).incref";
          "(*internal/poll.FD).Ftruncate" -> "internal/poll.ignoringEINTR";
          "(*internal/poll.FD).Ftruncate$1" -> "syscall.Ftruncate";
          "(*internal/poll.FD).GetsockoptInt" -> "(*internal/poll.FD).decref";
          "(*internal/poll.FD).GetsockoptInt" -> "(*internal/poll.FD).incref";
          "(*internal/poll.FD).GetsockoptInt" -> "syscall.GetsockoptInt";
          "(*internal/poll.FD).Init" -> "(*internal/poll.SysFile).init";
          "(*internal/poll.FD).Init" -> "(*internal/poll.pollDesc).init";
          "(*internal/poll.FD).OpenDir" -> "(*internal/poll.FD).Dup";
          "(*internal/poll.FD).OpenDir" -> "internal/poll.fdopendir";
          "(*internal/poll.FD).OpenDir" -> "syscall.Close";
          "(*internal/poll.FD).Pread" -> "(*internal/poll.FD).decref";
          "(*internal/poll.FD).Pread" -> "(*internal/poll.FD).eofError";
          "(*internal/poll.FD).Pread" -> "(*internal/poll.FD).incref";
          "(*internal/poll.FD).Pread" -> "syscall.Pread";
          "(*internal/poll.FD).Pwrite" -> "(*internal/poll.FD).decref";
          "(*internal/poll.FD).Pwrite" -> "(*internal/poll.FD).incref";
          "(*internal/poll.FD).Pwrite" -> "syscall.Pwrite";
          "(*internal/poll.FD).RawControl" -> "(*internal/poll.FD).decref";
          "(*internal/poll.FD).RawControl" -> "(*internal/poll.FD).incref";
          "(*internal/poll.FD).RawRead" -> "(*internal/poll.FD).readLock";
          "(*internal/poll.FD).RawRead" -> "(*internal/poll.FD).readUnlock";
          "(*internal/poll.FD).RawRead" -> "(*internal/poll.pollDesc).prepareRead";
          "(*internal/poll.FD).RawRead" -> "(*internal/poll.pollDesc).waitRead";
          "(*internal/poll.FD).RawRead" -> "runtime.fpTracebackPartialExpand$1";
          "(*internal/poll.FD).RawWrite" -> "(*internal/poll.FD).writeLock";
          "(*internal/poll.FD).RawWrite" -> "(*internal/poll.FD).writeUnlock";
          "(*internal/poll.FD).RawWrite" -> "(*internal/poll.pollDesc).prepareWrite";
          "(*internal/poll.FD).RawWrite" -> "(*internal/poll.pollDesc).waitWrite";
          "(*internal/poll.FD).RawWrite" -> "runtime.fpTracebackPartialExpand$1";
          "(*internal/poll.FD).Read" -> "(*internal/poll.FD).eofError";
          "(*internal/poll.FD).Read" -> "(*internal/poll.FD).readLock";
          "(*internal/poll.FD).Read" -> "(*internal/poll.FD).readUnlock";
          "(*internal/poll.FD).Read" -> "(*internal/poll.pollDesc).pollable";
          "(*internal/poll.FD).Read" -> "(*internal/poll.pollDesc).prepareRead";
          "(*internal/poll.FD).Read" -> "(*internal/poll.pollDesc).waitRead";
          "(*internal/poll.FD).Read" -> "internal/poll.ignoringEINTRIO";
          "(*internal/poll.FD).ReadDirent" -> "(*internal/poll.FD).decref";
          "(*internal/poll.FD).ReadDirent" -> "(*internal/poll.FD).incref";
          "(*internal/poll.FD).ReadDirent" -> "(*internal/poll.pollDesc).pollable";
          "(*internal/poll.FD).ReadDirent" -> "(*internal/poll.pollDesc).waitRead";
          "(*internal/poll.FD).ReadDirent" -> "internal/poll.ignoringEINTRIO";
          "(*internal/poll.FD).ReadFrom" -> "(*internal/poll.FD).eofError";
          "(*internal/poll.FD).ReadFrom" -> "(*internal/poll.FD).readLock";
          "(*internal/poll.FD).ReadFrom" -> "(*internal/poll.FD).readUnlock";
          "(*internal/poll.FD).ReadFrom" -> "(*internal/poll.pollDesc).pollable";
          "(*internal/poll.FD).ReadFrom" -> "(*internal/poll.pollDesc).prepareRead";
          "(*internal/poll.FD).ReadFrom" -> "(*internal/poll.pollDesc).waitRead";
          "(*internal/poll.FD).ReadFrom" -> "syscall.Recvfrom";
          "(*internal/poll.FD).ReadFromInet4" -> "(*internal/poll.FD).eofError";
          "(*internal/poll.FD).ReadFromInet4" -> "(*internal/poll.FD).readLock";
          "(*internal/poll.FD).ReadFromInet4" -> "(*internal/poll.FD).readUnlock";
          "(*internal/poll.FD).ReadFromInet4" -> "(*internal/poll.pollDesc).pollable";
          "(*internal/poll.FD).ReadFromInet4" -> "(*internal/poll.pollDesc).prepareRead";
          "(*internal/poll.FD).ReadFromInet4" -> "(*internal/poll.pollDesc).waitRead";
          "(*internal/poll.FD).ReadFromInet4" -> "internal/syscall/unix.RecvfromInet4";
          "(*internal/poll.FD).ReadFromInet6" -> "(*internal/poll.FD).eofError";
          "(*internal/poll.FD).ReadFromInet6" -> "(*internal/poll.FD).readLock";
          "(*internal/poll.FD).ReadFromInet6" -> "(*internal/poll.FD).readUnlock";
          "(*internal/poll.FD).ReadFromInet6" -> "(*internal/poll.pollDesc).pollable";
          "(*internal/poll.FD).ReadFromInet6" -> "(*internal/poll.pollDesc).prepareRead";
          "(*internal/poll.FD).ReadFromInet6" -> "(*internal/poll.pollDesc).waitRead";
          "(*internal/poll.FD).ReadFromInet6" -> "internal/syscall/unix.RecvfromInet6";
          "(*internal/poll.FD).ReadMsg" -> "(*internal/poll.FD).eofError";
          "(*internal/poll.FD).ReadMsg" -> "(*internal/poll.FD).readLock";
          "(*internal/poll.FD).ReadMsg" -> "(*internal/poll.FD).readUnlock";
          "(*internal/poll.FD).ReadMsg" -> "(*internal/poll.pollDesc).pollable";
          "(*internal/poll.FD).ReadMsg" -> "(*internal/poll.pollDesc).prepareRead";
          "(*internal/poll.FD).ReadMsg" -> "(*internal/poll.pollDesc).waitRead";
          "(*internal/poll.FD).ReadMsg" -> "syscall.Recvmsg";
          "(*internal/poll.FD).ReadMsgInet4" -> "(*internal/poll.FD).eofError";
          "(*internal/poll.FD).ReadMsgInet4" -> "(*internal/poll.FD).readLock";
          "(*internal/poll.FD).ReadMsgInet4" -> "(*internal/poll.FD).readUnlock";
          "(*internal/poll.FD).ReadMsgInet4" -> "(*internal/poll.pollDesc).pollable";
          "(*internal/poll.FD).ReadMsgInet4" -> "(*internal/poll.pollDesc).prepareRead";
          "(*internal/poll.FD).ReadMsgInet4" -> "(*internal/poll.pollDesc).waitRead";
          "(*internal/poll.FD).ReadMsgInet4" -> "internal/syscall/unix.RecvmsgInet4";
          "(*internal/poll.FD).ReadMsgInet6" -> "(*internal/poll.FD).eofError";
          "(*internal/poll.FD).ReadMsgInet6" -> "(*internal/poll.FD).readLock";
          "(*internal/poll.FD).ReadMsgInet6" -> "(*internal/poll.FD).readUnlock";
          "(*internal/poll.FD).ReadMsgInet6" -> "(*internal/poll.pollDesc).pollable";
          "(*internal/poll.FD).ReadMsgInet6" -> "(*internal/poll.pollDesc).prepareRead";
          "(*internal/poll.FD).ReadMsgInet6" -> "(*internal/poll.pollDesc).waitRead";
          "(*internal/poll.FD).ReadMsgInet6" -> "internal/syscall/unix.RecvmsgInet6";
          "(*internal/poll.FD).Seek" -> "(*internal/poll.FD).decref";
          "(*internal/poll.FD).Seek" -> "(*internal/poll.FD).incref";
          "(*internal/poll.FD).Seek" -> "syscall.Seek";
          "(*internal/poll.FD).SetBlocking" -> "(*internal/poll.FD).decref";
          "(*internal/poll.FD).SetBlocking" -> "(*internal/poll.FD).incref";
          "(*internal/poll.FD).SetBlocking" -> "sync/atomic.StoreUint32";
          "(*internal/poll.FD).SetBlocking" -> "syscall.SetNonblock";
          "(*internal/poll.FD).SetDeadline" -> "internal/poll.setDeadlineImpl";
          "(*internal/poll.FD).SetReadDeadline" -> "internal/poll.setDeadlineImpl";
          "(*internal/poll.FD).SetWriteDeadline" -> "internal/poll.setDeadlineImpl";
          "(*internal/poll.FD).SetsockoptByte" -> "(*internal/poll.FD).decref";
          "(*internal/poll.FD).SetsockoptByte" -> "(*internal/poll.FD).incref";
          "(*internal/poll.FD).SetsockoptByte" -> "syscall.SetsockoptByte";
          "(*internal/poll.FD).SetsockoptIPMreq" -> "(*internal/poll.FD).decref";
          "(*internal/poll.FD).SetsockoptIPMreq" -> "(*internal/poll.FD).incref";
          "(*internal/poll.FD).SetsockoptIPMreq" -> "syscall.SetsockoptIPMreq";
          "(*internal/poll.FD).SetsockoptIPv6Mreq" -> "(*internal/poll.FD).decref";
          "(*internal/poll.FD).SetsockoptIPv6Mreq" -> "(*internal/poll.FD).incref";
          "(*internal/poll.FD).SetsockoptIPv6Mreq" -> "syscall.SetsockoptIPv6Mreq";
          "(*internal/poll.FD).SetsockoptInet4Addr" -> "(*internal/poll.FD).decref";
          "(*internal/poll.FD).SetsockoptInet4Addr" -> "(*internal/poll.FD).incref";
          "(*internal/poll.FD).SetsockoptInet4Addr" -> "syscall.SetsockoptInet4Addr";
          "(*internal/poll.FD).SetsockoptInt" -> "(*internal/poll.FD).decref";
          "(*internal/poll.FD).SetsockoptInt" -> "(*internal/poll.FD).incref";
          "(*internal/poll.FD).SetsockoptInt" -> "syscall.SetsockoptInt";
          "(*internal/poll.FD).SetsockoptLinger" -> "(*internal/poll.FD).decref";
          "(*internal/poll.FD).SetsockoptLinger" -> "(*internal/poll.FD).incref";
          "(*internal/poll.FD).SetsockoptLinger" -> "syscall.SetsockoptLinger";
          "(*internal/poll.FD).Shutdown" -> "(*internal/poll.FD).decref";
          "(*internal/poll.FD).Shutdown" -> "(*internal/poll.FD).incref";
          "(*internal/poll.FD).Shutdown" -> "syscall.Shutdown";
          "(*internal/poll.FD).WaitWrite" -> "(*internal/poll.pollDesc).waitWrite";
          "(*internal/poll.FD).Write" -> "(*internal/poll.FD).writeLock";
          "(*internal/poll.FD).Write" -> "(*internal/poll.FD).writeUnlock";
          "(*internal/poll.FD).Write" -> "(*internal/poll.pollDesc).pollable";
          "(*internal/poll.FD).Write" -> "(*internal/poll.pollDesc).prepareWrite";
          "(*internal/poll.FD).Write" -> "(*internal/poll.pollDesc).waitWrite";
          "(*internal/poll.FD).Write" -> "internal/itoa.Itoa";
          "(*internal/poll.FD).Write" -> "internal/itoa.Itoa";
          "(*internal/poll.FD).Write" -> "internal/poll.ignoringEINTRIO";
          "(*internal/poll.FD).WriteMsg" -> "(*internal/poll.FD).writeLock";
          "(*internal/poll.FD).WriteMsg" -> "(*internal/poll.FD).writeUnlock";
          "(*internal/poll.FD).WriteMsg" -> "(*internal/poll.pollDesc).pollable";
          "(*internal/poll.FD).WriteMsg" -> "(*internal/poll.pollDesc).prepareWrite";
          "(*internal/poll.FD).WriteMsg" -> "(*internal/poll.pollDesc).waitWrite";
          "(*internal/poll.FD).WriteMsg" -> "syscall.SendmsgN";
          "(*internal/poll.FD).WriteMsgInet4" -> "(*internal/poll.FD).writeLock";
          "(*internal/poll.FD).WriteMsgInet4" -> "(*internal/poll.FD).writeUnlock";
          "(*internal/poll.FD).WriteMsgInet4" -> "(*internal/poll.pollDesc).pollable";
          "(*internal/poll.FD).WriteMsgInet4" -> "(*internal/poll.pollDesc).prepareWrite";
          "(*internal/poll.FD).WriteMsgInet4" -> "(*internal/poll.pollDesc).waitWrite";
          "(*internal/poll.FD).WriteMsgInet4" -> "internal/syscall/unix.SendmsgNInet4";
          "(*internal/poll.FD).WriteMsgInet6" -> "(*internal/poll.FD).writeLock";
          "(*internal/poll.FD).WriteMsgInet6" -> "(*internal/poll.FD).writeUnlock";
          "(*internal/poll.FD).WriteMsgInet6" -> "(*internal/poll.pollDesc).pollable";
          "(*internal/poll.FD).WriteMsgInet6" -> "(*internal/poll.pollDesc).prepareWrite";
          "(*internal/poll.FD).WriteMsgInet6" -> "(*internal/poll.pollDesc).waitWrite";
          "(*internal/poll.FD).WriteMsgInet6" -> "internal/syscall/unix.SendmsgNInet6";
          "(*internal/poll.FD).WriteOnce" -> "(*internal/poll.FD).writeLock";
          "(*internal/poll.FD).WriteOnce" -> "(*internal/poll.FD).writeUnlock";
          "(*internal/poll.FD).WriteOnce" -> "internal/poll.ignoringEINTRIO";
          "(*internal/poll.FD).WriteTo" -> "(*internal/poll.FD).writeLock";
          "(*internal/poll.FD).WriteTo" -> "(*internal/poll.FD).writeUnlock";
          "(*internal/poll.FD).WriteTo" -> "(*internal/poll.pollDesc).pollable";
          "(*internal/poll.FD).WriteTo" -> "(*internal/poll.pollDesc).prepareWrite";
          "(*internal/poll.FD).WriteTo" -> "(*internal/poll.pollDesc).waitWrite";
          "(*internal/poll.FD).WriteTo" -> "syscall.Sendto";
          "(*internal/poll.FD).WriteToInet4" -> "(*internal/poll.FD).writeLock";
          "(*internal/poll.FD).WriteToInet4" -> "(*internal/poll.FD).writeUnlock";
          "(*internal/poll.FD).WriteToInet4" -> "(*internal/poll.pollDesc).pollable";
          "(*internal/poll.FD).WriteToInet4" -> "(*internal/poll.pollDesc).prepareWrite";
          "(*internal/poll.FD).WriteToInet4" -> "(*internal/poll.pollDesc).waitWrite";
          "(*internal/poll.FD).WriteToInet4" -> "internal/syscall/unix.SendtoInet4";
          "(*internal/poll.FD).WriteToInet6" -> "(*internal/poll.FD).writeLock";
          "(*internal/poll.FD).WriteToInet6" -> "(*internal/poll.FD).writeUnlock";
          "(*internal/poll.FD).WriteToInet6" -> "(*internal/poll.pollDesc).pollable";
          "(*internal/poll.FD).WriteToInet6" -> "(*internal/poll.pollDesc).prepareWrite";
          "(*internal/poll.FD).WriteToInet6" -> "(*internal/poll.pollDesc).waitWrite";
          "(*internal/poll.FD).WriteToInet6" -> "internal/syscall/unix.SendtoInet6";
          "(*internal/poll.FD).Writev" -> "(*internal/poll.FD).writeLock";
          "(*internal/poll.FD).Writev" -> "(*internal/poll.FD).writeUnlock";
          "(*internal/poll.FD).Writev" -> "(*internal/poll.pollDesc).prepareWrite";
          "(*internal/poll.FD).Writev" -> "(*internal/poll.pollDesc).waitWrite";
          "(*internal/poll.FD).Writev" -> "(*syscall.Iovec).SetLen";
          "(*internal/poll.FD).Writev" -> "(*syscall.Iovec).SetLen";
          "(*internal/poll.FD).Writev" -> "internal/poll.consume";
          "(*internal/poll.FD).Writev" -> "internal/poll.newIovecWithBase";
          "(*internal/poll.FD).Writev" -> "internal/poll.writev";
          "(*internal/poll.FD).decref" -> "(*internal/poll.FD).destroy";
          "(*internal/poll.FD).decref" -> "(*internal/poll.fdMutex).decref";
          "(*internal/poll.FD).destroy" -> "(*internal/poll.SysFile).destroy";
          "(*internal/poll.FD).destroy" -> "(*internal/poll.pollDesc).close";
          "(*internal/poll.FD).destroy" -> "internal/poll.runtime_Semrelease";
          "(*internal/poll.FD).incref" -> "(*internal/poll.fdMutex).incref";
          "(*internal/poll.FD).incref" -> "internal/poll.errClosing";
          "(*internal/poll.FD).readLock" -> "(*internal/poll.fdMutex).rwlock";
          "(*internal/poll.FD).readLock" -> "internal/poll.errClosing";
          "(*internal/poll.FD).readUnlock" -> "(*internal/poll.FD).destroy";
          "(*internal/poll.FD).readUnlock" -> "(*internal/poll.fdMutex).rwunlock";
          "(*internal/poll.FD).writeLock" -> "(*internal/poll.fdMutex).rwlock";
          "(*internal/poll.FD).writeLock" -> "internal/poll.errClosing";
          "(*internal/poll.FD).writeUnlock" -> "(*internal/poll.FD).destroy";
          "(*internal/poll.FD).writeUnlock" -> "(*internal/poll.fdMutex).rwunlock";
          "(*internal/poll.errNetClosing).Error" -> "(internal/poll.errNetClosing).Error";
          "(*internal/poll.errNetClosing).Temporary" -> "(internal/poll.errNetClosing).Temporary";
          "(*internal/poll.errNetClosing).Timeout" -> "(internal/poll.errNetClosing).Timeout";
          "(*internal/poll.fdMutex).decref" -> "sync/atomic.CompareAndSwapUint64";
          "(*internal/poll.fdMutex).decref" -> "sync/atomic.LoadUint64";
          "(*internal/poll.fdMutex).incref" -> "sync/atomic.CompareAndSwapUint64";
          "(*internal/poll.fdMutex).incref" -> "sync/atomic.LoadUint64";
          "(*internal/poll.fdMutex).increfAndClose" -> "internal/poll.runtime_Semrelease";
          "(*internal/poll.fdMutex).increfAndClose" -> "internal/poll.runtime_Semrelease";
          "(*internal/poll.fdMutex).increfAndClose" -> "sync/atomic.CompareAndSwapUint64";
          "(*internal/poll.fdMutex).increfAndClose" -> "sync/atomic.LoadUint64";
          "(*internal/poll.fdMutex).rwlock" -> "internal/poll.runtime_Semacquire";
          "(*internal/poll.fdMutex).rwlock" -> "sync/atomic.CompareAndSwapUint64";
          "(*internal/poll.fdMutex).rwlock" -> "sync/atomic.LoadUint64";
          "(*internal/poll.fdMutex).rwunlock" -> "internal/poll.runtime_Semrelease";
          "(*internal/poll.fdMutex).rwunlock" -> "sync/atomic.CompareAndSwapUint64";
          "(*internal/poll.fdMutex).rwunlock" -> "sync/atomic.LoadUint64";
          "(*internal/poll.pollDesc).close" -> "internal/poll.runtime_pollClose";
          "(*internal/poll.pollDesc).evict" -> "internal/poll.runtime_pollUnblock";
          "(*internal/poll.pollDesc).init" -> "(*sync.Once).Do";
          "(*internal/poll.pollDesc).init" -> "internal/poll.errnoErr";
          "(*internal/poll.pollDesc).init" -> "internal/poll.runtime_pollOpen";
          "(*internal/poll.pollDesc).prepare" -> "internal/poll.convertErr";
          "(*internal/poll.pollDesc).prepare" -> "internal/poll.runtime_pollReset";
          "(*internal/poll.pollDesc).prepareRead" -> "(*internal/poll.pollDesc).prepare";
          "(*internal/poll.pollDesc).prepareWrite" -> "(*internal/poll.pollDesc).prepare";
          "(*internal/poll.pollDesc).wait" -> "errors.New";
          "(*internal/poll.pollDesc).wait" -> "internal/poll.convertErr";
          "(*internal/poll.pollDesc).wait" -> "internal/poll.runtime_pollWait";
          "(*internal/poll.pollDesc).waitRead" -> "(*internal/poll.pollDesc).wait";
          "(*internal/poll.pollDesc).waitWrite" -> "(*internal/poll.pollDesc).wait";
          "(*internal/reflectlite.rtype).Align" -> "(*internal/abi.Type).Align";
          "(*internal/reflectlite.rtype).ArrayType" -> "(*internal/abi.Type).ArrayType";
          "(*internal/reflectlite.rtype).AssignableTo" -> "(internal/reflectlite.rtype).AssignableTo";
          "(*internal/reflectlite.rtype).ChanDir" -> "(*internal/abi.Type).ChanDir";
          "(*internal/reflectlite.rtype).Common" -> "(*internal/abi.Type).Common";
          "(*internal/reflectlite.rtype).Comparable" -> "(internal/reflectlite.rtype).Comparable";
          "(*internal/reflectlite.rtype).Elem" -> "(internal/reflectlite.rtype).Elem";
          "(*internal/reflectlite.rtype).ExportedMethods" -> "(*internal/abi.Type).ExportedMethods";
          "(*internal/reflectlite.rtype).FieldAlign" -> "(*internal/abi.Type).FieldAlign";
          "(*internal/reflectlite.rtype).FuncType" -> "(*internal/abi.Type).FuncType";
          "(*internal/reflectlite.rtype).GcSlice" -> "(*internal/abi.Type).GcSlice";
          "(*internal/reflectlite.rtype).HasName" -> "(*internal/abi.Type).HasName";
          "(*internal/reflectlite.rtype).IfaceIndir" -> "(*internal/abi.Type).IfaceIndir";
          "(*internal/reflectlite.rtype).Implements" -> "(internal/reflectlite.rtype).Implements";
          "(*internal/reflectlite.rtype).In" -> "(internal/reflectlite.rtype).In";
          "(*internal/reflectlite.rtype).InterfaceType" -> "(*internal/abi.Type).InterfaceType";
          "(*internal/reflectlite.rtype).IsDirectIface" -> "(*internal/abi.Type).IsDirectIface";
          "(*internal/reflectlite.rtype).Key" -> "(internal/reflectlite.rtype).Key";
          "(*internal/reflectlite.rtype).Kind" -> "(*internal/abi.Type).Kind";
          "(*internal/reflectlite.rtype).Len" -> "(internal/reflectlite.rtype).Len";
          "(*internal/reflectlite.rtype).MapType" -> "(*internal/abi.Type).MapType";
          "(*internal/reflectlite.rtype).Name" -> "(internal/reflectlite.rtype).Name";
          "(*internal/reflectlite.rtype).NumField" -> "(internal/reflectlite.rtype).NumField";
          "(*internal/reflectlite.rtype).NumIn" -> "(internal/reflectlite.rtype).NumIn";
          "(*internal/reflectlite.rtype).NumMethod" -> "(internal/reflectlite.rtype).NumMethod";
          "(*internal/reflectlite.rtype).NumOut" -> "(internal/reflectlite.rtype).NumOut";
          "(*internal/reflectlite.rtype).Out" -> "(internal/reflectlite.rtype).Out";
          "(*internal/reflectlite.rtype).PkgPath" -> "(internal/reflectlite.rtype).PkgPath";
          "(*internal/reflectlite.rtype).Pointers" -> "(*internal/abi.Type).Pointers";
          "(*internal/reflectlite.rtype).Size" -> "(*internal/abi.Type).Size";
          "(*internal/reflectlite.rtype).String" -> "(internal/reflectlite.rtype).String";
          "(*internal/reflectlite.rtype).StructType" -> "(*internal/abi.Type).StructType";
          "(*internal/reflectlite.rtype).Uncommon" -> "(*internal/abi.Type).Uncommon";
          "(*internal/reflectlite.rtype).common" -> "(internal/reflectlite.rtype).common";
          "(*internal/runtime/atomic.Bool).Load" -> "(*internal/runtime/atomic.Uint8).Load";
          "(*internal/runtime/atomic.Bool).Store" -> "(*internal/runtime/atomic.Uint8).Store";
          "(*internal/runtime/atomic.Float64).Load" -> "(*internal/runtime/atomic.Uint64).Load";
          "(*internal/runtime/atomic.Float64).Store" -> "(*internal/runtime/atomic.Uint64).Store";
          "(*internal/runtime/atomic.Int32).Add" -> "internal/runtime/atomic.Xaddint32";
          "(*internal/runtime/atomic.Int32).CompareAndSwap" -> "internal/runtime/atomic.Casint32";
          "(*internal/runtime/atomic.Int32).Load" -> "internal/runtime/atomic.Loadint32";
          "(*internal/runtime/atomic.Int32).Store" -> "internal/runtime/atomic.Storeint32";
          "(*internal/runtime/atomic.Int32).Swap" -> "internal/runtime/atomic.Xchgint32";
          "(*internal/runtime/atomic.Int64).Add" -> "internal/runtime/atomic.Xaddint64";
          "(*internal/runtime/atomic.Int64).CompareAndSwap" -> "internal/runtime/atomic.Casint64";
          "(*internal/runtime/atomic.Int64).Load" -> "internal/runtime/atomic.Loadint64";
          "(*internal/runtime/atomic.Int64).Store" -> "internal/runtime/atomic.Storeint64";
          "(*internal/runtime/atomic.Int64).Swap" -> "internal/runtime/atomic.Xchgint64";
          "(*internal/runtime/atomic.Pointer[runtime._defer]).CompareAndSwapNoWB[runtime._defer]" -> "(*internal/runtime/atomic.UnsafePointer).CompareAndSwapNoWB";
          "(*internal/runtime/atomic.Pointer[runtime._defer]).CompareAndSwap[runtime._defer]" -> "(*internal/runtime/atomic.UnsafePointer).CompareAndSwap";
          "(*internal/runtime/atomic.Pointer[runtime._defer]).Load[runtime._defer]" -> "(*internal/runtime/atomic.UnsafePointer).Load";
          "(*internal/runtime/atomic.Pointer[runtime._defer]).StoreNoWB[runtime._defer]" -> "(*internal/runtime/atomic.UnsafePointer).StoreNoWB";
          "(*internal/runtime/atomic.Pointer[runtime._defer]).Store[runtime._defer]" -> "(*internal/runtime/atomic.UnsafePointer).Store";
          "(*internal/runtime/atomic.Pointer[runtime.g]).CompareAndSwapNoWB[runtime.g]" -> "(*internal/runtime/atomic.UnsafePointer).CompareAndSwapNoWB";
          "(*internal/runtime/atomic.Pointer[runtime.g]).Load[runtime.g]" -> "(*internal/runtime/atomic.UnsafePointer).Load";
          "(*internal/runtime/atomic.Pointer[runtime.profBuf]).Load[runtime.profBuf]" -> "(*internal/runtime/atomic.UnsafePointer).Load";
          "(*internal/runtime/atomic.Pointer[runtime.spanSetBlock]).Load[runtime.spanSetBlock]" -> "(*internal/runtime/atomic.UnsafePointer).Load";
          "(*internal/runtime/atomic.Pointer[runtime.spanSetBlock]).StoreNoWB[runtime.spanSetBlock]" -> "(*internal/runtime/atomic.UnsafePointer).StoreNoWB";
          "(*internal/runtime/atomic.Uint32).Add" -> "internal/runtime/atomic.Xadd";
          "(*internal/runtime/atomic.Uint32).And" -> "internal/runtime/atomic.And";
          "(*internal/runtime/atomic.Uint32).CompareAndSwap" -> "internal/runtime/atomic.Cas";
          "(*internal/runtime/atomic.Uint32).CompareAndSwapRelease" -> "internal/runtime/atomic.CasRel";
          "(*internal/runtime/atomic.Uint32).Load" -> "internal/runtime/atomic.Load";
          "(*internal/runtime/atomic.Uint32).LoadAcquire" -> "internal/runtime/atomic.LoadAcq";
          "(*internal/runtime/atomic.Uint32).Or" -> "internal/runtime/atomic.Or";
          "(*internal/runtime/atomic.Uint32).Store" -> "internal/runtime/atomic.Store";
          "(*internal/runtime/atomic.Uint32).StoreRelease" -> "internal/runtime/atomic.StoreRel";
          "(*internal/runtime/atomic.Uint32).Swap" -> "internal/runtime/atomic.Xchg";
          "(*internal/runtime/atomic.Uint64).Add" -> "internal/runtime/atomic.Xadd64";
          "(*internal/runtime/atomic.Uint64).CompareAndSwap" -> "internal/runtime/atomic.Cas64";
          "(*internal/runtime/atomic.Uint64).Load" -> "internal/runtime/atomic.Load64";
          "(*internal/runtime/atomic.Uint64).LoadAcquire" -> "internal/runtime/atomic.LoadAcq64";
          "(*internal/runtime/atomic.Uint64).Store" -> "internal/runtime/atomic.Store64";
          "(*internal/runtime/atomic.Uint64).StoreRelease" -> "internal/runtime/atomic.StoreRel64";
          "(*internal/runtime/atomic.Uint64).Swap" -> "internal/runtime/atomic.Xchg64";
          "(*internal/runtime/atomic.Uint8).And" -> "internal/runtime/atomic.And8";
          "(*internal/runtime/atomic.Uint8).Load" -> "internal/runtime/atomic.Load8";
          "(*internal/runtime/atomic.Uint8).Or" -> "internal/runtime/atomic.Or8";
          "(*internal/runtime/atomic.Uint8).Store" -> "internal/runtime/atomic.Store8";
          "(*internal/runtime/atomic.Uintptr).Add" -> "internal/runtime/atomic.Xadduintptr";
          "(*internal/runtime/atomic.Uintptr).CompareAndSwap" -> "internal/runtime/atomic.Casuintptr";
          "(*internal/runtime/atomic.Uintptr).Load" -> "internal/runtime/atomic.Loaduintptr";
          "(*internal/runtime/atomic.Uintptr).LoadAcquire" -> "internal/runtime/atomic.LoadAcquintptr";
          "(*internal/runtime/atomic.Uintptr).Store" -> "internal/runtime/atomic.Storeuintptr";
          "(*internal/runtime/atomic.Uintptr).StoreRelease" -> "internal/runtime/atomic.StoreReluintptr";
          "(*internal/runtime/atomic.Uintptr).Swap" -> "internal/runtime/atomic.Xchguintptr";
          "(*internal/runtime/atomic.UnsafePointer).CompareAndSwap" -> "internal/runtime/atomic.casPointer";
          "(*internal/runtime/atomic.UnsafePointer).CompareAndSwapNoWB" -> "internal/runtime/atomic.Casp1";
          "(*internal/runtime/atomic.UnsafePointer).Load" -> "internal/runtime/atomic.Loadp";
          "(*internal/runtime/atomic.UnsafePointer).Store" -> "internal/runtime/atomic.storePointer";
          "(*internal/runtime/atomic.UnsafePointer).StoreNoWB" -> "internal/runtime/atomic.StorepNoWB";
          "(*internal/runtime/maps.Iter).Init" -> "internal/runtime/maps.rand";
          "(*internal/runtime/maps.Iter).Init" -> "internal/runtime/maps.rand";
          "(*internal/runtime/maps.Iter).Next" -> "(*internal/abi.SwissMapType).IndirectElem";
          "(*internal/runtime/maps.Iter).Next" -> "(*internal/abi.SwissMapType).IndirectElem";
          "(*internal/runtime/maps.Iter).Next" -> "(*internal/abi.SwissMapType).IndirectElem";
          "(*internal/runtime/maps.Iter).Next" -> "(*internal/abi.SwissMapType).IndirectElem";
          "(*internal/runtime/maps.Iter).Next" -> "(*internal/abi.SwissMapType).IndirectKey";
          "(*internal/runtime/maps.Iter).Next" -> "(*internal/abi.SwissMapType).IndirectKey";
          "(*internal/runtime/maps.Iter).Next" -> "(*internal/abi.SwissMapType).IndirectKey";
          "(*internal/runtime/maps.Iter).Next" -> "(*internal/runtime/maps.Iter).grownKeyElem";
          "(*internal/runtime/maps.Iter).Next" -> "(*internal/runtime/maps.Iter).grownKeyElem";
          "(*internal/runtime/maps.Iter).Next" -> "(*internal/runtime/maps.Iter).nextDirIdx";
          "(*internal/runtime/maps.Iter).Next" -> "(*internal/runtime/maps.Map).directoryAt";
          "(*internal/runtime/maps.Iter).Next" -> "(*internal/runtime/maps.Map).getWithKey";
          "(*internal/runtime/maps.Iter).Next" -> "(*internal/runtime/maps.ctrlGroup).get";
          "(*internal/runtime/maps.Iter).Next" -> "(*internal/runtime/maps.ctrlGroup).get";
          "(*internal/runtime/maps.Iter).Next" -> "(*internal/runtime/maps.groupReference).ctrls";
          "(*internal/runtime/maps.Iter).Next" -> "(*internal/runtime/maps.groupReference).ctrls";
          "(*internal/runtime/maps.Iter).Next" -> "(*internal/runtime/maps.groupReference).ctrls";
          "(*internal/runtime/maps.Iter).Next" -> "(*internal/runtime/maps.groupReference).elem";
          "(*internal/runtime/maps.Iter).Next" -> "(*internal/runtime/maps.groupReference).elem";
          "(*internal/runtime/maps.Iter).Next" -> "(*internal/runtime/maps.groupReference).elem";
          "(*internal/runtime/maps.Iter).Next" -> "(*internal/runtime/maps.groupReference).elem";
          "(*internal/runtime/maps.Iter).Next" -> "(*internal/runtime/maps.groupReference).key";
          "(*internal/runtime/maps.Iter).Next" -> "(*internal/runtime/maps.groupReference).key";
          "(*internal/runtime/maps.Iter).Next" -> "(*internal/runtime/maps.groupReference).key";
          "(*internal/runtime/maps.Iter).Next" -> "(*internal/runtime/maps.groupsReference).group";
          "(*internal/runtime/maps.Iter).Next" -> "(*internal/runtime/maps.groupsReference).group";
          "(*internal/runtime/maps.Iter).Next" -> "(internal/runtime/maps.bitset).first";
          "(*internal/runtime/maps.Iter).Next" -> "(internal/runtime/maps.bitset).first";
          "(*internal/runtime/maps.Iter).Next" -> "(internal/runtime/maps.bitset).first";
          "(*internal/runtime/maps.Iter).Next" -> "(internal/runtime/maps.bitset).removeBelow";
          "(*internal/runtime/maps.Iter).Next" -> "(internal/runtime/maps.bitset).removeFirst";
          "(*internal/runtime/maps.Iter).Next" -> "(internal/runtime/maps.bitset).removeFirst";
          "(*internal/runtime/maps.Iter).Next" -> "(internal/runtime/maps.ctrlGroup).matchFull";
          "(*internal/runtime/maps.Iter).Next" -> "internal/runtime/maps.fatal";
          "(*internal/runtime/maps.Iter).Next" -> "reflect.ArrayOf$1";
          "(*internal/runtime/maps.Iter).Next" -> "reflect.StructOf$2";
          "(*internal/runtime/maps.Iter).grownKeyElem" -> "(*internal/abi.SwissMapType).IndirectElem";
          "(*internal/runtime/maps.Iter).grownKeyElem" -> "(*internal/runtime/maps.Map).getWithKey";
          "(*internal/runtime/maps.Iter).grownKeyElem" -> "(*internal/runtime/maps.groupReference).elem";
          "(*internal/runtime/maps.Iter).grownKeyElem" -> "reflect.ArrayOf$1";
          "(*internal/runtime/maps.Iter).grownKeyElem" -> "reflect.StructOf$2";
          "(*internal/runtime/maps.Map).Clear" -> "(*internal/runtime/maps.Map).Used";
          "(*internal/runtime/maps.Map).Clear" -> "(*internal/runtime/maps.Map).clearSmall";
          "(*internal/runtime/maps.Map).Clear" -> "(*internal/runtime/maps.Map).directoryAt";
          "(*internal/runtime/maps.Map).Clear" -> "(*internal/runtime/maps.table).Clear";
          "(*internal/runtime/maps.Map).Clear" -> "internal/runtime/maps.fatal";
          "(*internal/runtime/maps.Map).Clear" -> "internal/runtime/maps.fatal";
          "(*internal/runtime/maps.Map).Clear" -> "internal/runtime/maps.rand";
          "(*internal/runtime/maps.Map).Delete" -> "(*internal/runtime/maps.Map).Used";
          "(*internal/runtime/maps.Map).Delete" -> "(*internal/runtime/maps.Map).deleteSmall";
          "(*internal/runtime/maps.Map).Delete" -> "(*internal/runtime/maps.Map).directoryAt";
          "(*internal/runtime/maps.Map).Delete" -> "(*internal/runtime/maps.Map).directoryIndex";
          "(*internal/runtime/maps.Map).Delete" -> "(*internal/runtime/maps.table).Delete";
          "(*internal/runtime/maps.Map).Delete" -> "internal/runtime/maps.fatal";
          "(*internal/runtime/maps.Map).Delete" -> "internal/runtime/maps.fatal";
          "(*internal/runtime/maps.Map).Delete" -> "internal/runtime/maps.mapKeyError";
          "(*internal/runtime/maps.Map).Delete" -> "internal/runtime/maps.rand";
          "(*internal/runtime/maps.Map).Get" -> "(*internal/runtime/maps.Map).getWithoutKey";
          "(*internal/runtime/maps.Map).Put" -> "(*internal/runtime/maps.Map).PutSlot";
          "(*internal/runtime/maps.Map).Put" -> "internal/runtime/maps.typedmemmove";
          "(*internal/runtime/maps.Map).PutSlot" -> "(*internal/runtime/maps.Map).directoryAt";
          "(*internal/runtime/maps.Map).PutSlot" -> "(*internal/runtime/maps.Map).directoryIndex";
          "(*internal/runtime/maps.Map).PutSlot" -> "(*internal/runtime/maps.Map).growToSmall";
          "(*internal/runtime/maps.Map).PutSlot" -> "(*internal/runtime/maps.Map).growToTable";
          "(*internal/runtime/maps.Map).PutSlot" -> "(*internal/runtime/maps.Map).putSlotSmall";
          "(*internal/runtime/maps.Map).PutSlot" -> "(*internal/runtime/maps.table).PutSlot";
          "(*internal/runtime/maps.Map).PutSlot" -> "internal/runtime/maps.fatal";
          "(*internal/runtime/maps.Map).PutSlot" -> "internal/runtime/maps.fatal";
          "(*internal/runtime/maps.Map).PutSlot" -> "internal/runtime/maps.fatal";
          "(*internal/runtime/maps.Map).clearSmall" -> "(*internal/runtime/maps.ctrlGroup).setEmpty";
          "(*internal/runtime/maps.Map).clearSmall" -> "(*internal/runtime/maps.groupReference).ctrls";
          "(*internal/runtime/maps.Map).clearSmall" -> "internal/runtime/maps.typedmemclr";
          "(*internal/runtime/maps.Map).deleteSmall" -> "(*internal/abi.SwissMapType).IndirectElem";
          "(*internal/runtime/maps.Map).deleteSmall" -> "(*internal/abi.SwissMapType).IndirectKey";
          "(*internal/runtime/maps.Map).deleteSmall" -> "(*internal/abi.SwissMapType).IndirectKey";
          "(*internal/runtime/maps.Map).deleteSmall" -> "(*internal/abi.Type).Pointers";
          "(*internal/runtime/maps.Map).deleteSmall" -> "(*internal/runtime/maps.ctrlGroup).set";
          "(*internal/runtime/maps.Map).deleteSmall" -> "(*internal/runtime/maps.groupReference).ctrls";
          "(*internal/runtime/maps.Map).deleteSmall" -> "(*internal/runtime/maps.groupReference).ctrls";
          "(*internal/runtime/maps.Map).deleteSmall" -> "(*internal/runtime/maps.groupReference).elem";
          "(*internal/runtime/maps.Map).deleteSmall" -> "(*internal/runtime/maps.groupReference).key";
          "(*internal/runtime/maps.Map).deleteSmall" -> "(internal/runtime/maps.bitset).first";
          "(*internal/runtime/maps.Map).deleteSmall" -> "(internal/runtime/maps.bitset).removeFirst";
          "(*internal/runtime/maps.Map).deleteSmall" -> "(internal/runtime/maps.ctrlGroup).matchH2";
          "(*internal/runtime/maps.Map).deleteSmall" -> "internal/runtime/maps.h2";
          "(*internal/runtime/maps.Map).deleteSmall" -> "internal/runtime/maps.typedmemclr";
          "(*internal/runtime/maps.Map).deleteSmall" -> "internal/runtime/maps.typedmemclr";
          "(*internal/runtime/maps.Map).deleteSmall" -> "reflect.ArrayOf$1";
          "(*internal/runtime/maps.Map).deleteSmall" -> "reflect.StructOf$2";
          "(*internal/runtime/maps.Map).getWithKey" -> "(*internal/runtime/maps.Map).Used";
          "(*internal/runtime/maps.Map).getWithKey" -> "(*internal/runtime/maps.Map).directoryAt";
          "(*internal/runtime/maps.Map).getWithKey" -> "(*internal/runtime/maps.Map).directoryIndex";
          "(*internal/runtime/maps.Map).getWithKey" -> "(*internal/runtime/maps.Map).getWithKeySmall";
          "(*internal/runtime/maps.Map).getWithKey" -> "(*internal/runtime/maps.table).getWithKey";
          "(*internal/runtime/maps.Map).getWithKey" -> "internal/runtime/maps.fatal";
          "(*internal/runtime/maps.Map).getWithKeySmall" -> "(*internal/abi.SwissMapType).IndirectElem";
          "(*internal/runtime/maps.Map).getWithKeySmall" -> "(*internal/abi.SwissMapType).IndirectKey";
          "(*internal/runtime/maps.Map).getWithKeySmall" -> "(*internal/runtime/maps.groupReference).ctrls";
          "(*internal/runtime/maps.Map).getWithKeySmall" -> "(*internal/runtime/maps.groupReference).elem";
          "(*internal/runtime/maps.Map).getWithKeySmall" -> "(*internal/runtime/maps.groupReference).key";
          "(*internal/runtime/maps.Map).getWithKeySmall" -> "internal/runtime/maps.h2";
          "(*internal/runtime/maps.Map).getWithKeySmall" -> "reflect.ArrayOf$1";
          "(*internal/runtime/maps.Map).getWithKeySmall" -> "reflect.StructOf$2";
          "(*internal/runtime/maps.Map).getWithoutKey" -> "(*internal/runtime/maps.Map).Used";
          "(*internal/runtime/maps.Map).getWithoutKey" -> "(*internal/runtime/maps.Map).directoryAt";
          "(*internal/runtime/maps.Map).getWithoutKey" -> "(*internal/runtime/maps.Map).directoryIndex";
          "(*internal/runtime/maps.Map).getWithoutKey" -> "(*internal/runtime/maps.Map).getWithKeySmall";
          "(*internal/runtime/maps.Map).getWithoutKey" -> "(*internal/runtime/maps.table).getWithoutKey";
          "(*internal/runtime/maps.Map).getWithoutKey" -> "internal/runtime/maps.fatal";
          "(*internal/runtime/maps.Map).growToSmall" -> "(*internal/runtime/maps.ctrlGroup).setEmpty";
          "(*internal/runtime/maps.Map).growToSmall" -> "(*internal/runtime/maps.groupReference).ctrls";
          "(*internal/runtime/maps.Map).growToSmall" -> "internal/runtime/maps.newGroups";
          "(*internal/runtime/maps.Map).growToTable" -> "(*internal/abi.SwissMapType).IndirectElem";
          "(*internal/runtime/maps.Map).growToTable" -> "(*internal/abi.SwissMapType).IndirectKey";
          "(*internal/runtime/maps.Map).growToTable" -> "(*internal/runtime/maps.ctrlGroup).get";
          "(*internal/runtime/maps.Map).growToTable" -> "(*internal/runtime/maps.groupReference).ctrls";
          "(*internal/runtime/maps.Map).growToTable" -> "(*internal/runtime/maps.groupReference).elem";
          "(*internal/runtime/maps.Map).growToTable" -> "(*internal/runtime/maps.groupReference).key";
          "(*internal/runtime/maps.Map).growToTable" -> "(*internal/runtime/maps.table).uncheckedPutSlot";
          "(*internal/runtime/maps.Map).growToTable" -> "internal/runtime/maps.depthToShift";
          "(*internal/runtime/maps.Map).growToTable" -> "internal/runtime/maps.newTable";
          "(*internal/runtime/maps.Map).installTableSplit" -> "(*internal/runtime/maps.Map).directoryAt";
          "(*internal/runtime/maps.Map).installTableSplit" -> "(*internal/runtime/maps.Map).replaceTable";
          "(*internal/runtime/maps.Map).installTableSplit" -> "(*internal/runtime/maps.Map).replaceTable";
          "(*internal/runtime/maps.Map).putSlotSmall" -> "(*internal/abi.SwissMapType).IndirectElem";
          "(*internal/runtime/maps.Map).putSlotSmall" -> "(*internal/abi.SwissMapType).IndirectElem";
          "(*internal/runtime/maps.Map).putSlotSmall" -> "(*internal/abi.SwissMapType).IndirectKey";
          "(*internal/runtime/maps.Map).putSlotSmall" -> "(*internal/abi.SwissMapType).IndirectKey";
          "(*internal/runtime/maps.Map).putSlotSmall" -> "(*internal/abi.SwissMapType).NeedKeyUpdate";
          "(*internal/runtime/maps.Map).putSlotSmall" -> "(*internal/runtime/maps.ctrlGroup).set";
          "(*internal/runtime/maps.Map).putSlotSmall" -> "(*internal/runtime/maps.groupReference).ctrls";
          "(*internal/runtime/maps.Map).putSlotSmall" -> "(*internal/runtime/maps.groupReference).ctrls";
          "(*internal/runtime/maps.Map).putSlotSmall" -> "(*internal/runtime/maps.groupReference).ctrls";
          "(*internal/runtime/maps.Map).putSlotSmall" -> "(*internal/runtime/maps.groupReference).elem";
          "(*internal/runtime/maps.Map).putSlotSmall" -> "(*internal/runtime/maps.groupReference).elem";
          "(*internal/runtime/maps.Map).putSlotSmall" -> "(*internal/runtime/maps.groupReference).key";
          "(*internal/runtime/maps.Map).putSlotSmall" -> "(*internal/runtime/maps.groupReference).key";
          "(*internal/runtime/maps.Map).putSlotSmall" -> "(internal/runtime/maps.bitset).first";
          "(*internal/runtime/maps.Map).putSlotSmall" -> "(internal/runtime/maps.bitset).first";
          "(*internal/runtime/maps.Map).putSlotSmall" -> "(internal/runtime/maps.bitset).removeFirst";
          "(*internal/runtime/maps.Map).putSlotSmall" -> "(internal/runtime/maps.ctrlGroup).matchEmptyOrDeleted";
          "(*internal/runtime/maps.Map).putSlotSmall" -> "(internal/runtime/maps.ctrlGroup).matchH2";
          "(*internal/runtime/maps.Map).putSlotSmall" -> "internal/runtime/maps.fatal";
          "(*internal/runtime/maps.Map).putSlotSmall" -> "internal/runtime/maps.h2";
          "(*internal/runtime/maps.Map).putSlotSmall" -> "internal/runtime/maps.h2";
          "(*internal/runtime/maps.Map).putSlotSmall" -> "internal/runtime/maps.newobject";
          "(*internal/runtime/maps.Map).putSlotSmall" -> "internal/runtime/maps.newobject";
          "(*internal/runtime/maps.Map).putSlotSmall" -> "internal/runtime/maps.typedmemmove";
          "(*internal/runtime/maps.Map).putSlotSmall" -> "internal/runtime/maps.typedmemmove";
          "(*internal/runtime/maps.Map).putSlotSmall" -> "reflect.ArrayOf$1";
          "(*internal/runtime/maps.Map).putSlotSmall" -> "reflect.StructOf$2";
          "(*internal/runtime/maps.Map).replaceTable" -> "(*internal/runtime/maps.Map).directorySet";
          "(*internal/runtime/maps.table).Clear" -> "(*internal/runtime/maps.ctrlGroup).setEmpty";
          "(*internal/runtime/maps.table).Clear" -> "(*internal/runtime/maps.groupReference).ctrls";
          "(*internal/runtime/maps.table).Clear" -> "(*internal/runtime/maps.groupsReference).group";
          "(*internal/runtime/maps.table).Clear" -> "(*internal/runtime/maps.table).resetGrowthLeft";
          "(*internal/runtime/maps.table).Clear" -> "internal/runtime/maps.typedmemclr";
          "(*internal/runtime/maps.table).Delete" -> "(*internal/abi.SwissMapType).IndirectElem";
          "(*internal/runtime/maps.table).Delete" -> "(*internal/abi.SwissMapType).IndirectKey";
          "(*internal/runtime/maps.table).Delete" -> "(*internal/abi.SwissMapType).IndirectKey";
          "(*internal/runtime/maps.table).Delete" -> "(*internal/abi.Type).Pointers";
          "(*internal/runtime/maps.table).Delete" -> "(*internal/runtime/maps.ctrlGroup).set";
          "(*internal/runtime/maps.table).Delete" -> "(*internal/runtime/maps.ctrlGroup).set";
          "(*internal/runtime/maps.table).Delete" -> "(*internal/runtime/maps.groupReference).ctrls";
          "(*internal/runtime/maps.table).Delete" -> "(*internal/runtime/maps.groupReference).ctrls";
          "(*internal/runtime/maps.table).Delete" -> "(*internal/runtime/maps.groupReference).ctrls";
          "(*internal/runtime/maps.table).Delete" -> "(*internal/runtime/maps.groupReference).ctrls";
          "(*internal/runtime/maps.table).Delete" -> "(*internal/runtime/maps.groupReference).ctrls";
          "(*internal/runtime/maps.table).Delete" -> "(*internal/runtime/maps.groupReference).elem";
          "(*internal/runtime/maps.table).Delete" -> "(*internal/runtime/maps.groupReference).key";
          "(*internal/runtime/maps.table).Delete" -> "(*internal/runtime/maps.groupsReference).group";
          "(*internal/runtime/maps.table).Delete" -> "(*internal/runtime/maps.table).checkInvariants";
          "(*internal/runtime/maps.table).Delete" -> "(internal/runtime/maps.bitset).first";
          "(*internal/runtime/maps.table).Delete" -> "(internal/runtime/maps.bitset).removeFirst";
          "(*internal/runtime/maps.table).Delete" -> "(internal/runtime/maps.ctrlGroup).matchEmpty";
          "(*internal/runtime/maps.table).Delete" -> "(internal/runtime/maps.ctrlGroup).matchEmpty";
          "(*internal/runtime/maps.table).Delete" -> "(internal/runtime/maps.ctrlGroup).matchH2";
          "(*internal/runtime/maps.table).Delete" -> "(internal/runtime/maps.probeSeq).next";
          "(*internal/runtime/maps.table).Delete" -> "internal/runtime/maps.h1";
          "(*internal/runtime/maps.table).Delete" -> "internal/runtime/maps.h2";
          "(*internal/runtime/maps.table).Delete" -> "internal/runtime/maps.makeProbeSeq";
          "(*internal/runtime/maps.table).Delete" -> "internal/runtime/maps.typedmemclr";
          "(*internal/runtime/maps.table).Delete" -> "internal/runtime/maps.typedmemclr";
          "(*internal/runtime/maps.table).Delete" -> "reflect.ArrayOf$1";
          "(*internal/runtime/maps.table).Delete" -> "reflect.StructOf$2";
          "(*internal/runtime/maps.table).Get" -> "(*internal/runtime/maps.table).getWithKey";
          "(*internal/runtime/maps.table).Print" -> "(*internal/runtime/maps.ctrlGroup).get";
          "(*internal/runtime/maps.table).Print" -> "(*internal/runtime/maps.groupReference).ctrls";
          "(*internal/runtime/maps.table).Print" -> "(*internal/runtime/maps.groupReference).elem";
          "(*internal/runtime/maps.table).Print" -> "(*internal/runtime/maps.groupReference).key";
          "(*internal/runtime/maps.table).Print" -> "(*internal/runtime/maps.groupsReference).group";
          "(*internal/runtime/maps.table).Print" -> "internal/runtime/maps.dump";
          "(*internal/runtime/maps.table).Print" -> "internal/runtime/maps.dump";
          "(*internal/runtime/maps.table).PutSlot" -> "(*internal/abi.SwissMapType).IndirectElem";
          "(*internal/runtime/maps.table).PutSlot" -> "(*internal/abi.SwissMapType).IndirectElem";
          "(*internal/runtime/maps.table).PutSlot" -> "(*internal/abi.SwissMapType).IndirectKey";
          "(*internal/runtime/maps.table).PutSlot" -> "(*internal/abi.SwissMapType).IndirectKey";
          "(*internal/runtime/maps.table).PutSlot" -> "(*internal/abi.SwissMapType).NeedKeyUpdate";
          "(*internal/runtime/maps.table).PutSlot" -> "(*internal/runtime/maps.ctrlGroup).get";
          "(*internal/runtime/maps.table).PutSlot" -> "(*internal/runtime/maps.ctrlGroup).set";
          "(*internal/runtime/maps.table).PutSlot" -> "(*internal/runtime/maps.groupReference).ctrls";
          "(*internal/runtime/maps.table).PutSlot" -> "(*internal/runtime/maps.groupReference).ctrls";
          "(*internal/runtime/maps.table).PutSlot" -> "(*internal/runtime/maps.groupReference).ctrls";
          "(*internal/runtime/maps.table).PutSlot" -> "(*internal/runtime/maps.groupReference).ctrls";
          "(*internal/runtime/maps.table).PutSlot" -> "(*internal/runtime/maps.groupReference).elem";
          "(*internal/runtime/maps.table).PutSlot" -> "(*internal/runtime/maps.groupReference).elem";
          "(*internal/runtime/maps.table).PutSlot" -> "(*internal/runtime/maps.groupReference).key";
          "(*internal/runtime/maps.table).PutSlot" -> "(*internal/runtime/maps.groupReference).key";
          "(*internal/runtime/maps.table).PutSlot" -> "(*internal/runtime/maps.groupsReference).group";
          "(*internal/runtime/maps.table).PutSlot" -> "(*internal/runtime/maps.table).checkInvariants";
          "(*internal/runtime/maps.table).PutSlot" -> "(*internal/runtime/maps.table).checkInvariants";
          "(*internal/runtime/maps.table).PutSlot" -> "(*internal/runtime/maps.table).rehash";
          "(*internal/runtime/maps.table).PutSlot" -> "(internal/runtime/maps.bitset).first";
          "(*internal/runtime/maps.table).PutSlot" -> "(internal/runtime/maps.bitset).first";
          "(*internal/runtime/maps.table).PutSlot" -> "(internal/runtime/maps.bitset).removeFirst";
          "(*internal/runtime/maps.table).PutSlot" -> "(internal/runtime/maps.ctrlGroup).matchEmptyOrDeleted";
          "(*internal/runtime/maps.table).PutSlot" -> "(internal/runtime/maps.ctrlGroup).matchH2";
          "(*internal/runtime/maps.table).PutSlot" -> "(internal/runtime/maps.probeSeq).next";
          "(*internal/runtime/maps.table).PutSlot" -> "internal/runtime/maps.h1";
          "(*internal/runtime/maps.table).PutSlot" -> "internal/runtime/maps.h2";
          "(*internal/runtime/maps.table).PutSlot" -> "internal/runtime/maps.h2";
          "(*internal/runtime/maps.table).PutSlot" -> "internal/runtime/maps.makeProbeSeq";
          "(*internal/runtime/maps.table).PutSlot" -> "internal/runtime/maps.newobject";
          "(*internal/runtime/maps.table).PutSlot" -> "internal/runtime/maps.newobject";
          "(*internal/runtime/maps.table).PutSlot" -> "internal/runtime/maps.typedmemmove";
          "(*internal/runtime/maps.table).PutSlot" -> "internal/runtime/maps.typedmemmove";
          "(*internal/runtime/maps.table).PutSlot" -> "reflect.ArrayOf$1";
          "(*internal/runtime/maps.table).PutSlot" -> "reflect.StructOf$2";
          "(*internal/runtime/maps.table).checkInvariants" -> "(*internal/abi.SwissMapType).IndirectKey";
          "(*internal/runtime/maps.table).checkInvariants" -> "(*internal/runtime/maps.ctrlGroup).get";
          "(*internal/runtime/maps.table).checkInvariants" -> "(*internal/runtime/maps.groupReference).ctrls";
          "(*internal/runtime/maps.table).checkInvariants" -> "(*internal/runtime/maps.groupReference).key";
          "(*internal/runtime/maps.table).checkInvariants" -> "(*internal/runtime/maps.groupsReference).group";
          "(*internal/runtime/maps.table).checkInvariants" -> "(*internal/runtime/maps.table).Get";
          "(*internal/runtime/maps.table).checkInvariants" -> "(*internal/runtime/maps.table).Print";
          "(*internal/runtime/maps.table).checkInvariants" -> "(*internal/runtime/maps.table).Print";
          "(*internal/runtime/maps.table).checkInvariants" -> "(*internal/runtime/maps.table).Print";
          "(*internal/runtime/maps.table).checkInvariants" -> "(*internal/runtime/maps.table).Print";
          "(*internal/runtime/maps.table).checkInvariants" -> "(*internal/runtime/maps.table).Print";
          "(*internal/runtime/maps.table).checkInvariants" -> "(*internal/runtime/maps.table).tombstones";
          "(*internal/runtime/maps.table).checkInvariants" -> "(*internal/runtime/maps.table).tombstones";
          "(*internal/runtime/maps.table).checkInvariants" -> "internal/runtime/maps.dump";
          "(*internal/runtime/maps.table).checkInvariants" -> "internal/runtime/maps.h1";
          "(*internal/runtime/maps.table).checkInvariants" -> "internal/runtime/maps.h2";
          "(*internal/runtime/maps.table).checkInvariants" -> "reflect.ArrayOf$1";
          "(*internal/runtime/maps.table).checkInvariants" -> "reflect.StructOf$2";
          "(*internal/runtime/maps.table).getWithKey" -> "(*internal/abi.SwissMapType).IndirectElem";
          "(*internal/runtime/maps.table).getWithKey" -> "(*internal/abi.SwissMapType).IndirectKey";
          "(*internal/runtime/maps.table).getWithKey" -> "(*internal/runtime/maps.groupReference).ctrls";
          "(*internal/runtime/maps.table).getWithKey" -> "(*internal/runtime/maps.groupReference).ctrls";
          "(*internal/runtime/maps.table).getWithKey" -> "(*internal/runtime/maps.groupReference).elem";
          "(*internal/runtime/maps.table).getWithKey" -> "(*internal/runtime/maps.groupReference).key";
          "(*internal/runtime/maps.table).getWithKey" -> "(*internal/runtime/maps.groupsReference).group";
          "(*internal/runtime/maps.table).getWithKey" -> "(internal/runtime/maps.bitset).first";
          "(*internal/runtime/maps.table).getWithKey" -> "(internal/runtime/maps.bitset).removeFirst";
          "(*internal/runtime/maps.table).getWithKey" -> "(internal/runtime/maps.ctrlGroup).matchEmpty";
          "(*internal/runtime/maps.table).getWithKey" -> "(internal/runtime/maps.ctrlGroup).matchH2";
          "(*internal/runtime/maps.table).getWithKey" -> "(internal/runtime/maps.probeSeq).next";
          "(*internal/runtime/maps.table).getWithKey" -> "internal/runtime/maps.h1";
          "(*internal/runtime/maps.table).getWithKey" -> "internal/runtime/maps.h2";
          "(*internal/runtime/maps.table).getWithKey" -> "internal/runtime/maps.makeProbeSeq";
          "(*internal/runtime/maps.table).getWithKey" -> "reflect.ArrayOf$1";
          "(*internal/runtime/maps.table).getWithKey" -> "reflect.StructOf$2";
          "(*internal/runtime/maps.table).getWithoutKey" -> "(*internal/abi.SwissMapType).IndirectElem";
          "(*internal/runtime/maps.table).getWithoutKey" -> "(*internal/abi.SwissMapType).IndirectKey";
          "(*internal/runtime/maps.table).getWithoutKey" -> "(*internal/runtime/maps.groupReference).ctrls";
          "(*internal/runtime/maps.table).getWithoutKey" -> "(*internal/runtime/maps.groupReference).ctrls";
          "(*internal/runtime/maps.table).getWithoutKey" -> "(*internal/runtime/maps.groupReference).elem";
          "(*internal/runtime/maps.table).getWithoutKey" -> "(*internal/runtime/maps.groupReference).key";
          "(*internal/runtime/maps.table).getWithoutKey" -> "(*internal/runtime/maps.groupsReference).group";
          "(*internal/runtime/maps.table).getWithoutKey" -> "(internal/runtime/maps.bitset).first";
          "(*internal/runtime/maps.table).getWithoutKey" -> "(internal/runtime/maps.bitset).removeFirst";
          "(*internal/runtime/maps.table).getWithoutKey" -> "(internal/runtime/maps.ctrlGroup).matchEmpty";
          "(*internal/runtime/maps.table).getWithoutKey" -> "(internal/runtime/maps.ctrlGroup).matchH2";
          "(*internal/runtime/maps.table).getWithoutKey" -> "(internal/runtime/maps.probeSeq).next";
          "(*internal/runtime/maps.table).getWithoutKey" -> "internal/runtime/maps.h1";
          "(*internal/runtime/maps.table).getWithoutKey" -> "internal/runtime/maps.h2";
          "(*internal/runtime/maps.table).getWithoutKey" -> "internal/runtime/maps.makeProbeSeq";
          "(*internal/runtime/maps.table).getWithoutKey" -> "reflect.ArrayOf$1";
          "(*internal/runtime/maps.table).getWithoutKey" -> "reflect.StructOf$2";
          "(*internal/runtime/maps.table).grow" -> "(*internal/abi.SwissMapType).IndirectElem";
          "(*internal/runtime/maps.table).grow" -> "(*internal/abi.SwissMapType).IndirectKey";
          "(*internal/runtime/maps.table).grow" -> "(*internal/runtime/maps.Map).replaceTable";
          "(*internal/runtime/maps.table).grow" -> "(*internal/runtime/maps.ctrlGroup).get";
          "(*internal/runtime/maps.table).grow" -> "(*internal/runtime/maps.groupReference).ctrls";
          "(*internal/runtime/maps.table).grow" -> "(*internal/runtime/maps.groupReference).elem";
          "(*internal/runtime/maps.table).grow" -> "(*internal/runtime/maps.groupReference).key";
          "(*internal/runtime/maps.table).grow" -> "(*internal/runtime/maps.groupsReference).group";
          "(*internal/runtime/maps.table).grow" -> "(*internal/runtime/maps.table).checkInvariants";
          "(*internal/runtime/maps.table).grow" -> "(*internal/runtime/maps.table).uncheckedPutSlot";
          "(*internal/runtime/maps.table).grow" -> "internal/runtime/maps.newTable";
          "(*internal/runtime/maps.table).rehash" -> "(*internal/runtime/maps.table).grow";
          "(*internal/runtime/maps.table).rehash" -> "(*internal/runtime/maps.table).split";
          "(*internal/runtime/maps.table).reset" -> "(*internal/runtime/maps.ctrlGroup).setEmpty";
          "(*internal/runtime/maps.table).reset" -> "(*internal/runtime/maps.groupReference).ctrls";
          "(*internal/runtime/maps.table).reset" -> "(*internal/runtime/maps.groupsReference).group";
          "(*internal/runtime/maps.table).reset" -> "(*internal/runtime/maps.table).resetGrowthLeft";
          "(*internal/runtime/maps.table).reset" -> "internal/runtime/maps.newGroups";
          "(*internal/runtime/maps.table).split" -> "(*internal/abi.SwissMapType).IndirectElem";
          "(*internal/runtime/maps.table).split" -> "(*internal/abi.SwissMapType).IndirectKey";
          "(*internal/runtime/maps.table).split" -> "(*internal/runtime/maps.Map).installTableSplit";
          "(*internal/runtime/maps.table).split" -> "(*internal/runtime/maps.ctrlGroup).get";
          "(*internal/runtime/maps.table).split" -> "(*internal/runtime/maps.groupReference).ctrls";
          "(*internal/runtime/maps.table).split" -> "(*internal/runtime/maps.groupReference).elem";
          "(*internal/runtime/maps.table).split" -> "(*internal/runtime/maps.groupReference).key";
          "(*internal/runtime/maps.table).split" -> "(*internal/runtime/maps.groupsReference).group";
          "(*internal/runtime/maps.table).split" -> "(*internal/runtime/maps.table).uncheckedPutSlot";
          "(*internal/runtime/maps.table).split" -> "internal/runtime/maps.localDepthMask";
          "(*internal/runtime/maps.table).split" -> "internal/runtime/maps.newTable";
          "(*internal/runtime/maps.table).split" -> "internal/runtime/maps.newTable";
          "(*internal/runtime/maps.table).uncheckedPutSlot" -> "(*internal/abi.SwissMapType).IndirectElem";
          "(*internal/runtime/maps.table).uncheckedPutSlot" -> "(*internal/abi.SwissMapType).IndirectKey";
          "(*internal/runtime/maps.table).uncheckedPutSlot" -> "(*internal/runtime/maps.ctrlGroup).set";
          "(*internal/runtime/maps.table).uncheckedPutSlot" -> "(*internal/runtime/maps.groupReference).ctrls";
          "(*internal/runtime/maps.table).uncheckedPutSlot" -> "(*internal/runtime/maps.groupReference).ctrls";
          "(*internal/runtime/maps.table).uncheckedPutSlot" -> "(*internal/runtime/maps.groupReference).elem";
          "(*internal/runtime/maps.table).uncheckedPutSlot" -> "(*internal/runtime/maps.groupReference).key";
          "(*internal/runtime/maps.table).uncheckedPutSlot" -> "(*internal/runtime/maps.groupsReference).group";
          "(*internal/runtime/maps.table).uncheckedPutSlot" -> "(internal/runtime/maps.bitset).first";
          "(*internal/runtime/maps.table).uncheckedPutSlot" -> "(internal/runtime/maps.ctrlGroup).matchEmptyOrDeleted";
          "(*internal/runtime/maps.table).uncheckedPutSlot" -> "(internal/runtime/maps.probeSeq).next";
          "(*internal/runtime/maps.table).uncheckedPutSlot" -> "internal/runtime/maps.h1";
          "(*internal/runtime/maps.table).uncheckedPutSlot" -> "internal/runtime/maps.h2";
          "(*internal/runtime/maps.table).uncheckedPutSlot" -> "internal/runtime/maps.makeProbeSeq";
          "(*internal/runtime/maps.table).uncheckedPutSlot" -> "internal/runtime/maps.typedmemmove";
          "(*internal/runtime/maps.table).uncheckedPutSlot" -> "internal/runtime/maps.typedmemmove";
          "(*internal/sync.HashTrieMap[any, any]).LoadOrStore[any any]" -> "(*internal/sync.HashTrieMap[any, any]).expand[any any]";
          "(*internal/sync.HashTrieMap[any, any]).LoadOrStore[any any]" -> "(*internal/sync.HashTrieMap[any, any]).init[any any]";
          "(*internal/sync.HashTrieMap[any, any]).LoadOrStore[any any]" -> "(*internal/sync.Mutex).Lock";
          "(*internal/sync.HashTrieMap[any, any]).LoadOrStore[any any]" -> "(*internal/sync.Mutex).Unlock";
          "(*internal/sync.HashTrieMap[any, any]).LoadOrStore[any any]" -> "(*internal/sync.Mutex).Unlock";
          "(*internal/sync.HashTrieMap[any, any]).LoadOrStore[any any]" -> "(*internal/sync.entry[any, any]).lookup[any any]";
          "(*internal/sync.HashTrieMap[any, any]).LoadOrStore[any any]" -> "(*internal/sync.entry[any, any]).lookup[any any]";
          "(*internal/sync.HashTrieMap[any, any]).LoadOrStore[any any]" -> "(*internal/sync.node[any, any]).entry[any any]";
          "(*internal/sync.HashTrieMap[any, any]).LoadOrStore[any any]" -> "(*internal/sync.node[any, any]).entry[any any]";
          "(*internal/sync.HashTrieMap[any, any]).LoadOrStore[any any]" -> "(*internal/sync.node[any, any]).indirect[any any]";
          "(*internal/sync.HashTrieMap[any, any]).LoadOrStore[any any]" -> "(*sync/atomic.Bool).Load";
          "(*internal/sync.HashTrieMap[any, any]).LoadOrStore[any any]" -> "(*sync/atomic.Pointer[internal/sync.indirect[any, any]]).Load[internal/sync.indirect[any, any]]";
          "(*internal/sync.HashTrieMap[any, any]).LoadOrStore[any any]" -> "(*sync/atomic.Pointer[internal/sync.node[any, any]]).Load[internal/sync.node[any, any]]";
          "(*internal/sync.HashTrieMap[any, any]).LoadOrStore[any any]" -> "(*sync/atomic.Pointer[internal/sync.node[any, any]]).Load[internal/sync.node[any, any]]";
          "(*internal/sync.HashTrieMap[any, any]).LoadOrStore[any any]" -> "(*sync/atomic.Pointer[internal/sync.node[any, any]]).Store[internal/sync.node[any, any]]";
          "(*internal/sync.HashTrieMap[any, any]).LoadOrStore[any any]" -> "(*sync/atomic.Pointer[internal/sync.node[any, any]]).Store[internal/sync.node[any, any]]";
          "(*internal/sync.HashTrieMap[any, any]).LoadOrStore[any any]" -> "internal/abi.NoEscape";
          "(*internal/sync.HashTrieMap[any, any]).LoadOrStore[any any]" -> "internal/sync.newEntryNode[any any]";
          "(*internal/sync.HashTrieMap[any, any]).Load[any any]" -> "(*internal/sync.HashTrieMap[any, any]).init[any any]";
          "(*internal/sync.HashTrieMap[any, any]).Load[any any]" -> "(*internal/sync.entry[any, any]).lookup[any any]";
          "(*internal/sync.HashTrieMap[any, any]).Load[any any]" -> "(*internal/sync.node[any, any]).entry[any any]";
          "(*internal/sync.HashTrieMap[any, any]).Load[any any]" -> "(*internal/sync.node[any, any]).indirect[any any]";
          "(*internal/sync.HashTrieMap[any, any]).Load[any any]" -> "(*sync/atomic.Pointer[internal/sync.indirect[any, any]]).Load[internal/sync.indirect[any, any]]";
          "(*internal/sync.HashTrieMap[any, any]).Load[any any]" -> "(*sync/atomic.Pointer[internal/sync.node[any, any]]).Load[internal/sync.node[any, any]]";
          "(*internal/sync.HashTrieMap[any, any]).Load[any any]" -> "internal/abi.NoEscape";
          "(*internal/sync.HashTrieMap[any, any]).Store[any any]" -> "(*internal/sync.HashTrieMap[any, any]).Swap[any any]";
          "(*internal/sync.HashTrieMap[any, any]).Swap[any any]" -> "(*internal/sync.HashTrieMap[any, any]).expand[any any]";
          "(*internal/sync.HashTrieMap[any, any]).Swap[any any]" -> "(*internal/sync.HashTrieMap[any, any]).init[any any]";
          "(*internal/sync.HashTrieMap[any, any]).Swap[any any]" -> "(*internal/sync.Mutex).Lock";
          "(*internal/sync.HashTrieMap[any, any]).Swap[any any]" -> "(*internal/sync.Mutex).Unlock";
          "(*internal/sync.HashTrieMap[any, any]).Swap[any any]" -> "(*internal/sync.Mutex).Unlock";
          "(*internal/sync.HashTrieMap[any, any]).Swap[any any]" -> "(*internal/sync.entry[any, any]).swap[any any]";
          "(*internal/sync.HashTrieMap[any, any]).Swap[any any]" -> "(*internal/sync.node[any, any]).entry[any any]";
          "(*internal/sync.HashTrieMap[any, any]).Swap[any any]" -> "(*internal/sync.node[any, any]).indirect[any any]";
          "(*internal/sync.HashTrieMap[any, any]).Swap[any any]" -> "(*sync/atomic.Bool).Load";
          "(*internal/sync.HashTrieMap[any, any]).Swap[any any]" -> "(*sync/atomic.Pointer[internal/sync.indirect[any, any]]).Load[internal/sync.indirect[any, any]]";
          "(*internal/sync.HashTrieMap[any, any]).Swap[any any]" -> "(*sync/atomic.Pointer[internal/sync.node[any, any]]).Load[internal/sync.node[any, any]]";
          "(*internal/sync.HashTrieMap[any, any]).Swap[any any]" -> "(*sync/atomic.Pointer[internal/sync.node[any, any]]).Load[internal/sync.node[any, any]]";
          "(*internal/sync.HashTrieMap[any, any]).Swap[any any]" -> "(*sync/atomic.Pointer[internal/sync.node[any, any]]).Store[internal/sync.node[any, any]]";
          "(*internal/sync.HashTrieMap[any, any]).Swap[any any]" -> "(*sync/atomic.Pointer[internal/sync.node[any, any]]).Store[internal/sync.node[any, any]]";
          "(*internal/sync.HashTrieMap[any, any]).Swap[any any]" -> "(*sync/atomic.Pointer[internal/sync.node[any, any]]).Store[internal/sync.node[any, any]]";
          "(*internal/sync.HashTrieMap[any, any]).Swap[any any]" -> "internal/abi.NoEscape";
          "(*internal/sync.HashTrieMap[any, any]).Swap[any any]" -> "internal/sync.newEntryNode[any any]";
          "(*internal/sync.HashTrieMap[any, any]).expand[any any]" -> "(*sync/atomic.Pointer[internal/sync.entry[any, any]]).Store[internal/sync.entry[any, any]]";
          "(*internal/sync.HashTrieMap[any, any]).expand[any any]" -> "(*sync/atomic.Pointer[internal/sync.node[any, any]]).Store[internal/sync.node[any, any]]";
          "(*internal/sync.HashTrieMap[any, any]).expand[any any]" -> "(*sync/atomic.Pointer[internal/sync.node[any, any]]).Store[internal/sync.node[any, any]]";
          "(*internal/sync.HashTrieMap[any, any]).expand[any any]" -> "(*sync/atomic.Pointer[internal/sync.node[any, any]]).Store[internal/sync.node[any, any]]";
          "(*internal/sync.HashTrieMap[any, any]).expand[any any]" -> "internal/sync.newIndirectNode[any any]";
          "(*internal/sync.HashTrieMap[any, any]).expand[any any]" -> "internal/sync.newIndirectNode[any any]";
          "(*internal/sync.HashTrieMap[any, any]).initSlow[any any]" -> "(*internal/abi.Type).MapType";
          "(*internal/sync.HashTrieMap[any, any]).initSlow[any any]" -> "(*internal/sync.Mutex).Lock";
          "(*internal/sync.HashTrieMap[any, any]).initSlow[any any]" -> "(*internal/sync.Mutex).Unlock";
          "(*internal/sync.HashTrieMap[any, any]).initSlow[any any]" -> "(*sync/atomic.Pointer[internal/sync.indirect[any, any]]).Store[internal/sync.indirect[any, any]]";
          "(*internal/sync.HashTrieMap[any, any]).initSlow[any any]" -> "(*sync/atomic.Uint32).Load";
          "(*internal/sync.HashTrieMap[any, any]).initSlow[any any]" -> "(*sync/atomic.Uint32).Store";
          "(*internal/sync.HashTrieMap[any, any]).initSlow[any any]" -> "internal/abi.TypeOf";
          "(*internal/sync.HashTrieMap[any, any]).initSlow[any any]" -> "internal/sync.newIndirectNode[any any]";
          "(*internal/sync.HashTrieMap[any, any]).initSlow[any any]" -> "internal/sync.runtime_rand";
          "(*internal/sync.HashTrieMap[any, any]).init[any any]" -> "(*internal/sync.HashTrieMap[any, any]).initSlow[any any]";
          "(*internal/sync.HashTrieMap[any, any]).init[any any]" -> "(*sync/atomic.Uint32).Load";
          "(*internal/sync.Mutex).Lock" -> "(*internal/sync.Mutex).lockSlow";
          "(*internal/sync.Mutex).Lock" -> "internal/race.Acquire";
          "(*internal/sync.Mutex).Lock" -> "sync/atomic.CompareAndSwapInt32";
          "(*internal/sync.Mutex).Unlock" -> "(*internal/sync.Mutex).unlockSlow";
          "(*internal/sync.Mutex).Unlock" -> "internal/race.Release";
          "(*internal/sync.Mutex).Unlock" -> "sync/atomic.AddInt32";
          "(*internal/sync.Mutex).lockSlow" -> "internal/race.Acquire";
          "(*internal/sync.Mutex).lockSlow" -> "internal/sync.runtime_SemacquireMutex";
          "(*internal/sync.Mutex).lockSlow" -> "internal/sync.runtime_canSpin";
          "(*internal/sync.Mutex).lockSlow" -> "internal/sync.runtime_doSpin";
          "(*internal/sync.Mutex).lockSlow" -> "internal/sync.runtime_nanotime";
          "(*internal/sync.Mutex).lockSlow" -> "internal/sync.runtime_nanotime";
          "(*internal/sync.Mutex).lockSlow" -> "internal/sync.throw";
          "(*internal/sync.Mutex).lockSlow" -> "internal/sync.throw";
          "(*internal/sync.Mutex).lockSlow" -> "sync/atomic.AddInt32";
          "(*internal/sync.Mutex).lockSlow" -> "sync/atomic.CompareAndSwapInt32";
          "(*internal/sync.Mutex).lockSlow" -> "sync/atomic.CompareAndSwapInt32";
          "(*internal/sync.Mutex).unlockSlow" -> "internal/sync.fatal";
          "(*internal/sync.Mutex).unlockSlow" -> "internal/sync.runtime_Semrelease";
          "(*internal/sync.Mutex).unlockSlow" -> "internal/sync.runtime_Semrelease";
          "(*internal/sync.Mutex).unlockSlow" -> "sync/atomic.CompareAndSwapInt32";
          "(*internal/sync.entry[any, any]).lookup[any any]" -> "(*sync/atomic.Pointer[internal/sync.entry[any, any]]).Load[internal/sync.entry[any, any]]";
          "(*internal/sync.entry[any, any]).swap[any any]" -> "(*sync/atomic.Pointer[internal/sync.entry[any, any]]).Load[internal/sync.entry[any, any]]";
          "(*internal/sync.entry[any, any]).swap[any any]" -> "(*sync/atomic.Pointer[internal/sync.entry[any, any]]).Load[internal/sync.entry[any, any]]";
          "(*internal/sync.entry[any, any]).swap[any any]" -> "(*sync/atomic.Pointer[internal/sync.entry[any, any]]).Load[internal/sync.entry[any, any]]";
          "(*internal/sync.entry[any, any]).swap[any any]" -> "(*sync/atomic.Pointer[internal/sync.entry[any, any]]).Load[internal/sync.entry[any, any]]";
          "(*internal/sync.entry[any, any]).swap[any any]" -> "(*sync/atomic.Pointer[internal/sync.entry[any, any]]).Store[internal/sync.entry[any, any]]";
          "(*internal/sync.entry[any, any]).swap[any any]" -> "(*sync/atomic.Pointer[internal/sync.entry[any, any]]).Store[internal/sync.entry[any, any]]";
          "(*internal/sync.entry[any, any]).swap[any any]" -> "(*sync/atomic.Pointer[internal/sync.entry[any, any]]).Store[internal/sync.entry[any, any]]";
          "(*internal/sync.entry[any, any]).swap[any any]" -> "internal/sync.newEntryNode[any any]";
          "(*internal/sync.entry[any, any]).swap[any any]" -> "internal/sync.newEntryNode[any any]";
          "(*io/fs.FileMode).IsDir" -> "(io/fs.FileMode).IsDir";
          "(*io/fs.FileMode).IsRegular" -> "(io/fs.FileMode).IsRegular";
          "(*io/fs.FileMode).Perm" -> "(io/fs.FileMode).Perm";
          "(*io/fs.FileMode).String" -> "(io/fs.FileMode).String";
          "(*io/fs.FileMode).Type" -> "(io/fs.FileMode).Type";
          "(*io/fs.PathError).Error" -> "(*errors.errorString).Error";
          "(*io/fs.PathError).Error" -> "(*internal/poll.errNetClosing).Error";
          "(*io/fs.PathError).Error" -> "(*io/fs.PathError).Error";
          "(*io/fs.PathError).Error" -> "(*reflect.ValueError).Error";
          "(*io/fs.PathError).Error" -> "(*runtime.TypeAssertionError).Error";
          "(*io/fs.PathError).Error" -> "(*runtime.errorAddressString).Error";
          "(*io/fs.PathError).Error" -> "(*runtime.errorString).Error";
          "(*io/fs.PathError).Error" -> "(*syscall.Errno).Error";
          "(*io/fs.PathError).Error" -> "(*time.ParseError).Error";
          "(*io/fs.PathError).Error" -> "(*time.fileSizeError).Error";
          "(*io/fs.PathError).Error" -> "(internal/poll.errNetClosing).Error";
          "(*io/fs.PathError).Error" -> "(runtime.errorAddressString).Error";
          "(*io/fs.PathError).Error" -> "(runtime.errorString).Error";
          "(*io/fs.PathError).Error" -> "(syscall.Errno).Error";
          "(*io/fs.PathError).Error" -> "(time.fileSizeError).Error";
          "(*io/fs.PathError).Timeout" -> "(*internal/poll.errNetClosing).Timeout";
          "(*io/fs.PathError).Timeout" -> "(*io/fs.PathError).Timeout";
          "(*io/fs.PathError).Timeout" -> "(*syscall.Errno).Timeout";
          "(*io/fs.PathError).Timeout" -> "(internal/poll.errNetClosing).Timeout";
          "(*io/fs.PathError).Timeout" -> "(syscall.Errno).Timeout";
          "(*os.File).Chdir" -> "(*internal/poll.FD).Fchdir";
          "(*os.File).Chdir" -> "(*os.File).checkValid";
          "(*os.File).Chdir" -> "(*os.File).wrapErr";
          "(*os.File).Chmod" -> "(*os.File).chmod";
          "(*os.File).Chown" -> "(*internal/poll.FD).Fchown";
          "(*os.File).Chown" -> "(*os.File).checkValid";
          "(*os.File).Chown" -> "(*os.File).wrapErr";
          "(*os.File).Close" -> "(*os.file).close";
          "(*os.File).Fd" -> "(*internal/poll.FD).SetBlocking";
          "(*os.File).Read" -> "(*os.File).checkValid";
          "(*os.File).Read" -> "(*os.File).read";
          "(*os.File).Read" -> "(*os.File).wrapErr";
          "(*os.File).ReadAt" -> "(*os.File).checkValid";
          "(*os.File).ReadAt" -> "(*os.File).pread";
          "(*os.File).ReadAt" -> "(*os.File).wrapErr";
          "(*os.File).ReadAt" -> "errors.New";
          "(*os.File).ReadDir" -> "(*os.File).readdir";
          "(*os.File).ReadFrom" -> "(*os.File).checkValid";
          "(*os.File).ReadFrom" -> "(*os.File).readFrom";
          "(*os.File).ReadFrom" -> "(*os.File).wrapErr";
          "(*os.File).ReadFrom" -> "os.genericReadFrom";
          "(*os.File).Readdir" -> "(*os.File).readdir";
          "(*os.File).Readdirnames" -> "(*os.File).readdir";
          "(*os.File).Seek" -> "(*os.File).checkValid";
          "(*os.File).Seek" -> "(*os.File).seek";
          "(*os.File).Seek" -> "(*os.File).wrapErr";
          "(*os.File).Seek" -> "(*sync/atomic.Pointer[os.dirInfo]).Load[os.dirInfo]";
          "(*os.File).SetDeadline" -> "(*os.File).setDeadline";
          "(*os.File).SetReadDeadline" -> "(*os.File).setReadDeadline";
          "(*os.File).SetWriteDeadline" -> "(*os.File).setWriteDeadline";
          "(*os.File).Stat" -> "(*internal/poll.FD).Fstat";
          "(*os.File).Stat" -> "(*os.File).wrapErr";
          "(*os.File).Stat" -> "os.fillFileStatFromSys";
          "(*os.File).Sync" -> "(*internal/poll.FD).Fsync";
          "(*os.File).Sync" -> "(*os.File).checkValid";
          "(*os.File).Sync" -> "(*os.File).wrapErr";
          "(*os.File).SyscallConn" -> "(*os.File).checkValid";
          "(*os.File).SyscallConn" -> "os.newRawConn";
          "(*os.File).Truncate" -> "(*internal/poll.FD).Ftruncate";
          "(*os.File).Truncate" -> "(*os.File).checkValid";
          "(*os.File).Truncate" -> "(*os.File).wrapErr";
          "(*os.File).Write" -> "(*os.File).checkValid";
          "(*os.File).Write" -> "(*os.File).wrapErr";
          "(*os.File).Write" -> "(*os.File).write";
          "(*os.File).Write" -> "os.epipecheck";
          "(*os.File).WriteAt" -> "(*os.File).checkValid";
          "(*os.File).WriteAt" -> "(*os.File).pwrite";
          "(*os.File).WriteAt" -> "(*os.File).wrapErr";
          "(*os.File).WriteAt" -> "errors.New";
          "(*os.File).WriteString" -> "(*os.File).Write";
          "(*os.File).WriteTo" -> "(*os.File).checkValid";
          "(*os.File).WriteTo" -> "(*os.File).wrapErr";
          "(*os.File).WriteTo" -> "(*os.File).writeTo";
          "(*os.File).WriteTo" -> "os.genericWriteTo";
          "(*os.File).chmod" -> "(*internal/poll.FD).Fchmod";
          "(*os.File).chmod" -> "(*os.File).checkValid";
          "(*os.File).chmod" -> "(*os.File).wrapErr";
          "(*os.File).chmod" -> "os.syscallMode";
          "(*os.File).pread" -> "(*internal/poll.FD).Pread";
          "(*os.File).pread" -> "runtime.KeepAlive";
          "(*os.File).pwrite" -> "(*internal/poll.FD).Pwrite";
          "(*os.File).pwrite" -> "runtime.KeepAlive";
          "(*os.File).read" -> "(*internal/poll.FD).Read";
          "(*os.File).read" -> "runtime.KeepAlive";
          "(*os.File).readdir" -> "(*internal/poll.FD).OpenDir";
          "(*os.File).readdir" -> "(*os.dirInfo).close";
          "(*os.File).readdir" -> "(*sync/atomic.Pointer[os.dirInfo]).CompareAndSwap[os.dirInfo]";
          "(*os.File).readdir" -> "(*sync/atomic.Pointer[os.dirInfo]).Load[os.dirInfo]";
          "(*os.File).readdir" -> "os.IsNotExist";
          "(*os.File).readdir" -> "os.IsNotExist";
          "(*os.File).readdir" -> "os.dtToType";
          "(*os.File).readdir" -> "os.newUnixDirent";
          "(*os.File).readdir" -> "os.readdir_r";
          "(*os.File).readdir" -> "runtime.KeepAlive";
          "(*os.File).seek" -> "(*internal/poll.FD).Seek";
          "(*os.File).seek" -> "(*os.dirInfo).close";
          "(*os.File).seek" -> "(*sync/atomic.Pointer[os.dirInfo]).Swap[os.dirInfo]";
          "(*os.File).seek" -> "runtime.KeepAlive";
          "(*os.File).setDeadline" -> "(*internal/poll.FD).SetDeadline";
          "(*os.File).setDeadline" -> "(*os.File).checkValid";
          "(*os.File).setReadDeadline" -> "(*internal/poll.FD).SetReadDeadline";
          "(*os.File).setReadDeadline" -> "(*os.File).checkValid";
          "(*os.File).setWriteDeadline" -> "(*internal/poll.FD).SetWriteDeadline";
          "(*os.File).setWriteDeadline" -> "(*os.File).checkValid";
          "(*os.File).wrapErr" -> "(*errors.errorString).Error";
          "(*os.File).wrapErr" -> "(*internal/poll.errNetClosing).Error";
          "(*os.File).wrapErr" -> "(*io/fs.PathError).Error";
          "(*os.File).wrapErr" -> "(*reflect.ValueError).Error";
          "(*os.File).wrapErr" -> "(*runtime.TypeAssertionError).Error";
          "(*os.File).wrapErr" -> "(*runtime.errorAddressString).Error";
          "(*os.File).wrapErr" -> "(*runtime.errorString).Error";
          "(*os.File).wrapErr" -> "(*syscall.Errno).Error";
          "(*os.File).wrapErr" -> "(*time.ParseError).Error";
          "(*os.File).wrapErr" -> "(*time.fileSizeError).Error";
          "(*os.File).wrapErr" -> "(internal/poll.errNetClosing).Error";
          "(*os.File).wrapErr" -> "(runtime.errorAddressString).Error";
          "(*os.File).wrapErr" -> "(runtime.errorString).Error";
          "(*os.File).wrapErr" -> "(syscall.Errno).Error";
          "(*os.File).wrapErr" -> "(time.fileSizeError).Error";
          "(*os.File).wrapErr" -> "errors.Is";
          "(*os.File).write" -> "(*internal/poll.FD).Write";
          "(*os.File).write" -> "runtime.KeepAlive";
          "(*os.dirInfo).close" -> "os.closedir";
          "(*os.file).close" -> "(*internal/poll.FD).Close";
          "(*os.file).close" -> "(*os.dirInfo).close";
          "(*os.file).close" -> "(*sync/atomic.Pointer[os.dirInfo]).Swap[os.dirInfo]";
          "(*os.file).close" -> "runtime.SetFinalizer";
          "(*os.fileStat).IsDir" -> "(*os.fileStat).Mode";
          "(*os.fileStat).IsDir" -> "(io/fs.FileMode).IsDir";
          "(*os.fileWithoutReadFrom).Chdir" -> "(*os.File).Chdir";
          "(*os.fileWithoutReadFrom).Chmod" -> "(*os.File).Chmod";
          "(*os.fileWithoutReadFrom).Chown" -> "(*os.File).Chown";
          "(*os.fileWithoutReadFrom).Close" -> "(*os.File).Close";
          "(*os.fileWithoutReadFrom).Fd" -> "(*os.File).Fd";
          "(*os.fileWithoutReadFrom).Name" -> "(*os.File).Name";
          "(*os.fileWithoutReadFrom).Read" -> "(*os.File).Read";
          "(*os.fileWithoutReadFrom).ReadAt" -> "(*os.File).ReadAt";
          "(*os.fileWithoutReadFrom).ReadDir" -> "(*os.File).ReadDir";
          "(*os.fileWithoutReadFrom).Readdir" -> "(*os.File).Readdir";
          "(*os.fileWithoutReadFrom).Readdirnames" -> "(*os.File).Readdirnames";
          "(*os.fileWithoutReadFrom).Seek" -> "(*os.File).Seek";
          "(*os.fileWithoutReadFrom).SetDeadline" -> "(*os.File).SetDeadline";
          "(*os.fileWithoutReadFrom).SetReadDeadline" -> "(*os.File).SetReadDeadline";
          "(*os.fileWithoutReadFrom).SetWriteDeadline" -> "(*os.File).SetWriteDeadline";
          "(*os.fileWithoutReadFrom).Stat" -> "(*os.File).Stat";
          "(*os.fileWithoutReadFrom).Sync" -> "(*os.File).Sync";
          "(*os.fileWithoutReadFrom).SyscallConn" -> "(*os.File).SyscallConn";
          "(*os.fileWithoutReadFrom).Truncate" -> "(*os.File).Truncate";
          "(*os.fileWithoutReadFrom).Write" -> "(*os.File).Write";
          "(*os.fileWithoutReadFrom).WriteAt" -> "(*os.File).WriteAt";
          "(*os.fileWithoutReadFrom).WriteString" -> "(*os.File).WriteString";
          "(*os.fileWithoutReadFrom).WriteTo" -> "(*os.File).WriteTo";
          "(*os.fileWithoutWriteTo).Chdir" -> "(*os.File).Chdir";
          "(*os.fileWithoutWriteTo).Chmod" -> "(*os.File).Chmod";
          "(*os.fileWithoutWriteTo).Chown" -> "(*os.File).Chown";
          "(*os.fileWithoutWriteTo).Close" -> "(*os.File).Close";
          "(*os.fileWithoutWriteTo).Fd" -> "(*os.File).Fd";
          "(*os.fileWithoutWriteTo).Name" -> "(*os.File).Name";
          "(*os.fileWithoutWriteTo).Read" -> "(*os.File).Read";
          "(*os.fileWithoutWriteTo).ReadAt" -> "(*os.File).ReadAt";
          "(*os.fileWithoutWriteTo).ReadDir" -> "(*os.File).ReadDir";
          "(*os.fileWithoutWriteTo).ReadFrom" -> "(*os.File).ReadFrom";
          "(*os.fileWithoutWriteTo).Readdir" -> "(*os.File).Readdir";
          "(*os.fileWithoutWriteTo).Readdirnames" -> "(*os.File).Readdirnames";
          "(*os.fileWithoutWriteTo).Seek" -> "(*os.File).Seek";
          "(*os.fileWithoutWriteTo).SetDeadline" -> "(*os.File).SetDeadline";
          "(*os.fileWithoutWriteTo).SetReadDeadline" -> "(*os.File).SetReadDeadline";
          "(*os.fileWithoutWriteTo).SetWriteDeadline" -> "(*os.File).SetWriteDeadline";
          "(*os.fileWithoutWriteTo).Stat" -> "(*os.File).Stat";
          "(*os.fileWithoutWriteTo).Sync" -> "(*os.File).Sync";
          "(*os.fileWithoutWriteTo).SyscallConn" -> "(*os.File).SyscallConn";
          "(*os.fileWithoutWriteTo).Truncate" -> "(*os.File).Truncate";
          "(*os.fileWithoutWriteTo).Write" -> "(*os.File).Write";
          "(*os.fileWithoutWriteTo).WriteAt" -> "(*os.File).WriteAt";
          "(*os.fileWithoutWriteTo).WriteString" -> "(*os.File).WriteString";
          "(*os.noReadFrom).ReadFrom" -> "(os.noReadFrom).ReadFrom";
          "(*os.noWriteTo).WriteTo" -> "(os.noWriteTo).WriteTo";
          "(*os.rawConn).Control" -> "(*internal/poll.FD).RawControl";
          "(*os.rawConn).Control" -> "(*os.File).checkValid";
          "(*os.rawConn).Control" -> "runtime.KeepAlive";
          "(*os.rawConn).Read" -> "(*internal/poll.FD).RawRead";
          "(*os.rawConn).Read" -> "(*os.File).checkValid";
          "(*os.rawConn).Read" -> "runtime.KeepAlive";
          "(*os.rawConn).Write" -> "(*internal/poll.FD).RawWrite";
          "(*os.rawConn).Write" -> "(*os.File).checkValid";
          "(*os.rawConn).Write" -> "runtime.KeepAlive";
          "(*os.unixDirent).IsDir" -> "(io/fs.FileMode).IsDir";
          "(*os.unixDirent).String" -> "io/fs.FormatDirEntry";
          "(*reflect.ChanDir).String" -> "(reflect.ChanDir).String";
          "(*reflect.Kind).String" -> "(reflect.Kind).String";
          "(*reflect.MapIter).Key" -> "(*internal/abi.Type).Kind";
          "(*reflect.MapIter).Key" -> "(*internal/runtime/maps.Iter).Initialized";
          "(*reflect.MapIter).Key" -> "(*internal/runtime/maps.Iter).Key";
          "(*reflect.MapIter).Key" -> "(reflect.Value).typ";
          "(*reflect.MapIter).Key" -> "(reflect.flag).ro";
          "(*reflect.MapIter).Key" -> "reflect.copyVal";
          "(*reflect.MapIter).Next" -> "(*internal/runtime/maps.Iter).Initialized";
          "(*reflect.MapIter).Next" -> "(*internal/runtime/maps.Iter).Key";
          "(*reflect.MapIter).Next" -> "(*internal/runtime/maps.Iter).Key";
          "(*reflect.MapIter).Next" -> "(reflect.Value).IsValid";
          "(*reflect.MapIter).Next" -> "(reflect.Value).pointer";
          "(*reflect.MapIter).Next" -> "(reflect.Value).typ";
          "(*reflect.MapIter).Next" -> "reflect.mapIterNext";
          "(*reflect.MapIter).Next" -> "reflect.mapIterStart";
          "(*reflect.MapIter).Reset" -> "(reflect.Value).IsValid";
          "(*reflect.MapIter).Reset" -> "(reflect.flag).mustBe";
          "(*reflect.MapIter).Value" -> "(*internal/abi.Type).Kind";
          "(*reflect.MapIter).Value" -> "(*internal/runtime/maps.Iter).Elem";
          "(*reflect.MapIter).Value" -> "(*internal/runtime/maps.Iter).Initialized";
          "(*reflect.MapIter).Value" -> "(reflect.Value).typ";
          "(*reflect.MapIter).Value" -> "(reflect.flag).ro";
          "(*reflect.MapIter).Value" -> "reflect.copyVal";
          "(*reflect.Method).IsExported" -> "(reflect.Method).IsExported";
          "(*reflect.StructField).IsExported" -> "(reflect.StructField).IsExported";
          "(*reflect.StructTag).Get" -> "(reflect.StructTag).Get";
          "(*reflect.StructTag).Lookup" -> "(reflect.StructTag).Lookup";
          "(*reflect.Value).Addr" -> "(reflect.Value).Addr";
          "(*reflect.Value).Bool" -> "(reflect.Value).Bool";
          "(*reflect.Value).Bytes" -> "(reflect.Value).Bytes";
          "(*reflect.Value).Call" -> "(reflect.Value).Call";
          "(*reflect.Value).CallSlice" -> "(reflect.Value).CallSlice";
          "(*reflect.Value).CanAddr" -> "(reflect.Value).CanAddr";
          "(*reflect.Value).CanComplex" -> "(reflect.Value).CanComplex";
          "(*reflect.Value).CanConvert" -> "(reflect.Value).CanConvert";
          "(*reflect.Value).CanFloat" -> "(reflect.Value).CanFloat";
          "(*reflect.Value).CanInt" -> "(reflect.Value).CanInt";
          "(*reflect.Value).CanInterface" -> "(reflect.Value).CanInterface";
          "(*reflect.Value).CanSet" -> "(reflect.Value).CanSet";
          "(*reflect.Value).CanUint" -> "(reflect.Value).CanUint";
          "(*reflect.Value).Cap" -> "(reflect.Value).Cap";
          "(*reflect.Value).Clear" -> "(reflect.Value).Clear";
          "(*reflect.Value).Close" -> "(reflect.Value).Close";
          "(*reflect.Value).Comparable" -> "(reflect.Value).Comparable";
          "(*reflect.Value).Complex" -> "(reflect.Value).Complex";
          "(*reflect.Value).Convert" -> "(reflect.Value).Convert";
          "(*reflect.Value).Elem" -> "(reflect.Value).Elem";
          "(*reflect.Value).Equal" -> "(reflect.Value).Equal";
          "(*reflect.Value).Field" -> "(reflect.Value).Field";
          "(*reflect.Value).FieldByIndex" -> "(reflect.Value).FieldByIndex";
          "(*reflect.Value).FieldByIndexErr" -> "(reflect.Value).FieldByIndexErr";
          "(*reflect.Value).FieldByName" -> "(reflect.Value).FieldByName";
          "(*reflect.Value).FieldByNameFunc" -> "(reflect.Value).FieldByNameFunc";
          "(*reflect.Value).Float" -> "(reflect.Value).Float";
          "(*reflect.Value).Grow" -> "(reflect.Value).Grow";
          "(*reflect.Value).Index" -> "(reflect.Value).Index";
          "(*reflect.Value).Int" -> "(reflect.Value).Int";
          "(*reflect.Value).Interface" -> "(reflect.Value).Interface";
          "(*reflect.Value).InterfaceData" -> "(reflect.Value).InterfaceData";
          "(*reflect.Value).IsNil" -> "(reflect.Value).IsNil";
          "(*reflect.Value).IsValid" -> "(reflect.Value).IsValid";
          "(*reflect.Value).IsZero" -> "(reflect.Value).IsZero";
          "(*reflect.Value).Kind" -> "(reflect.Value).Kind";
          "(*reflect.Value).Len" -> "(reflect.Value).Len";
          "(*reflect.Value).MapIndex" -> "(reflect.Value).MapIndex";
          "(*reflect.Value).MapKeys" -> "(reflect.Value).MapKeys";
          "(*reflect.Value).MapRange" -> "(reflect.Value).MapRange";
          "(*reflect.Value).Method" -> "(reflect.Value).Method";
          "(*reflect.Value).MethodByName" -> "(reflect.Value).MethodByName";
          "(*reflect.Value).NumField" -> "(reflect.Value).NumField";
          "(*reflect.Value).NumMethod" -> "(reflect.Value).NumMethod";
          "(*reflect.Value).OverflowComplex" -> "(reflect.Value).OverflowComplex";
          "(*reflect.Value).OverflowFloat" -> "(reflect.Value).OverflowFloat";
          "(*reflect.Value).OverflowInt" -> "(reflect.Value).OverflowInt";
          "(*reflect.Value).OverflowUint" -> "(reflect.Value).OverflowUint";
          "(*reflect.Value).Pointer" -> "(reflect.Value).Pointer";
          "(*reflect.Value).Recv" -> "(reflect.Value).Recv";
          "(*reflect.Value).Send" -> "(reflect.Value).Send";
          "(*reflect.Value).Seq" -> "(reflect.Value).Seq";
          "(*reflect.Value).Seq2" -> "(reflect.Value).Seq2";
          "(*reflect.Value).Set" -> "(reflect.Value).Set";
          "(*reflect.Value).SetBool" -> "(reflect.Value).SetBool";
          "(*reflect.Value).SetBytes" -> "(reflect.Value).SetBytes";
          "(*reflect.Value).SetCap" -> "(reflect.Value).SetCap";
          "(*reflect.Value).SetComplex" -> "(reflect.Value).SetComplex";
          "(*reflect.Value).SetFloat" -> "(reflect.Value).SetFloat";
          "(*reflect.Value).SetInt" -> "(reflect.Value).SetInt";
          "(*reflect.Value).SetIterKey" -> "(reflect.Value).SetIterKey";
          "(*reflect.Value).SetIterValue" -> "(reflect.Value).SetIterValue";
          "(*reflect.Value).SetLen" -> "(reflect.Value).SetLen";
          "(*reflect.Value).SetMapIndex" -> "(reflect.Value).SetMapIndex";
          "(*reflect.Value).SetPointer" -> "(reflect.Value).SetPointer";
          "(*reflect.Value).SetString" -> "(reflect.Value).SetString";
          "(*reflect.Value).SetUint" -> "(reflect.Value).SetUint";
          "(*reflect.Value).SetZero" -> "(reflect.Value).SetZero";
          "(*reflect.Value).Slice" -> "(reflect.Value).Slice";
          "(*reflect.Value).Slice3" -> "(reflect.Value).Slice3";
          "(*reflect.Value).String" -> "(reflect.Value).String";
          "(*reflect.Value).TryRecv" -> "(reflect.Value).TryRecv";
          "(*reflect.Value).TrySend" -> "(reflect.Value).TrySend";
          "(*reflect.Value).Type" -> "(reflect.Value).Type";
          "(*reflect.Value).Uint" -> "(reflect.Value).Uint";
          "(*reflect.Value).UnsafeAddr" -> "(reflect.Value).UnsafeAddr";
          "(*reflect.Value).UnsafePointer" -> "(reflect.Value).UnsafePointer";
          "(*reflect.ValueError).Error" -> "(reflect.Kind).String";
          "(*reflect.abiDesc).dump" -> "(*reflect.abiSeq).dump";
          "(*reflect.abiDesc).dump" -> "(*reflect.abiSeq).dump";
          "(*reflect.abiDesc).dump" -> "reflect.dumpPtrBitMap";
          "(*reflect.abiDesc).dump" -> "reflect.dumpPtrBitMap";
          "(*reflect.abiSeq).addArg" -> "(*internal/abi.Type).Align";
          "(*reflect.abiSeq).addArg" -> "(*internal/abi.Type).Align";
          "(*reflect.abiSeq).addArg" -> "(*internal/abi.Type).Size";
          "(*reflect.abiSeq).addArg" -> "(*internal/abi.Type).Size";
          "(*reflect.abiSeq).addArg" -> "(*reflect.abiSeq).regAssign";
          "(*reflect.abiSeq).addArg" -> "(*reflect.abiSeq).stackAssign";
          "(*reflect.abiSeq).addArg" -> "reflect.align";
          "(*reflect.abiSeq).addRcvr" -> "(*internal/abi.Type).IfaceIndir";
          "(*reflect.abiSeq).addRcvr" -> "(*internal/abi.Type).Pointers";
          "(*reflect.abiSeq).addRcvr" -> "(*reflect.abiSeq).assignIntN";
          "(*reflect.abiSeq).addRcvr" -> "(*reflect.abiSeq).assignIntN";
          "(*reflect.abiSeq).addRcvr" -> "(*reflect.abiSeq).stackAssign";
          "(*reflect.abiSeq).regAssign" -> "(*internal/abi.Type).Kind";
          "(*reflect.abiSeq).regAssign" -> "(*internal/abi.Type).Kind";
          "(*reflect.abiSeq).regAssign" -> "(*internal/abi.Type).Size";
          "(*reflect.abiSeq).regAssign" -> "(*internal/abi.Type).Size";
          "(*reflect.abiSeq).regAssign" -> "(*internal/abi.Type).Size";
          "(*reflect.abiSeq).regAssign" -> "(*reflect.abiSeq).assignFloatN";
          "(*reflect.abiSeq).regAssign" -> "(*reflect.abiSeq).assignFloatN";
          "(*reflect.abiSeq).regAssign" -> "(*reflect.abiSeq).assignFloatN";
          "(*reflect.abiSeq).regAssign" -> "(*reflect.abiSeq).assignIntN";
          "(*reflect.abiSeq).regAssign" -> "(*reflect.abiSeq).assignIntN";
          "(*reflect.abiSeq).regAssign" -> "(*reflect.abiSeq).assignIntN";
          "(*reflect.abiSeq).regAssign" -> "(*reflect.abiSeq).assignIntN";
          "(*reflect.abiSeq).regAssign" -> "(*reflect.abiSeq).assignIntN";
          "(*reflect.abiSeq).regAssign" -> "(*reflect.abiSeq).assignIntN";
          "(*reflect.abiSeq).regAssign" -> "(*reflect.abiSeq).assignIntN";
          "(*reflect.abiSeq).regAssign" -> "(*reflect.abiSeq).regAssign";
          "(*reflect.abiSeq).regAssign" -> "(*reflect.abiSeq).regAssign";
          "(*reflect.abiSeq).stackAssign" -> "reflect.align";
          "(*reflect.interfaceType).Method" -> "(*reflect.interfaceType).nameOff";
          "(*reflect.interfaceType).Method" -> "(*reflect.interfaceType).typeOff";
          "(*reflect.interfaceType).Method" -> "(internal/abi.Name).IsExported";
          "(*reflect.interfaceType).Method" -> "(internal/abi.Name).Name";
          "(*reflect.interfaceType).Method" -> "(internal/abi.Name).Name";
          "(*reflect.interfaceType).Method" -> "reflect.pkgPath";
          "(*reflect.interfaceType).Method" -> "reflect.toType";
          "(*reflect.interfaceType).MethodByName" -> "(*reflect.interfaceType).Method";
          "(*reflect.interfaceType).MethodByName" -> "(*reflect.interfaceType).nameOff";
          "(*reflect.interfaceType).MethodByName" -> "(internal/abi.Name).Name";
          "(*reflect.interfaceType).nameOff" -> "(*reflect.rtype).nameOff";
          "(*reflect.interfaceType).nameOff" -> "reflect.toRType";
          "(*reflect.interfaceType).typeOff" -> "(*reflect.rtype).typeOff";
          "(*reflect.interfaceType).typeOff" -> "reflect.toRType";
          "(*reflect.ptrType).Align" -> "(*internal/abi.Type).Align";
          "(*reflect.ptrType).ArrayType" -> "(*internal/abi.Type).ArrayType";
          "(*reflect.ptrType).ChanDir" -> "(*internal/abi.Type).ChanDir";
          "(*reflect.ptrType).Common" -> "(*internal/abi.Type).Common";
          "(*reflect.ptrType).ExportedMethods" -> "(*internal/abi.Type).ExportedMethods";
          "(*reflect.ptrType).FieldAlign" -> "(*internal/abi.Type).FieldAlign";
          "(*reflect.ptrType).FuncType" -> "(*internal/abi.Type).FuncType";
          "(*reflect.ptrType).GcSlice" -> "(*internal/abi.Type).GcSlice";
          "(*reflect.ptrType).HasName" -> "(*internal/abi.Type).HasName";
          "(*reflect.ptrType).IfaceIndir" -> "(*internal/abi.Type).IfaceIndir";
          "(*reflect.ptrType).InterfaceType" -> "(*internal/abi.Type).InterfaceType";
          "(*reflect.ptrType).IsDirectIface" -> "(*internal/abi.Type).IsDirectIface";
          "(*reflect.ptrType).Key" -> "(*internal/abi.Type).Key";
          "(*reflect.ptrType).Kind" -> "(*internal/abi.Type).Kind";
          "(*reflect.ptrType).Len" -> "(*internal/abi.Type).Len";
          "(*reflect.ptrType).MapType" -> "(*internal/abi.Type).MapType";
          "(*reflect.ptrType).NumMethod" -> "(*internal/abi.Type).NumMethod";
          "(*reflect.ptrType).Pointers" -> "(*internal/abi.Type).Pointers";
          "(*reflect.ptrType).Size" -> "(*internal/abi.Type).Size";
          "(*reflect.ptrType).StructType" -> "(*internal/abi.Type).StructType";
          "(*reflect.ptrType).Uncommon" -> "(*internal/abi.Type).Uncommon";
          "(*reflect.rtype).Align" -> "(*internal/abi.Type).Align";
          "(*reflect.rtype).AssignableTo" -> "(*reflect.rtype).common";
          "(*reflect.rtype).AssignableTo" -> "(*reflect.rtype).common";
          "(*reflect.rtype).AssignableTo" -> "(*reflect.rtype).common";
          "(*reflect.rtype).AssignableTo" -> "reflect.directlyAssignable";
          "(*reflect.rtype).AssignableTo" -> "reflect.implements";
          "(*reflect.rtype).Bits" -> "(*reflect.rtype).Kind";
          "(*reflect.rtype).Bits" -> "(*reflect.rtype).String";
          "(*reflect.rtype).CanSeq" -> "(*reflect.rtype).Elem";
          "(*reflect.rtype).CanSeq" -> "(*reflect.rtype).Kind";
          "(*reflect.rtype).CanSeq" -> "(*reflect.rtype).Kind";
          "(*reflect.rtype).CanSeq" -> "reflect.canRangeFunc";
          "(*reflect.rtype).CanSeq2" -> "(*reflect.rtype).Elem";
          "(*reflect.rtype).CanSeq2" -> "(*reflect.rtype).Kind";
          "(*reflect.rtype).CanSeq2" -> "(*reflect.rtype).Kind";
          "(*reflect.rtype).CanSeq2" -> "reflect.canRangeFunc2";
          "(*reflect.rtype).ChanDir" -> "(*reflect.rtype).Kind";
          "(*reflect.rtype).ChanDir" -> "(*reflect.rtype).String";
          "(*reflect.rtype).ConvertibleTo" -> "(*reflect.rtype).common";
          "(*reflect.rtype).ConvertibleTo" -> "(*reflect.rtype).common";
          "(*reflect.rtype).ConvertibleTo" -> "reflect.convertOp";
          "(*reflect.rtype).Elem" -> "(*reflect.rtype).common";
          "(*reflect.rtype).Elem" -> "reflect.elem";
          "(*reflect.rtype).Elem" -> "reflect.toType";
          "(*reflect.rtype).Field" -> "(*reflect.rtype).Kind";
          "(*reflect.rtype).Field" -> "(*reflect.rtype).String";
          "(*reflect.rtype).Field" -> "(*reflect.structType).Field";
          "(*reflect.rtype).FieldAlign" -> "(*internal/abi.Type).FieldAlign";
          "(*reflect.rtype).FieldByIndex" -> "(*reflect.rtype).Kind";
          "(*reflect.rtype).FieldByIndex" -> "(*reflect.rtype).String";
          "(*reflect.rtype).FieldByIndex" -> "(*reflect.structType).FieldByIndex";
          "(*reflect.rtype).FieldByName" -> "(*reflect.rtype).Kind";
          "(*reflect.rtype).FieldByName" -> "(*reflect.rtype).String";
          "(*reflect.rtype).FieldByName" -> "(*reflect.structType).FieldByName";
          "(*reflect.rtype).FieldByNameFunc" -> "(*reflect.rtype).Kind";
          "(*reflect.rtype).FieldByNameFunc" -> "(*reflect.rtype).String";
          "(*reflect.rtype).FieldByNameFunc" -> "(*reflect.structType).FieldByNameFunc";
          "(*reflect.rtype).Implements" -> "(*reflect.rtype).Kind";
          "(*reflect.rtype).Implements" -> "(*reflect.rtype).common";
          "(*reflect.rtype).Implements" -> "(*reflect.rtype).common";
          "(*reflect.rtype).Implements" -> "reflect.implements";
          "(*reflect.rtype).In" -> "(*internal/abi.FuncType).InSlice";
          "(*reflect.rtype).In" -> "(*reflect.rtype).Kind";
          "(*reflect.rtype).In" -> "(*reflect.rtype).String";
          "(*reflect.rtype).In" -> "reflect.toType";
          "(*reflect.rtype).IsVariadic" -> "(*internal/abi.FuncType).IsVariadic";
          "(*reflect.rtype).IsVariadic" -> "(*reflect.rtype).Kind";
          "(*reflect.rtype).IsVariadic" -> "(*reflect.rtype).String";
          "(*reflect.rtype).Key" -> "(*reflect.rtype).Kind";
          "(*reflect.rtype).Key" -> "(*reflect.rtype).String";
          "(*reflect.rtype).Key" -> "reflect.toType";
          "(*reflect.rtype).Kind" -> "(*internal/abi.Type).Kind";
          "(*reflect.rtype).Len" -> "(*reflect.rtype).Kind";
          "(*reflect.rtype).Len" -> "(*reflect.rtype).String";
          "(*reflect.rtype).Method" -> "(*internal/abi.FuncType).InSlice";
          "(*reflect.rtype).Method" -> "(*internal/abi.FuncType).IsVariadic";
          "(*reflect.rtype).Method" -> "(*internal/abi.FuncType).NumIn";
          "(*reflect.rtype).Method" -> "(*internal/abi.FuncType).NumOut";
          "(*reflect.rtype).Method" -> "(*internal/abi.FuncType).OutSlice";
          "(*reflect.rtype).Method" -> "(*reflect.interfaceType).Method";
          "(*reflect.rtype).Method" -> "(*reflect.rtype).Kind";
          "(*reflect.rtype).Method" -> "(*reflect.rtype).exportedMethods";
          "(*reflect.rtype).Method" -> "(*reflect.rtype).nameOff";
          "(*reflect.rtype).Method" -> "(*reflect.rtype).textOff";
          "(*reflect.rtype).Method" -> "(*reflect.rtype).typeOff";
          "(*reflect.rtype).Method" -> "(internal/abi.Name).Name";
          "(*reflect.rtype).Method" -> "reflect.FuncOf";
          "(*reflect.rtype).Method" -> "reflect.toRType";
          "(*reflect.rtype).Method" -> "reflect.toRType";
          "(*reflect.rtype).MethodByName" -> "(*internal/abi.UncommonType).ExportedMethods";
          "(*reflect.rtype).MethodByName" -> "(*reflect.interfaceType).MethodByName";
          "(*reflect.rtype).MethodByName" -> "(*reflect.rtype).Kind";
          "(*reflect.rtype).MethodByName" -> "(*reflect.rtype).Method";
          "(*reflect.rtype).MethodByName" -> "(*reflect.rtype).nameOff";
          "(*reflect.rtype).MethodByName" -> "(*reflect.rtype).nameOff";
          "(*reflect.rtype).MethodByName" -> "(*reflect.rtype).uncommon";
          "(*reflect.rtype).MethodByName" -> "(internal/abi.Name).Name";
          "(*reflect.rtype).MethodByName" -> "(internal/abi.Name).Name";
          "(*reflect.rtype).Name" -> "(*internal/abi.Type).HasName";
          "(*reflect.rtype).Name" -> "(*reflect.rtype).String";
          "(*reflect.rtype).NumField" -> "(*reflect.rtype).Kind";
          "(*reflect.rtype).NumField" -> "(*reflect.rtype).String";
          "(*reflect.rtype).NumIn" -> "(*internal/abi.FuncType).NumIn";
          "(*reflect.rtype).NumIn" -> "(*reflect.rtype).Kind";
          "(*reflect.rtype).NumIn" -> "(*reflect.rtype).String";
          "(*reflect.rtype).NumMethod" -> "(*reflect.interfaceType).NumMethod";
          "(*reflect.rtype).NumMethod" -> "(*reflect.rtype).Kind";
          "(*reflect.rtype).NumMethod" -> "(*reflect.rtype).exportedMethods";
          "(*reflect.rtype).NumOut" -> "(*internal/abi.FuncType).NumOut";
          "(*reflect.rtype).NumOut" -> "(*reflect.rtype).Kind";
          "(*reflect.rtype).NumOut" -> "(*reflect.rtype).String";
          "(*reflect.rtype).Out" -> "(*internal/abi.FuncType).OutSlice";
          "(*reflect.rtype).Out" -> "(*reflect.rtype).Kind";
          "(*reflect.rtype).Out" -> "(*reflect.rtype).String";
          "(*reflect.rtype).Out" -> "reflect.toType";
          "(*reflect.rtype).OverflowComplex" -> "(*reflect.rtype).Kind";
          "(*reflect.rtype).OverflowComplex" -> "(*reflect.rtype).String";
          "(*reflect.rtype).OverflowComplex" -> "reflect.overflowFloat32";
          "(*reflect.rtype).OverflowComplex" -> "reflect.overflowFloat32";
          "(*reflect.rtype).OverflowFloat" -> "(*reflect.rtype).Kind";
          "(*reflect.rtype).OverflowFloat" -> "(*reflect.rtype).String";
          "(*reflect.rtype).OverflowFloat" -> "reflect.overflowFloat32";
          "(*reflect.rtype).OverflowInt" -> "(*reflect.rtype).Kind";
          "(*reflect.rtype).OverflowInt" -> "(*reflect.rtype).Size";
          "(*reflect.rtype).OverflowInt" -> "(*reflect.rtype).String";
          "(*reflect.rtype).OverflowUint" -> "(*reflect.rtype).Kind";
          "(*reflect.rtype).OverflowUint" -> "(*reflect.rtype).Size";
          "(*reflect.rtype).OverflowUint" -> "(*reflect.rtype).String";
          "(*reflect.rtype).PkgPath" -> "(*reflect.rtype).nameOff";
          "(*reflect.rtype).PkgPath" -> "(*reflect.rtype).uncommon";
          "(*reflect.rtype).PkgPath" -> "(internal/abi.Name).Name";
          "(*reflect.rtype).Size" -> "(*internal/abi.Type).Size";
          "(*reflect.rtype).String" -> "(*reflect.rtype).nameOff";
          "(*reflect.rtype).String" -> "(internal/abi.Name).Name";
          "(*reflect.rtype).exportedMethods" -> "(*internal/abi.UncommonType).ExportedMethods";
          "(*reflect.rtype).exportedMethods" -> "(*reflect.rtype).uncommon";
          "(*reflect.rtype).nameOff" -> "reflect.resolveNameOff";
          "(*reflect.rtype).ptrTo" -> "(*reflect.rtype).String";
          "(*reflect.rtype).ptrTo" -> "(*reflect.rtype).typeOff";
          "(*reflect.rtype).ptrTo" -> "(*sync.Map).Load";
          "(*reflect.rtype).ptrTo" -> "(*sync.Map).LoadOrStore";
          "(*reflect.rtype).ptrTo" -> "(*sync.Map).LoadOrStore";
          "(*reflect.rtype).ptrTo" -> "reflect.fnv1";
          "(*reflect.rtype).ptrTo" -> "reflect.newName";
          "(*reflect.rtype).ptrTo" -> "reflect.resolveReflectName";
          "(*reflect.rtype).ptrTo" -> "reflect.typesByString";
          "(*reflect.rtype).textOff" -> "reflect.resolveTextOff";
          "(*reflect.rtype).typeOff" -> "reflect.resolveTypeOff";
          "(*reflect.rtype).uncommon" -> "(*internal/abi.Type).Uncommon";
          "(*reflect.structType).Align" -> "(*internal/abi.Type).Align";
          "(*reflect.structType).ArrayType" -> "(*internal/abi.Type).ArrayType";
          "(*reflect.structType).ChanDir" -> "(*internal/abi.Type).ChanDir";
          "(*reflect.structType).Common" -> "(*internal/abi.Type).Common";
          "(*reflect.structType).Elem" -> "(*internal/abi.Type).Elem";
          "(*reflect.structType).ExportedMethods" -> "(*internal/abi.Type).ExportedMethods";
          "(*reflect.structType).Field" -> "(*internal/abi.StructField).Embedded";
          "(*reflect.structType).Field" -> "(internal/abi.Name).IsExported";
          "(*reflect.structType).Field" -> "(internal/abi.Name).Name";
          "(*reflect.structType).Field" -> "(internal/abi.Name).Name";
          "(*reflect.structType).Field" -> "(internal/abi.Name).Tag";
          "(*reflect.structType).Field" -> "reflect.getStaticuint64s";
          "(*reflect.structType).Field" -> "reflect.toType";
          "(*reflect.structType).FieldAlign" -> "(*internal/abi.Type).FieldAlign";
          "(*reflect.structType).FieldByIndex" -> "(*reflect.rtype).Elem";
          "(*reflect.structType).FieldByIndex" -> "(*reflect.rtype).Elem";
          "(*reflect.structType).FieldByIndex" -> "(*reflect.rtype).Field";
          "(*reflect.structType).FieldByIndex" -> "(*reflect.rtype).Kind";
          "(*reflect.structType).FieldByIndex" -> "(*reflect.rtype).Kind";
          "(*reflect.structType).FieldByIndex" -> "reflect.toType";
          "(*reflect.structType).FieldByName" -> "(*internal/abi.StructField).Embedded";
          "(*reflect.structType).FieldByName" -> "(*reflect.structType).Field";
          "(*reflect.structType).FieldByName" -> "(*reflect.structType).FieldByNameFunc";
          "(*reflect.structType).FieldByName" -> "(internal/abi.Name).Name";
          "(*reflect.structType).FieldByNameFunc" -> "(*internal/abi.StructField).Embedded";
          "(*reflect.structType).FieldByNameFunc" -> "(*internal/abi.Type).Elem";
          "(*reflect.structType).FieldByNameFunc" -> "(*internal/abi.Type).Kind";
          "(*reflect.structType).FieldByNameFunc" -> "(*internal/abi.Type).Kind";
          "(*reflect.structType).FieldByNameFunc" -> "(*reflect.structType).Field";
          "(*reflect.structType).FieldByNameFunc" -> "(*reflect.structType).FieldByName$1";
          "(*reflect.structType).FieldByNameFunc" -> "(internal/abi.Name).Name";
          "(*reflect.structType).FuncType" -> "(*internal/abi.Type).FuncType";
          "(*reflect.structType).GcSlice" -> "(*internal/abi.Type).GcSlice";
          "(*reflect.structType).HasName" -> "(*internal/abi.Type).HasName";
          "(*reflect.structType).IfaceIndir" -> "(*internal/abi.Type).IfaceIndir";
          "(*reflect.structType).InterfaceType" -> "(*internal/abi.Type).InterfaceType";
          "(*reflect.structType).IsDirectIface" -> "(*internal/abi.Type).IsDirectIface";
          "(*reflect.structType).Key" -> "(*internal/abi.Type).Key";
          "(*reflect.structType).Kind" -> "(*internal/abi.Type).Kind";
          "(*reflect.structType).Len" -> "(*internal/abi.Type).Len";
          "(*reflect.structType).MapType" -> "(*internal/abi.Type).MapType";
          "(*reflect.structType).NumMethod" -> "(*internal/abi.Type).NumMethod";
          "(*reflect.structType).Pointers" -> "(*internal/abi.Type).Pointers";
          "(*reflect.structType).Size" -> "(*internal/abi.Type).Size";
          "(*reflect.structType).Uncommon" -> "(*internal/abi.Type).Uncommon";
          "(*runtime.Frames).Next" -> "(*runtime.Func).Entry";
          "(*runtime.Frames).Next" -> "(*runtime.inlineUnwinder).isInlined";
          "(*runtime.Frames).Next" -> "(*runtime.inlineUnwinder).next";
          "(*runtime.Frames).Next" -> "(*runtime.inlineUnwinder).next";
          "(*runtime.Frames).Next" -> "(*runtime.inlineUnwinder).srcFunc";
          "(*runtime.Frames).Next" -> "(*runtime.inlineUnwinder).srcFunc";
          "(*runtime.Frames).Next" -> "(runtime.funcInfo)._Func";
          "(*runtime.Frames).Next" -> "(runtime.funcInfo).valid";
          "(*runtime.Frames).Next" -> "(runtime.funcInfo).valid";
          "(*runtime.Frames).Next" -> "(runtime.inlineFrame).valid";
          "(*runtime.Frames).Next" -> "(runtime.srcFunc).name";
          "(*runtime.Frames).Next" -> "runtime.elideWrapperCalling";
          "(*runtime.Frames).Next" -> "runtime.expandCgoFrames";
          "(*runtime.Frames).Next" -> "runtime.findfunc";
          "(*runtime.Frames).Next" -> "runtime.funcNameForPrint";
          "(*runtime.Frames).Next" -> "runtime.funcline1";
          "(*runtime.Frames).Next" -> "runtime.newInlineUnwinder";
          "(*runtime.Func).Entry" -> "(*runtime.Func).raw";
          "(*runtime.Func).Entry" -> "(*runtime._func).funcInfo";
          "(*runtime.Func).Entry" -> "(*runtime._func).isInlined";
          "(*runtime.Func).Entry" -> "(runtime.funcInfo).entry";
          "(*runtime.TypeAssertionError).Error" -> "(runtime.rtype).pkgpath";
          "(*runtime.TypeAssertionError).Error" -> "(runtime.rtype).pkgpath";
          "(*runtime.TypeAssertionError).Error" -> "(runtime.rtype).string";
          "(*runtime.TypeAssertionError).Error" -> "(runtime.rtype).string";
          "(*runtime.TypeAssertionError).Error" -> "(runtime.rtype).string";
          "(*runtime.TypeAssertionError).Error" -> "runtime.toRType";
          "(*runtime.TypeAssertionError).Error" -> "runtime.toRType";
          "(*runtime.TypeAssertionError).Error" -> "runtime.toRType";
          "(*runtime.TypeAssertionError).Error" -> "runtime.toRType";
          "(*runtime.TypeAssertionError).Error" -> "runtime.toRType";
          "(*runtime.activeSweep).begin" -> "(*internal/runtime/atomic.Uint32).CompareAndSwap";
          "(*runtime.activeSweep).begin" -> "(*internal/runtime/atomic.Uint32).Load";
          "(*runtime.activeSweep).end" -> "(*internal/runtime/atomic.Uint32).CompareAndSwap";
          "(*runtime.activeSweep).end" -> "(*internal/runtime/atomic.Uint32).Load";
          "(*runtime.activeSweep).end" -> "(*internal/runtime/atomic.Uint64).Load";
          "(*runtime.activeSweep).end" -> "(*internal/runtime/atomic.Uint64).Load";
          "(*runtime.activeSweep).end" -> "runtime.throw";
          "(*runtime.activeSweep).end" -> "runtime.throw";
          "(*runtime.activeSweep).isDone" -> "(*internal/runtime/atomic.Uint32).Load";
          "(*runtime.activeSweep).markDrained" -> "(*internal/runtime/atomic.Uint32).CompareAndSwap";
          "(*runtime.activeSweep).markDrained" -> "(*internal/runtime/atomic.Uint32).Load";
          "(*runtime.activeSweep).reset" -> "(*internal/runtime/atomic.Uint32).Store";
          "(*runtime.activeSweep).reset" -> "runtime.assertWorldStopped";
          "(*runtime.activeSweep).sweepers" -> "(*internal/runtime/atomic.Uint32).Load";
          "(*runtime.addrRanges).add" -> "(*runtime.addrRanges).findSucc";
          "(*runtime.addrRanges).add" -> "(runtime.addrRange).size";
          "(*runtime.addrRanges).add" -> "(runtime.addrRange).size";
          "(*runtime.addrRanges).add" -> "(runtime.offAddr).addr";
          "(*runtime.addrRanges).add" -> "(runtime.offAddr).addr";
          "(*runtime.addrRanges).add" -> "(runtime.offAddr).addr";
          "(*runtime.addrRanges).add" -> "(runtime.offAddr).equal";
          "(*runtime.addrRanges).add" -> "(runtime.offAddr).equal";
          "(*runtime.addrRanges).add" -> "runtime.persistentalloc";
          "(*runtime.addrRanges).add" -> "runtime.throw";
          "(*runtime.addrRanges).cloneInto" -> "runtime.persistentalloc";
          "(*runtime.addrRanges).findAddrGreaterEqual" -> "(*runtime.addrRanges).findSucc";
          "(*runtime.addrRanges).findAddrGreaterEqual" -> "(runtime.addrRange).contains";
          "(*runtime.addrRanges).findAddrGreaterEqual" -> "(runtime.offAddr).addr";
          "(*runtime.addrRanges).findAddrGreaterEqual" -> "(runtime.offAddr).addr";
          "(*runtime.addrRanges).findSucc" -> "(runtime.addrRange).contains";
          "(*runtime.addrRanges).findSucc" -> "(runtime.offAddr).addr";
          "(*runtime.addrRanges).findSucc" -> "(runtime.offAddr).lessThan";
          "(*runtime.addrRanges).findSucc" -> "(runtime.offAddr).lessThan";
          "(*runtime.atomicHeadTailIndex).cas" -> "(*internal/runtime/atomic.Uint64).CompareAndSwap";
          "(*runtime.atomicHeadTailIndex).incTail" -> "(*internal/runtime/atomic.Uint64).Add";
          "(*runtime.atomicHeadTailIndex).incTail" -> "(runtime.headTailIndex).head";
          "(*runtime.atomicHeadTailIndex).incTail" -> "(runtime.headTailIndex).tail";
          "(*runtime.atomicHeadTailIndex).incTail" -> "(runtime.headTailIndex).tail";
          "(*runtime.atomicHeadTailIndex).incTail" -> "runtime.throw";
          "(*runtime.atomicHeadTailIndex).load" -> "(*internal/runtime/atomic.Uint64).Load";
          "(*runtime.atomicHeadTailIndex).reset" -> "(*internal/runtime/atomic.Uint64).Store";
          "(*runtime.atomicMSpanPointer).Load" -> "(*internal/runtime/atomic.UnsafePointer).Load";
          "(*runtime.atomicMSpanPointer).StoreNoWB" -> "(*internal/runtime/atomic.UnsafePointer).StoreNoWB";
          "(*runtime.atomicOffAddr).Clear" -> "(*internal/runtime/atomic.Int64).CompareAndSwap";
          "(*runtime.atomicOffAddr).Clear" -> "(*internal/runtime/atomic.Int64).Load";
          "(*runtime.atomicOffAddr).Clear" -> "(runtime.offAddr).addr";
          "(*runtime.atomicOffAddr).Load" -> "(*internal/runtime/atomic.Int64).Load";
          "(*runtime.atomicOffAddr).StoreMarked" -> "(*internal/runtime/atomic.Int64).Store";
          "(*runtime.atomicOffAddr).StoreMin" -> "(*internal/runtime/atomic.Int64).CompareAndSwap";
          "(*runtime.atomicOffAddr).StoreMin" -> "(*internal/runtime/atomic.Int64).Load";
          "(*runtime.atomicOffAddr).StoreUnmark" -> "(*internal/runtime/atomic.Int64).CompareAndSwap";
          "(*runtime.atomicScavChunkData).load" -> "(*internal/runtime/atomic.Uint64).Load";
          "(*runtime.atomicScavChunkData).load" -> "runtime.unpackScavChunkData";
          "(*runtime.atomicScavChunkData).store" -> "(*internal/runtime/atomic.Uint64).Store";
          "(*runtime.atomicScavChunkData).store" -> "(runtime.scavChunkData).pack";
          "(*runtime.atomicSpanSetSpinePointer).Load" -> "(*internal/runtime/atomic.UnsafePointer).Load";
          "(*runtime.atomicSpanSetSpinePointer).StoreNoWB" -> "(*internal/runtime/atomic.UnsafePointer).StoreNoWB";
          "(*runtime.bitvector).ptrbit" -> "runtime.addb";
          "(*runtime.bucket).bp" -> "runtime.add";
          "(*runtime.bucket).bp" -> "runtime.throw";
          "(*runtime.bucket).mp" -> "runtime.add";
          "(*runtime.bucket).mp" -> "runtime.throw";
          "(*runtime.bucket).stk" -> "runtime.add";
          "(*runtime.bucket).stk" -> "runtime.throw";
          "(*runtime.consistentHeapStats).acquire" -> "(*internal/runtime/atomic.Uint32).Add";
          "(*runtime.consistentHeapStats).acquire" -> "(*internal/runtime/atomic.Uint32).Load";
          "(*runtime.consistentHeapStats).acquire" -> "(runtime.puintptr).ptr";
          "(*runtime.consistentHeapStats).acquire" -> "runtime.getg";
          "(*runtime.consistentHeapStats).acquire" -> "runtime.lock";
          "(*runtime.consistentHeapStats).acquire" -> "runtime.throw";
          "(*runtime.consistentHeapStats).release" -> "(*internal/runtime/atomic.Uint32).Add";
          "(*runtime.consistentHeapStats).release" -> "(runtime.puintptr).ptr";
          "(*runtime.consistentHeapStats).release" -> "runtime.getg";
          "(*runtime.consistentHeapStats).release" -> "runtime.throw";
          "(*runtime.consistentHeapStats).release" -> "runtime.unlock";
          "(*runtime.cpuProfile).add" -> "(*internal/runtime/atomic.Int32).Load";
          "(*runtime.cpuProfile).add" -> "(*internal/runtime/atomic.Uint32).CompareAndSwap";
          "(*runtime.cpuProfile).add" -> "(*internal/runtime/atomic.Uint32).Store";
          "(*runtime.cpuProfile).add" -> "(*runtime.cpuProfile).addExtra";
          "(*runtime.cpuProfile).add" -> "(*runtime.profBuf).write";
          "(*runtime.cpuProfile).add" -> "runtime.nanotime";
          "(*runtime.cpuProfile).add" -> "runtime.osyield";
          "(*runtime.cpuProfile).addExtra" -> "(*runtime.profBuf).write";
          "(*runtime.cpuProfile).addExtra" -> "(*runtime.profBuf).write";
          "(*runtime.cpuProfile).addExtra" -> "(*runtime.profBuf).write";
          "(*runtime.cpuProfile).addExtra" -> "internal/abi.FuncPCABIInternal";
          "(*runtime.cpuProfile).addExtra" -> "internal/abi.FuncPCABIInternal";
          "(*runtime.cpuProfile).addExtra" -> "internal/abi.FuncPCABIInternal";
          "(*runtime.cpuProfile).addExtra" -> "internal/abi.FuncPCABIInternal";
          "(*runtime.cpuStats).accumulate" -> "(*internal/runtime/atomic.Int64).Load";
          "(*runtime.cpuStats).accumulate" -> "(*internal/runtime/atomic.Int64).Load";
          "(*runtime.cpuStats).accumulate" -> "(*internal/runtime/atomic.Int64).Load";
          "(*runtime.cpuStats).accumulate" -> "(*internal/runtime/atomic.Int64).Load";
          "(*runtime.cpuStats).accumulate" -> "(*internal/runtime/atomic.Int64).Load";
          "(*runtime.cpuStats).accumulate" -> "(*internal/runtime/atomic.Int64).Load";
          "(*runtime.cpuStats).accumulate" -> "(*internal/runtime/atomic.Int64).Load";
          "(*runtime.debugLogReader).header" -> "(*runtime.debugLogReader).readUint16LEAt";
          "(*runtime.debugLogReader).header" -> "(*runtime.debugLogReader).uvarint";
          "(*runtime.debugLogReader).header" -> "(*runtime.debugLogReader).uvarint";
          "(*runtime.debugLogReader).header" -> "(*runtime.debugLogReader).varint";
          "(*runtime.debugLogReader).peek" -> "(*runtime.debugLogReader).readUint16LEAt";
          "(*runtime.debugLogReader).peek" -> "(*runtime.debugLogReader).readUint64LEAt";
          "(*runtime.debugLogReader).peek" -> "(*runtime.debugLogReader).readUint64LEAt";
          "(*runtime.debugLogReader).printVal" -> "(*runtime.debugLogReader).uvarint";
          "(*runtime.debugLogReader).printVal" -> "(*runtime.debugLogReader).uvarint";
          "(*runtime.debugLogReader).printVal" -> "(*runtime.debugLogReader).uvarint";
          "(*runtime.debugLogReader).printVal" -> "(*runtime.debugLogReader).uvarint";
          "(*runtime.debugLogReader).printVal" -> "(*runtime.debugLogReader).uvarint";
          "(*runtime.debugLogReader).printVal" -> "(*runtime.debugLogReader).uvarint";
          "(*runtime.debugLogReader).printVal" -> "(*runtime.debugLogReader).uvarint";
          "(*runtime.debugLogReader).printVal" -> "(*runtime.debugLogReader).uvarint";
          "(*runtime.debugLogReader).printVal" -> "(*runtime.debugLogReader).uvarint";
          "(*runtime.debugLogReader).printVal" -> "(*runtime.debugLogReader).varint";
          "(*runtime.debugLogReader).printVal" -> "runtime.gwrite";
          "(*runtime.debugLogReader).printVal" -> "runtime.printDebugLogPC";
          "(*runtime.debugLogReader).printVal" -> "runtime.printDebugLogPC";
          "(*runtime.debugLogReader).varint" -> "(*runtime.debugLogReader).uvarint";
          "(*runtime.errorAddressString).Addr" -> "(runtime.errorAddressString).Addr";
          "(*runtime.errorAddressString).Error" -> "(runtime.errorAddressString).Error";
          "(*runtime.errorAddressString).RuntimeError" -> "(runtime.errorAddressString).RuntimeError";
          "(*runtime.errorString).Error" -> "(runtime.errorString).Error";
          "(*runtime.errorString).RuntimeError" -> "(runtime.errorString).RuntimeError";
          "(*runtime.fixalloc).alloc" -> "runtime.memclrNoHeapPointers";
          "(*runtime.fixalloc).alloc" -> "runtime.persistentalloc";
          "(*runtime.fixalloc).alloc" -> "runtime.throw";
          "(*runtime.gList).pop" -> "(runtime.guintptr).ptr";
          "(*runtime.gList).push" -> "(*runtime.guintptr).set";
          "(*runtime.gList).pushAll" -> "(*runtime.gQueue).empty";
          "(*runtime.gList).pushAll" -> "(runtime.guintptr).ptr";
          "(*runtime.gQueue).pop" -> "(runtime.guintptr).ptr";
          "(*runtime.gQueue).push" -> "(*runtime.guintptr).set";
          "(*runtime.gQueue).push" -> "(*runtime.guintptr).set";
          "(*runtime.gQueue).pushBack" -> "(*runtime.guintptr).set";
          "(*runtime.gQueue).pushBack" -> "(*runtime.guintptr).set";
          "(*runtime.gQueue).pushBack" -> "(*runtime.guintptr).set";
          "(*runtime.gQueue).pushBack" -> "(runtime.guintptr).ptr";
          "(*runtime.gQueue).pushBackAll" -> "(runtime.guintptr).ptr";
          "(*runtime.gQueue).pushBackAll" -> "(runtime.guintptr).ptr";
          "(*runtime.gcBits).bitp" -> "(*runtime.gcBits).bytep";
          "(*runtime.gcBits).bytep" -> "runtime.addb";
          "(*runtime.gcBitsArena).tryAlloc" -> "internal/runtime/atomic.Loaduintptr";
          "(*runtime.gcBitsArena).tryAlloc" -> "internal/runtime/atomic.Xadduintptr";
          "(*runtime.gcCPULimiterState).accumulate" -> "(*internal/runtime/atomic.Bool).Store";
          "(*runtime.gcCPULimiterState).accumulate" -> "(*internal/runtime/atomic.Bool).Store";
          "(*runtime.gcCPULimiterState).accumulate" -> "(*internal/runtime/atomic.Uint32).Store";
          "(*runtime.gcCPULimiterState).addAssistTime" -> "(*internal/runtime/atomic.Int64).Add";
          "(*runtime.gcCPULimiterState).addIdleTime" -> "(*internal/runtime/atomic.Int64).Add";
          "(*runtime.gcCPULimiterState).finishGCTransition" -> "(*internal/runtime/atomic.Int64).Load";
          "(*runtime.gcCPULimiterState).finishGCTransition" -> "(*internal/runtime/atomic.Int64).Store";
          "(*runtime.gcCPULimiterState).finishGCTransition" -> "(*runtime.gcCPULimiterState).accumulate";
          "(*runtime.gcCPULimiterState).finishGCTransition" -> "(*runtime.gcCPULimiterState).unlock";
          "(*runtime.gcCPULimiterState).finishGCTransition" -> "runtime.throw";
          "(*runtime.gcCPULimiterState).limiting" -> "(*internal/runtime/atomic.Bool).Load";
          "(*runtime.gcCPULimiterState).needUpdate" -> "(*internal/runtime/atomic.Int64).Load";
          "(*runtime.gcCPULimiterState).resetCapacity" -> "(*internal/runtime/atomic.Bool).Store";
          "(*runtime.gcCPULimiterState).resetCapacity" -> "(*internal/runtime/atomic.Bool).Store";
          "(*runtime.gcCPULimiterState).resetCapacity" -> "(*internal/runtime/atomic.Uint32).Store";
          "(*runtime.gcCPULimiterState).resetCapacity" -> "(*runtime.gcCPULimiterState).tryLock";
          "(*runtime.gcCPULimiterState).resetCapacity" -> "(*runtime.gcCPULimiterState).unlock";
          "(*runtime.gcCPULimiterState).resetCapacity" -> "(*runtime.gcCPULimiterState).updateLocked";
          "(*runtime.gcCPULimiterState).resetCapacity" -> "runtime.throw";
          "(*runtime.gcCPULimiterState).startGCTransition" -> "(*runtime.gcCPULimiterState).tryLock";
          "(*runtime.gcCPULimiterState).startGCTransition" -> "(*runtime.gcCPULimiterState).updateLocked";
          "(*runtime.gcCPULimiterState).startGCTransition" -> "runtime.throw";
          "(*runtime.gcCPULimiterState).startGCTransition" -> "runtime.throw";
          "(*runtime.gcCPULimiterState).tryLock" -> "(*internal/runtime/atomic.Uint32).CompareAndSwap";
          "(*runtime.gcCPULimiterState).unlock" -> "(*internal/runtime/atomic.Uint32).Swap";
          "(*runtime.gcCPULimiterState).unlock" -> "runtime.throw";
          "(*runtime.gcCPULimiterState).update" -> "(*runtime.gcCPULimiterState).tryLock";
          "(*runtime.gcCPULimiterState).update" -> "(*runtime.gcCPULimiterState).unlock";
          "(*runtime.gcCPULimiterState).update" -> "(*runtime.gcCPULimiterState).updateLocked";
          "(*runtime.gcCPULimiterState).update" -> "runtime.throw";
          "(*runtime.gcCPULimiterState).updateLocked" -> "(*internal/runtime/atomic.Int64).Add";
          "(*runtime.gcCPULimiterState).updateLocked" -> "(*internal/runtime/atomic.Int64).Add";
          "(*runtime.gcCPULimiterState).updateLocked" -> "(*internal/runtime/atomic.Int64).Add";
          "(*runtime.gcCPULimiterState).updateLocked" -> "(*internal/runtime/atomic.Int64).Load";
          "(*runtime.gcCPULimiterState).updateLocked" -> "(*internal/runtime/atomic.Int64).Load";
          "(*runtime.gcCPULimiterState).updateLocked" -> "(*internal/runtime/atomic.Int64).Load";
          "(*runtime.gcCPULimiterState).updateLocked" -> "(*internal/runtime/atomic.Int64).Store";
          "(*runtime.gcCPULimiterState).updateLocked" -> "(*runtime.gcCPULimiterState).accumulate";
          "(*runtime.gcCPULimiterState).updateLocked" -> "(*runtime.limiterEvent).consume";
          "(*runtime.gcCPULimiterState).updateLocked" -> "runtime.acquirem";
          "(*runtime.gcCPULimiterState).updateLocked" -> "runtime.releasem";
          "(*runtime.gcCPULimiterState).updateLocked" -> "runtime.throw";
          "(*runtime.gcControllerState).addIdleMarkWorker" -> "(*internal/runtime/atomic.Uint64).CompareAndSwap";
          "(*runtime.gcControllerState).addIdleMarkWorker" -> "(*internal/runtime/atomic.Uint64).Load";
          "(*runtime.gcControllerState).addIdleMarkWorker" -> "runtime.throw";
          "(*runtime.gcControllerState).addScannableStack" -> "(*internal/runtime/atomic.Uint64).Add";
          "(*runtime.gcControllerState).addScannableStack" -> "(*internal/runtime/atomic.Uint64).Add";
          "(*runtime.gcControllerState).commit" -> "(*internal/runtime/atomic.Int32).Load";
          "(*runtime.gcControllerState).commit" -> "(*internal/runtime/atomic.Uint64).Load";
          "(*runtime.gcControllerState).commit" -> "(*internal/runtime/atomic.Uint64).Load";
          "(*runtime.gcControllerState).commit" -> "(*internal/runtime/atomic.Uint64).Load";
          "(*runtime.gcControllerState).commit" -> "(*internal/runtime/atomic.Uint64).Load";
          "(*runtime.gcControllerState).commit" -> "(*internal/runtime/atomic.Uint64).Load";
          "(*runtime.gcControllerState).commit" -> "(*internal/runtime/atomic.Uint64).Store";
          "(*runtime.gcControllerState).commit" -> "(*internal/runtime/atomic.Uint64).Store";
          "(*runtime.gcControllerState).commit" -> "(*internal/runtime/atomic.Uint64).Store";
          "(*runtime.gcControllerState).commit" -> "(*internal/runtime/atomic.Uint64).Store";
          "(*runtime.gcControllerState).commit" -> "runtime.assertWorldStoppedOrLockHeld";
          "(*runtime.gcControllerState).endCycle" -> "(*internal/runtime/atomic.Int64).Load";
          "(*runtime.gcControllerState).endCycle" -> "(*internal/runtime/atomic.Int64).Load";
          "(*runtime.gcControllerState).endCycle" -> "(*internal/runtime/atomic.Int64).Load";
          "(*runtime.gcControllerState).endCycle" -> "(*internal/runtime/atomic.Int64).Load";
          "(*runtime.gcControllerState).endCycle" -> "(*internal/runtime/atomic.Int64).Load";
          "(*runtime.gcControllerState).endCycle" -> "(*internal/runtime/atomic.Int64).Load";
          "(*runtime.gcControllerState).endCycle" -> "(*internal/runtime/atomic.Int64).Load";
          "(*runtime.gcControllerState).endCycle" -> "(*internal/runtime/atomic.Int64).Load";
          "(*runtime.gcControllerState).endCycle" -> "(*internal/runtime/atomic.Uint64).Load";
          "(*runtime.gcControllerState).endCycle" -> "(*internal/runtime/atomic.Uint64).Load";
          "(*runtime.gcControllerState).endCycle" -> "(*internal/runtime/atomic.Uint64).Load";
          "(*runtime.gcControllerState).endCycle" -> "(*internal/runtime/atomic.Uint64).Load";
          "(*runtime.gcControllerState).endCycle" -> "(*internal/runtime/atomic.Uint64).Load";
          "(*runtime.gcControllerState).endCycle" -> "(*runtime.gcControllerState).heapGoal";
          "(*runtime.gcControllerState).endCycle" -> "runtime.printlock";
          "(*runtime.gcControllerState).endCycle" -> "runtime.printunlock";
          "(*runtime.gcControllerState).enlistWorker" -> "(*internal/runtime/atomic.Int64).Load";
          "(*runtime.gcControllerState).enlistWorker" -> "(runtime.puintptr).ptr";
          "(*runtime.gcControllerState).enlistWorker" -> "runtime.cheaprandn";
          "(*runtime.gcControllerState).enlistWorker" -> "runtime.getg";
          "(*runtime.gcControllerState).enlistWorker" -> "runtime.preemptone";
          "(*runtime.gcControllerState).findRunnableGCWorker" -> "(*internal/runtime/atomic.Int64).Load";
          "(*runtime.gcControllerState).findRunnableGCWorker" -> "(*runtime.gcCPULimiterState).needUpdate";
          "(*runtime.gcControllerState).findRunnableGCWorker" -> "(*runtime.gcCPULimiterState).update";
          "(*runtime.gcControllerState).findRunnableGCWorker" -> "(*runtime.gcControllerState).findRunnableGCWorker$1";
          "(*runtime.gcControllerState).findRunnableGCWorker" -> "(*runtime.lfstack).pop";
          "(*runtime.gcControllerState).findRunnableGCWorker" -> "(*runtime.lfstack).push";
          "(*runtime.gcControllerState).findRunnableGCWorker" -> "(*runtime.lfstack).push";
          "(*runtime.gcControllerState).findRunnableGCWorker" -> "(runtime.guintptr).ptr";
          "(*runtime.gcControllerState).findRunnableGCWorker" -> "(runtime.traceLocker).GoUnpark";
          "(*runtime.gcControllerState).findRunnableGCWorker" -> "(runtime.traceLocker).ok";
          "(*runtime.gcControllerState).findRunnableGCWorker" -> "runtime.casgstatus";
          "(*runtime.gcControllerState).findRunnableGCWorker" -> "runtime.gcMarkWorkAvailable";
          "(*runtime.gcControllerState).findRunnableGCWorker" -> "runtime.nanotime";
          "(*runtime.gcControllerState).findRunnableGCWorker" -> "runtime.throw";
          "(*runtime.gcControllerState).findRunnableGCWorker" -> "runtime.traceAcquire";
          "(*runtime.gcControllerState).findRunnableGCWorker" -> "runtime.traceRelease";
          "(*runtime.gcControllerState).findRunnableGCWorker$1" -> "(*internal/runtime/atomic.Int64).CompareAndSwap";
          "(*runtime.gcControllerState).findRunnableGCWorker$1" -> "(*internal/runtime/atomic.Int64).Load";
          "(*runtime.gcControllerState).heapGoal" -> "(*runtime.gcControllerState).heapGoalInternal";
          "(*runtime.gcControllerState).heapGoalInternal" -> "(*internal/runtime/atomic.Uint64).Load";
          "(*runtime.gcControllerState).heapGoalInternal" -> "(*internal/runtime/atomic.Uint64).Load";
          "(*runtime.gcControllerState).heapGoalInternal" -> "(*runtime.gcControllerState).memoryLimitHeapGoal";
          "(*runtime.gcControllerState).markWorkerStop" -> "(*internal/runtime/atomic.Int64).Add";
          "(*runtime.gcControllerState).markWorkerStop" -> "(*internal/runtime/atomic.Int64).Add";
          "(*runtime.gcControllerState).markWorkerStop" -> "(*internal/runtime/atomic.Int64).Add";
          "(*runtime.gcControllerState).markWorkerStop" -> "(*internal/runtime/atomic.Int64).Add";
          "(*runtime.gcControllerState).markWorkerStop" -> "(*runtime.gcControllerState).removeIdleMarkWorker";
          "(*runtime.gcControllerState).markWorkerStop" -> "runtime.throw";
          "(*runtime.gcControllerState).memoryLimitHeapGoal" -> "(*internal/runtime/atomic.Int64).Load";
          "(*runtime.gcControllerState).memoryLimitHeapGoal" -> "(*internal/runtime/atomic.Uint64).Load";
          "(*runtime.gcControllerState).memoryLimitHeapGoal" -> "(*internal/runtime/atomic.Uint64).Load";
          "(*runtime.gcControllerState).memoryLimitHeapGoal" -> "(*internal/runtime/atomic.Uint64).Load";
          "(*runtime.gcControllerState).memoryLimitHeapGoal" -> "(*runtime.sysMemStat).load";
          "(*runtime.gcControllerState).needIdleMarkWorker" -> "(*internal/runtime/atomic.Uint64).Load";
          "(*runtime.gcControllerState).removeIdleMarkWorker" -> "(*internal/runtime/atomic.Uint64).CompareAndSwap";
          "(*runtime.gcControllerState).removeIdleMarkWorker" -> "(*internal/runtime/atomic.Uint64).Load";
          "(*runtime.gcControllerState).removeIdleMarkWorker" -> "runtime.throw";
          "(*runtime.gcControllerState).resetLive" -> "(*internal/runtime/atomic.Int64).Load";
          "(*runtime.gcControllerState).resetLive" -> "(*internal/runtime/atomic.Int64).Load";
          "(*runtime.gcControllerState).resetLive" -> "(*internal/runtime/atomic.Int64).Load";
          "(*runtime.gcControllerState).resetLive" -> "(*internal/runtime/atomic.Uint64).Store";
          "(*runtime.gcControllerState).resetLive" -> "(*internal/runtime/atomic.Uint64).Store";
          "(*runtime.gcControllerState).resetLive" -> "(*internal/runtime/atomic.Uint64).Store";
          "(*runtime.gcControllerState).resetLive" -> "(runtime.traceLocker).HeapAlloc";
          "(*runtime.gcControllerState).resetLive" -> "(runtime.traceLocker).ok";
          "(*runtime.gcControllerState).resetLive" -> "runtime.traceAcquire";
          "(*runtime.gcControllerState).resetLive" -> "runtime.traceRelease";
          "(*runtime.gcControllerState).revise" -> "(*internal/runtime/atomic.Float64).Store";
          "(*runtime.gcControllerState).revise" -> "(*internal/runtime/atomic.Float64).Store";
          "(*runtime.gcControllerState).revise" -> "(*internal/runtime/atomic.Int32).Load";
          "(*runtime.gcControllerState).revise" -> "(*internal/runtime/atomic.Int64).Load";
          "(*runtime.gcControllerState).revise" -> "(*internal/runtime/atomic.Int64).Load";
          "(*runtime.gcControllerState).revise" -> "(*internal/runtime/atomic.Int64).Load";
          "(*runtime.gcControllerState).revise" -> "(*internal/runtime/atomic.Uint64).Load";
          "(*runtime.gcControllerState).revise" -> "(*internal/runtime/atomic.Uint64).Load";
          "(*runtime.gcControllerState).revise" -> "(*internal/runtime/atomic.Uint64).Load";
          "(*runtime.gcControllerState).revise" -> "(*internal/runtime/atomic.Uint64).Load";
          "(*runtime.gcControllerState).revise" -> "(*internal/runtime/atomic.Uint64).Load";
          "(*runtime.gcControllerState).revise" -> "(*internal/runtime/atomic.Uint64).Load";
          "(*runtime.gcControllerState).revise" -> "(*runtime.gcControllerState).heapGoal";
          "(*runtime.gcControllerState).setMaxIdleMarkWorkers" -> "(*internal/runtime/atomic.Uint64).CompareAndSwap";
          "(*runtime.gcControllerState).setMaxIdleMarkWorkers" -> "(*internal/runtime/atomic.Uint64).Load";
          "(*runtime.gcControllerState).setMaxIdleMarkWorkers" -> "runtime.throw";
          "(*runtime.gcControllerState).startCycle" -> "(*internal/runtime/atomic.Float64).Load";
          "(*runtime.gcControllerState).startCycle" -> "(*internal/runtime/atomic.Int64).Store";
          "(*runtime.gcControllerState).startCycle" -> "(*internal/runtime/atomic.Int64).Store";
          "(*runtime.gcControllerState).startCycle" -> "(*internal/runtime/atomic.Int64).Store";
          "(*runtime.gcControllerState).startCycle" -> "(*internal/runtime/atomic.Int64).Store";
          "(*runtime.gcControllerState).startCycle" -> "(*internal/runtime/atomic.Int64).Store";
          "(*runtime.gcControllerState).startCycle" -> "(*internal/runtime/atomic.Int64).Store";
          "(*runtime.gcControllerState).startCycle" -> "(*internal/runtime/atomic.Int64).Store";
          "(*runtime.gcControllerState).startCycle" -> "(*internal/runtime/atomic.Int64).Store";
          "(*runtime.gcControllerState).startCycle" -> "(*internal/runtime/atomic.Int64).Store";
          "(*runtime.gcControllerState).startCycle" -> "(*internal/runtime/atomic.Uint64).Load";
          "(*runtime.gcControllerState).startCycle" -> "(*internal/runtime/atomic.Uint64).Load";
          "(*runtime.gcControllerState).startCycle" -> "(*runtime.gcControllerState).heapGoal";
          "(*runtime.gcControllerState).startCycle" -> "(*runtime.gcControllerState).revise";
          "(*runtime.gcControllerState).startCycle" -> "(*runtime.gcControllerState).setMaxIdleMarkWorkers";
          "(*runtime.gcControllerState).startCycle" -> "(*runtime.gcControllerState).setMaxIdleMarkWorkers";
          "(*runtime.gcControllerState).startCycle" -> "(*runtime.gcControllerState).setMaxIdleMarkWorkers";
          "(*runtime.gcControllerState).trigger" -> "(*internal/runtime/atomic.Uint64).Load";
          "(*runtime.gcControllerState).trigger" -> "(*runtime.gcControllerState).heapGoalInternal";
          "(*runtime.gcControllerState).trigger" -> "runtime.throw";
          "(*runtime.gcControllerState).update" -> "(*internal/runtime/atomic.Uint64).Add";
          "(*runtime.gcControllerState).update" -> "(*internal/runtime/atomic.Uint64).Add";
          "(*runtime.gcControllerState).update" -> "(*runtime.gcControllerState).revise";
          "(*runtime.gcControllerState).update" -> "(runtime.traceLocker).HeapAlloc";
          "(*runtime.gcControllerState).update" -> "(runtime.traceLocker).ok";
          "(*runtime.gcControllerState).update" -> "runtime.traceAcquire";
          "(*runtime.gcControllerState).update" -> "runtime.traceRelease";
          "(*runtime.gcWork).balance" -> "(*runtime.gcControllerState).enlistWorker";
          "(*runtime.gcWork).balance" -> "runtime.getempty";
          "(*runtime.gcWork).balance" -> "runtime.handoff";
          "(*runtime.gcWork).balance" -> "runtime.putfull";
          "(*runtime.gcWork).dispose" -> "(*internal/runtime/atomic.Int64).Add";
          "(*runtime.gcWork).dispose" -> "internal/runtime/atomic.Xadd64";
          "(*runtime.gcWork).dispose" -> "runtime.putempty";
          "(*runtime.gcWork).dispose" -> "runtime.putempty";
          "(*runtime.gcWork).dispose" -> "runtime.putfull";
          "(*runtime.gcWork).dispose" -> "runtime.putfull";
          "(*runtime.gcWork).init" -> "runtime.getempty";
          "(*runtime.gcWork).init" -> "runtime.getempty";
          "(*runtime.gcWork).init" -> "runtime.trygetfull";
          "(*runtime.gcWork).put" -> "(*runtime.gcControllerState).enlistWorker";
          "(*runtime.gcWork).put" -> "(*runtime.gcWork).init";
          "(*runtime.gcWork).put" -> "runtime.getempty";
          "(*runtime.gcWork).put" -> "runtime.lockWithRankMayAcquire";
          "(*runtime.gcWork).put" -> "runtime.lockWithRankMayAcquire";
          "(*runtime.gcWork).put" -> "runtime.putfull";
          "(*runtime.gcWork).putBatch" -> "(*runtime.gcControllerState).enlistWorker";
          "(*runtime.gcWork).putBatch" -> "(*runtime.gcWork).init";
          "(*runtime.gcWork).putBatch" -> "runtime.getempty";
          "(*runtime.gcWork).putBatch" -> "runtime.putfull";
          "(*runtime.gcWork).tryGet" -> "(*runtime.gcWork).init";
          "(*runtime.gcWork).tryGet" -> "runtime.putempty";
          "(*runtime.gcWork).tryGet" -> "runtime.trygetfull";
          "(*runtime.goroutineProfileStateHolder).CompareAndSwap" -> "(*internal/runtime/atomic.Uint32).CompareAndSwap";
          "(*runtime.goroutineProfileStateHolder).Load" -> "(*internal/runtime/atomic.Uint32).Load";
          "(*runtime.goroutineProfileStateHolder).Store" -> "(*internal/runtime/atomic.Uint32).Store";
          "(*runtime.guintptr).cas" -> "internal/runtime/atomic.Casuintptr";
          "(*runtime.inlineUnwinder).fileLine" -> "runtime.funcline1";
          "(*runtime.inlineUnwinder).next" -> "(*runtime.inlineUnwinder).resolveInternal";
          "(*runtime.inlineUnwinder).next" -> "(runtime.funcInfo).entry";
          "(*runtime.inlineUnwinder).resolveInternal" -> "runtime.pcdatavalue1";
          "(*runtime.inlineUnwinder).srcFunc" -> "(runtime.funcInfo).srcFunc";
          "(*runtime.itabTableType).add" -> "internal/runtime/atomic.StorepNoWB";
          "(*runtime.itabTableType).add" -> "runtime.add";
          "(*runtime.itabTableType).add" -> "runtime.itabHashFunc";
          "(*runtime.itabTableType).add$bound" -> "(*runtime.itabTableType).add";
          "(*runtime.itabTableType).find" -> "internal/runtime/atomic.Loadp";
          "(*runtime.itabTableType).find" -> "runtime.add";
          "(*runtime.itabTableType).find" -> "runtime.itabHashFunc";
          "(*runtime.lfstack).empty" -> "internal/runtime/atomic.Load64";
          "(*runtime.lfstack).pop" -> "internal/runtime/atomic.Cas64";
          "(*runtime.lfstack).pop" -> "internal/runtime/atomic.Load64";
          "(*runtime.lfstack).pop" -> "internal/runtime/atomic.Load64";
          "(*runtime.lfstack).pop" -> "runtime.lfstackUnpack";
          "(*runtime.lfstack).push" -> "internal/runtime/atomic.Cas64";
          "(*runtime.lfstack).push" -> "internal/runtime/atomic.Load64";
          "(*runtime.lfstack).push" -> "runtime.lfstackPack";
          "(*runtime.lfstack).push" -> "runtime.lfstackUnpack";
          "(*runtime.lfstack).push" -> "runtime.throw";
          "(*runtime.limiterEvent).consume" -> "(*internal/runtime/atomic.Uint64).CompareAndSwap";
          "(*runtime.limiterEvent).consume" -> "(*internal/runtime/atomic.Uint64).Load";
          "(*runtime.limiterEvent).consume" -> "(runtime.limiterEventStamp).duration";
          "(*runtime.limiterEvent).consume" -> "(runtime.limiterEventStamp).typ";
          "(*runtime.limiterEvent).consume" -> "runtime.makeLimiterEventStamp";
          "(*runtime.limiterEvent).start" -> "(*internal/runtime/atomic.Uint64).Load";
          "(*runtime.limiterEvent).start" -> "(*internal/runtime/atomic.Uint64).Store";
          "(*runtime.limiterEvent).start" -> "(runtime.limiterEventStamp).typ";
          "(*runtime.limiterEvent).start" -> "runtime.makeLimiterEventStamp";
          "(*runtime.limiterEvent).stop" -> "(*internal/runtime/atomic.Int64).Add";
          "(*runtime.limiterEvent).stop" -> "(*internal/runtime/atomic.Uint64).CompareAndSwap";
          "(*runtime.limiterEvent).stop" -> "(*internal/runtime/atomic.Uint64).Load";
          "(*runtime.limiterEvent).stop" -> "(*runtime.gcCPULimiterState).addAssistTime";
          "(*runtime.limiterEvent).stop" -> "(*runtime.gcCPULimiterState).addIdleTime";
          "(*runtime.limiterEvent).stop" -> "(*runtime.gcCPULimiterState).addIdleTime";
          "(*runtime.limiterEvent).stop" -> "(runtime.limiterEventStamp).duration";
          "(*runtime.limiterEvent).stop" -> "(runtime.limiterEventStamp).typ";
          "(*runtime.limiterEvent).stop" -> "(runtime.limiterEventStamp).typ";
          "(*runtime.limiterEvent).stop" -> "runtime.throw";
          "(*runtime.limiterEvent).stop" -> "runtime.throw";
          "(*runtime.linearAlloc).alloc" -> "runtime.alignUp";
          "(*runtime.linearAlloc).alloc" -> "runtime.alignUp";
          "(*runtime.linearAlloc).alloc" -> "runtime.sysMap";
          "(*runtime.linearAlloc).alloc" -> "runtime.sysUsed";
          "(*runtime.lockRank).String" -> "(runtime.lockRank).String";
          "(*runtime.lockTimer).begin" -> "internal/runtime/atomic.Load64";
          "(*runtime.lockTimer).begin" -> "runtime.cheaprand";
          "(*runtime.lockTimer).begin" -> "runtime.cheaprand";
          "(*runtime.lockTimer).begin" -> "runtime.cputicks";
          "(*runtime.lockTimer).begin" -> "runtime.nanotime";
          "(*runtime.lockTimer).end" -> "(*internal/runtime/atomic.Int64).Add";
          "(*runtime.lockTimer).end" -> "(*runtime.mLockProfile).recordLock";
          "(*runtime.lockTimer).end" -> "runtime.cputicks";
          "(*runtime.lockTimer).end" -> "runtime.getg";
          "(*runtime.lockTimer).end" -> "runtime.nanotime";
          "(*runtime.m).becomeSpinning" -> "(*internal/runtime/atomic.Int32).Add";
          "(*runtime.m).becomeSpinning" -> "(*internal/runtime/atomic.Uint32).Store";
          "(*runtime.mLockProfile).captureStack" -> "(*internal/runtime/atomic.Int32).Load";
          "(*runtime.mLockProfile).captureStack" -> "internal/abi.FuncPCABIInternal";
          "(*runtime.mLockProfile).captureStack" -> "internal/runtime/sys.GetCallerPC";
          "(*runtime.mLockProfile).captureStack" -> "internal/runtime/sys.GetCallerSP";
          "(*runtime.mLockProfile).captureStack" -> "runtime.getg";
          "(*runtime.mLockProfile).captureStack" -> "runtime.systemstack";
          "(*runtime.mLockProfile).captureStack$1" -> "(*runtime.unwinder).initAt";
          "(*runtime.mLockProfile).captureStack$1" -> "runtime.tracebackPCs";
          "(*runtime.mLockProfile).recordLock" -> "runtime.cheaprand64";
          "(*runtime.mLockProfile).recordLock" -> "runtime.cheaprand64";
          "(*runtime.mLockProfile).recordUnlock" -> "(*runtime.mLockProfile).captureStack";
          "(*runtime.mLockProfile).recordUnlock" -> "(*runtime.mLockProfile).store";
          "(*runtime.mLockProfile).recordUnlock" -> "runtime.getg";
          "(*runtime.mLockProfile).store" -> "internal/abi.FuncPCABIInternal";
          "(*runtime.mLockProfile).store" -> "internal/runtime/atomic.Load64";
          "(*runtime.mLockProfile).store" -> "runtime.acquirem";
          "(*runtime.mLockProfile).store" -> "runtime.releasem";
          "(*runtime.mLockProfile).store" -> "runtime.saveBlockEventStack";
          "(*runtime.mLockProfile).store" -> "runtime.saveBlockEventStack";
          "(*runtime.mProfCycleHolder).increment" -> "(*internal/runtime/atomic.Uint32).CompareAndSwap";
          "(*runtime.mProfCycleHolder).increment" -> "(*internal/runtime/atomic.Uint32).Load";
          "(*runtime.mProfCycleHolder).read" -> "(*internal/runtime/atomic.Uint32).Load";
          "(*runtime.mProfCycleHolder).setFlushed" -> "(*internal/runtime/atomic.Uint32).CompareAndSwap";
          "(*runtime.mProfCycleHolder).setFlushed" -> "(*internal/runtime/atomic.Uint32).Load";
          "(*runtime.mSpanList).insert" -> "runtime.throw";
          "(*runtime.mSpanList).remove" -> "runtime.throw";
          "(*runtime.mSpanList).takeAll" -> "(*runtime.mSpanList).isEmpty";
          "(*runtime.mSpanList).takeAll" -> "(*runtime.mSpanList).isEmpty";
          "(*runtime.mSpanStateBox).get" -> "(*internal/runtime/atomic.Uint8).Load";
          "(*runtime.mSpanStateBox).set" -> "(*internal/runtime/atomic.Uint8).Store";
          "(*runtime.mcache).allocLarge" -> "(*internal/runtime/atomic.Uint64).Add";
          "(*runtime.mcache).allocLarge" -> "(*runtime.consistentHeapStats).acquire";
          "(*runtime.mcache).allocLarge" -> "(*runtime.consistentHeapStats).release";
          "(*runtime.mcache).allocLarge" -> "(*runtime.gcControllerState).update";
          "(*runtime.mcache).allocLarge" -> "(*runtime.mcentral).fullSwept";
          "(*runtime.mcache).allocLarge" -> "(*runtime.mheap).alloc";
          "(*runtime.mcache).allocLarge" -> "(*runtime.mspan).base";
          "(*runtime.mcache).allocLarge" -> "(*runtime.mspan).initHeapBits";
          "(*runtime.mcache).allocLarge" -> "(*runtime.spanSet).push";
          "(*runtime.mcache).allocLarge" -> "internal/runtime/atomic.Xadd64";
          "(*runtime.mcache).allocLarge" -> "internal/runtime/atomic.Xadd64";
          "(*runtime.mcache).allocLarge" -> "runtime.deductSweepCredit";
          "(*runtime.mcache).allocLarge" -> "runtime.makeSpanClass";
          "(*runtime.mcache).allocLarge" -> "runtime.throw";
          "(*runtime.mcache).allocLarge" -> "runtime.throw";
          "(*runtime.mcache).nextFree" -> "(*runtime.mcache).refill";
          "(*runtime.mcache).nextFree" -> "(*runtime.mspan).base";
          "(*runtime.mcache).nextFree" -> "(*runtime.mspan).nextFreeIndex";
          "(*runtime.mcache).nextFree" -> "(*runtime.mspan).nextFreeIndex";
          "(*runtime.mcache).nextFree" -> "runtime.throw";
          "(*runtime.mcache).nextFree" -> "runtime.throw";
          "(*runtime.mcache).nextFree" -> "runtime.throw";
          "(*runtime.mcache).prepareForSweep" -> "(*internal/runtime/atomic.Uint32).Load";
          "(*runtime.mcache).prepareForSweep" -> "(*internal/runtime/atomic.Uint32).Store";
          "(*runtime.mcache).prepareForSweep" -> "(*runtime.mcache).releaseAll";
          "(*runtime.mcache).prepareForSweep" -> "runtime.stackcache_clear";
          "(*runtime.mcache).prepareForSweep" -> "runtime.throw";
          "(*runtime.mcache).refill" -> "(*internal/runtime/atomic.Uint64).Add";
          "(*runtime.mcache).refill" -> "(*runtime.consistentHeapStats).acquire";
          "(*runtime.mcache).refill" -> "(*runtime.consistentHeapStats).release";
          "(*runtime.mcache).refill" -> "(*runtime.gcControllerState).update";
          "(*runtime.mcache).refill" -> "(*runtime.mcentral).cacheSpan";
          "(*runtime.mcache).refill" -> "(*runtime.mcentral).uncacheSpan";
          "(*runtime.mcache).refill" -> "(runtime.spanClass).sizeclass";
          "(*runtime.mcache).refill" -> "internal/runtime/atomic.Xadd64";
          "(*runtime.mcache).refill" -> "internal/runtime/atomic.Xadd64";
          "(*runtime.mcache).refill" -> "runtime.throw";
          "(*runtime.mcache).refill" -> "runtime.throw";
          "(*runtime.mcache).refill" -> "runtime.throw";
          "(*runtime.mcache).refill" -> "runtime.throw";
          "(*runtime.mcache).releaseAll" -> "(*internal/runtime/atomic.Uint64).Add";
          "(*runtime.mcache).releaseAll" -> "(*runtime.consistentHeapStats).acquire";
          "(*runtime.mcache).releaseAll" -> "(*runtime.consistentHeapStats).acquire";
          "(*runtime.mcache).releaseAll" -> "(*runtime.consistentHeapStats).release";
          "(*runtime.mcache).releaseAll" -> "(*runtime.consistentHeapStats).release";
          "(*runtime.mcache).releaseAll" -> "(*runtime.gcControllerState).update";
          "(*runtime.mcache).releaseAll" -> "(*runtime.mcentral).uncacheSpan";
          "(*runtime.mcache).releaseAll" -> "(runtime.spanClass).sizeclass";
          "(*runtime.mcache).releaseAll" -> "internal/runtime/atomic.Xadd64";
          "(*runtime.mcache).releaseAll" -> "internal/runtime/atomic.Xadd64";
          "(*runtime.mcentral).cacheSpan" -> "(*runtime.activeSweep).begin";
          "(*runtime.mcentral).cacheSpan" -> "(*runtime.activeSweep).end";
          "(*runtime.mcentral).cacheSpan" -> "(*runtime.activeSweep).end";
          "(*runtime.mcentral).cacheSpan" -> "(*runtime.activeSweep).end";
          "(*runtime.mcentral).cacheSpan" -> "(*runtime.mcentral).fullSwept";
          "(*runtime.mcentral).cacheSpan" -> "(*runtime.mcentral).fullUnswept";
          "(*runtime.mcentral).cacheSpan" -> "(*runtime.mcentral).grow";
          "(*runtime.mcentral).cacheSpan" -> "(*runtime.mcentral).partialSwept";
          "(*runtime.mcentral).cacheSpan" -> "(*runtime.mcentral).partialUnswept";
          "(*runtime.mcentral).cacheSpan" -> "(*runtime.mspan).nextFreeIndex";
          "(*runtime.mcentral).cacheSpan" -> "(*runtime.mspan).refillAllocCache";
          "(*runtime.mcentral).cacheSpan" -> "(*runtime.spanSet).pop";
          "(*runtime.mcentral).cacheSpan" -> "(*runtime.spanSet).pop";
          "(*runtime.mcentral).cacheSpan" -> "(*runtime.spanSet).pop";
          "(*runtime.mcentral).cacheSpan" -> "(*runtime.spanSet).push";
          "(*runtime.mcentral).cacheSpan" -> "(*runtime.sweepLocked).sweep";
          "(*runtime.mcentral).cacheSpan" -> "(*runtime.sweepLocked).sweep";
          "(*runtime.mcentral).cacheSpan" -> "(*runtime.sweepLocker).tryAcquire";
          "(*runtime.mcentral).cacheSpan" -> "(*runtime.sweepLocker).tryAcquire";
          "(*runtime.mcentral).cacheSpan" -> "(runtime.spanClass).sizeclass";
          "(*runtime.mcentral).cacheSpan" -> "(runtime.traceLocker).GCSweepDone";
          "(*runtime.mcentral).cacheSpan" -> "(runtime.traceLocker).GCSweepDone";
          "(*runtime.mcentral).cacheSpan" -> "(runtime.traceLocker).GCSweepStart";
          "(*runtime.mcentral).cacheSpan" -> "(runtime.traceLocker).ok";
          "(*runtime.mcentral).cacheSpan" -> "(runtime.traceLocker).ok";
          "(*runtime.mcentral).cacheSpan" -> "(runtime.traceLocker).ok";
          "(*runtime.mcentral).cacheSpan" -> "runtime.deductSweepCredit";
          "(*runtime.mcentral).cacheSpan" -> "runtime.throw";
          "(*runtime.mcentral).cacheSpan" -> "runtime.traceAcquire";
          "(*runtime.mcentral).cacheSpan" -> "runtime.traceAcquire";
          "(*runtime.mcentral).cacheSpan" -> "runtime.traceAcquire";
          "(*runtime.mcentral).cacheSpan" -> "runtime.traceRelease";
          "(*runtime.mcentral).cacheSpan" -> "runtime.traceRelease";
          "(*runtime.mcentral).cacheSpan" -> "runtime.traceRelease";
          "(*runtime.mcentral).grow" -> "(*runtime.mheap).alloc";
          "(*runtime.mcentral).grow" -> "(*runtime.mspan).initHeapBits";
          "(*runtime.mcentral).grow" -> "(runtime.spanClass).sizeclass";
          "(*runtime.mcentral).uncacheSpan" -> "(*runtime.mcentral).fullSwept";
          "(*runtime.mcentral).uncacheSpan" -> "(*runtime.mcentral).partialSwept";
          "(*runtime.mcentral).uncacheSpan" -> "(*runtime.spanSet).push";
          "(*runtime.mcentral).uncacheSpan" -> "(*runtime.spanSet).push";
          "(*runtime.mcentral).uncacheSpan" -> "(*runtime.sweepLocked).sweep";
          "(*runtime.mcentral).uncacheSpan" -> "internal/runtime/atomic.Store";
          "(*runtime.mcentral).uncacheSpan" -> "internal/runtime/atomic.Store";
          "(*runtime.mcentral).uncacheSpan" -> "runtime.throw";
          "(*runtime.mheap).alloc" -> "runtime.systemstack";
          "(*runtime.mheap).alloc$1" -> "(*runtime.mheap).allocSpan";
          "(*runtime.mheap).alloc$1" -> "(*runtime.mheap).reclaim";
          "(*runtime.mheap).alloc$1" -> "runtime.isSweepDone";
          "(*runtime.mheap).allocMSpanLocked" -> "(*runtime.fixalloc).alloc";
          "(*runtime.mheap).allocMSpanLocked" -> "(*runtime.fixalloc).alloc";
          "(*runtime.mheap).allocMSpanLocked" -> "(runtime.puintptr).ptr";
          "(*runtime.mheap).allocMSpanLocked" -> "runtime.assertLockHeld";
          "(*runtime.mheap).allocMSpanLocked" -> "runtime.getg";
          "(*runtime.mheap).allocManual" -> "(*runtime.mheap).allocSpan";
          "(*runtime.mheap).allocManual" -> "(runtime.spanAllocType).manual";
          "(*runtime.mheap).allocManual" -> "runtime.throw";
          "(*runtime.mheap).allocNeedsZero" -> "(runtime.arenaIdx).l1";
          "(*runtime.mheap).allocNeedsZero" -> "(runtime.arenaIdx).l2";
          "(*runtime.mheap).allocNeedsZero" -> "internal/runtime/atomic.Casuintptr";
          "(*runtime.mheap).allocNeedsZero" -> "internal/runtime/atomic.Loaduintptr";
          "(*runtime.mheap).allocNeedsZero" -> "internal/runtime/atomic.Loaduintptr";
          "(*runtime.mheap).allocNeedsZero" -> "runtime.arenaIndex";
          "(*runtime.mheap).allocNeedsZero" -> "runtime.throw";
          "(*runtime.mheap).allocSpan" -> "(*internal/runtime/atomic.Int64).Add";
          "(*runtime.mheap).allocSpan" -> "(*internal/runtime/atomic.Int64).Load";
          "(*runtime.mheap).allocSpan" -> "(*internal/runtime/atomic.Uint64).Load";
          "(*runtime.mheap).allocSpan" -> "(*internal/runtime/atomic.Uint64).Load";
          "(*runtime.mheap).allocSpan" -> "(*internal/runtime/atomic.Uintptr).Add";
          "(*runtime.mheap).allocSpan" -> "(*runtime.consistentHeapStats).acquire";
          "(*runtime.mheap).allocSpan" -> "(*runtime.consistentHeapStats).release";
          "(*runtime.mheap).allocSpan" -> "(*runtime.gcCPULimiterState).limiting";
          "(*runtime.mheap).allocSpan" -> "(*runtime.limiterEvent).start";
          "(*runtime.mheap).allocSpan" -> "(*runtime.limiterEvent).stop";
          "(*runtime.mheap).allocSpan" -> "(*runtime.mheap).allocMSpanLocked";
          "(*runtime.mheap).allocSpan" -> "(*runtime.mheap).grow";
          "(*runtime.mheap).allocSpan" -> "(*runtime.mheap).grow";
          "(*runtime.mheap).allocSpan" -> "(*runtime.mheap).initSpan";
          "(*runtime.mheap).allocSpan" -> "(*runtime.mheap).tryAllocMSpan";
          "(*runtime.mheap).allocSpan" -> "(*runtime.pageAlloc).alloc";
          "(*runtime.mheap).allocSpan" -> "(*runtime.pageAlloc).alloc";
          "(*runtime.mheap).allocSpan" -> "(*runtime.pageAlloc).allocRange";
          "(*runtime.mheap).allocSpan" -> "(*runtime.pageAlloc).allocToCache";
          "(*runtime.mheap).allocSpan" -> "(*runtime.pageAlloc).find";
          "(*runtime.mheap).allocSpan" -> "(*runtime.pageAlloc).find";
          "(*runtime.mheap).allocSpan" -> "(*runtime.pageAlloc).scavenge";
          "(*runtime.mheap).allocSpan" -> "(*runtime.pageCache).alloc";
          "(*runtime.mheap).allocSpan" -> "(*runtime.pageCache).empty";
          "(*runtime.mheap).allocSpan" -> "(*runtime.sysMemStat).add";
          "(*runtime.mheap).allocSpan" -> "(*runtime.sysMemStat).add";
          "(*runtime.mheap).allocSpan" -> "(*runtime.sysMemStat).add";
          "(*runtime.mheap).allocSpan" -> "(runtime.puintptr).ptr";
          "(*runtime.mheap).allocSpan" -> "(runtime.traceLocker).SpanAlloc";
          "(*runtime.mheap).allocSpan" -> "(runtime.traceLocker).ok";
          "(*runtime.mheap).allocSpan" -> "internal/runtime/atomic.Xaddint64";
          "(*runtime.mheap).allocSpan" -> "internal/runtime/atomic.Xaddint64";
          "(*runtime.mheap).allocSpan" -> "internal/runtime/atomic.Xaddint64";
          "(*runtime.mheap).allocSpan" -> "internal/runtime/atomic.Xaddint64";
          "(*runtime.mheap).allocSpan" -> "internal/runtime/atomic.Xaddint64";
          "(*runtime.mheap).allocSpan" -> "internal/runtime/atomic.Xaddint64";
          "(*runtime.mheap).allocSpan" -> "runtime.alignUp";
          "(*runtime.mheap).allocSpan" -> "runtime.getg";
          "(*runtime.mheap).allocSpan" -> "runtime.heapRetained";
          "(*runtime.mheap).allocSpan" -> "runtime.lock";
          "(*runtime.mheap).allocSpan" -> "runtime.lock";
          "(*runtime.mheap).allocSpan" -> "runtime.nanotime";
          "(*runtime.mheap).allocSpan" -> "runtime.nanotime";
          "(*runtime.mheap).allocSpan" -> "runtime.sysUsed";
          "(*runtime.mheap).allocSpan" -> "runtime.throw";
          "(*runtime.mheap).allocSpan" -> "runtime.throw";
          "(*runtime.mheap).allocSpan" -> "runtime.traceAcquire";
          "(*runtime.mheap).allocSpan" -> "runtime.traceAllocFreeEnabled";
          "(*runtime.mheap).allocSpan" -> "runtime.traceRelease";
          "(*runtime.mheap).allocSpan" -> "runtime.unlock";
          "(*runtime.mheap).allocSpan" -> "runtime.unlock";
          "(*runtime.mheap).allocSpan" -> "runtime.unlock";
          "(*runtime.mheap).allocSpan" -> "runtime.unlock";
          "(*runtime.mheap).allocSpan$1" -> "(*runtime.gcCPULimiterState).limiting";
          "(*runtime.mheap).enableMetadataHugePages" -> "(*runtime.pageAlloc).enableChunkHugePages";
          "(*runtime.mheap).enableMetadataHugePages" -> "internal/runtime/atomic.Loadp";
          "(*runtime.mheap).enableMetadataHugePages" -> "runtime.lock";
          "(*runtime.mheap).enableMetadataHugePages" -> "runtime.sysHugePage";
          "(*runtime.mheap).enableMetadataHugePages" -> "runtime.unlock";
          "(*runtime.mheap).enableMetadataHugePages" -> "runtime.unlock";
          "(*runtime.mheap).freeMSpanLocked" -> "(*runtime.fixalloc).free";
          "(*runtime.mheap).freeMSpanLocked" -> "(runtime.puintptr).ptr";
          "(*runtime.mheap).freeMSpanLocked" -> "runtime.assertLockHeld";
          "(*runtime.mheap).freeMSpanLocked" -> "runtime.getg";
          "(*runtime.mheap).freeManual" -> "(*runtime.mheap).freeSpanLocked";
          "(*runtime.mheap).freeManual" -> "(runtime.traceLocker).SpanFree";
          "(*runtime.mheap).freeManual" -> "(runtime.traceLocker).ok";
          "(*runtime.mheap).freeManual" -> "runtime.lock";
          "(*runtime.mheap).freeManual" -> "runtime.traceAcquire";
          "(*runtime.mheap).freeManual" -> "runtime.traceAllocFreeEnabled";
          "(*runtime.mheap).freeManual" -> "runtime.traceRelease";
          "(*runtime.mheap).freeManual" -> "runtime.unlock";
          "(*runtime.mheap).freeSpan" -> "runtime.systemstack";
          "(*runtime.mheap).freeSpan$1" -> "(*runtime.mheap).freeSpanLocked";
          "(*runtime.mheap).freeSpan$1" -> "(*runtime.mspan).base";
          "(*runtime.mheap).freeSpan$1" -> "(*runtime.mspan).base";
          "(*runtime.mheap).freeSpan$1" -> "(runtime.traceLocker).SpanFree";
          "(*runtime.mheap).freeSpan$1" -> "(runtime.traceLocker).ok";
          "(*runtime.mheap).freeSpan$1" -> "runtime.asanpoison";
          "(*runtime.mheap).freeSpan$1" -> "runtime.lock";
          "(*runtime.mheap).freeSpan$1" -> "runtime.msanfree";
          "(*runtime.mheap).freeSpan$1" -> "runtime.traceAcquire";
          "(*runtime.mheap).freeSpan$1" -> "runtime.traceAllocFreeEnabled";
          "(*runtime.mheap).freeSpan$1" -> "runtime.traceRelease";
          "(*runtime.mheap).freeSpan$1" -> "runtime.unlock";
          "(*runtime.mheap).freeSpanLocked" -> "(*internal/runtime/atomic.Uintptr).Add";
          "(*runtime.mheap).freeSpanLocked" -> "(*runtime.consistentHeapStats).acquire";
          "(*runtime.mheap).freeSpanLocked" -> "(*runtime.consistentHeapStats).release";
          "(*runtime.mheap).freeSpanLocked" -> "(*runtime.mSpanStateBox).get";
          "(*runtime.mheap).freeSpanLocked" -> "(*runtime.mSpanStateBox).set";
          "(*runtime.mheap).freeSpanLocked" -> "(*runtime.mheap).freeMSpanLocked";
          "(*runtime.mheap).freeSpanLocked" -> "(*runtime.mspan).base";
          "(*runtime.mheap).freeSpanLocked" -> "(*runtime.mspan).base";
          "(*runtime.mheap).freeSpanLocked" -> "(*runtime.mspan).base";
          "(*runtime.mheap).freeSpanLocked" -> "(*runtime.pageAlloc).free";
          "(*runtime.mheap).freeSpanLocked" -> "(*runtime.sysMemStat).add";
          "(*runtime.mheap).freeSpanLocked" -> "(*runtime.sysMemStat).add";
          "(*runtime.mheap).freeSpanLocked" -> "internal/runtime/atomic.And8";
          "(*runtime.mheap).freeSpanLocked" -> "internal/runtime/atomic.Xaddint64";
          "(*runtime.mheap).freeSpanLocked" -> "internal/runtime/atomic.Xaddint64";
          "(*runtime.mheap).freeSpanLocked" -> "internal/runtime/atomic.Xaddint64";
          "(*runtime.mheap).freeSpanLocked" -> "internal/runtime/atomic.Xaddint64";
          "(*runtime.mheap).freeSpanLocked" -> "runtime.assertLockHeld";
          "(*runtime.mheap).freeSpanLocked" -> "runtime.pageIndexOf";
          "(*runtime.mheap).freeSpanLocked" -> "runtime.throw";
          "(*runtime.mheap).freeSpanLocked" -> "runtime.throw";
          "(*runtime.mheap).freeSpanLocked" -> "runtime.throw";
          "(*runtime.mheap).freeSpanLocked" -> "runtime.throw";
          "(*runtime.mheap).grow" -> "(*runtime.consistentHeapStats).acquire";
          "(*runtime.mheap).grow" -> "(*runtime.consistentHeapStats).acquire";
          "(*runtime.mheap).grow" -> "(*runtime.consistentHeapStats).release";
          "(*runtime.mheap).grow" -> "(*runtime.consistentHeapStats).release";
          "(*runtime.mheap).grow" -> "(*runtime.mheap).sysAlloc";
          "(*runtime.mheap).grow" -> "(*runtime.pageAlloc).grow";
          "(*runtime.mheap).grow" -> "(*runtime.pageAlloc).grow";
          "(*runtime.mheap).grow" -> "(*runtime.sysMemStat).load";
          "(*runtime.mheap).grow" -> "(*runtime.sysMemStat).load";
          "(*runtime.mheap).grow" -> "(*runtime.sysMemStat).load";
          "(*runtime.mheap).grow" -> "internal/runtime/atomic.Xaddint64";
          "(*runtime.mheap).grow" -> "internal/runtime/atomic.Xaddint64";
          "(*runtime.mheap).grow" -> "runtime.alignUp";
          "(*runtime.mheap).grow" -> "runtime.alignUp";
          "(*runtime.mheap).grow" -> "runtime.alignUp";
          "(*runtime.mheap).grow" -> "runtime.assertLockHeld";
          "(*runtime.mheap).grow" -> "runtime.sysMap";
          "(*runtime.mheap).grow" -> "runtime.sysMap";
          "(*runtime.mheap).initSpan" -> "(*internal/runtime/atomic.Uintptr).Add";
          "(*runtime.mheap).initSpan" -> "(*runtime.mSpanStateBox).set";
          "(*runtime.mheap).initSpan" -> "(*runtime.mSpanStateBox).set";
          "(*runtime.mheap).initSpan" -> "(*runtime.mheap).allocNeedsZero";
          "(*runtime.mheap).initSpan" -> "(*runtime.mheap).setSpans";
          "(*runtime.mheap).initSpan" -> "(*runtime.mspan).base";
          "(*runtime.mheap).initSpan" -> "(*runtime.mspan).base";
          "(*runtime.mheap).initSpan" -> "(*runtime.mspan).base";
          "(*runtime.mheap).initSpan" -> "(*runtime.mspan).init";
          "(*runtime.mheap).initSpan" -> "(runtime.spanAllocType).manual";
          "(*runtime.mheap).initSpan" -> "(runtime.spanAllocType).manual";
          "(*runtime.mheap).initSpan" -> "(runtime.spanClass).noscan";
          "(*runtime.mheap).initSpan" -> "(runtime.spanClass).sizeclass";
          "(*runtime.mheap).initSpan" -> "internal/runtime/atomic.Or8";
          "(*runtime.mheap).initSpan" -> "internal/runtime/atomic.Store";
          "(*runtime.mheap).initSpan" -> "runtime.heapBitsInSpan";
          "(*runtime.mheap).initSpan" -> "runtime.newAllocBits";
          "(*runtime.mheap).initSpan" -> "runtime.newMarkBits";
          "(*runtime.mheap).initSpan" -> "runtime.pageIndexOf";
          "(*runtime.mheap).initSpan" -> "runtime.publicationBarrier";
          "(*runtime.mheap).nextSpanForSweep" -> "(*runtime.mcentral).fullUnswept";
          "(*runtime.mheap).nextSpanForSweep" -> "(*runtime.mcentral).partialUnswept";
          "(*runtime.mheap).nextSpanForSweep" -> "(*runtime.spanSet).pop";
          "(*runtime.mheap).nextSpanForSweep" -> "(*runtime.spanSet).pop";
          "(*runtime.mheap).nextSpanForSweep" -> "(*runtime.sweepClass).load";
          "(*runtime.mheap).nextSpanForSweep" -> "(*runtime.sweepClass).update";
          "(*runtime.mheap).nextSpanForSweep" -> "(*runtime.sweepClass).update";
          "(*runtime.mheap).nextSpanForSweep" -> "(runtime.sweepClass).split";
          "(*runtime.mheap).reclaim" -> "(*internal/runtime/atomic.Uint64).Add";
          "(*runtime.mheap).reclaim" -> "(*internal/runtime/atomic.Uint64).Load";
          "(*runtime.mheap).reclaim" -> "(*internal/runtime/atomic.Uint64).Store";
          "(*runtime.mheap).reclaim" -> "(*internal/runtime/atomic.Uintptr).Add";
          "(*runtime.mheap).reclaim" -> "(*internal/runtime/atomic.Uintptr).CompareAndSwap";
          "(*runtime.mheap).reclaim" -> "(*internal/runtime/atomic.Uintptr).Load";
          "(*runtime.mheap).reclaim" -> "(*runtime.mheap).reclaimChunk";
          "(*runtime.mheap).reclaim" -> "(runtime.traceLocker).GCSweepDone";
          "(*runtime.mheap).reclaim" -> "(runtime.traceLocker).GCSweepStart";
          "(*runtime.mheap).reclaim" -> "(runtime.traceLocker).ok";
          "(*runtime.mheap).reclaim" -> "(runtime.traceLocker).ok";
          "(*runtime.mheap).reclaim" -> "runtime.acquirem";
          "(*runtime.mheap).reclaim" -> "runtime.lock";
          "(*runtime.mheap).reclaim" -> "runtime.releasem";
          "(*runtime.mheap).reclaim" -> "runtime.traceAcquire";
          "(*runtime.mheap).reclaim" -> "runtime.traceAcquire";
          "(*runtime.mheap).reclaim" -> "runtime.traceRelease";
          "(*runtime.mheap).reclaim" -> "runtime.traceRelease";
          "(*runtime.mheap).reclaim" -> "runtime.unlock";
          "(*runtime.mheap).reclaimChunk" -> "(*runtime.activeSweep).begin";
          "(*runtime.mheap).reclaimChunk" -> "(*runtime.activeSweep).end";
          "(*runtime.mheap).reclaimChunk" -> "(*runtime.sweepLocked).sweep";
          "(*runtime.mheap).reclaimChunk" -> "(*runtime.sweepLocker).tryAcquire";
          "(*runtime.mheap).reclaimChunk" -> "(runtime.arenaIdx).l1";
          "(*runtime.mheap).reclaimChunk" -> "(runtime.arenaIdx).l2";
          "(*runtime.mheap).reclaimChunk" -> "(runtime.traceLocker).GCSweepSpan";
          "(*runtime.mheap).reclaimChunk" -> "(runtime.traceLocker).ok";
          "(*runtime.mheap).reclaimChunk" -> "internal/runtime/atomic.Load8";
          "(*runtime.mheap).reclaimChunk" -> "internal/runtime/atomic.Load8";
          "(*runtime.mheap).reclaimChunk" -> "runtime.assertLockHeld";
          "(*runtime.mheap).reclaimChunk" -> "runtime.assertLockHeld";
          "(*runtime.mheap).reclaimChunk" -> "runtime.lock";
          "(*runtime.mheap).reclaimChunk" -> "runtime.lock";
          "(*runtime.mheap).reclaimChunk" -> "runtime.traceAcquire";
          "(*runtime.mheap).reclaimChunk" -> "runtime.traceRelease";
          "(*runtime.mheap).reclaimChunk" -> "runtime.unlock";
          "(*runtime.mheap).reclaimChunk" -> "runtime.unlock";
          "(*runtime.mheap).setSpans" -> "(runtime.arenaIdx).l1";
          "(*runtime.mheap).setSpans" -> "(runtime.arenaIdx).l1";
          "(*runtime.mheap).setSpans" -> "(runtime.arenaIdx).l2";
          "(*runtime.mheap).setSpans" -> "(runtime.arenaIdx).l2";
          "(*runtime.mheap).setSpans" -> "runtime.arenaIndex";
          "(*runtime.mheap).setSpans" -> "runtime.arenaIndex";
          "(*runtime.mheap).sysAlloc" -> "(*runtime.fixalloc).alloc";
          "(*runtime.mheap).sysAlloc" -> "(*runtime.fixalloc).alloc";
          "(*runtime.mheap).sysAlloc" -> "(*runtime.fixalloc).free";
          "(*runtime.mheap).sysAlloc" -> "(*runtime.linearAlloc).alloc";
          "(*runtime.mheap).sysAlloc" -> "(*runtime.linearAlloc).alloc";
          "(*runtime.mheap).sysAlloc" -> "(runtime.arenaIdx).l1";
          "(*runtime.mheap).sysAlloc" -> "(runtime.arenaIdx).l1";
          "(*runtime.mheap).sysAlloc" -> "(runtime.arenaIdx).l2";
          "(*runtime.mheap).sysAlloc" -> "(runtime.arenaIdx).l2";
          "(*runtime.mheap).sysAlloc" -> "internal/runtime/atomic.StorepNoWB";
          "(*runtime.mheap).sysAlloc" -> "internal/runtime/atomic.StorepNoWB";
          "(*runtime.mheap).sysAlloc" -> "runtime.alignUp";
          "(*runtime.mheap).sysAlloc" -> "runtime.arenaIndex";
          "(*runtime.mheap).sysAlloc" -> "runtime.arenaIndex";
          "(*runtime.mheap).sysAlloc" -> "runtime.arenaIndex";
          "(*runtime.mheap).sysAlloc" -> "runtime.arenaIndex";
          "(*runtime.mheap).sysAlloc" -> "runtime.arenaIndex";
          "(*runtime.mheap).sysAlloc" -> "runtime.assertLockHeld";
          "(*runtime.mheap).sysAlloc" -> "runtime.persistentalloc";
          "(*runtime.mheap).sysAlloc" -> "runtime.persistentalloc";
          "(*runtime.mheap).sysAlloc" -> "runtime.racemapshadow";
          "(*runtime.mheap).sysAlloc" -> "runtime.sysAllocOS";
          "(*runtime.mheap).sysAlloc" -> "runtime.sysFreeOS";
          "(*runtime.mheap).sysAlloc" -> "runtime.sysHugePage";
          "(*runtime.mheap).sysAlloc" -> "runtime.sysNoHugePage";
          "(*runtime.mheap).sysAlloc" -> "runtime.sysReserve";
          "(*runtime.mheap).sysAlloc" -> "runtime.sysReserveAligned";
          "(*runtime.mheap).sysAlloc" -> "runtime.throw";
          "(*runtime.mheap).sysAlloc" -> "runtime.throw";
          "(*runtime.mheap).sysAlloc" -> "runtime.throw";
          "(*runtime.mheap).sysAlloc" -> "runtime.throw";
          "(*runtime.mheap).sysAlloc" -> "runtime.throw";
          "(*runtime.mheap).sysAlloc" -> "runtime.throw";
          "(*runtime.mheap).sysAlloc" -> "runtime.throw";
          "(*runtime.mheap).tryAllocMSpan" -> "(runtime.puintptr).ptr";
          "(*runtime.mheap).tryAllocMSpan" -> "runtime.getg";
          "(*runtime.moduledata).funcName" -> "runtime.gostringnocopy";
          "(*runtime.moduledata).textAddr" -> "runtime.throw";
          "(*runtime.mspan).allocBitsForIndex" -> "(*runtime.gcBits).bitp";
          "(*runtime.mspan).countAlloc" -> "(*runtime.gcBits).bytep";
          "(*runtime.mspan).countAlloc" -> "internal/runtime/sys.OnesCount64";
          "(*runtime.mspan).countAlloc" -> "runtime.divRoundUp";
          "(*runtime.mspan).divideByElemSize" -> "runtime.throw";
          "(*runtime.mspan).ensureSwept" -> "(*runtime.activeSweep).begin";
          "(*runtime.mspan).ensureSwept" -> "(*runtime.activeSweep).end";
          "(*runtime.mspan).ensureSwept" -> "(*runtime.activeSweep).end";
          "(*runtime.mspan).ensureSwept" -> "(*runtime.sweepLocked).sweep";
          "(*runtime.mspan).ensureSwept" -> "(*runtime.sweepLocker).tryAcquire";
          "(*runtime.mspan).ensureSwept" -> "internal/runtime/atomic.Load";
          "(*runtime.mspan).ensureSwept" -> "runtime.getg";
          "(*runtime.mspan).ensureSwept" -> "runtime.osyield";
          "(*runtime.mspan).ensureSwept" -> "runtime.throw";
          "(*runtime.mspan).getPinnerBits" -> "internal/runtime/atomic.Loadp";
          "(*runtime.mspan).heapBits" -> "(*runtime.mspan).base";
          "(*runtime.mspan).heapBits" -> "(*runtime.mspan).base";
          "(*runtime.mspan).heapBits" -> "(runtime.spanClass).noscan";
          "(*runtime.mspan).heapBits" -> "runtime.heapBitsSlice";
          "(*runtime.mspan).heapBits" -> "runtime.heapBitsSlice";
          "(*runtime.mspan).heapBits" -> "runtime.throw";
          "(*runtime.mspan).heapBits" -> "runtime.throw";
          "(*runtime.mspan).heapBitsSmallForAddr" -> "(*runtime.mspan).base";
          "(*runtime.mspan).heapBitsSmallForAddr" -> "(*runtime.mspan).base";
          "(*runtime.mspan).heapBitsSmallForAddr" -> "(*runtime.mspan).base";
          "(*runtime.mspan).heapBitsSmallForAddr" -> "runtime.addb";
          "(*runtime.mspan).heapBitsSmallForAddr" -> "runtime.addb";
          "(*runtime.mspan).init" -> "(*runtime.mSpanStateBox).set";
          "(*runtime.mspan).init" -> "runtime.lockInit";
          "(*runtime.mspan).initHeapBits" -> "(*runtime.mspan).heapBits";
          "(*runtime.mspan).initHeapBits" -> "(*runtime.mspan).heapBits";
          "(*runtime.mspan).initHeapBits" -> "(runtime.spanClass).noscan";
          "(*runtime.mspan).initHeapBits" -> "(runtime.spanClass).noscan";
          "(*runtime.mspan).initHeapBits" -> "(runtime.spanClass).sizeclass";
          "(*runtime.mspan).initHeapBits" -> "runtime.heapBitsInSpan";
          "(*runtime.mspan).isFree" -> "(*runtime.gcBits).bitp";
          "(*runtime.mspan).markBitsForIndex" -> "(*runtime.gcBits).bitp";
          "(*runtime.mspan).newPinnerBits" -> "runtime.newMarkBits";
          "(*runtime.mspan).nextFreeIndex" -> "(*runtime.mspan).refillAllocCache";
          "(*runtime.mspan).nextFreeIndex" -> "(*runtime.mspan).refillAllocCache";
          "(*runtime.mspan).nextFreeIndex" -> "internal/runtime/sys.TrailingZeros64";
          "(*runtime.mspan).nextFreeIndex" -> "internal/runtime/sys.TrailingZeros64";
          "(*runtime.mspan).nextFreeIndex" -> "runtime.throw";
          "(*runtime.mspan).objBase" -> "(*runtime.mspan).base";
          "(*runtime.mspan).objBase" -> "(*runtime.mspan).objIndex";
          "(*runtime.mspan).objIndex" -> "(*runtime.mspan).base";
          "(*runtime.mspan).objIndex" -> "(*runtime.mspan).divideByElemSize";
          "(*runtime.mspan).pinnerBitSize" -> "runtime.divRoundUp";
          "(*runtime.mspan).refillAllocCache" -> "(*runtime.gcBits).bytep";
          "(*runtime.mspan).refreshPinnerBits" -> "(*runtime.mspan).getPinnerBits";
          "(*runtime.mspan).refreshPinnerBits" -> "(*runtime.mspan).newPinnerBits";
          "(*runtime.mspan).refreshPinnerBits" -> "(*runtime.mspan).pinnerBitSize";
          "(*runtime.mspan).refreshPinnerBits" -> "(*runtime.mspan).setPinnerBits";
          "(*runtime.mspan).refreshPinnerBits" -> "(*runtime.mspan).setPinnerBits";
          "(*runtime.mspan).refreshPinnerBits" -> "runtime.alignUp";
          "(*runtime.mspan).refreshPinnerBits" -> "runtime.memmove";
          "(*runtime.mspan).reportZombies" -> "(*runtime.markBits).advance";
          "(*runtime.mspan).reportZombies" -> "(*runtime.markBits).advance";
          "(*runtime.mspan).reportZombies" -> "(*runtime.mspan).allocBitsForIndex";
          "(*runtime.mspan).reportZombies" -> "(*runtime.mspan).base";
          "(*runtime.mspan).reportZombies" -> "(*runtime.mspan).markBitsForBase";
          "(*runtime.mspan).reportZombies" -> "(runtime.markBits).isMarked";
          "(*runtime.mspan).reportZombies" -> "(runtime.markBits).isMarked";
          "(*runtime.mspan).reportZombies" -> "(runtime.markBits).isMarked";
          "(*runtime.mspan).reportZombies" -> "runtime.hexdumpWords";
          "(*runtime.mspan).reportZombies" -> "runtime.printlock";
          "(*runtime.mspan).reportZombies" -> "runtime.throw";
          "(*runtime.mspan).setPinnerBits" -> "runtime.atomicstorep";
          "(*runtime.mspan).setUserArenaChunkToFault" -> "(*internal/runtime/atomic.Uint64).Add";
          "(*runtime.mspan).setUserArenaChunkToFault" -> "(*runtime.consistentHeapStats).acquire";
          "(*runtime.mspan).setUserArenaChunkToFault" -> "(*runtime.consistentHeapStats).release";
          "(*runtime.mspan).setUserArenaChunkToFault" -> "(*runtime.gcControllerState).update";
          "(*runtime.mspan).setUserArenaChunkToFault" -> "(*runtime.mspan).base";
          "(*runtime.mspan).setUserArenaChunkToFault" -> "(*runtime.mspan).base";
          "(*runtime.mspan).setUserArenaChunkToFault" -> "(*runtime.sysMemStat).add";
          "(*runtime.mspan).setUserArenaChunkToFault" -> "internal/runtime/atomic.Xadd64";
          "(*runtime.mspan).setUserArenaChunkToFault" -> "internal/runtime/atomic.Xadd64";
          "(*runtime.mspan).setUserArenaChunkToFault" -> "internal/runtime/atomic.Xaddint64";
          "(*runtime.mspan).setUserArenaChunkToFault" -> "internal/runtime/atomic.Xaddint64";
          "(*runtime.mspan).setUserArenaChunkToFault" -> "runtime.makeSpanClass";
          "(*runtime.mspan).setUserArenaChunkToFault" -> "runtime.racefree";
          "(*runtime.mspan).setUserArenaChunkToFault" -> "runtime.sysFault";
          "(*runtime.mspan).setUserArenaChunkToFault" -> "runtime.systemstack";
          "(*runtime.mspan).setUserArenaChunkToFault" -> "runtime.throw";
          "(*runtime.mspan).setUserArenaChunkToFault" -> "runtime.throw";
          "(*runtime.mspan).setUserArenaChunkToFault$1" -> "(*runtime.mSpanList).insert";
          "(*runtime.mspan).setUserArenaChunkToFault$1" -> "runtime.lock";
          "(*runtime.mspan).setUserArenaChunkToFault$1" -> "runtime.unlock";
          "(*runtime.mspan).typePointersOf" -> "(*runtime.mspan).objBase";
          "(*runtime.mspan).typePointersOf" -> "(*runtime.mspan).typePointersOfUnchecked";
          "(*runtime.mspan).typePointersOf" -> "(runtime.typePointers).fastForward";
          "(*runtime.mspan).typePointersOfUnchecked" -> "(*runtime.mspan).heapBitsSmallForAddr";
          "(*runtime.mspan).typePointersOfUnchecked" -> "(*runtime.mspan).objBase";
          "(*runtime.mspan).typePointersOfUnchecked" -> "(*runtime.mspan).objBase";
          "(*runtime.mspan).typePointersOfUnchecked" -> "(runtime.spanClass).noscan";
          "(*runtime.mspan).typePointersOfUnchecked" -> "(runtime.spanClass).sizeclass";
          "(*runtime.mspan).typePointersOfUnchecked" -> "internal/runtime/atomic.Loadp";
          "(*runtime.mspan).typePointersOfUnchecked" -> "runtime.getGCMask";
          "(*runtime.mspan).typePointersOfUnchecked" -> "runtime.heapBitsInSpan";
          "(*runtime.mspan).typePointersOfUnchecked" -> "runtime.readUintptr";
          "(*runtime.mspan).typePointersOfUnchecked" -> "runtime.throw";
          "(*runtime.mspan).writeHeapBitsSmall" -> "(*runtime.mspan).base";
          "(*runtime.mspan).writeHeapBitsSmall" -> "(*runtime.mspan).base";
          "(*runtime.mspan).writeHeapBitsSmall" -> "(*runtime.mspan).heapBitsSmallForAddr";
          "(*runtime.mspan).writeHeapBitsSmall" -> "runtime.add";
          "(*runtime.mspan).writeHeapBitsSmall" -> "runtime.add";
          "(*runtime.mspan).writeHeapBitsSmall" -> "runtime.add";
          "(*runtime.mspan).writeHeapBitsSmall" -> "runtime.getGCMask";
          "(*runtime.mspan).writeHeapBitsSmall" -> "runtime.readUintptr";
          "(*runtime.mspan).writeHeapBitsSmall" -> "runtime.throw";
          "(*runtime.mspan).writeHeapBitsSmall" -> "runtime.throw";
          "(*runtime.p).destroy" -> "(*runtime.gcWork).dispose";
          "(*runtime.p).destroy" -> "(*runtime.puintptr).set";
          "(*runtime.p).destroy" -> "(*runtime.puintptr).set";
          "(*runtime.p).destroy" -> "(*runtime.timers).take";
          "(*runtime.p).destroy" -> "(runtime.guintptr).ptr";
          "(*runtime.p).destroy" -> "(runtime.guintptr).ptr";
          "(*runtime.p).destroy" -> "(runtime.puintptr).ptr";
          "(*runtime.p).destroy" -> "(runtime.puintptr).ptr";
          "(*runtime.p).destroy" -> "runtime.assertLockHeld";
          "(*runtime.p).destroy" -> "runtime.assertWorldStopped";
          "(*runtime.p).destroy" -> "runtime.freemcache";
          "(*runtime.p).destroy" -> "runtime.getg";
          "(*runtime.p).destroy" -> "runtime.getg";
          "(*runtime.p).destroy" -> "runtime.gfpurge";
          "(*runtime.p).destroy" -> "runtime.globrunqputhead";
          "(*runtime.p).destroy" -> "runtime.globrunqputhead";
          "(*runtime.p).destroy" -> "runtime.racectxend";
          "(*runtime.p).destroy" -> "runtime.raceprocdestroy";
          "(*runtime.p).destroy" -> "runtime.systemstack";
          "(*runtime.p).destroy" -> "runtime.wbBufFlush1";
          "(*runtime.p).destroy$1" -> "(*runtime.fixalloc).free";
          "(*runtime.p).destroy$1" -> "(*runtime.pageCache).flush";
          "(*runtime.p).destroy$1" -> "runtime.lock";
          "(*runtime.p).destroy$1" -> "runtime.unlock";
          "(*runtime.p).init" -> "(*runtime.wbBuf).reset";
          "(*runtime.p).init" -> "(runtime.pMask).clear";
          "(*runtime.p).init" -> "(runtime.pMask).set";
          "(*runtime.p).init" -> "runtime.allocmcache";
          "(*runtime.p).init" -> "runtime.lockInit";
          "(*runtime.p).init" -> "runtime.raceproccreate";
          "(*runtime.p).init" -> "runtime.throw";
          "(*runtime.pageAlloc).alloc" -> "(*runtime.pageAlloc).allocRange";
          "(*runtime.pageAlloc).alloc" -> "(*runtime.pageAlloc).chunkOf";
          "(*runtime.pageAlloc).alloc" -> "(*runtime.pageAlloc).find";
          "(*runtime.pageAlloc).alloc" -> "(*runtime.pallocBits).find";
          "(*runtime.pageAlloc).alloc" -> "(runtime.offAddr).addr";
          "(*runtime.pageAlloc).alloc" -> "(runtime.offAddr).addr";
          "(*runtime.pageAlloc).alloc" -> "(runtime.offAddr).addr";
          "(*runtime.pageAlloc).alloc" -> "(runtime.offAddr).addr";
          "(*runtime.pageAlloc).alloc" -> "(runtime.offAddr).addr";
          "(*runtime.pageAlloc).alloc" -> "(runtime.offAddr).addr";
          "(*runtime.pageAlloc).alloc" -> "(runtime.offAddr).lessThan";
          "(*runtime.pageAlloc).alloc" -> "(runtime.pallocSum).max";
          "(*runtime.pageAlloc).alloc" -> "runtime.assertLockHeld";
          "(*runtime.pageAlloc).alloc" -> "runtime.chunkBase";
          "(*runtime.pageAlloc).alloc" -> "runtime.chunkBase";
          "(*runtime.pageAlloc).alloc" -> "runtime.chunkIndex";
          "(*runtime.pageAlloc).alloc" -> "runtime.chunkIndex";
          "(*runtime.pageAlloc).alloc" -> "runtime.chunkPageIndex";
          "(*runtime.pageAlloc).alloc" -> "runtime.chunkPageIndex";
          "(*runtime.pageAlloc).alloc" -> "runtime.chunkPageIndex";
          "(*runtime.pageAlloc).alloc" -> "runtime.maxSearchAddr";
          "(*runtime.pageAlloc).alloc" -> "runtime.throw";
          "(*runtime.pageAlloc).allocRange" -> "(*runtime.pageAlloc).chunkOf";
          "(*runtime.pageAlloc).allocRange" -> "(*runtime.pageAlloc).chunkOf";
          "(*runtime.pageAlloc).allocRange" -> "(*runtime.pageAlloc).chunkOf";
          "(*runtime.pageAlloc).allocRange" -> "(*runtime.pageAlloc).chunkOf";
          "(*runtime.pageAlloc).allocRange" -> "(*runtime.pageAlloc).update";
          "(*runtime.pageAlloc).allocRange" -> "(*runtime.pageBits).popcntRange";
          "(*runtime.pageAlloc).allocRange" -> "(*runtime.pageBits).popcntRange";
          "(*runtime.pageAlloc).allocRange" -> "(*runtime.pageBits).popcntRange";
          "(*runtime.pageAlloc).allocRange" -> "(*runtime.pageBits).popcntRange";
          "(*runtime.pageAlloc).allocRange" -> "(*runtime.pallocData).allocAll";
          "(*runtime.pageAlloc).allocRange" -> "(*runtime.pallocData).allocRange";
          "(*runtime.pageAlloc).allocRange" -> "(*runtime.pallocData).allocRange";
          "(*runtime.pageAlloc).allocRange" -> "(*runtime.pallocData).allocRange";
          "(*runtime.pageAlloc).allocRange" -> "(*runtime.scavengeIndex).alloc";
          "(*runtime.pageAlloc).allocRange" -> "(*runtime.scavengeIndex).alloc";
          "(*runtime.pageAlloc).allocRange" -> "(*runtime.scavengeIndex).alloc";
          "(*runtime.pageAlloc).allocRange" -> "(*runtime.scavengeIndex).alloc";
          "(*runtime.pageAlloc).allocRange" -> "runtime.assertLockHeld";
          "(*runtime.pageAlloc).allocRange" -> "runtime.chunkIndex";
          "(*runtime.pageAlloc).allocRange" -> "runtime.chunkIndex";
          "(*runtime.pageAlloc).allocRange" -> "runtime.chunkPageIndex";
          "(*runtime.pageAlloc).allocRange" -> "runtime.chunkPageIndex";
          "(*runtime.pageAlloc).allocToCache" -> "(*runtime.pageAlloc).chunkOf";
          "(*runtime.pageAlloc).allocToCache" -> "(*runtime.pageAlloc).chunkOf";
          "(*runtime.pageAlloc).allocToCache" -> "(*runtime.pageAlloc).find";
          "(*runtime.pageAlloc).allocToCache" -> "(*runtime.pageAlloc).update";
          "(*runtime.pageAlloc).allocToCache" -> "(*runtime.pageBits).block64";
          "(*runtime.pageAlloc).allocToCache" -> "(*runtime.pageBits).block64";
          "(*runtime.pageAlloc).allocToCache" -> "(*runtime.pageBits).clearBlock64";
          "(*runtime.pageAlloc).allocToCache" -> "(*runtime.pallocBits).allocPages64";
          "(*runtime.pageAlloc).allocToCache" -> "(*runtime.pallocBits).find";
          "(*runtime.pageAlloc).allocToCache" -> "(*runtime.pallocBits).pages64";
          "(*runtime.pageAlloc).allocToCache" -> "(*runtime.pallocBits).pages64";
          "(*runtime.pageAlloc).allocToCache" -> "(*runtime.scavengeIndex).alloc";
          "(*runtime.pageAlloc).allocToCache" -> "(runtime.offAddr).addr";
          "(*runtime.pageAlloc).allocToCache" -> "(runtime.offAddr).addr";
          "(*runtime.pageAlloc).allocToCache" -> "(runtime.offAddr).addr";
          "(*runtime.pageAlloc).allocToCache" -> "internal/runtime/sys.OnesCount64";
          "(*runtime.pageAlloc).allocToCache" -> "runtime.alignDown";
          "(*runtime.pageAlloc).allocToCache" -> "runtime.alignDown";
          "(*runtime.pageAlloc).allocToCache" -> "runtime.assertLockHeld";
          "(*runtime.pageAlloc).allocToCache" -> "runtime.chunkBase";
          "(*runtime.pageAlloc).allocToCache" -> "runtime.chunkIndex";
          "(*runtime.pageAlloc).allocToCache" -> "runtime.chunkIndex";
          "(*runtime.pageAlloc).allocToCache" -> "runtime.chunkIndex";
          "(*runtime.pageAlloc).allocToCache" -> "runtime.chunkPageIndex";
          "(*runtime.pageAlloc).allocToCache" -> "runtime.chunkPageIndex";
          "(*runtime.pageAlloc).allocToCache" -> "runtime.chunkPageIndex";
          "(*runtime.pageAlloc).allocToCache" -> "runtime.chunkPageIndex";
          "(*runtime.pageAlloc).allocToCache" -> "runtime.maxSearchAddr";
          "(*runtime.pageAlloc).allocToCache" -> "runtime.throw";
          "(*runtime.pageAlloc).chunkOf" -> "(runtime.chunkIdx).l1";
          "(*runtime.pageAlloc).chunkOf" -> "(runtime.chunkIdx).l2";
          "(*runtime.pageAlloc).enableChunkHugePages" -> "(*runtime.addrRanges).cloneInto";
          "(*runtime.pageAlloc).enableChunkHugePages" -> "(runtime.chunkIdx).l1";
          "(*runtime.pageAlloc).enableChunkHugePages" -> "(runtime.chunkIdx).l1";
          "(*runtime.pageAlloc).enableChunkHugePages" -> "(runtime.offAddr).addr";
          "(*runtime.pageAlloc).enableChunkHugePages" -> "(runtime.offAddr).addr";
          "(*runtime.pageAlloc).enableChunkHugePages" -> "runtime.chunkIndex";
          "(*runtime.pageAlloc).enableChunkHugePages" -> "runtime.chunkIndex";
          "(*runtime.pageAlloc).enableChunkHugePages" -> "runtime.lock";
          "(*runtime.pageAlloc).enableChunkHugePages" -> "runtime.sysHugePage";
          "(*runtime.pageAlloc).enableChunkHugePages" -> "runtime.unlock";
          "(*runtime.pageAlloc).enableChunkHugePages" -> "runtime.unlock";
          "(*runtime.pageAlloc).find" -> "(*runtime.pageAlloc).chunkOf";
          "(*runtime.pageAlloc).find" -> "(*runtime.pageAlloc).find$1";
          "(*runtime.pageAlloc).find" -> "(*runtime.pageAlloc).find$1";
          "(*runtime.pageAlloc).find" -> "(*runtime.pageAlloc).findMappedAddr";
          "(*runtime.pageAlloc).find" -> "(*runtime.pageAlloc).findMappedAddr";
          "(*runtime.pageAlloc).find" -> "(*runtime.pallocBits).find";
          "(*runtime.pageAlloc).find" -> "(runtime.offAddr).add";
          "(*runtime.pageAlloc).find" -> "(runtime.offAddr).addr";
          "(*runtime.pageAlloc).find" -> "(runtime.offAddr).addr";
          "(*runtime.pageAlloc).find" -> "(runtime.pallocSum).end";
          "(*runtime.pageAlloc).find" -> "(runtime.pallocSum).end";
          "(*runtime.pageAlloc).find" -> "(runtime.pallocSum).end";
          "(*runtime.pageAlloc).find" -> "(runtime.pallocSum).end";
          "(*runtime.pageAlloc).find" -> "(runtime.pallocSum).max";
          "(*runtime.pageAlloc).find" -> "(runtime.pallocSum).max";
          "(*runtime.pageAlloc).find" -> "(runtime.pallocSum).max";
          "(*runtime.pageAlloc).find" -> "(runtime.pallocSum).max";
          "(*runtime.pageAlloc).find" -> "(runtime.pallocSum).start";
          "(*runtime.pageAlloc).find" -> "(runtime.pallocSum).start";
          "(*runtime.pageAlloc).find" -> "(runtime.pallocSum).start";
          "(*runtime.pageAlloc).find" -> "(runtime.pallocSum).start";
          "(*runtime.pageAlloc).find" -> "runtime.assertLockHeld";
          "(*runtime.pageAlloc).find" -> "runtime.chunkBase";
          "(*runtime.pageAlloc).find" -> "runtime.chunkBase";
          "(*runtime.pageAlloc).find" -> "runtime.chunkBase";
          "(*runtime.pageAlloc).find" -> "runtime.levelIndexToOffAddr";
          "(*runtime.pageAlloc).find" -> "runtime.levelIndexToOffAddr";
          "(*runtime.pageAlloc).find" -> "runtime.maxSearchAddr";
          "(*runtime.pageAlloc).find" -> "runtime.offAddrToLevelIndex";
          "(*runtime.pageAlloc).find" -> "runtime.packPallocSum";
          "(*runtime.pageAlloc).find" -> "runtime.throw";
          "(*runtime.pageAlloc).find" -> "runtime.throw";
          "(*runtime.pageAlloc).find$1" -> "(runtime.offAddr).add";
          "(*runtime.pageAlloc).find$1" -> "(runtime.offAddr).add";
          "(*runtime.pageAlloc).find$1" -> "(runtime.offAddr).add";
          "(*runtime.pageAlloc).find$1" -> "(runtime.offAddr).addr";
          "(*runtime.pageAlloc).find$1" -> "(runtime.offAddr).addr";
          "(*runtime.pageAlloc).find$1" -> "(runtime.offAddr).addr";
          "(*runtime.pageAlloc).find$1" -> "(runtime.offAddr).lessEqual";
          "(*runtime.pageAlloc).find$1" -> "(runtime.offAddr).lessEqual";
          "(*runtime.pageAlloc).find$1" -> "(runtime.offAddr).lessThan";
          "(*runtime.pageAlloc).find$1" -> "(runtime.offAddr).lessThan";
          "(*runtime.pageAlloc).find$1" -> "runtime.throw";
          "(*runtime.pageAlloc).findMappedAddr" -> "(*runtime.addrRanges).findAddrGreaterEqual";
          "(*runtime.pageAlloc).findMappedAddr" -> "(runtime.arenaIdx).l1";
          "(*runtime.pageAlloc).findMappedAddr" -> "(runtime.arenaIdx).l1";
          "(*runtime.pageAlloc).findMappedAddr" -> "(runtime.arenaIdx).l2";
          "(*runtime.pageAlloc).findMappedAddr" -> "(runtime.offAddr).addr";
          "(*runtime.pageAlloc).findMappedAddr" -> "(runtime.offAddr).addr";
          "(*runtime.pageAlloc).findMappedAddr" -> "runtime.arenaIndex";
          "(*runtime.pageAlloc).findMappedAddr" -> "runtime.assertLockHeld";
          "(*runtime.pageAlloc).free" -> "(*runtime.pageAlloc).chunkOf";
          "(*runtime.pageAlloc).free" -> "(*runtime.pageAlloc).chunkOf";
          "(*runtime.pageAlloc).free" -> "(*runtime.pageAlloc).chunkOf";
          "(*runtime.pageAlloc).free" -> "(*runtime.pageAlloc).chunkOf";
          "(*runtime.pageAlloc).free" -> "(*runtime.pageAlloc).chunkOf";
          "(*runtime.pageAlloc).free" -> "(*runtime.pageAlloc).update";
          "(*runtime.pageAlloc).free" -> "(*runtime.pallocBits).free";
          "(*runtime.pageAlloc).free" -> "(*runtime.pallocBits).free";
          "(*runtime.pageAlloc).free" -> "(*runtime.pallocBits).free";
          "(*runtime.pageAlloc).free" -> "(*runtime.pallocBits).free1";
          "(*runtime.pageAlloc).free" -> "(*runtime.pallocBits).freeAll";
          "(*runtime.pageAlloc).free" -> "(*runtime.scavengeIndex).free";
          "(*runtime.pageAlloc).free" -> "(*runtime.scavengeIndex).free";
          "(*runtime.pageAlloc).free" -> "(*runtime.scavengeIndex).free";
          "(*runtime.pageAlloc).free" -> "(*runtime.scavengeIndex).free";
          "(*runtime.pageAlloc).free" -> "(*runtime.scavengeIndex).free";
          "(*runtime.pageAlloc).free" -> "(runtime.offAddr).lessThan";
          "(*runtime.pageAlloc).free" -> "runtime.assertLockHeld";
          "(*runtime.pageAlloc).free" -> "runtime.chunkIndex";
          "(*runtime.pageAlloc).free" -> "runtime.chunkIndex";
          "(*runtime.pageAlloc).free" -> "runtime.chunkIndex";
          "(*runtime.pageAlloc).free" -> "runtime.chunkPageIndex";
          "(*runtime.pageAlloc).free" -> "runtime.chunkPageIndex";
          "(*runtime.pageAlloc).free" -> "runtime.chunkPageIndex";
          "(*runtime.pageAlloc).grow" -> "(*runtime.addrRanges).add";
          "(*runtime.pageAlloc).grow" -> "(*runtime.pageAlloc).chunkOf";
          "(*runtime.pageAlloc).grow" -> "(*runtime.pageAlloc).sysGrow";
          "(*runtime.pageAlloc).grow" -> "(*runtime.pageAlloc).update";
          "(*runtime.pageAlloc).grow" -> "(*runtime.pageBits).setRange";
          "(*runtime.pageAlloc).grow" -> "(*runtime.scavengeIndex).grow";
          "(*runtime.pageAlloc).grow" -> "(runtime.chunkIdx).l1";
          "(*runtime.pageAlloc).grow" -> "(runtime.chunkIdx).l1";
          "(*runtime.pageAlloc).grow" -> "(runtime.offAddr).lessThan";
          "(*runtime.pageAlloc).grow" -> "runtime.alignDown";
          "(*runtime.pageAlloc).grow" -> "runtime.alignUp";
          "(*runtime.pageAlloc).grow" -> "runtime.assertLockHeld";
          "(*runtime.pageAlloc).grow" -> "runtime.chunkIndex";
          "(*runtime.pageAlloc).grow" -> "runtime.chunkIndex";
          "(*runtime.pageAlloc).grow" -> "runtime.chunkIndex";
          "(*runtime.pageAlloc).grow" -> "runtime.chunkIndex";
          "(*runtime.pageAlloc).grow" -> "runtime.makeAddrRange";
          "(*runtime.pageAlloc).grow" -> "runtime.sysAlloc";
          "(*runtime.pageAlloc).grow" -> "runtime.sysHugePage";
          "(*runtime.pageAlloc).grow" -> "runtime.sysNoHugePage";
          "(*runtime.pageAlloc).grow" -> "runtime.throw";
          "(*runtime.pageAlloc).scavenge" -> "(*runtime.mheap).allocSpan$1";
          "(*runtime.pageAlloc).scavenge" -> "(*runtime.scavengeIndex).find";
          "(*runtime.pageAlloc).scavenge" -> "runtime.pollFractionalWorkerExit";
          "(*runtime.pageAlloc).scavenge" -> "runtime.pollWork";
          "(*runtime.pageAlloc).scavenge" -> "runtime.systemstack";
          "(*runtime.pageAlloc).scavenge$1" -> "(*runtime.pageAlloc).scavengeOne";
          "(*runtime.pageAlloc).scavengeOne" -> "(*runtime.consistentHeapStats).acquire";
          "(*runtime.pageAlloc).scavengeOne" -> "(*runtime.consistentHeapStats).release";
          "(*runtime.pageAlloc).scavengeOne" -> "(*runtime.pageAlloc).chunkOf";
          "(*runtime.pageAlloc).scavengeOne" -> "(*runtime.pageAlloc).chunkOf";
          "(*runtime.pageAlloc).scavengeOne" -> "(*runtime.pageAlloc).chunkOf";
          "(*runtime.pageAlloc).scavengeOne" -> "(*runtime.pageAlloc).chunkOf";
          "(*runtime.pageAlloc).scavengeOne" -> "(*runtime.pageAlloc).update";
          "(*runtime.pageAlloc).scavengeOne" -> "(*runtime.pageAlloc).update";
          "(*runtime.pageAlloc).scavengeOne" -> "(*runtime.pageBits).setRange";
          "(*runtime.pageAlloc).scavengeOne" -> "(*runtime.pallocBits).free";
          "(*runtime.pageAlloc).scavengeOne" -> "(*runtime.pallocData).allocRange";
          "(*runtime.pageAlloc).scavengeOne" -> "(*runtime.pallocData).findScavengeCandidate";
          "(*runtime.pageAlloc).scavengeOne" -> "(*runtime.scavengeIndex).setEmpty";
          "(*runtime.pageAlloc).scavengeOne" -> "(*runtime.sysMemStat).add";
          "(*runtime.pageAlloc).scavengeOne" -> "(*runtime.sysMemStat).add";
          "(*runtime.pageAlloc).scavengeOne" -> "(runtime.offAddr).lessThan";
          "(*runtime.pageAlloc).scavengeOne" -> "(runtime.pallocSum).max";
          "(*runtime.pageAlloc).scavengeOne" -> "internal/runtime/atomic.Xaddint64";
          "(*runtime.pageAlloc).scavengeOne" -> "internal/runtime/atomic.Xaddint64";
          "(*runtime.pageAlloc).scavengeOne" -> "runtime.chunkBase";
          "(*runtime.pageAlloc).scavengeOne" -> "runtime.lock";
          "(*runtime.pageAlloc).scavengeOne" -> "runtime.lock";
          "(*runtime.pageAlloc).scavengeOne" -> "runtime.sysUnused";
          "(*runtime.pageAlloc).scavengeOne" -> "runtime.unlock";
          "(*runtime.pageAlloc).scavengeOne" -> "runtime.unlock";
          "(*runtime.pageAlloc).scavengeOne" -> "runtime.unlock";
          "(*runtime.pageAlloc).sysGrow" -> "(*runtime.addrRanges).findSucc";
          "(*runtime.pageAlloc).sysGrow" -> "(*runtime.pageAlloc).sysGrow$1";
          "(*runtime.pageAlloc).sysGrow" -> "(*runtime.pageAlloc).sysGrow$2";
          "(*runtime.pageAlloc).sysGrow" -> "(*runtime.pageAlloc).sysGrow$3";
          "(*runtime.pageAlloc).sysGrow" -> "(*runtime.pageAlloc).sysGrow$3";
          "(*runtime.pageAlloc).sysGrow" -> "(*runtime.scavengeIndex).sysGrow";
          "(*runtime.pageAlloc).sysGrow" -> "(runtime.addrRange).size";
          "(*runtime.pageAlloc).sysGrow" -> "(runtime.addrRange).size";
          "(*runtime.pageAlloc).sysGrow" -> "(runtime.addrRange).size";
          "(*runtime.pageAlloc).sysGrow" -> "(runtime.addrRange).size";
          "(*runtime.pageAlloc).sysGrow" -> "(runtime.addrRange).size";
          "(*runtime.pageAlloc).sysGrow" -> "(runtime.addrRange).subtract";
          "(*runtime.pageAlloc).sysGrow" -> "(runtime.addrRange).subtract";
          "(*runtime.pageAlloc).sysGrow" -> "(runtime.offAddr).addr";
          "(*runtime.pageAlloc).sysGrow" -> "(runtime.offAddr).addr";
          "(*runtime.pageAlloc).sysGrow" -> "runtime.makeAddrRange";
          "(*runtime.pageAlloc).sysGrow" -> "runtime.sysMap";
          "(*runtime.pageAlloc).sysGrow" -> "runtime.sysUsed";
          "(*runtime.pageAlloc).sysGrow" -> "runtime.throw";
          "(*runtime.pageAlloc).sysGrow$1" -> "(runtime.offAddr).addr";
          "(*runtime.pageAlloc).sysGrow$1" -> "(runtime.offAddr).addr";
          "(*runtime.pageAlloc).sysGrow$1" -> "runtime.addrsToSummaryRange";
          "(*runtime.pageAlloc).sysGrow$1" -> "runtime.blockAlignSummaryRange";
          "(*runtime.pageAlloc).sysGrow$2" -> "runtime.add";
          "(*runtime.pageAlloc).sysGrow$2" -> "runtime.add";
          "(*runtime.pageAlloc).sysGrow$2" -> "runtime.alignDown";
          "(*runtime.pageAlloc).sysGrow$2" -> "runtime.alignUp";
          "(*runtime.pageAlloc).sysGrow$3" -> "(*runtime.pageAlloc).sysGrow$1";
          "(*runtime.pageAlloc).sysGrow$3" -> "(*runtime.pageAlloc).sysGrow$2";
          "(*runtime.pageAlloc).update" -> "(*runtime.pageAlloc).chunkOf";
          "(*runtime.pageAlloc).update" -> "(*runtime.pageAlloc).chunkOf";
          "(*runtime.pageAlloc).update" -> "(*runtime.pageAlloc).chunkOf";
          "(*runtime.pageAlloc).update" -> "(*runtime.pageAlloc).chunkOf";
          "(*runtime.pageAlloc).update" -> "(*runtime.pallocBits).summarize";
          "(*runtime.pageAlloc).update" -> "(*runtime.pallocBits).summarize";
          "(*runtime.pageAlloc).update" -> "(*runtime.pallocBits).summarize";
          "(*runtime.pageAlloc).update" -> "(*runtime.pallocBits).summarize";
          "(*runtime.pageAlloc).update" -> "runtime.addrsToSummaryRange";
          "(*runtime.pageAlloc).update" -> "runtime.assertLockHeld";
          "(*runtime.pageAlloc).update" -> "runtime.chunkIndex";
          "(*runtime.pageAlloc).update" -> "runtime.chunkIndex";
          "(*runtime.pageAlloc).update" -> "runtime.mergeSummaries";
          "(*runtime.pageBits).clearRange" -> "(*runtime.pageBits).clear";
          "(*runtime.pageBits).popcntRange" -> "internal/runtime/sys.OnesCount64";
          "(*runtime.pageBits).popcntRange" -> "internal/runtime/sys.OnesCount64";
          "(*runtime.pageBits).popcntRange" -> "internal/runtime/sys.OnesCount64";
          "(*runtime.pageBits).popcntRange" -> "internal/runtime/sys.OnesCount64";
          "(*runtime.pageBits).setRange" -> "(*runtime.pageBits).set";
          "(*runtime.pageCache).alloc" -> "(*runtime.pageCache).allocN";
          "(*runtime.pageCache).alloc" -> "internal/runtime/sys.TrailingZeros64";
          "(*runtime.pageCache).allocN" -> "internal/runtime/sys.OnesCount64";
          "(*runtime.pageCache).allocN" -> "runtime.findBitRange64";
          "(*runtime.pageCache).flush" -> "(*runtime.pageAlloc).chunkOf";
          "(*runtime.pageCache).flush" -> "(*runtime.pageAlloc).chunkOf";
          "(*runtime.pageCache).flush" -> "(*runtime.pageAlloc).update";
          "(*runtime.pageCache).flush" -> "(*runtime.pageBits).setRange";
          "(*runtime.pageCache).flush" -> "(*runtime.pageCache).empty";
          "(*runtime.pageCache).flush" -> "(*runtime.pallocBits).free1";
          "(*runtime.pageCache).flush" -> "(*runtime.scavengeIndex).free";
          "(*runtime.pageCache).flush" -> "(runtime.offAddr).lessThan";
          "(*runtime.pageCache).flush" -> "runtime.assertLockHeld";
          "(*runtime.pageCache).flush" -> "runtime.chunkIndex";
          "(*runtime.pageCache).flush" -> "runtime.chunkPageIndex";
          "(*runtime.pallocBits).allocAll" -> "(*runtime.pageBits).setAll";
          "(*runtime.pallocBits).allocPages64" -> "(*runtime.pageBits).setBlock64";
          "(*runtime.pallocBits).allocRange" -> "(*runtime.pageBits).setRange";
          "(*runtime.pallocBits).find" -> "(*runtime.pallocBits).find1";
          "(*runtime.pallocBits).find" -> "(*runtime.pallocBits).findLargeN";
          "(*runtime.pallocBits).find" -> "(*runtime.pallocBits).findSmallN";
          "(*runtime.pallocBits).find1" -> "internal/runtime/sys.TrailingZeros64";
          "(*runtime.pallocBits).findLargeN" -> "internal/runtime/sys.LeadingZeros64";
          "(*runtime.pallocBits).findLargeN" -> "internal/runtime/sys.LeadingZeros64";
          "(*runtime.pallocBits).findLargeN" -> "internal/runtime/sys.TrailingZeros64";
          "(*runtime.pallocBits).findLargeN" -> "internal/runtime/sys.TrailingZeros64";
          "(*runtime.pallocBits).findSmallN" -> "internal/runtime/sys.LeadingZeros64";
          "(*runtime.pallocBits).findSmallN" -> "internal/runtime/sys.TrailingZeros64";
          "(*runtime.pallocBits).findSmallN" -> "internal/runtime/sys.TrailingZeros64";
          "(*runtime.pallocBits).findSmallN" -> "runtime.findBitRange64";
          "(*runtime.pallocBits).free" -> "(*runtime.pageBits).clearRange";
          "(*runtime.pallocBits).free1" -> "(*runtime.pageBits).clear";
          "(*runtime.pallocBits).freeAll" -> "(*runtime.pageBits).clearAll";
          "(*runtime.pallocBits).pages64" -> "(*runtime.pageBits).block64";
          "(*runtime.pallocBits).summarize" -> "internal/runtime/sys.LeadingZeros64";
          "(*runtime.pallocBits).summarize" -> "internal/runtime/sys.TrailingZeros64";
          "(*runtime.pallocBits).summarize" -> "internal/runtime/sys.TrailingZeros64";
          "(*runtime.pallocBits).summarize" -> "internal/runtime/sys.TrailingZeros64";
          "(*runtime.pallocBits).summarize" -> "internal/runtime/sys.TrailingZeros64";
          "(*runtime.pallocBits).summarize" -> "runtime.packPallocSum";
          "(*runtime.pallocBits).summarize" -> "runtime.packPallocSum";
          "(*runtime.pallocBits).summarize" -> "runtime.packPallocSum";
          "(*runtime.pallocData).allocAll" -> "(*runtime.pageBits).clearAll";
          "(*runtime.pallocData).allocAll" -> "(*runtime.pallocBits).allocAll";
          "(*runtime.pallocData).allocRange" -> "(*runtime.pageBits).clearRange";
          "(*runtime.pallocData).allocRange" -> "(*runtime.pallocBits).allocRange";
          "(*runtime.pallocData).findScavengeCandidate" -> "internal/runtime/sys.LeadingZeros64";
          "(*runtime.pallocData).findScavengeCandidate" -> "internal/runtime/sys.LeadingZeros64";
          "(*runtime.pallocData).findScavengeCandidate" -> "internal/runtime/sys.LeadingZeros64";
          "(*runtime.pallocData).findScavengeCandidate" -> "runtime.alignDown";
          "(*runtime.pallocData).findScavengeCandidate" -> "runtime.alignUp";
          "(*runtime.pallocData).findScavengeCandidate" -> "runtime.alignUp";
          "(*runtime.pallocData).findScavengeCandidate" -> "runtime.fillAligned";
          "(*runtime.pallocData).findScavengeCandidate" -> "runtime.fillAligned";
          "(*runtime.pallocData).findScavengeCandidate" -> "runtime.fillAligned";
          "(*runtime.pallocData).findScavengeCandidate" -> "runtime.throw";
          "(*runtime.pallocData).findScavengeCandidate" -> "runtime.throw";
          "(*runtime.pinnerBits).ofObject" -> "(*runtime.gcBits).bitp";
          "(*runtime.pinnerBits).ofObject" -> "internal/runtime/atomic.Load8";
          "(*runtime.pollDesc).setEventErr" -> "(*internal/runtime/atomic.Uint32).CompareAndSwap";
          "(*runtime.pollDesc).setEventErr" -> "(*internal/runtime/atomic.Uint32).Load";
          "(*runtime.pollDesc).setEventErr" -> "(*internal/runtime/atomic.Uint32).Load";
          "(*runtime.profAtomic).cas" -> "internal/runtime/atomic.Cas64";
          "(*runtime.profAtomic).load" -> "internal/runtime/atomic.Load64";
          "(*runtime.profBuf).canWriteRecord" -> "(*runtime.profAtomic).load";
          "(*runtime.profBuf).canWriteRecord" -> "(*runtime.profAtomic).load";
          "(*runtime.profBuf).canWriteRecord" -> "(runtime.profIndex).dataCount";
          "(*runtime.profBuf).canWriteRecord" -> "(runtime.profIndex).dataCount";
          "(*runtime.profBuf).canWriteRecord" -> "(runtime.profIndex).dataCount";
          "(*runtime.profBuf).canWriteRecord" -> "(runtime.profIndex).tagCount";
          "(*runtime.profBuf).canWriteRecord" -> "(runtime.profIndex).tagCount";
          "(*runtime.profBuf).canWriteRecord" -> "runtime.countSub";
          "(*runtime.profBuf).canWriteRecord" -> "runtime.countSub";
          "(*runtime.profBuf).canWriteTwoRecords" -> "(*runtime.profAtomic).load";
          "(*runtime.profBuf).canWriteTwoRecords" -> "(*runtime.profAtomic).load";
          "(*runtime.profBuf).canWriteTwoRecords" -> "(runtime.profIndex).dataCount";
          "(*runtime.profBuf).canWriteTwoRecords" -> "(runtime.profIndex).dataCount";
          "(*runtime.profBuf).canWriteTwoRecords" -> "(runtime.profIndex).dataCount";
          "(*runtime.profBuf).canWriteTwoRecords" -> "(runtime.profIndex).tagCount";
          "(*runtime.profBuf).canWriteTwoRecords" -> "(runtime.profIndex).tagCount";
          "(*runtime.profBuf).canWriteTwoRecords" -> "runtime.countSub";
          "(*runtime.profBuf).canWriteTwoRecords" -> "runtime.countSub";
          "(*runtime.profBuf).hasOverflow" -> "(*internal/runtime/atomic.Uint64).Load";
          "(*runtime.profBuf).incrementOverflow" -> "(*internal/runtime/atomic.Uint64).CompareAndSwap";
          "(*runtime.profBuf).incrementOverflow" -> "(*internal/runtime/atomic.Uint64).Load";
          "(*runtime.profBuf).incrementOverflow" -> "(*internal/runtime/atomic.Uint64).Store";
          "(*runtime.profBuf).incrementOverflow" -> "(*internal/runtime/atomic.Uint64).Store";
          "(*runtime.profBuf).takeOverflow" -> "(*internal/runtime/atomic.Uint64).CompareAndSwap";
          "(*runtime.profBuf).takeOverflow" -> "(*internal/runtime/atomic.Uint64).Load";
          "(*runtime.profBuf).takeOverflow" -> "(*internal/runtime/atomic.Uint64).Load";
          "(*runtime.profBuf).takeOverflow" -> "(*internal/runtime/atomic.Uint64).Load";
          "(*runtime.profBuf).takeOverflow" -> "(*internal/runtime/atomic.Uint64).Load";
          "(*runtime.profBuf).wakeupExtra" -> "(*runtime.profAtomic).cas";
          "(*runtime.profBuf).wakeupExtra" -> "(*runtime.profAtomic).load";
          "(*runtime.profBuf).wakeupExtra" -> "runtime.notewakeup";
          "(*runtime.profBuf).write" -> "(*runtime.profAtomic).cas";
          "(*runtime.profBuf).write" -> "(*runtime.profAtomic).load";
          "(*runtime.profBuf).write" -> "(*runtime.profAtomic).load";
          "(*runtime.profBuf).write" -> "(*runtime.profAtomic).load";
          "(*runtime.profBuf).write" -> "(*runtime.profBuf).canWriteRecord";
          "(*runtime.profBuf).write" -> "(*runtime.profBuf).canWriteTwoRecords";
          "(*runtime.profBuf).write" -> "(*runtime.profBuf).hasOverflow";
          "(*runtime.profBuf).write" -> "(*runtime.profBuf).incrementOverflow";
          "(*runtime.profBuf).write" -> "(*runtime.profBuf).takeOverflow";
          "(*runtime.profBuf).write" -> "(*runtime.profBuf).wakeupExtra";
          "(*runtime.profBuf).write" -> "(*runtime.profBuf).write";
          "(*runtime.profBuf).write" -> "(runtime.profIndex).addCountsAndClearFlags";
          "(*runtime.profBuf).write" -> "(runtime.profIndex).dataCount";
          "(*runtime.profBuf).write" -> "(runtime.profIndex).dataCount";
          "(*runtime.profBuf).write" -> "(runtime.profIndex).dataCount";
          "(*runtime.profBuf).write" -> "(runtime.profIndex).tagCount";
          "(*runtime.profBuf).write" -> "runtime.countSub";
          "(*runtime.profBuf).write" -> "runtime.notewakeup";
          "(*runtime.profBuf).write" -> "runtime.throw";
          "(*runtime.randomOrder).reset" -> "runtime.gcd";
          "(*runtime.rwmutex).rlock" -> "(*internal/runtime/atomic.Int32).Add";
          "(*runtime.rwmutex).rlock" -> "runtime.acquireLockRankAndM";
          "(*runtime.rwmutex).rlock" -> "runtime.getLockRank";
          "(*runtime.rwmutex).rlock" -> "runtime.lockWithRankMayAcquire";
          "(*runtime.rwmutex).rlock" -> "runtime.systemstack";
          "(*runtime.rwmutex).rlock$1" -> "(*runtime.muintptr).set";
          "(*runtime.rwmutex).rlock$1" -> "runtime.getg";
          "(*runtime.rwmutex).rlock$1" -> "runtime.lock";
          "(*runtime.rwmutex).rlock$1" -> "runtime.noteclear";
          "(*runtime.rwmutex).rlock$1" -> "runtime.notesleep";
          "(*runtime.rwmutex).rlock$1" -> "runtime.unlock";
          "(*runtime.rwmutex).rlock$1" -> "runtime.unlock";
          "(*runtime.rwmutex).runlock" -> "(*internal/runtime/atomic.Int32).Add";
          "(*runtime.rwmutex).runlock" -> "(*internal/runtime/atomic.Int32).Add";
          "(*runtime.rwmutex).runlock" -> "(runtime.muintptr).ptr";
          "(*runtime.rwmutex).runlock" -> "runtime.lock";
          "(*runtime.rwmutex).runlock" -> "runtime.notewakeup";
          "(*runtime.rwmutex).runlock" -> "runtime.releaseLockRankAndM";
          "(*runtime.rwmutex).runlock" -> "runtime.throw";
          "(*runtime.rwmutex).runlock" -> "runtime.unlock";
          "(*runtime.scavChunkData).alloc" -> "(*runtime.scavChunkFlags).setEmpty";
          "(*runtime.scavChunkData).alloc" -> "runtime.throw";
          "(*runtime.scavChunkData).free" -> "(*runtime.scavChunkFlags).setNonEmpty";
          "(*runtime.scavChunkData).free" -> "runtime.throw";
          "(*runtime.scavengeIndex).alloc" -> "(*runtime.atomicScavChunkData).load";
          "(*runtime.scavengeIndex).alloc" -> "(*runtime.atomicScavChunkData).store";
          "(*runtime.scavengeIndex).alloc" -> "(*runtime.scavChunkData).alloc";
          "(*runtime.scavengeIndex).find" -> "(*internal/runtime/atomic.Uintptr).Load";
          "(*runtime.scavengeIndex).find" -> "(*runtime.atomicOffAddr).Clear";
          "(*runtime.scavengeIndex).find" -> "(*runtime.atomicOffAddr).Load";
          "(*runtime.scavengeIndex).find" -> "(*runtime.atomicOffAddr).StoreMin";
          "(*runtime.scavengeIndex).find" -> "(*runtime.atomicOffAddr).StoreUnmark";
          "(*runtime.scavengeIndex).find" -> "(*runtime.atomicScavChunkData).load";
          "(*runtime.scavengeIndex).find" -> "(runtime.offAddr).addr";
          "(*runtime.scavengeIndex).find" -> "(runtime.scavChunkData).shouldScavenge";
          "(*runtime.scavengeIndex).find" -> "runtime.chunkBase";
          "(*runtime.scavengeIndex).find" -> "runtime.chunkIndex";
          "(*runtime.scavengeIndex).find" -> "runtime.chunkPageIndex";
          "(*runtime.scavengeIndex).free" -> "(*runtime.atomicOffAddr).Load";
          "(*runtime.scavengeIndex).free" -> "(*runtime.atomicOffAddr).StoreMarked";
          "(*runtime.scavengeIndex).free" -> "(*runtime.atomicScavChunkData).load";
          "(*runtime.scavengeIndex).free" -> "(*runtime.atomicScavChunkData).store";
          "(*runtime.scavengeIndex).free" -> "(*runtime.scavChunkData).free";
          "(*runtime.scavengeIndex).free" -> "(runtime.offAddr).lessThan";
          "(*runtime.scavengeIndex).free" -> "(runtime.offAddr).lessThan";
          "(*runtime.scavengeIndex).free" -> "runtime.chunkBase";
          "(*runtime.scavengeIndex).grow" -> "(*internal/runtime/atomic.Uintptr).Load";
          "(*runtime.scavengeIndex).grow" -> "(*internal/runtime/atomic.Uintptr).Store";
          "(*runtime.scavengeIndex).grow" -> "(*runtime.scavengeIndex).sysGrow";
          "(*runtime.scavengeIndex).grow" -> "runtime.chunkIndex";
          "(*runtime.scavengeIndex).nextGen" -> "(*runtime.atomicOffAddr).Load";
          "(*runtime.scavengeIndex).nextGen" -> "(*runtime.atomicOffAddr).StoreMarked";
          "(*runtime.scavengeIndex).nextGen" -> "(runtime.offAddr).addr";
          "(*runtime.scavengeIndex).nextGen" -> "(runtime.offAddr).lessThan";
          "(*runtime.scavengeIndex).setEmpty" -> "(*runtime.atomicScavChunkData).load";
          "(*runtime.scavengeIndex).setEmpty" -> "(*runtime.atomicScavChunkData).store";
          "(*runtime.scavengeIndex).setEmpty" -> "(*runtime.scavChunkFlags).setEmpty";
          "(*runtime.scavengeIndex).sysGrow" -> "(*internal/runtime/atomic.Uintptr).Load";
          "(*runtime.scavengeIndex).sysGrow" -> "(*internal/runtime/atomic.Uintptr).Load";
          "(*runtime.scavengeIndex).sysGrow" -> "(*internal/runtime/atomic.Uintptr).Store";
          "(*runtime.scavengeIndex).sysGrow" -> "(*internal/runtime/atomic.Uintptr).Store";
          "(*runtime.scavengeIndex).sysGrow" -> "(runtime.addrRange).size";
          "(*runtime.scavengeIndex).sysGrow" -> "(runtime.addrRange).size";
          "(*runtime.scavengeIndex).sysGrow" -> "(runtime.addrRange).size";
          "(*runtime.scavengeIndex).sysGrow" -> "(runtime.addrRange).size";
          "(*runtime.scavengeIndex).sysGrow" -> "(runtime.addrRange).size";
          "(*runtime.scavengeIndex).sysGrow" -> "(runtime.addrRange).subtract";
          "(*runtime.scavengeIndex).sysGrow" -> "(runtime.offAddr).addr";
          "(*runtime.scavengeIndex).sysGrow" -> "(runtime.offAddr).addr";
          "(*runtime.scavengeIndex).sysGrow" -> "runtime.alignDown";
          "(*runtime.scavengeIndex).sysGrow" -> "runtime.alignUp";
          "(*runtime.scavengeIndex).sysGrow" -> "runtime.chunkIndex";
          "(*runtime.scavengeIndex).sysGrow" -> "runtime.chunkIndex";
          "(*runtime.scavengeIndex).sysGrow" -> "runtime.makeAddrRange";
          "(*runtime.scavengeIndex).sysGrow" -> "runtime.makeAddrRange";
          "(*runtime.scavengeIndex).sysGrow" -> "runtime.sysMap";
          "(*runtime.scavengeIndex).sysGrow" -> "runtime.sysUsed";
          "(*runtime.scavengeIndex).sysGrow" -> "runtime.throw";
          "(*runtime.scavengerState).ready" -> "(*internal/runtime/atomic.Uint32).Store";
          "(*runtime.scavengerState).wake" -> "(*internal/runtime/atomic.Uint32).Store";
          "(*runtime.scavengerState).wake" -> "(*runtime.gList).push";
          "(*runtime.scavengerState).wake" -> "runtime.injectglist";
          "(*runtime.scavengerState).wake" -> "runtime.lock";
          "(*runtime.scavengerState).wake" -> "runtime.unlock";
          "(*runtime.semaRoot).dequeue" -> "(*runtime.semaRoot).rotateLeft";
          "(*runtime.semaRoot).dequeue" -> "(*runtime.semaRoot).rotateRight";
          "(*runtime.semaRoot).dequeue" -> "runtime.cputicks";
          "(*runtime.semaRoot).queue" -> "(*runtime.semaRoot).rotateLeft";
          "(*runtime.semaRoot).queue" -> "(*runtime.semaRoot).rotateRight";
          "(*runtime.semaRoot).queue" -> "runtime.cheaprand";
          "(*runtime.semaRoot).queue" -> "runtime.getg";
          "(*runtime.semaRoot).rotateLeft" -> "runtime.throw";
          "(*runtime.semaRoot).rotateRight" -> "runtime.throw";
          "(*runtime.sigctxt).lr" -> "(*runtime.sigctxt).regs";
          "(*runtime.sigctxt).pc" -> "(*runtime.sigctxt).regs";
          "(*runtime.sigctxt).preparePanic" -> "(*runtime.sigctxt).lr";
          "(*runtime.sigctxt).preparePanic" -> "(*runtime.sigctxt).lr";
          "(*runtime.sigctxt).preparePanic" -> "(*runtime.sigctxt).r29";
          "(*runtime.sigctxt).preparePanic" -> "(*runtime.sigctxt).set_lr";
          "(*runtime.sigctxt).preparePanic" -> "(*runtime.sigctxt).set_pc";
          "(*runtime.sigctxt).preparePanic" -> "(*runtime.sigctxt).set_r28";
          "(*runtime.sigctxt).preparePanic" -> "(*runtime.sigctxt).set_sp";
          "(*runtime.sigctxt).preparePanic" -> "(*runtime.sigctxt).sp";
          "(*runtime.sigctxt).preparePanic" -> "internal/abi.FuncPCABIInternal";
          "(*runtime.sigctxt).preparePanic" -> "runtime.shouldPushSigpanic";
          "(*runtime.sigctxt).pushCall" -> "(*runtime.sigctxt).lr";
          "(*runtime.sigctxt).pushCall" -> "(*runtime.sigctxt).r29";
          "(*runtime.sigctxt).pushCall" -> "(*runtime.sigctxt).set_lr";
          "(*runtime.sigctxt).pushCall" -> "(*runtime.sigctxt).set_pc";
          "(*runtime.sigctxt).pushCall" -> "(*runtime.sigctxt).set_sp";
          "(*runtime.sigctxt).pushCall" -> "(*runtime.sigctxt).sp";
          "(*runtime.sigctxt).r0" -> "(*runtime.sigctxt).regs";
          "(*runtime.sigctxt).r1" -> "(*runtime.sigctxt).regs";
          "(*runtime.sigctxt).r10" -> "(*runtime.sigctxt).regs";
          "(*runtime.sigctxt).r11" -> "(*runtime.sigctxt).regs";
          "(*runtime.sigctxt).r12" -> "(*runtime.sigctxt).regs";
          "(*runtime.sigctxt).r13" -> "(*runtime.sigctxt).regs";
          "(*runtime.sigctxt).r14" -> "(*runtime.sigctxt).regs";
          "(*runtime.sigctxt).r15" -> "(*runtime.sigctxt).regs";
          "(*runtime.sigctxt).r16" -> "(*runtime.sigctxt).regs";
          "(*runtime.sigctxt).r17" -> "(*runtime.sigctxt).regs";
          "(*runtime.sigctxt).r18" -> "(*runtime.sigctxt).regs";
          "(*runtime.sigctxt).r19" -> "(*runtime.sigctxt).regs";
          "(*runtime.sigctxt).r2" -> "(*runtime.sigctxt).regs";
          "(*runtime.sigctxt).r20" -> "(*runtime.sigctxt).regs";
          "(*runtime.sigctxt).r21" -> "(*runtime.sigctxt).regs";
          "(*runtime.sigctxt).r22" -> "(*runtime.sigctxt).regs";
          "(*runtime.sigctxt).r23" -> "(*runtime.sigctxt).regs";
          "(*runtime.sigctxt).r24" -> "(*runtime.sigctxt).regs";
          "(*runtime.sigctxt).r25" -> "(*runtime.sigctxt).regs";
          "(*runtime.sigctxt).r26" -> "(*runtime.sigctxt).regs";
          "(*runtime.sigctxt).r27" -> "(*runtime.sigctxt).regs";
          "(*runtime.sigctxt).r28" -> "(*runtime.sigctxt).regs";
          "(*runtime.sigctxt).r29" -> "(*runtime.sigctxt).regs";
          "(*runtime.sigctxt).r3" -> "(*runtime.sigctxt).regs";
          "(*runtime.sigctxt).r4" -> "(*runtime.sigctxt).regs";
          "(*runtime.sigctxt).r5" -> "(*runtime.sigctxt).regs";
          "(*runtime.sigctxt).r6" -> "(*runtime.sigctxt).regs";
          "(*runtime.sigctxt).r7" -> "(*runtime.sigctxt).regs";
          "(*runtime.sigctxt).r8" -> "(*runtime.sigctxt).regs";
          "(*runtime.sigctxt).r9" -> "(*runtime.sigctxt).regs";
          "(*runtime.sigctxt).set_lr" -> "(*runtime.sigctxt).regs";
          "(*runtime.sigctxt).set_pc" -> "(*runtime.sigctxt).regs";
          "(*runtime.sigctxt).set_r28" -> "(*runtime.sigctxt).regs";
          "(*runtime.sigctxt).set_sp" -> "(*runtime.sigctxt).regs";
          "(*runtime.sigctxt).sigFromUser" -> "(*runtime.sigctxt).sigcode";
          "(*runtime.sigctxt).siglr" -> "(*runtime.sigctxt).lr";
          "(*runtime.sigctxt).sigpc" -> "(*runtime.sigctxt).pc";
          "(*runtime.sigctxt).sigsp" -> "(*runtime.sigctxt).sp";
          "(*runtime.sigctxt).sp" -> "(*runtime.sigctxt).regs";
          "(*runtime.spanSet).pop" -> "(*internal/runtime/atomic.Pointer[runtime.spanSetBlock]).Load[runtime.spanSetBlock]";
          "(*runtime.spanSet).pop" -> "(*internal/runtime/atomic.Pointer[runtime.spanSetBlock]).StoreNoWB[runtime.spanSetBlock]";
          "(*runtime.spanSet).pop" -> "(*internal/runtime/atomic.Uint32).Add";
          "(*runtime.spanSet).pop" -> "(*internal/runtime/atomic.Uintptr).Load";
          "(*runtime.spanSet).pop" -> "(*runtime.atomicHeadTailIndex).cas";
          "(*runtime.spanSet).pop" -> "(*runtime.atomicHeadTailIndex).load";
          "(*runtime.spanSet).pop" -> "(*runtime.atomicHeadTailIndex).load";
          "(*runtime.spanSet).pop" -> "(*runtime.atomicMSpanPointer).Load";
          "(*runtime.spanSet).pop" -> "(*runtime.atomicMSpanPointer).Load";
          "(*runtime.spanSet).pop" -> "(*runtime.atomicMSpanPointer).StoreNoWB";
          "(*runtime.spanSet).pop" -> "(*runtime.atomicSpanSetSpinePointer).Load";
          "(*runtime.spanSet).pop" -> "(*runtime.spanSetBlockAlloc).free";
          "(*runtime.spanSet).pop" -> "(runtime.headTailIndex).split";
          "(*runtime.spanSet).pop" -> "(runtime.headTailIndex).split";
          "(*runtime.spanSet).pop" -> "(runtime.spanSetSpinePointer).lookup";
          "(*runtime.spanSet).pop" -> "runtime.makeHeadTailIndex";
          "(*runtime.spanSet).push" -> "(*internal/runtime/atomic.Pointer[runtime.spanSetBlock]).Load[runtime.spanSetBlock]";
          "(*runtime.spanSet).push" -> "(*internal/runtime/atomic.Pointer[runtime.spanSetBlock]).StoreNoWB[runtime.spanSetBlock]";
          "(*runtime.spanSet).push" -> "(*internal/runtime/atomic.Uintptr).Load";
          "(*runtime.spanSet).push" -> "(*internal/runtime/atomic.Uintptr).Load";
          "(*runtime.spanSet).push" -> "(*internal/runtime/atomic.Uintptr).Store";
          "(*runtime.spanSet).push" -> "(*runtime.atomicHeadTailIndex).incTail";
          "(*runtime.spanSet).push" -> "(*runtime.atomicMSpanPointer).StoreNoWB";
          "(*runtime.spanSet).push" -> "(*runtime.atomicSpanSetSpinePointer).Load";
          "(*runtime.spanSet).push" -> "(*runtime.atomicSpanSetSpinePointer).Load";
          "(*runtime.spanSet).push" -> "(*runtime.atomicSpanSetSpinePointer).StoreNoWB";
          "(*runtime.spanSet).push" -> "(*runtime.spanSetBlockAlloc).alloc";
          "(*runtime.spanSet).push" -> "(runtime.headTailIndex).tail";
          "(*runtime.spanSet).push" -> "(runtime.spanSetSpinePointer).lookup";
          "(*runtime.spanSet).push" -> "(runtime.spanSetSpinePointer).lookup";
          "(*runtime.spanSet).push" -> "runtime.lock";
          "(*runtime.spanSet).push" -> "runtime.memmove";
          "(*runtime.spanSet).push" -> "runtime.persistentalloc";
          "(*runtime.spanSet).push" -> "runtime.unlock";
          "(*runtime.spanSet).push" -> "runtime.unlock";
          "(*runtime.spanSet).reset" -> "(*internal/runtime/atomic.Pointer[runtime.spanSetBlock]).Load[runtime.spanSetBlock]";
          "(*runtime.spanSet).reset" -> "(*internal/runtime/atomic.Pointer[runtime.spanSetBlock]).StoreNoWB[runtime.spanSetBlock]";
          "(*runtime.spanSet).reset" -> "(*internal/runtime/atomic.Uint32).Load";
          "(*runtime.spanSet).reset" -> "(*internal/runtime/atomic.Uint32).Load";
          "(*runtime.spanSet).reset" -> "(*internal/runtime/atomic.Uintptr).Load";
          "(*runtime.spanSet).reset" -> "(*internal/runtime/atomic.Uintptr).Store";
          "(*runtime.spanSet).reset" -> "(*runtime.atomicHeadTailIndex).load";
          "(*runtime.spanSet).reset" -> "(*runtime.atomicHeadTailIndex).reset";
          "(*runtime.spanSet).reset" -> "(*runtime.atomicSpanSetSpinePointer).Load";
          "(*runtime.spanSet).reset" -> "(*runtime.spanSetBlockAlloc).free";
          "(*runtime.spanSet).reset" -> "(runtime.headTailIndex).split";
          "(*runtime.spanSet).reset" -> "(runtime.spanSetSpinePointer).lookup";
          "(*runtime.spanSet).reset" -> "runtime.throw";
          "(*runtime.spanSet).reset" -> "runtime.throw";
          "(*runtime.spanSet).reset" -> "runtime.throw";
          "(*runtime.spanSetBlockAlloc).alloc" -> "(*runtime.lfstack).pop";
          "(*runtime.spanSetBlockAlloc).alloc" -> "runtime.persistentalloc";
          "(*runtime.spanSetBlockAlloc).free" -> "(*internal/runtime/atomic.Uint32).Store";
          "(*runtime.spanSetBlockAlloc).free" -> "(*runtime.lfstack).push";
          "(*runtime.stackScanState).addObject" -> "(*runtime.stackObject).setRecord";
          "(*runtime.stackScanState).addObject" -> "runtime.getempty";
          "(*runtime.stackScanState).addObject" -> "runtime.getempty";
          "(*runtime.stackScanState).addObject" -> "runtime.throw";
          "(*runtime.stackScanState).buildIndex" -> "runtime.binarySearchTree";
          "(*runtime.stackScanState).getPtr" -> "runtime.putempty";
          "(*runtime.stackScanState).getPtr" -> "runtime.putempty";
          "(*runtime.stackScanState).putPtr" -> "runtime.getempty";
          "(*runtime.stackScanState).putPtr" -> "runtime.getempty";
          "(*runtime.stackScanState).putPtr" -> "runtime.throw";
          "(*runtime.stkframe).argBytes" -> "(*runtime.stkframe).argMapInternal";
          "(*runtime.stkframe).argMapInternal" -> "(runtime.funcInfo).entry";
          "(*runtime.stkframe).argMapInternal" -> "(runtime.funcInfo).entry";
          "(*runtime.stkframe).argMapInternal" -> "(runtime.funcInfo).entry";
          "(*runtime.stkframe).argMapInternal" -> "runtime.funcname";
          "(*runtime.stkframe).argMapInternal" -> "runtime.funcname";
          "(*runtime.stkframe).argMapInternal" -> "runtime.funcname";
          "(*runtime.stkframe).argMapInternal" -> "runtime.throw";
          "(*runtime.stkframe).argMapInternal" -> "runtime.throw";
          "(*runtime.stkframe).getStackMap" -> "(*runtime.stkframe).argMapInternal";
          "(*runtime.stkframe).getStackMap" -> "(runtime.funcInfo).entry";
          "(*runtime.stkframe).getStackMap" -> "runtime.add";
          "(*runtime.stkframe).getStackMap" -> "runtime.funcdata";
          "(*runtime.stkframe).getStackMap" -> "runtime.funcdata";
          "(*runtime.stkframe).getStackMap" -> "runtime.funcdata";
          "(*runtime.stkframe).getStackMap" -> "runtime.funcname";
          "(*runtime.stkframe).getStackMap" -> "runtime.funcname";
          "(*runtime.stkframe).getStackMap" -> "runtime.funcname";
          "(*runtime.stkframe).getStackMap" -> "runtime.funcname";
          "(*runtime.stkframe).getStackMap" -> "runtime.noescape";
          "(*runtime.stkframe).getStackMap" -> "runtime.pcdatavalue";
          "(*runtime.stkframe).getStackMap" -> "runtime.stackmapdata";
          "(*runtime.stkframe).getStackMap" -> "runtime.stackmapdata";
          "(*runtime.stkframe).getStackMap" -> "runtime.throw";
          "(*runtime.stkframe).getStackMap" -> "runtime.throw";
          "(*runtime.stkframe).getStackMap" -> "runtime.throw";
          "(*runtime.stkframe).getStackMap" -> "runtime.throw";
          "(*runtime.sweepClass).clear" -> "internal/runtime/atomic.Store";
          "(*runtime.sweepClass).load" -> "internal/runtime/atomic.Load";
          "(*runtime.sweepClass).update" -> "(*runtime.sweepClass).load";
          "(*runtime.sweepClass).update" -> "(*runtime.sweepClass).load";
          "(*runtime.sweepClass).update" -> "internal/runtime/atomic.Cas";
          "(*runtime.sweepLocked).sweep" -> "(*internal/runtime/atomic.Uint64).Add";
          "(*runtime.sweepLocked).sweep" -> "(*internal/runtime/atomic.Uint64).Add";
          "(*runtime.sweepLocked).sweep" -> "(*internal/runtime/atomic.Uint64).Add";
          "(*runtime.sweepLocked).sweep" -> "(*internal/runtime/atomic.Uintptr).Add";
          "(*runtime.sweepLocked).sweep" -> "(*runtime.consistentHeapStats).acquire";
          "(*runtime.sweepLocked).sweep" -> "(*runtime.consistentHeapStats).acquire";
          "(*runtime.sweepLocked).sweep" -> "(*runtime.consistentHeapStats).release";
          "(*runtime.sweepLocked).sweep" -> "(*runtime.consistentHeapStats).release";
          "(*runtime.sweepLocked).sweep" -> "(*runtime.gcBits).bytep";
          "(*runtime.sweepLocked).sweep" -> "(*runtime.gcBits).bytep";
          "(*runtime.sweepLocked).sweep" -> "(*runtime.gcBits).bytep";
          "(*runtime.sweepLocked).sweep" -> "(*runtime.gcBits).bytep";
          "(*runtime.sweepLocked).sweep" -> "(*runtime.mSpanStateBox).get";
          "(*runtime.sweepLocked).sweep" -> "(*runtime.mSpanStateBox).get";
          "(*runtime.sweepLocked).sweep" -> "(*runtime.mSpanStateBox).set";
          "(*runtime.sweepLocked).sweep" -> "(*runtime.markBits).advance";
          "(*runtime.sweepLocked).sweep" -> "(*runtime.markBits).advance";
          "(*runtime.sweepLocked).sweep" -> "(*runtime.mcentral).fullSwept";
          "(*runtime.sweepLocked).sweep" -> "(*runtime.mcentral).fullSwept";
          "(*runtime.sweepLocked).sweep" -> "(*runtime.mcentral).fullSwept";
          "(*runtime.sweepLocked).sweep" -> "(*runtime.mcentral).partialSwept";
          "(*runtime.sweepLocked).sweep" -> "(*runtime.mheap).freeSpan";
          "(*runtime.sweepLocked).sweep" -> "(*runtime.mheap).freeSpan";
          "(*runtime.sweepLocked).sweep" -> "(*runtime.mspan).allocBitsForIndex";
          "(*runtime.sweepLocked).sweep" -> "(*runtime.mspan).base";
          "(*runtime.sweepLocked).sweep" -> "(*runtime.mspan).base";
          "(*runtime.sweepLocked).sweep" -> "(*runtime.mspan).base";
          "(*runtime.sweepLocked).sweep" -> "(*runtime.mspan).base";
          "(*runtime.sweepLocked).sweep" -> "(*runtime.mspan).base";
          "(*runtime.sweepLocked).sweep" -> "(*runtime.mspan).base";
          "(*runtime.sweepLocked).sweep" -> "(*runtime.mspan).countAlloc";
          "(*runtime.sweepLocked).sweep" -> "(*runtime.mspan).markBitsForBase";
          "(*runtime.sweepLocked).sweep" -> "(*runtime.mspan).markBitsForIndex";
          "(*runtime.sweepLocked).sweep" -> "(*runtime.mspan).refillAllocCache";
          "(*runtime.sweepLocked).sweep" -> "(*runtime.mspan).refreshPinnerBits";
          "(*runtime.sweepLocked).sweep" -> "(*runtime.mspan).reportZombies";
          "(*runtime.sweepLocked).sweep" -> "(*runtime.mspan).reportZombies";
          "(*runtime.sweepLocked).sweep" -> "(*runtime.spanSet).push";
          "(*runtime.sweepLocked).sweep" -> "(*runtime.spanSet).push";
          "(*runtime.sweepLocked).sweep" -> "(*runtime.spanSet).push";
          "(*runtime.sweepLocked).sweep" -> "(*runtime.spanSet).push";
          "(*runtime.sweepLocked).sweep" -> "(*runtime.specialsIter).next";
          "(*runtime.sweepLocked).sweep" -> "(*runtime.specialsIter).next";
          "(*runtime.sweepLocked).sweep" -> "(*runtime.specialsIter).unlinkAndNext";
          "(*runtime.sweepLocked).sweep" -> "(*runtime.specialsIter).unlinkAndNext";
          "(*runtime.sweepLocked).sweep" -> "(*runtime.specialsIter).unlinkAndNext";
          "(*runtime.sweepLocked).sweep" -> "(*runtime.specialsIter).valid";
          "(*runtime.sweepLocked).sweep" -> "(*runtime.specialsIter).valid";
          "(*runtime.sweepLocked).sweep" -> "(*runtime.specialsIter).valid";
          "(*runtime.sweepLocked).sweep" -> "(runtime.markBits).isMarked";
          "(*runtime.sweepLocked).sweep" -> "(runtime.markBits).isMarked";
          "(*runtime.sweepLocked).sweep" -> "(runtime.markBits).isMarked";
          "(*runtime.sweepLocked).sweep" -> "(runtime.markBits).setMarkedNonAtomic";
          "(*runtime.sweepLocked).sweep" -> "(runtime.puintptr).ptr";
          "(*runtime.sweepLocked).sweep" -> "(runtime.spanClass).sizeclass";
          "(*runtime.sweepLocked).sweep" -> "(runtime.spanClass).sizeclass";
          "(*runtime.sweepLocked).sweep" -> "(runtime.traceLocker).GCSweepSpan";
          "(*runtime.sweepLocked).sweep" -> "(runtime.traceLocker).HeapObjectFree";
          "(*runtime.sweepLocked).sweep" -> "(runtime.traceLocker).ok";
          "(*runtime.sweepLocked).sweep" -> "(runtime.traceLocker).ok";
          "(*runtime.sweepLocked).sweep" -> "internal/runtime/atomic.Store";
          "(*runtime.sweepLocked).sweep" -> "internal/runtime/atomic.Xadd64";
          "(*runtime.sweepLocked).sweep" -> "internal/runtime/atomic.Xadd64";
          "(*runtime.sweepLocked).sweep" -> "internal/runtime/atomic.Xadd64";
          "(*runtime.sweepLocked).sweep" -> "runtime.asanpoison";
          "(*runtime.sweepLocked).sweep" -> "runtime.clobberfree";
          "(*runtime.sweepLocked).sweep" -> "runtime.divRoundUp";
          "(*runtime.sweepLocked).sweep" -> "runtime.freeSpecial";
          "(*runtime.sweepLocked).sweep" -> "runtime.freeSpecial";
          "(*runtime.sweepLocked).sweep" -> "runtime.freeSpecial";
          "(*runtime.sweepLocked).sweep" -> "runtime.getg";
          "(*runtime.sweepLocked).sweep" -> "runtime.getg";
          "(*runtime.sweepLocked).sweep" -> "runtime.msanfree";
          "(*runtime.sweepLocked).sweep" -> "runtime.newMarkBits";
          "(*runtime.sweepLocked).sweep" -> "runtime.newSpecialsIter";
          "(*runtime.sweepLocked).sweep" -> "runtime.racefree";
          "(*runtime.sweepLocked).sweep" -> "runtime.spanHasNoSpecials";
          "(*runtime.sweepLocked).sweep" -> "runtime.sysFault";
          "(*runtime.sweepLocked).sweep" -> "runtime.systemstack";
          "(*runtime.sweepLocked).sweep" -> "runtime.throw";
          "(*runtime.sweepLocked).sweep" -> "runtime.throw";
          "(*runtime.sweepLocked).sweep" -> "runtime.throw";
          "(*runtime.sweepLocked).sweep" -> "runtime.throw";
          "(*runtime.sweepLocked).sweep" -> "runtime.throw";
          "(*runtime.sweepLocked).sweep" -> "runtime.throw";
          "(*runtime.sweepLocked).sweep" -> "runtime.traceAcquire";
          "(*runtime.sweepLocked).sweep" -> "runtime.traceAcquire";
          "(*runtime.sweepLocked).sweep" -> "runtime.traceAllocFreeEnabled";
          "(*runtime.sweepLocked).sweep" -> "runtime.traceAllocFreeEnabled";
          "(*runtime.sweepLocked).sweep" -> "runtime.traceEnabled";
          "(*runtime.sweepLocked).sweep" -> "runtime.traceRelease";
          "(*runtime.sweepLocked).sweep" -> "runtime.traceRelease";
          "(*runtime.sweepLocked).sweep$1" -> "(*runtime.mSpanList).insert";
          "(*runtime.sweepLocked).sweep$1" -> "(*runtime.mSpanList).remove";
          "(*runtime.sweepLocked).sweep$1" -> "runtime.lock";
          "(*runtime.sweepLocked).sweep$1" -> "runtime.throw";
          "(*runtime.sweepLocked).sweep$1" -> "runtime.unlock";
          "(*runtime.sweepLocker).tryAcquire" -> "internal/runtime/atomic.Cas";
          "(*runtime.sweepLocker).tryAcquire" -> "internal/runtime/atomic.Load";
          "(*runtime.sweepLocker).tryAcquire" -> "runtime.throw";
          "(*runtime.synctestGroup).changegstatus" -> "(*runtime.synctestGroup).maybeWakeLocked";
          "(*runtime.synctestGroup).changegstatus" -> "(*runtime.synctestGroup).raceaddr";
          "(*runtime.synctestGroup).changegstatus" -> "(runtime.waitReason).isIdleInSynctest";
          "(*runtime.synctestGroup).changegstatus" -> "(runtime.waitReason).isIdleInSynctest";
          "(*runtime.synctestGroup).changegstatus" -> "runtime.fatal";
          "(*runtime.synctestGroup).changegstatus" -> "runtime.fatal";
          "(*runtime.synctestGroup).changegstatus" -> "runtime.goready";
          "(*runtime.synctestGroup).changegstatus" -> "runtime.lock";
          "(*runtime.synctestGroup).changegstatus" -> "runtime.racereleasemergeg";
          "(*runtime.synctestGroup).changegstatus" -> "runtime.unlock";
          "(*runtime.synctestGroup).decActive" -> "(*runtime.synctestGroup).maybeWakeLocked";
          "(*runtime.synctestGroup).decActive" -> "runtime.goready";
          "(*runtime.synctestGroup).decActive" -> "runtime.lock";
          "(*runtime.synctestGroup).decActive" -> "runtime.throw";
          "(*runtime.synctestGroup).decActive" -> "runtime.unlock";
          "(*runtime.synctestGroup).incActive" -> "runtime.lock";
          "(*runtime.synctestGroup).incActive" -> "runtime.unlock";
          "(*runtime.sysMemStat).add" -> "internal/runtime/atomic.Xadd64";
          "(*runtime.sysMemStat).add" -> "runtime.throw";
          "(*runtime.sysMemStat).load" -> "internal/runtime/atomic.Load64";
          "(*runtime.timeHistogram).record" -> "(*internal/runtime/atomic.Uint64).Add";
          "(*runtime.timeHistogram).record" -> "(*internal/runtime/atomic.Uint64).Add";
          "(*runtime.timeHistogram).record" -> "(*internal/runtime/atomic.Uint64).Add";
          "(*runtime.timeHistogram).record" -> "internal/runtime/sys.Len64";
          "(*runtime.timer).lock" -> "(*runtime.timer).trace";
          "(*runtime.timer).lock" -> "runtime.lock";
          "(*runtime.timer).trace" -> "(*runtime.timer).trace1";
          "(*runtime.timer).unlock" -> "(*internal/runtime/atomic.Uint8).Store";
          "(*runtime.timer).unlock" -> "(*runtime.timer).trace";
          "(*runtime.timer).unlock" -> "runtime.unlock";
          "(*runtime.timer).unlockAndRun" -> "(*internal/runtime/atomic.Int32).Add";
          "(*runtime.timer).unlockAndRun" -> "(*internal/runtime/atomic.Int32).Add";
          "(*runtime.timer).unlockAndRun" -> "(*internal/runtime/atomic.Int32).Add";
          "(*runtime.timer).unlockAndRun" -> "(*internal/runtime/atomic.Int32).Load";
          "(*runtime.timer).unlockAndRun" -> "(*runtime.synctestGroup).changegstatus";
          "(*runtime.timer).unlockAndRun" -> "(*runtime.synctestGroup).changegstatus";
          "(*runtime.timer).unlockAndRun" -> "(*runtime.timer).trace";
          "(*runtime.timer).unlockAndRun" -> "(*runtime.timer).unlock";
          "(*runtime.timer).unlockAndRun" -> "(*runtime.timer).unlockAndRun$1";
          "(*runtime.timer).unlockAndRun" -> "(*runtime.timer).updateHeap";
          "(*runtime.timer).unlockAndRun" -> "(*runtime.timers).lock";
          "(*runtime.timer).unlockAndRun" -> "(*runtime.timers).unlock";
          "(*runtime.timer).unlockAndRun" -> "(runtime.puintptr).ptr";
          "(*runtime.timer).unlockAndRun" -> "(runtime.puintptr).ptr";
          "(*runtime.timer).unlockAndRun" -> "internal/abi.FuncPCABIInternal";
          "(*runtime.timer).unlockAndRun" -> "runtime.assertLockHeld";
          "(*runtime.timer).unlockAndRun" -> "runtime.assertLockHeld";
          "(*runtime.timer).unlockAndRun" -> "runtime.badTimer";
          "(*runtime.timer).unlockAndRun" -> "runtime.getg";
          "(*runtime.timer).unlockAndRun" -> "runtime.getg";
          "(*runtime.timer).unlockAndRun" -> "runtime.getg";
          "(*runtime.timer).unlockAndRun" -> "runtime.getg";
          "(*runtime.timer).unlockAndRun" -> "runtime.getg";
          "(*runtime.timer).unlockAndRun" -> "runtime.lock";
          "(*runtime.timer).unlockAndRun" -> "runtime.raceacquirectx";
          "(*runtime.timer).unlockAndRun" -> "runtime.racegostart";
          "(*runtime.timer).unlockAndRun" -> "runtime.throw";
          "(*runtime.timer).unlockAndRun" -> "runtime.throw";
          "(*runtime.timer).unlockAndRun" -> "runtime.throw";
          "(*runtime.timer).unlockAndRun" -> "runtime.throw";
          "(*runtime.timer).unlockAndRun" -> "runtime.unlock";
          "(*runtime.timer).updateHeap" -> "(*internal/runtime/atomic.Int32).Add";
          "(*runtime.timer).updateHeap" -> "(*runtime.timer).trace";
          "(*runtime.timer).updateHeap" -> "(*runtime.timers).deleteMin";
          "(*runtime.timer).updateHeap" -> "(*runtime.timers).siftDown";
          "(*runtime.timer).updateHeap" -> "(*runtime.timers).updateMinWhenHeap";
          "(*runtime.timer).updateHeap" -> "runtime.assertLockHeld";
          "(*runtime.timer).updateHeap" -> "runtime.assertWorldStoppedOrLockHeld";
          "(*runtime.timer).updateHeap" -> "runtime.badTimer";
          "(*runtime.timers).addHeap" -> "(*internal/runtime/atomic.Uint32).Load";
          "(*runtime.timers).addHeap" -> "(*runtime.timers).siftUp";
          "(*runtime.timers).addHeap" -> "(*runtime.timers).updateMinWhenHeap";
          "(*runtime.timers).addHeap" -> "runtime.assertWorldStoppedOrLockHeld";
          "(*runtime.timers).addHeap" -> "runtime.netpollGenericInit";
          "(*runtime.timers).addHeap" -> "runtime.throw";
          "(*runtime.timers).adjust" -> "(*internal/runtime/atomic.Int32).Add";
          "(*runtime.timers).adjust" -> "(*internal/runtime/atomic.Int64).Load";
          "(*runtime.timers).adjust" -> "(*internal/runtime/atomic.Int64).Store";
          "(*runtime.timers).adjust" -> "(*internal/runtime/atomic.Int64).Store";
          "(*runtime.timers).adjust" -> "(*internal/runtime/atomic.Uint8).Load";
          "(*runtime.timers).adjust" -> "(*runtime.timer).lock";
          "(*runtime.timers).adjust" -> "(*runtime.timer).unlock";
          "(*runtime.timers).adjust" -> "(*runtime.timers).initHeap";
          "(*runtime.timers).adjust" -> "(*runtime.timers).trace";
          "(*runtime.timers).adjust" -> "(*runtime.timers).updateMinWhenHeap";
          "(*runtime.timers).adjust" -> "(*runtime.timers).verify";
          "(*runtime.timers).adjust" -> "(*runtime.timers).verify";
          "(*runtime.timers).adjust" -> "(*runtime.timers).wakeTime";
          "(*runtime.timers).adjust" -> "runtime.assertLockHeld";
          "(*runtime.timers).adjust" -> "runtime.badTimer";
          "(*runtime.timers).adjust" -> "runtime.throw";
          "(*runtime.timers).check" -> "(*internal/runtime/atomic.Int32).Load";
          "(*runtime.timers).check" -> "(*internal/runtime/atomic.Int32).Load";
          "(*runtime.timers).check" -> "(*internal/runtime/atomic.Uint32).Load";
          "(*runtime.timers).check" -> "(*internal/runtime/atomic.Uint32).Load";
          "(*runtime.timers).check" -> "(*runtime.timers).adjust";
          "(*runtime.timers).check" -> "(*runtime.timers).adjust";
          "(*runtime.timers).check" -> "(*runtime.timers).lock";
          "(*runtime.timers).check" -> "(*runtime.timers).run";
          "(*runtime.timers).check" -> "(*runtime.timers).trace";
          "(*runtime.timers).check" -> "(*runtime.timers).unlock";
          "(*runtime.timers).check" -> "(*runtime.timers).wakeTime";
          "(*runtime.timers).check" -> "(runtime.puintptr).ptr";
          "(*runtime.timers).check" -> "(runtime.puintptr).ptr";
          "(*runtime.timers).check" -> "runtime.badTimer";
          "(*runtime.timers).check" -> "runtime.getg";
          "(*runtime.timers).check" -> "runtime.getg";
          "(*runtime.timers).check" -> "runtime.nanotime";
          "(*runtime.timers).deleteMin" -> "(*internal/runtime/atomic.Int64).Store";
          "(*runtime.timers).deleteMin" -> "(*runtime.timers).siftDown";
          "(*runtime.timers).deleteMin" -> "(*runtime.timers).updateMinWhenHeap";
          "(*runtime.timers).deleteMin" -> "runtime.assertLockHeld";
          "(*runtime.timers).deleteMin" -> "runtime.throw";
          "(*runtime.timers).initHeap" -> "(*runtime.timers).siftDown";
          "(*runtime.timers).lock" -> "runtime.lock";
          "(*runtime.timers).run" -> "(*internal/runtime/atomic.Uint8).Load";
          "(*runtime.timers).run" -> "(*runtime.timer).lock";
          "(*runtime.timers).run" -> "(*runtime.timer).unlock";
          "(*runtime.timers).run" -> "(*runtime.timer).unlock";
          "(*runtime.timers).run" -> "(*runtime.timer).unlockAndRun";
          "(*runtime.timers).run" -> "(*runtime.timer).updateHeap";
          "(*runtime.timers).run" -> "(*runtime.timers).trace";
          "(*runtime.timers).run" -> "runtime.assertLockHeld";
          "(*runtime.timers).run" -> "runtime.assertLockHeld";
          "(*runtime.timers).run" -> "runtime.badTimer";
          "(*runtime.timers).run" -> "runtime.throw";
          "(*runtime.timers).run$thunk" -> "(*runtime.timers).run";
          "(*runtime.timers).siftDown" -> "runtime.badTimer";
          "(*runtime.timers).siftDown" -> "runtime.badTimer";
          "(*runtime.timers).siftUp" -> "runtime.badTimer";
          "(*runtime.timers).siftUp" -> "runtime.badTimer";
          "(*runtime.timers).take" -> "(*internal/runtime/atomic.Int32).Store";
          "(*runtime.timers).take" -> "(*internal/runtime/atomic.Int64).Store";
          "(*runtime.timers).take" -> "(*internal/runtime/atomic.Int64).Store";
          "(*runtime.timers).take" -> "(*internal/runtime/atomic.Uint32).Store";
          "(*runtime.timers).take" -> "(*internal/runtime/atomic.Uint32).Store";
          "(*runtime.timers).take" -> "(*runtime.timers).addHeap";
          "(*runtime.timers).take" -> "(*runtime.timers).trace";
          "(*runtime.timers).take" -> "runtime.assertWorldStopped";
          "(*runtime.timers).unlock" -> "(*internal/runtime/atomic.Uint32).Store";
          "(*runtime.timers).unlock" -> "runtime.unlock";
          "(*runtime.timers).updateMinWhenHeap" -> "(*internal/runtime/atomic.Int64).Store";
          "(*runtime.timers).updateMinWhenHeap" -> "(*internal/runtime/atomic.Int64).Store";
          "(*runtime.timers).updateMinWhenHeap" -> "runtime.assertWorldStoppedOrLockHeld";
          "(*runtime.timers).verify" -> "(*internal/runtime/atomic.Uint32).Load";
          "(*runtime.timers).verify" -> "runtime.assertLockHeld";
          "(*runtime.timers).verify" -> "runtime.throw";
          "(*runtime.timers).verify" -> "runtime.throw";
          "(*runtime.timers).wakeTime" -> "(*internal/runtime/atomic.Int64).Load";
          "(*runtime.timers).wakeTime" -> "(*internal/runtime/atomic.Int64).Load";
          "(*runtime.traceBuf).varintAt" -> "runtime.throw";
          "(*runtime.traceMap).newTraceMapNode" -> "(*runtime.traceRegionAlloc).alloc";
          "(*runtime.traceMap).newTraceMapNode" -> "(*runtime.traceRegionAlloc).alloc";
          "(*runtime.traceMap).newTraceMapNode" -> "runtime.memmove";
          "(*runtime.traceMap).put" -> "(*internal/runtime/atomic.Uint64).Add";
          "(*runtime.traceMap).put" -> "(*internal/runtime/atomic.UnsafePointer).CompareAndSwapNoWB";
          "(*runtime.traceMap).put" -> "(*internal/runtime/atomic.UnsafePointer).Load";
          "(*runtime.traceMap).put" -> "(*internal/runtime/atomic.UnsafePointer).Load";
          "(*runtime.traceMap).put" -> "(*runtime.traceMap).newTraceMapNode";
          "(*runtime.traceMap).put" -> "runtime.memequal";
          "(*runtime.traceMap).put" -> "runtime.memhash";
          "(*runtime.traceRegionAlloc).alloc" -> "(*internal/runtime/atomic.Bool).Load";
          "(*runtime.traceRegionAlloc).alloc" -> "(*internal/runtime/atomic.Uintptr).Add";
          "(*runtime.traceRegionAlloc).alloc" -> "(*internal/runtime/atomic.Uintptr).Add";
          "(*runtime.traceRegionAlloc).alloc" -> "(*internal/runtime/atomic.Uintptr).Store";
          "(*runtime.traceRegionAlloc).alloc" -> "(*internal/runtime/atomic.UnsafePointer).Load";
          "(*runtime.traceRegionAlloc).alloc" -> "(*internal/runtime/atomic.UnsafePointer).Load";
          "(*runtime.traceRegionAlloc).alloc" -> "(*internal/runtime/atomic.UnsafePointer).Store";
          "(*runtime.traceRegionAlloc).alloc" -> "runtime.alignUp";
          "(*runtime.traceRegionAlloc).alloc" -> "runtime.lock";
          "(*runtime.traceRegionAlloc).alloc" -> "runtime.sysAlloc";
          "(*runtime.traceRegionAlloc).alloc" -> "runtime.throw";
          "(*runtime.traceRegionAlloc).alloc" -> "runtime.throw";
          "(*runtime.traceRegionAlloc).alloc" -> "runtime.throw";
          "(*runtime.traceRegionAlloc).alloc" -> "runtime.unlock";
          "(*runtime.traceRegionAlloc).alloc" -> "runtime.unlock";
          "(*runtime.traceSchedResourceState).acquireStatus" -> "(*internal/runtime/atomic.Uint32).CompareAndSwap";
          "(*runtime.traceSchedResourceState).acquireStatus" -> "(*runtime.traceSchedResourceState).readyNextGen";
          "(*runtime.traceSchedResourceState).readyNextGen" -> "(*internal/runtime/atomic.Uint32).Store";
          "(*runtime.traceSchedResourceState).readyNextGen" -> "runtime.traceNextGen";
          "(*runtime.traceSchedResourceState).statusWasTraced" -> "(*internal/runtime/atomic.Uint32).Load";
          "(*runtime.traceStackTable).put" -> "(*runtime.traceMap).put";
          "(*runtime.traceStackTable).put" -> "runtime.noescape";
          "(*runtime.traceStringTable).put" -> "(*runtime.traceMap).put";
          "(*runtime.traceStringTable).put" -> "runtime.stringStructOf";
          "(*runtime.traceStringTable).put" -> "runtime.systemstack";
          "(*runtime.traceStringTable).put$1" -> "(*runtime.traceStringTable).writeString";
          "(*runtime.traceStringTable).writeString" -> "(*runtime.traceBuf).byte";
          "(*runtime.traceStringTable).writeString" -> "(*runtime.traceBuf).byte";
          "(*runtime.traceStringTable).writeString" -> "(*runtime.traceBuf).stringData";
          "(*runtime.traceStringTable).writeString" -> "(*runtime.traceBuf).varint";
          "(*runtime.traceStringTable).writeString" -> "(*runtime.traceBuf).varint";
          "(*runtime.traceStringTable).writeString" -> "(runtime.traceWriter).ensure";
          "(*runtime.traceStringTable).writeString" -> "runtime.lock";
          "(*runtime.traceStringTable).writeString" -> "runtime.unlock";
          "(*runtime.traceStringTable).writeString" -> "runtime.unsafeTraceWriter";
          "(*runtime.traceTypeTable).put" -> "(*runtime.traceMap).put";
          "(*runtime.traceTypeTable).put" -> "runtime.noescape";
          "(*runtime.unwinder).cgoCallers" -> "(runtime.guintptr).ptr";
          "(*runtime.unwinder).cgoCallers" -> "runtime.cgoContextPCs";
          "(*runtime.unwinder).finishInternal" -> "(runtime.guintptr).ptr";
          "(*runtime.unwinder).finishInternal" -> "runtime.throw";
          "(*runtime.unwinder).init" -> "(*runtime.unwinder).initAt";
          "(*runtime.unwinder).initAt" -> "(*runtime.g).guintptr";
          "(*runtime.unwinder).initAt" -> "(*runtime.unwinder).resolveInternal";
          "(*runtime.unwinder).initAt" -> "(runtime.funcInfo).valid";
          "(*runtime.unwinder).initAt" -> "runtime.findfunc";
          "(*runtime.unwinder).initAt" -> "runtime.getg";
          "(*runtime.unwinder).initAt" -> "runtime.throw";
          "(*runtime.unwinder).initAt" -> "runtime.throw";
          "(*runtime.unwinder).initAt" -> "runtime.tracebackHexdump";
          "(*runtime.unwinder).next" -> "(*runtime.unwinder).finishInternal";
          "(*runtime.unwinder).next" -> "(*runtime.unwinder).finishInternal";
          "(*runtime.unwinder).next" -> "(*runtime.unwinder).resolveInternal";
          "(*runtime.unwinder).next" -> "(runtime.funcInfo).valid";
          "(*runtime.unwinder).next" -> "(runtime.funcInfo).valid";
          "(*runtime.unwinder).next" -> "(runtime.guintptr).ptr";
          "(*runtime.unwinder).next" -> "runtime.alignUp";
          "(*runtime.unwinder).next" -> "runtime.findfunc";
          "(*runtime.unwinder).next" -> "runtime.findfunc";
          "(*runtime.unwinder).next" -> "runtime.funcname";
          "(*runtime.unwinder).next" -> "runtime.funcspdelta";
          "(*runtime.unwinder).next" -> "runtime.throw";
          "(*runtime.unwinder).next" -> "runtime.throw";
          "(*runtime.unwinder).next" -> "runtime.tracebackHexdump";
          "(*runtime.unwinder).next" -> "runtime.tracebackHexdump";
          "(*runtime.unwinder).resolveInternal" -> "(*runtime.guintptr).set";
          "(*runtime.unwinder).resolveInternal" -> "(*runtime.guintptr).set";
          "(*runtime.unwinder).resolveInternal" -> "(*runtime.unwinder).finishInternal";
          "(*runtime.unwinder).resolveInternal" -> "(runtime.funcInfo).entry";
          "(*runtime.unwinder).resolveInternal" -> "(runtime.guintptr).ptr";
          "(*runtime.unwinder).resolveInternal" -> "runtime.findfunc";
          "(*runtime.unwinder).resolveInternal" -> "runtime.funcname";
          "(*runtime.unwinder).resolveInternal" -> "runtime.funcspdelta";
          "(*runtime.unwinder).resolveInternal" -> "runtime.funcspdelta";
          "(*runtime.unwinder).resolveInternal" -> "runtime.throw";
          "(*runtime.unwinder).symPC" -> "(runtime.funcInfo).entry";
          "(*runtime.waitReason).String" -> "(runtime.waitReason).String";
          "(*runtime.wbBuf).get2" -> "runtime.wbBufFlush";
          "(*runtime.wbBuf).reset" -> "runtime.throw";
          "(*runtime.workbuf).checkempty" -> "runtime.throw";
          "(*runtime.workbuf).checknonempty" -> "runtime.throw";
          "(*strconv.decimal).Assign" -> "strconv.trim";
          "(*strconv.decimal).Round" -> "(*strconv.decimal).RoundDown";
          "(*strconv.decimal).Round" -> "(*strconv.decimal).RoundUp";
          "(*strconv.decimal).Round" -> "strconv.shouldRoundUp";
          "(*strconv.decimal).RoundDown" -> "strconv.trim";
          "(*strconv.decimal).Shift" -> "strconv.leftShift";
          "(*strconv.decimal).Shift" -> "strconv.leftShift";
          "(*strconv.decimal).Shift" -> "strconv.rightShift";
          "(*strconv.decimal).Shift" -> "strconv.rightShift";
          "(*sync.Map).Load" -> "(*internal/sync.HashTrieMap[any, any]).Load[any any]";
          "(*sync.Map).LoadOrStore" -> "(*internal/sync.HashTrieMap[any, any]).LoadOrStore[any any]";
          "(*sync.Map).Store" -> "(*internal/sync.HashTrieMap[any, any]).Store[any any]";
          "(*sync.Mutex).Lock" -> "(*internal/sync.Mutex).Lock";
          "(*sync.Mutex).Unlock" -> "(*internal/sync.Mutex).Unlock";
          "(*sync.Once).Do" -> "(*sync.Once).doSlow";
          "(*sync.Once).Do" -> "(*sync/atomic.Uint32).Load";
          "(*sync.Once).doSlow" -> "(*runtime.mLockProfile).captureStack$1";
          "(*sync.Once).doSlow" -> "(*runtime.mheap).alloc$1";
          "(*sync.Once).doSlow" -> "(*runtime.mheap).freeSpan$1";
          "(*sync.Once).doSlow" -> "(*runtime.mspan).setUserArenaChunkToFault$1";
          "(*sync.Once).doSlow" -> "(*runtime.p).destroy$1";
          "(*sync.Once).doSlow" -> "(*runtime.pageAlloc).scavenge$1";
          "(*sync.Once).doSlow" -> "(*runtime.rwmutex).rlock$1";
          "(*sync.Once).doSlow" -> "(*runtime.sweepLocked).sweep$1";
          "(*sync.Once).doSlow" -> "(*runtime.traceStringTable).put$1";
          "(*sync.Once).doSlow" -> "(*sync.Mutex).Lock";
          "(*sync.Once).doSlow" -> "(*sync.Mutex).Unlock";
          "(*sync.Once).doSlow" -> "(*sync/atomic.Uint32).Load";
          "(*sync.Once).doSlow" -> "(*sync/atomic.Uint32).Store";
          "(*sync.Once).doSlow" -> "(runtime.traceWriter).refill$1";
          "(*sync.Once).doSlow" -> "internal/poll.runtime_pollServerInit";
          "(*sync.Once).doSlow" -> "reflect.embeddedIfaceMethStub";
          "(*sync.Once).doSlow" -> "reflect.makeFuncStub";
          "(*sync.Once).doSlow" -> "reflect.methodValueCall";
          "(*sync.Once).doSlow" -> "runtime.SetFinalizer$1";
          "(*sync.Once).doSlow" -> "runtime.SetFinalizer$2";
          "(*sync.Once).doSlow" -> "runtime._ExternalCode";
          "(*sync.Once).doSlow" -> "runtime._GC";
          "(*sync.Once).doSlow" -> "runtime._LostContendedRuntimeLock";
          "(*sync.Once).doSlow" -> "runtime._LostExternalCode";
          "(*sync.Once).doSlow" -> "runtime._LostSIGPROFDuringAtomic64";
          "(*sync.Once).doSlow" -> "runtime._System";
          "(*sync.Once).doSlow" -> "runtime._VDSO";
          "(*sync.Once).doSlow" -> "runtime.allocm$1";
          "(*sync.Once).doSlow" -> "runtime.allocmcache$1";
          "(*sync.Once).doSlow" -> "runtime.asyncPreempt";
          "(*sync.Once).doSlow" -> "runtime.callers$1";
          "(*sync.Once).doSlow" -> "runtime.casgstatus$1";
          "(*sync.Once).doSlow" -> "runtime.casgstatus$2";
          "(*sync.Once).doSlow" -> "runtime.casgstatus$3";
          "(*sync.Once).doSlow" -> "runtime.cgoCheckPtrWrite$1";
          "(*sync.Once).doSlow" -> "runtime.cgoSigtramp";
          "(*sync.Once).doSlow" -> "runtime.doRecordGoroutineProfile$1";
          "(*sync.Once).doSlow" -> "runtime.entersyscall_gcwait";
          "(*sync.Once).doSlow" -> "runtime.entersyscall_sysmon";
          "(*sync.Once).doSlow" -> "runtime.exit_trampoline";
          "(*sync.Once).doSlow" -> "runtime.exitsyscall$1";
          "(*sync.Once).doSlow" -> "runtime.exitsyscall$2";
          "(*sync.Once).doSlow" -> "runtime.exitsyscallfast$1";
          "(*sync.Once).doSlow" -> "runtime.exitsyscallfast_reacquired$1";
          "(*sync.Once).doSlow" -> "runtime.fatal$1";
          "(*sync.Once).doSlow" -> "runtime.fatalthrow$1";
          "(*sync.Once).doSlow" -> "runtime.fcntl_trampoline";
          "(*sync.Once).doSlow" -> "runtime.forEachP$1";
          "(*sync.Once).doSlow" -> "runtime.freeSomeWbufs$1";
          "(*sync.Once).doSlow" -> "runtime.freeStackSpans";
          "(*sync.Once).doSlow" -> "runtime.freemcache$1";
          "(*sync.Once).doSlow" -> "runtime.gcAssistAlloc$1";
          "(*sync.Once).doSlow" -> "runtime.gcAssistAlloc$2";
          "(*sync.Once).doSlow" -> "runtime.gcBgMarkWorker$2";
          "(*sync.Once).doSlow" -> "runtime.gcControllerCommit";
          "(*sync.Once).doSlow" -> "runtime.gcMarkDone$2";
          "(*sync.Once).doSlow" -> "runtime.gcMarkDone$3";
          "(*sync.Once).doSlow" -> "runtime.gcMarkDone$4";
          "(*sync.Once).doSlow" -> "runtime.gcMarkTermination$1";
          "(*sync.Once).doSlow" -> "runtime.gcMarkTermination$2";
          "(*sync.Once).doSlow" -> "runtime.gcMarkTermination$3";
          "(*sync.Once).doSlow" -> "runtime.gcMarkTermination$4$1";
          "(*sync.Once).doSlow" -> "runtime.gcMarkTermination$5";
          "(*sync.Once).doSlow" -> "runtime.gcResetMarkState";
          "(*sync.Once).doSlow" -> "runtime.gcStart$1";
          "(*sync.Once).doSlow" -> "runtime.gcStart$2";
          "(*sync.Once).doSlow" -> "runtime.gcStart$3";
          "(*sync.Once).doSlow" -> "runtime.gcStart$4";
          "(*sync.Once).doSlow" -> "runtime.getGCMaskOnDemand$1";
          "(*sync.Once).doSlow" -> "runtime.getempty$1";
          "(*sync.Once).doSlow" -> "runtime.goready$1";
          "(*sync.Once).doSlow" -> "runtime.kevent_trampoline";
          "(*sync.Once).doSlow" -> "runtime.kqueue_trampoline";
          "(*sync.Once).doSlow" -> "runtime.mProf_Malloc$1";
          "(*sync.Once).doSlow" -> "runtime.madvise_trampoline";
          "(*sync.Once).doSlow" -> "runtime.malg$1";
          "(*sync.Once).doSlow" -> "runtime.markroot$1";
          "(*sync.Once).doSlow" -> "runtime.markrootFreeGStacks";
          "(*sync.Once).doSlow" -> "runtime.mlock_trampoline";
          "(*sync.Once).doSlow" -> "runtime.mmap_trampoline";
          "(*sync.Once).doSlow" -> "runtime.mspinning";
          "(*sync.Once).doSlow" -> "runtime.mstart";
          "(*sync.Once).doSlow" -> "runtime.mstart_stub";
          "(*sync.Once).doSlow" -> "runtime.munmap_trampoline";
          "(*sync.Once).doSlow" -> "runtime.nanotime_trampoline";
          "(*sync.Once).doSlow" -> "runtime.osyield";
          "(*sync.Once).doSlow" -> "runtime.persistentalloc$1";
          "(*sync.Once).doSlow" -> "runtime.printArgs$3";
          "(*sync.Once).doSlow" -> "runtime.pthread_attr_getstacksize_trampoline";
          "(*sync.Once).doSlow" -> "runtime.pthread_attr_init_trampoline";
          "(*sync.Once).doSlow" -> "runtime.pthread_attr_setdetachstate_trampoline";
          "(*sync.Once).doSlow" -> "runtime.pthread_cond_init_trampoline";
          "(*sync.Once).doSlow" -> "runtime.pthread_cond_signal_trampoline";
          "(*sync.Once).doSlow" -> "runtime.pthread_cond_timedwait_relative_np_trampoline";
          "(*sync.Once).doSlow" -> "runtime.pthread_cond_wait_trampoline";
          "(*sync.Once).doSlow" -> "runtime.pthread_create_trampoline";
          "(*sync.Once).doSlow" -> "runtime.pthread_kill_trampoline";
          "(*sync.Once).doSlow" -> "runtime.pthread_mutex_init_trampoline";
          "(*sync.Once).doSlow" -> "runtime.pthread_mutex_lock_trampoline";
          "(*sync.Once).doSlow" -> "runtime.pthread_mutex_unlock_trampoline";
          "(*sync.Once).doSlow" -> "runtime.raise_trampoline";
          "(*sync.Once).doSlow" -> "runtime.raiseproc_trampoline";
          "(*sync.Once).doSlow" -> "runtime.reentersyscall$1";
          "(*sync.Once).doSlow" -> "runtime.reentersyscall$2";
          "(*sync.Once).doSlow" -> "runtime.reentersyscall$3";
          "(*sync.Once).doSlow" -> "runtime.runSafePointFn";
          "(*sync.Once).doSlow" -> "runtime.sigaction_trampoline";
          "(*sync.Once).doSlow" -> "runtime.sigpanic";
          "(*sync.Once).doSlow" -> "runtime.sigprocmask_trampoline";
          "(*sync.Once).doSlow" -> "runtime.sigtramp";
          "(*sync.Once).doSlow" -> "runtime.startTheWorld$1";
          "(*sync.Once).doSlow" -> "runtime.stopTheWorld$1";
          "(*sync.Once).doSlow" -> "runtime.sweepone$1";
          "(*sync.Once).doSlow" -> "runtime.throw$1";
          "(*sync.Once).doSlow" -> "runtime.traceThreadDestroy$1";
          "(*sync.Once).doSlow" -> "runtime.unreachableMethod";
          "(*sync.Once).doSlow" -> "runtime.usleep_trampoline";
          "(*sync.Once).doSlow" -> "runtime.walltime_trampoline";
          "(*sync.Once).doSlow" -> "runtime.wbBufFlush$1";
          "(*sync.Once).doSlow" -> "runtime.wirep$1";
          "(*sync.Once).doSlow" -> "runtime.wirep$2";
          "(*sync.Once).doSlow" -> "runtime.write_trampoline";
          "(*sync.Once).doSlow" -> "syscall.copyenv";
          "(*sync.Once).doSlow" -> "syscall.libc_close_trampoline";
          "(*sync.Once).doSlow" -> "syscall.libc_closedir_trampoline";
          "(*sync.Once).doSlow" -> "syscall.libc_dup_trampoline";
          "(*sync.Once).doSlow" -> "syscall.libc_fchdir_trampoline";
          "(*sync.Once).doSlow" -> "syscall.libc_fchmod_trampoline";
          "(*sync.Once).doSlow" -> "syscall.libc_fchown_trampoline";
          "(*sync.Once).doSlow" -> "syscall.libc_fcntl_trampoline";
          "(*sync.Once).doSlow" -> "syscall.libc_fdopendir_trampoline";
          "(*sync.Once).doSlow" -> "syscall.libc_fstat_trampoline";
          "(*sync.Once).doSlow" -> "syscall.libc_fsync_trampoline";
          "(*sync.Once).doSlow" -> "syscall.libc_ftruncate_trampoline";
          "(*sync.Once).doSlow" -> "syscall.libc_getsockopt_trampoline";
          "(*sync.Once).doSlow" -> "syscall.libc_lseek_trampoline";
          "(*sync.Once).doSlow" -> "syscall.libc_open_trampoline";
          "(*sync.Once).doSlow" -> "syscall.libc_openat_trampoline";
          "(*sync.Once).doSlow" -> "syscall.libc_pread_trampoline";
          "(*sync.Once).doSlow" -> "syscall.libc_pwrite_trampoline";
          "(*sync.Once).doSlow" -> "syscall.libc_read_trampoline";
          "(*sync.Once).doSlow" -> "syscall.libc_readdir_r_trampoline";
          "(*sync.Once).doSlow" -> "syscall.libc_recvfrom_trampoline";
          "(*sync.Once).doSlow" -> "syscall.libc_recvmsg_trampoline";
          "(*sync.Once).doSlow" -> "syscall.libc_sendmsg_trampoline";
          "(*sync.Once).doSlow" -> "syscall.libc_sendto_trampoline";
          "(*sync.Once).doSlow" -> "syscall.libc_setsockopt_trampoline";
          "(*sync.Once).doSlow" -> "syscall.libc_shutdown_trampoline";
          "(*sync.Once).doSlow" -> "syscall.libc_write_trampoline";
          "(*sync.Once).doSlow" -> "time.FixedZone$1";
          "(*sync.Once).doSlow" -> "time.initLocal";
          "(*sync.Pool).Get" -> "(*sync.Pool).getSlow";
          "(*sync.Pool).Get" -> "(*sync.Pool).pin";
          "(*sync.Pool).Get" -> "(*sync.poolChain).popHead";
          "(*sync.Pool).Get" -> "internal/race.Acquire";
          "(*sync.Pool).Get" -> "internal/race.Disable";
          "(*sync.Pool).Get" -> "internal/race.Enable";
          "(*sync.Pool).Get" -> "reflect.funcLayout$1";
          "(*sync.Pool).Get" -> "sync.poolRaceAddr";
          "(*sync.Pool).Get" -> "sync.runtime_procUnpin";
          "(*sync.Pool).Put" -> "(*sync.Pool).pin";
          "(*sync.Pool).Put" -> "(*sync.poolChain).pushHead";
          "(*sync.Pool).Put" -> "internal/race.Disable";
          "(*sync.Pool).Put" -> "internal/race.Enable";
          "(*sync.Pool).Put" -> "internal/race.ReleaseMerge";
          "(*sync.Pool).Put" -> "sync.poolRaceAddr";
          "(*sync.Pool).Put" -> "sync.runtime_procUnpin";
          "(*sync.Pool).Put" -> "sync.runtime_randn";
          "(*sync.Pool).getSlow" -> "(*sync.poolChain).popTail";
          "(*sync.Pool).getSlow" -> "(*sync.poolChain).popTail";
          "(*sync.Pool).getSlow" -> "sync.indexLocal";
          "(*sync.Pool).getSlow" -> "sync.indexLocal";
          "(*sync.Pool).getSlow" -> "sync.indexLocal";
          "(*sync.Pool).getSlow" -> "sync.runtime_LoadAcquintptr";
          "(*sync.Pool).getSlow" -> "sync/atomic.LoadUintptr";
          "(*sync.Pool).getSlow" -> "sync/atomic.StoreUintptr";
          "(*sync.Pool).pin" -> "(*sync.Pool).pinSlow";
          "(*sync.Pool).pin" -> "sync.indexLocal";
          "(*sync.Pool).pin" -> "sync.runtime_LoadAcquintptr";
          "(*sync.Pool).pin" -> "sync.runtime_procPin";
          "(*sync.Pool).pinSlow" -> "(*sync.Mutex).Lock";
          "(*sync.Pool).pinSlow" -> "(*sync.Mutex).Unlock";
          "(*sync.Pool).pinSlow" -> "runtime.GOMAXPROCS";
          "(*sync.Pool).pinSlow" -> "sync.indexLocal";
          "(*sync.Pool).pinSlow" -> "sync.runtime_StoreReluintptr";
          "(*sync.Pool).pinSlow" -> "sync.runtime_procPin";
          "(*sync.Pool).pinSlow" -> "sync.runtime_procUnpin";
          "(*sync.Pool).pinSlow" -> "sync/atomic.StorePointer";
          "(*sync.RWMutex).RLock" -> "(*sync/atomic.Int32).Add";
          "(*sync.RWMutex).RLock" -> "internal/race.Acquire";
          "(*sync.RWMutex).RLock" -> "internal/race.Disable";
          "(*sync.RWMutex).RLock" -> "internal/race.Enable";
          "(*sync.RWMutex).RLock" -> "internal/race.Read";
          "(*sync.RWMutex).RLock" -> "sync.runtime_SemacquireRWMutexR";
          "(*sync.RWMutex).RUnlock" -> "(*sync.RWMutex).rUnlockSlow";
          "(*sync.RWMutex).RUnlock" -> "(*sync/atomic.Int32).Add";
          "(*sync.RWMutex).RUnlock" -> "internal/race.Disable";
          "(*sync.RWMutex).RUnlock" -> "internal/race.Enable";
          "(*sync.RWMutex).RUnlock" -> "internal/race.Read";
          "(*sync.RWMutex).RUnlock" -> "internal/race.ReleaseMerge";
          "(*sync.RWMutex).rUnlockSlow" -> "(*sync/atomic.Int32).Add";
          "(*sync.RWMutex).rUnlockSlow" -> "internal/race.Enable";
          "(*sync.RWMutex).rUnlockSlow" -> "sync.fatal";
          "(*sync.RWMutex).rUnlockSlow" -> "sync.runtime_Semrelease";
          "(*sync.poolChain).popHead" -> "(*sync.poolDequeue).popHead";
          "(*sync.poolChain).popHead" -> "(*sync/atomic.Pointer[sync.poolChainElt]).Load[sync.poolChainElt]";
          "(*sync.poolChain).popTail" -> "(*sync.poolDequeue).popTail";
          "(*sync.poolChain).popTail" -> "(*sync/atomic.Pointer[sync.poolChainElt]).CompareAndSwap[sync.poolChainElt]";
          "(*sync.poolChain).popTail" -> "(*sync/atomic.Pointer[sync.poolChainElt]).Load[sync.poolChainElt]";
          "(*sync.poolChain).popTail" -> "(*sync/atomic.Pointer[sync.poolChainElt]).Load[sync.poolChainElt]";
          "(*sync.poolChain).popTail" -> "(*sync/atomic.Pointer[sync.poolChainElt]).Store[sync.poolChainElt]";
          "(*sync.poolChain).pushHead" -> "(*sync.poolDequeue).pushHead";
          "(*sync.poolChain).pushHead" -> "(*sync.poolDequeue).pushHead";
          "(*sync.poolChain).pushHead" -> "(*sync/atomic.Pointer[sync.poolChainElt]).Store[sync.poolChainElt]";
          "(*sync.poolChain).pushHead" -> "(*sync/atomic.Pointer[sync.poolChainElt]).Store[sync.poolChainElt]";
          "(*sync.poolChain).pushHead" -> "(*sync/atomic.Pointer[sync.poolChainElt]).Store[sync.poolChainElt]";
          "(*sync.poolDequeue).popHead" -> "(*sync.poolDequeue).pack";
          "(*sync.poolDequeue).popHead" -> "(*sync.poolDequeue).unpack";
          "(*sync.poolDequeue).popHead" -> "(*sync/atomic.Uint64).CompareAndSwap";
          "(*sync.poolDequeue).popHead" -> "(*sync/atomic.Uint64).Load";
          "(*sync.poolDequeue).popTail" -> "(*sync.poolDequeue).pack";
          "(*sync.poolDequeue).popTail" -> "(*sync.poolDequeue).unpack";
          "(*sync.poolDequeue).popTail" -> "(*sync/atomic.Uint64).CompareAndSwap";
          "(*sync.poolDequeue).popTail" -> "(*sync/atomic.Uint64).Load";
          "(*sync.poolDequeue).popTail" -> "sync/atomic.StorePointer";
          "(*sync.poolDequeue).pushHead" -> "(*sync.poolDequeue).unpack";
          "(*sync.poolDequeue).pushHead" -> "(*sync/atomic.Uint64).Add";
          "(*sync.poolDequeue).pushHead" -> "(*sync/atomic.Uint64).Load";
          "(*sync.poolDequeue).pushHead" -> "sync/atomic.LoadPointer";
          "(*sync/atomic.Bool).Load" -> "sync/atomic.LoadUint32";
          "(*sync/atomic.Bool).Store" -> "sync/atomic.StoreUint32";
          "(*sync/atomic.Bool).Store" -> "sync/atomic.b32";
          "(*sync/atomic.Int32).Add" -> "sync/atomic.AddInt32";
          "(*sync/atomic.Pointer[internal/sync.entry[any, any]]).Load[internal/sync.entry[any, any]]" -> "sync/atomic.LoadPointer";
          "(*sync/atomic.Pointer[internal/sync.entry[any, any]]).Store[internal/sync.entry[any, any]]" -> "sync/atomic.StorePointer";
          "(*sync/atomic.Pointer[internal/sync.indirect[any, any]]).Load[internal/sync.indirect[any, any]]" -> "sync/atomic.LoadPointer";
          "(*sync/atomic.Pointer[internal/sync.indirect[any, any]]).Store[internal/sync.indirect[any, any]]" -> "sync/atomic.StorePointer";
          "(*sync/atomic.Pointer[internal/sync.node[any, any]]).Load[internal/sync.node[any, any]]" -> "sync/atomic.LoadPointer";
          "(*sync/atomic.Pointer[internal/sync.node[any, any]]).Store[internal/sync.node[any, any]]" -> "sync/atomic.StorePointer";
          "(*sync/atomic.Pointer[os.dirInfo]).CompareAndSwap[os.dirInfo]" -> "sync/atomic.CompareAndSwapPointer";
          "(*sync/atomic.Pointer[os.dirInfo]).Load[os.dirInfo]" -> "sync/atomic.LoadPointer";
          "(*sync/atomic.Pointer[os.dirInfo]).Store[os.dirInfo]" -> "sync/atomic.StorePointer";
          "(*sync/atomic.Pointer[os.dirInfo]).Swap[os.dirInfo]" -> "sync/atomic.SwapPointer";
          "(*sync/atomic.Pointer[sync.poolChainElt]).CompareAndSwap[sync.poolChainElt]" -> "sync/atomic.CompareAndSwapPointer";
          "(*sync/atomic.Pointer[sync.poolChainElt]).Load[sync.poolChainElt]" -> "sync/atomic.LoadPointer";
          "(*sync/atomic.Pointer[sync.poolChainElt]).Store[sync.poolChainElt]" -> "sync/atomic.StorePointer";
          "(*sync/atomic.Uint32).Load" -> "sync/atomic.LoadUint32";
          "(*sync/atomic.Uint32).Store" -> "sync/atomic.StoreUint32";
          "(*sync/atomic.Uint64).Add" -> "sync/atomic.AddUint64";
          "(*sync/atomic.Uint64).CompareAndSwap" -> "sync/atomic.CompareAndSwapUint64";
          "(*sync/atomic.Uint64).Load" -> "sync/atomic.LoadUint64";
          "(*syscall.Errno).Error" -> "(syscall.Errno).Error";
          "(*syscall.Errno).Is" -> "(syscall.Errno).Is";
          "(*syscall.Errno).Temporary" -> "(syscall.Errno).Temporary";
          "(*syscall.Errno).Timeout" -> "(syscall.Errno).Timeout";
          "(*time.Duration).Abs" -> "(time.Duration).Abs";
          "(*time.Duration).Hours" -> "(time.Duration).Hours";
          "(*time.Duration).Microseconds" -> "(time.Duration).Microseconds";
          "(*time.Duration).Milliseconds" -> "(time.Duration).Milliseconds";
          "(*time.Duration).Minutes" -> "(time.Duration).Minutes";
          "(*time.Duration).Nanoseconds" -> "(time.Duration).Nanoseconds";
          "(*time.Duration).Round" -> "(time.Duration).Round";
          "(*time.Duration).Seconds" -> "(time.Duration).Seconds";
          "(*time.Duration).String" -> "(time.Duration).String";
          "(*time.Duration).Truncate" -> "(time.Duration).Truncate";
          "(*time.Location).String" -> "(*time.Location).get";
          "(*time.Location).get" -> "(*sync.Once).Do";
          "(*time.Location).lookup" -> "(*time.Location).get";
          "(*time.Location).lookup" -> "(*time.Location).lookupFirstZone";
          "(*time.Location).lookup" -> "time.tzset";
          "(*time.Location).lookupFirstZone" -> "(*time.Location).firstZoneUsed";
          "(*time.Location).lookupName" -> "(*time.Location).get";
          "(*time.Location).lookupName" -> "(*time.Location).lookup";
          "(*time.Month).String" -> "(time.Month).String";
          "(*time.ParseError).Error" -> "time.quote";
          "(*time.ParseError).Error" -> "time.quote";
          "(*time.ParseError).Error" -> "time.quote";
          "(*time.ParseError).Error" -> "time.quote";
          "(*time.ParseError).Error" -> "time.quote";
          "(*time.Time).Add" -> "(time.Time).Add";
          "(*time.Time).AddDate" -> "(time.Time).AddDate";
          "(*time.Time).After" -> "(time.Time).After";
          "(*time.Time).AppendBinary" -> "(time.Time).AppendBinary";
          "(*time.Time).AppendFormat" -> "(time.Time).AppendFormat";
          "(*time.Time).AppendText" -> "(time.Time).AppendText";
          "(*time.Time).Before" -> "(time.Time).Before";
          "(*time.Time).Clock" -> "(time.Time).Clock";
          "(*time.Time).Compare" -> "(time.Time).Compare";
          "(*time.Time).Date" -> "(time.Time).Date";
          "(*time.Time).Day" -> "(time.Time).Day";
          "(*time.Time).Equal" -> "(time.Time).Equal";
          "(*time.Time).Format" -> "(time.Time).Format";
          "(*time.Time).GoString" -> "(time.Time).GoString";
          "(*time.Time).GobDecode" -> "(*time.Time).UnmarshalBinary";
          "(*time.Time).GobEncode" -> "(time.Time).GobEncode";
          "(*time.Time).Hour" -> "(time.Time).Hour";
          "(*time.Time).ISOWeek" -> "(time.Time).ISOWeek";
          "(*time.Time).In" -> "(time.Time).In";
          "(*time.Time).IsDST" -> "(time.Time).IsDST";
          "(*time.Time).IsZero" -> "(time.Time).IsZero";
          "(*time.Time).Local" -> "(time.Time).Local";
          "(*time.Time).Location" -> "(time.Time).Location";
          "(*time.Time).MarshalBinary" -> "(time.Time).MarshalBinary";
          "(*time.Time).MarshalJSON" -> "(time.Time).MarshalJSON";
          "(*time.Time).MarshalText" -> "(time.Time).MarshalText";
          "(*time.Time).Minute" -> "(time.Time).Minute";
          "(*time.Time).Month" -> "(time.Time).Month";
          "(*time.Time).Nanosecond" -> "(time.Time).Nanosecond";
          "(*time.Time).Round" -> "(time.Time).Round";
          "(*time.Time).Second" -> "(time.Time).Second";
          "(*time.Time).String" -> "(time.Time).String";
          "(*time.Time).Sub" -> "(time.Time).Sub";
          "(*time.Time).Truncate" -> "(time.Time).Truncate";
          "(*time.Time).UTC" -> "(time.Time).UTC";
          "(*time.Time).Unix" -> "(time.Time).Unix";
          "(*time.Time).UnixMicro" -> "(time.Time).UnixMicro";
          "(*time.Time).UnixMilli" -> "(time.Time).UnixMilli";
          "(*time.Time).UnixNano" -> "(time.Time).UnixNano";
          "(*time.Time).UnmarshalBinary" -> "(*time.Location).lookup";
          "(*time.Time).UnmarshalBinary" -> "(*time.Time).setLoc";
          "(*time.Time).UnmarshalBinary" -> "(*time.Time).setLoc";
          "(*time.Time).UnmarshalBinary" -> "(*time.Time).setLoc";
          "(*time.Time).UnmarshalBinary" -> "(*time.Time).unixSec";
          "(*time.Time).UnmarshalBinary" -> "errors.New";
          "(*time.Time).UnmarshalBinary" -> "errors.New";
          "(*time.Time).UnmarshalBinary" -> "errors.New";
          "(*time.Time).UnmarshalBinary" -> "time.FixedZone";
          "(*time.Time).UnmarshalJSON" -> "errors.New";
          "(*time.Time).UnmarshalJSON" -> "time.parseStrictRFC3339";
          "(*time.Time).UnmarshalText" -> "time.parseStrictRFC3339";
          "(*time.Time).Weekday" -> "(time.Time).Weekday";
          "(*time.Time).Year" -> "(time.Time).Year";
          "(*time.Time).YearDay" -> "(time.Time).YearDay";
          "(*time.Time).Zone" -> "(time.Time).Zone";
          "(*time.Time).ZoneBounds" -> "(time.Time).ZoneBounds";
          "(*time.Time).addSec" -> "(*time.Time).stripMono";
          "(*time.Time).setLoc" -> "(*time.Time).stripMono";
          "(*time.Time).stripMono" -> "(*time.Time).sec";
          "(*time.Time).unixSec" -> "(*time.Time).sec";
          "(*time.Weekday).String" -> "(time.Weekday).String";
          "(*time.dataIO).big4" -> "(*time.dataIO).read";
          "(*time.dataIO).big8" -> "(*time.dataIO).big4";
          "(*time.dataIO).big8" -> "(*time.dataIO).big4";
          "(*time.dataIO).byte" -> "(*time.dataIO).read";
          "(*time.fileSizeError).Error" -> "(time.fileSizeError).Error";
          "(internal/abi.Name).Data" -> "internal/abi.addChecked";
          "(internal/abi.Name).DataChecked" -> "internal/abi.addChecked";
          "(internal/abi.Name).IsBlank" -> "(internal/abi.Name).Data";
          "(internal/abi.Name).IsBlank" -> "(internal/abi.Name).ReadVarint";
          "(internal/abi.Name).Name" -> "(internal/abi.Name).DataChecked";
          "(internal/abi.Name).Name" -> "(internal/abi.Name).ReadVarint";
          "(internal/abi.Name).ReadVarint" -> "(internal/abi.Name).DataChecked";
          "(internal/abi.Name).Tag" -> "(internal/abi.Name).DataChecked";
          "(internal/abi.Name).Tag" -> "(internal/abi.Name).HasTag";
          "(internal/abi.Name).Tag" -> "(internal/abi.Name).ReadVarint";
          "(internal/abi.Name).Tag" -> "(internal/abi.Name).ReadVarint";
          "(internal/reflectlite.name).data" -> "internal/reflectlite.add";
          "(internal/reflectlite.name).name" -> "(internal/reflectlite.name).data";
          "(internal/reflectlite.name).name" -> "(internal/reflectlite.name).readVarint";
          "(internal/reflectlite.name).readVarint" -> "(internal/reflectlite.name).data";
          "(internal/reflectlite.rtype).Align" -> "(*internal/abi.Type).Align";
          "(internal/reflectlite.rtype).ArrayType" -> "(*internal/abi.Type).ArrayType";
          "(internal/reflectlite.rtype).AssignableTo" -> "(*internal/reflectlite.rtype).common";
          "(internal/reflectlite.rtype).AssignableTo" -> "(internal/reflectlite.rtype).common";
          "(internal/reflectlite.rtype).AssignableTo" -> "(internal/reflectlite.rtype).common";
          "(internal/reflectlite.rtype).AssignableTo" -> "internal/reflectlite.directlyAssignable";
          "(internal/reflectlite.rtype).AssignableTo" -> "internal/reflectlite.implements";
          "(internal/reflectlite.rtype).ChanDir" -> "(*internal/abi.Type).ChanDir";
          "(internal/reflectlite.rtype).Common" -> "(*internal/abi.Type).Common";
          "(internal/reflectlite.rtype).Elem" -> "(internal/reflectlite.rtype).common";
          "(internal/reflectlite.rtype).Elem" -> "internal/reflectlite.elem";
          "(internal/reflectlite.rtype).Elem" -> "internal/reflectlite.toType";
          "(internal/reflectlite.rtype).ExportedMethods" -> "(*internal/abi.Type).ExportedMethods";
          "(internal/reflectlite.rtype).FieldAlign" -> "(*internal/abi.Type).FieldAlign";
          "(internal/reflectlite.rtype).FuncType" -> "(*internal/abi.Type).FuncType";
          "(internal/reflectlite.rtype).GcSlice" -> "(*internal/abi.Type).GcSlice";
          "(internal/reflectlite.rtype).HasName" -> "(*internal/abi.Type).HasName";
          "(internal/reflectlite.rtype).IfaceIndir" -> "(*internal/abi.Type).IfaceIndir";
          "(internal/reflectlite.rtype).Implements" -> "(*internal/reflectlite.rtype).Kind";
          "(internal/reflectlite.rtype).Implements" -> "(*internal/reflectlite.rtype).common";
          "(internal/reflectlite.rtype).Implements" -> "(internal/reflectlite.rtype).Kind";
          "(internal/reflectlite.rtype).Implements" -> "(internal/reflectlite.rtype).common";
          "(internal/reflectlite.rtype).Implements" -> "(internal/reflectlite.rtype).common";
          "(internal/reflectlite.rtype).Implements" -> "internal/reflectlite.implements";
          "(internal/reflectlite.rtype).In" -> "(*internal/abi.FuncType).InSlice";
          "(internal/reflectlite.rtype).In" -> "(*internal/abi.Type).FuncType";
          "(internal/reflectlite.rtype).In" -> "internal/reflectlite.toType";
          "(internal/reflectlite.rtype).InterfaceType" -> "(*internal/abi.Type).InterfaceType";
          "(internal/reflectlite.rtype).IsDirectIface" -> "(*internal/abi.Type).IsDirectIface";
          "(internal/reflectlite.rtype).Key" -> "(*internal/abi.Type).MapType";
          "(internal/reflectlite.rtype).Key" -> "internal/reflectlite.toType";
          "(internal/reflectlite.rtype).Kind" -> "(*internal/abi.Type).Kind";
          "(internal/reflectlite.rtype).Len" -> "(*internal/abi.Type).ArrayType";
          "(internal/reflectlite.rtype).MapType" -> "(*internal/abi.Type).MapType";
          "(internal/reflectlite.rtype).Name" -> "(*internal/abi.Type).HasName";
          "(internal/reflectlite.rtype).Name" -> "(internal/reflectlite.rtype).String";
          "(internal/reflectlite.rtype).NumField" -> "(*internal/abi.Type).StructType";
          "(internal/reflectlite.rtype).NumIn" -> "(*internal/abi.Type).FuncType";
          "(internal/reflectlite.rtype).NumMethod" -> "(*internal/abi.InterfaceType).NumMethod";
          "(internal/reflectlite.rtype).NumMethod" -> "(*internal/abi.Type).InterfaceType";
          "(internal/reflectlite.rtype).NumMethod" -> "(internal/reflectlite.rtype).exportedMethods";
          "(internal/reflectlite.rtype).NumOut" -> "(*internal/abi.FuncType).NumOut";
          "(internal/reflectlite.rtype).NumOut" -> "(*internal/abi.Type).FuncType";
          "(internal/reflectlite.rtype).Out" -> "(*internal/abi.FuncType).OutSlice";
          "(internal/reflectlite.rtype).Out" -> "(*internal/abi.Type).FuncType";
          "(internal/reflectlite.rtype).Out" -> "internal/reflectlite.toType";
          "(internal/reflectlite.rtype).PkgPath" -> "(internal/abi.Name).Name";
          "(internal/reflectlite.rtype).PkgPath" -> "(internal/reflectlite.rtype).nameOff";
          "(internal/reflectlite.rtype).PkgPath" -> "(internal/reflectlite.rtype).uncommon";
          "(internal/reflectlite.rtype).Pointers" -> "(*internal/abi.Type).Pointers";
          "(internal/reflectlite.rtype).Size" -> "(*internal/abi.Type).Size";
          "(internal/reflectlite.rtype).String" -> "(internal/abi.Name).Name";
          "(internal/reflectlite.rtype).String" -> "(internal/reflectlite.rtype).nameOff";
          "(internal/reflectlite.rtype).StructType" -> "(*internal/abi.Type).StructType";
          "(internal/reflectlite.rtype).Uncommon" -> "(*internal/abi.Type).Uncommon";
          "(internal/reflectlite.rtype).exportedMethods" -> "(*internal/abi.UncommonType).ExportedMethods";
          "(internal/reflectlite.rtype).exportedMethods" -> "(internal/reflectlite.rtype).uncommon";
          "(internal/reflectlite.rtype).nameOff" -> "internal/reflectlite.resolveNameOff";
          "(internal/reflectlite.rtype).typeOff" -> "internal/reflectlite.resolveTypeOff";
          "(internal/reflectlite.rtype).uncommon" -> "(*internal/abi.Type).Uncommon";
          "(internal/runtime/maps.bitset).first" -> "internal/runtime/maps.bitsetFirst";
          "(internal/runtime/maps.bitset).removeBelow" -> "internal/runtime/maps.bitsetRemoveBelow";
          "(internal/runtime/maps.ctrlGroup).matchEmpty" -> "internal/runtime/maps.ctrlGroupMatchEmpty";
          "(internal/runtime/maps.ctrlGroup).matchEmptyOrDeleted" -> "internal/runtime/maps.ctrlGroupMatchEmptyOrDeleted";
          "(internal/runtime/maps.ctrlGroup).matchFull" -> "internal/runtime/maps.ctrlGroupMatchFull";
          "(internal/runtime/maps.ctrlGroup).matchH2" -> "internal/runtime/maps.ctrlGroupMatchH2";
          "(os.fileWithoutReadFrom).Chdir" -> "(*os.File).Chdir";
          "(os.fileWithoutReadFrom).Chmod" -> "(*os.File).Chmod";
          "(os.fileWithoutReadFrom).Chown" -> "(*os.File).Chown";
          "(os.fileWithoutReadFrom).Close" -> "(*os.File).Close";
          "(os.fileWithoutReadFrom).Fd" -> "(*os.File).Fd";
          "(os.fileWithoutReadFrom).Name" -> "(*os.File).Name";
          "(os.fileWithoutReadFrom).Read" -> "(*os.File).Read";
          "(os.fileWithoutReadFrom).ReadAt" -> "(*os.File).ReadAt";
          "(os.fileWithoutReadFrom).ReadDir" -> "(*os.File).ReadDir";
          "(os.fileWithoutReadFrom).Readdir" -> "(*os.File).Readdir";
          "(os.fileWithoutReadFrom).Readdirnames" -> "(*os.File).Readdirnames";
          "(os.fileWithoutReadFrom).Seek" -> "(*os.File).Seek";
          "(os.fileWithoutReadFrom).SetDeadline" -> "(*os.File).SetDeadline";
          "(os.fileWithoutReadFrom).SetReadDeadline" -> "(*os.File).SetReadDeadline";
          "(os.fileWithoutReadFrom).SetWriteDeadline" -> "(*os.File).SetWriteDeadline";
          "(os.fileWithoutReadFrom).Stat" -> "(*os.File).Stat";
          "(os.fileWithoutReadFrom).Sync" -> "(*os.File).Sync";
          "(os.fileWithoutReadFrom).SyscallConn" -> "(*os.File).SyscallConn";
          "(os.fileWithoutReadFrom).Truncate" -> "(*os.File).Truncate";
          "(os.fileWithoutReadFrom).Write" -> "(*os.File).Write";
          "(os.fileWithoutReadFrom).WriteAt" -> "(*os.File).WriteAt";
          "(os.fileWithoutReadFrom).WriteString" -> "(*os.File).WriteString";
          "(os.fileWithoutReadFrom).WriteTo" -> "(*os.File).WriteTo";
          "(os.fileWithoutWriteTo).Chdir" -> "(*os.File).Chdir";
          "(os.fileWithoutWriteTo).Chmod" -> "(*os.File).Chmod";
          "(os.fileWithoutWriteTo).Chown" -> "(*os.File).Chown";
          "(os.fileWithoutWriteTo).Close" -> "(*os.File).Close";
          "(os.fileWithoutWriteTo).Fd" -> "(*os.File).Fd";
          "(os.fileWithoutWriteTo).Name" -> "(*os.File).Name";
          "(os.fileWithoutWriteTo).Read" -> "(*os.File).Read";
          "(os.fileWithoutWriteTo).ReadAt" -> "(*os.File).ReadAt";
          "(os.fileWithoutWriteTo).ReadDir" -> "(*os.File).ReadDir";
          "(os.fileWithoutWriteTo).ReadFrom" -> "(*os.File).ReadFrom";
          "(os.fileWithoutWriteTo).Readdir" -> "(*os.File).Readdir";
          "(os.fileWithoutWriteTo).Readdirnames" -> "(*os.File).Readdirnames";
          "(os.fileWithoutWriteTo).Seek" -> "(*os.File).Seek";
          "(os.fileWithoutWriteTo).SetDeadline" -> "(*os.File).SetDeadline";
          "(os.fileWithoutWriteTo).SetReadDeadline" -> "(*os.File).SetReadDeadline";
          "(os.fileWithoutWriteTo).SetWriteDeadline" -> "(*os.File).SetWriteDeadline";
          "(os.fileWithoutWriteTo).Stat" -> "(*os.File).Stat";
          "(os.fileWithoutWriteTo).Sync" -> "(*os.File).Sync";
          "(os.fileWithoutWriteTo).SyscallConn" -> "(*os.File).SyscallConn";
          "(os.fileWithoutWriteTo).Truncate" -> "(*os.File).Truncate";
          "(os.fileWithoutWriteTo).Write" -> "(*os.File).Write";
          "(os.fileWithoutWriteTo).WriteAt" -> "(*os.File).WriteAt";
          "(os.fileWithoutWriteTo).WriteString" -> "(*os.File).WriteString";
          "(reflect.ChanDir).String" -> "strconv.Itoa";
          "(reflect.Kind).String" -> "strconv.Itoa";
          "(reflect.StructTag).Get" -> "(reflect.StructTag).Lookup";
          "(reflect.StructTag).Lookup" -> "strconv.Unquote";
          "(reflect.Value).Addr" -> "(reflect.Value).typ";
          "(reflect.Value).Addr" -> "reflect.ptrTo";
          "(reflect.Value).Bool" -> "(reflect.Value).panicNotBool";
          "(reflect.Value).Bool" -> "(reflect.flag).kind";
          "(reflect.Value).Bytes" -> "(reflect.Value).bytesSlow";
          "(reflect.Value).Call" -> "(*internal/poll.FD).Fchmod$1";
          "(reflect.Value).Call" -> "(*internal/poll.FD).Fchown$1";
          "(reflect.Value).Call" -> "(*internal/poll.FD).Fstat$1";
          "(reflect.Value).Call" -> "(*internal/poll.FD).Fsync$1";
          "(reflect.Value).Call" -> "(*internal/poll.FD).Ftruncate$1";
          "(reflect.Value).Call" -> "(*reflect.structType).FieldByName$1";
          "(reflect.Value).Call" -> "(*runtime.itabTableType).add$bound";
          "(reflect.Value).Call" -> "(*runtime.mLockProfile).captureStack$1";
          "(reflect.Value).Call" -> "(*runtime.mheap).alloc$1";
          "(reflect.Value).Call" -> "(*runtime.mheap).allocSpan$1";
          "(reflect.Value).Call" -> "(*runtime.mheap).freeSpan$1";
          "(reflect.Value).Call" -> "(*runtime.mspan).setUserArenaChunkToFault$1";
          "(reflect.Value).Call" -> "(*runtime.p).destroy$1";
          "(reflect.Value).Call" -> "(*runtime.pageAlloc).find$1";
          "(reflect.Value).Call" -> "(*runtime.pageAlloc).scavenge$1";
          "(reflect.Value).Call" -> "(*runtime.pageAlloc).sysGrow$1";
          "(reflect.Value).Call" -> "(*runtime.pageAlloc).sysGrow$2";
          "(reflect.Value).Call" -> "(*runtime.pageAlloc).sysGrow$3";
          "(reflect.Value).Call" -> "(*runtime.rwmutex).rlock$1";
          "(reflect.Value).Call" -> "(*runtime.sweepLocked).sweep$1";
          "(reflect.Value).Call" -> "(*runtime.timer).unlockAndRun$1";
          "(reflect.Value).Call" -> "(*runtime.timers).run$thunk";
          "(reflect.Value).Call" -> "(*runtime.traceStringTable).put$1";
          "(reflect.Value).Call" -> "(reflect.Value).Seq$1";
          "(reflect.Value).Call" -> "(reflect.Value).Seq$1$1";
          "(reflect.Value).Call" -> "(reflect.Value).Seq$2";
          "(reflect.Value).Call" -> "(reflect.Value).Seq$3";
          "(reflect.Value).Call" -> "(reflect.Value).Seq$4";
          "(reflect.Value).Call" -> "(reflect.Value).Seq$5";
          "(reflect.Value).Call" -> "(reflect.Value).Seq$6";
          "(reflect.Value).Call" -> "(reflect.Value).Seq2$1";
          "(reflect.Value).Call" -> "(reflect.Value).Seq2$1$1";
          "(reflect.Value).Call" -> "(reflect.Value).Seq2$2";
          "(reflect.Value).Call" -> "(reflect.Value).Seq2$3";
          "(reflect.Value).Call" -> "(reflect.Value).Seq2$4";
          "(reflect.Value).Call" -> "(reflect.Value).Seq2$5";
          "(reflect.Value).Call" -> "(reflect.Value).call";
          "(reflect.Value).Call" -> "(reflect.flag).mustBe";
          "(reflect.Value).Call" -> "(reflect.flag).mustBeExported";
          "(reflect.Value).Call" -> "(runtime.traceWriter).refill$1";
          "(reflect.Value).Call" -> "internal/fmtsort.Sort$1";
          "(reflect.Value).Call" -> "internal/poll.runtime_pollServerInit";
          "(reflect.Value).Call" -> "reflect.ArrayOf$1";
          "(reflect.Value).Call" -> "reflect.FuncOf$1";
          "(reflect.Value).Call" -> "reflect.StructOf$1";
          "(reflect.Value).Call" -> "reflect.StructOf$2";
          "(reflect.Value).Call" -> "reflect.cvtBytesString";
          "(reflect.Value).Call" -> "reflect.cvtComplex";
          "(reflect.Value).Call" -> "reflect.cvtDirect";
          "(reflect.Value).Call" -> "reflect.cvtFloat";
          "(reflect.Value).Call" -> "reflect.cvtFloatInt";
          "(reflect.Value).Call" -> "reflect.cvtFloatUint";
          "(reflect.Value).Call" -> "reflect.cvtI2I";
          "(reflect.Value).Call" -> "reflect.cvtInt";
          "(reflect.Value).Call" -> "reflect.cvtIntFloat";
          "(reflect.Value).Call" -> "reflect.cvtIntString";
          "(reflect.Value).Call" -> "reflect.cvtRunesString";
          "(reflect.Value).Call" -> "reflect.cvtSliceArray";
          "(reflect.Value).Call" -> "reflect.cvtSliceArrayPtr";
          "(reflect.Value).Call" -> "reflect.cvtStringBytes";
          "(reflect.Value).Call" -> "reflect.cvtStringRunes";
          "(reflect.Value).Call" -> "reflect.cvtT2I";
          "(reflect.Value).Call" -> "reflect.cvtUint";
          "(reflect.Value).Call" -> "reflect.cvtUintFloat";
          "(reflect.Value).Call" -> "reflect.cvtUintString";
          "(reflect.Value).Call" -> "reflect.embeddedIfaceMethStub";
          "(reflect.Value).Call" -> "reflect.funcLayout$1";
          "(reflect.Value).Call" -> "reflect.makeFuncStub";
          "(reflect.Value).Call" -> "reflect.mapIterNext";
          "(reflect.Value).Call" -> "reflect.mapIterStart";
          "(reflect.Value).Call" -> "reflect.methodValueCall";
          "(reflect.Value).Call" -> "reflect.rangeNum[int int64]$1";
          "(reflect.Value).Call" -> "reflect.rangeNum[int16 int64]$1";
          "(reflect.Value).Call" -> "reflect.rangeNum[int32 int64]$1";
          "(reflect.Value).Call" -> "reflect.rangeNum[int64 int64]$1";
          "(reflect.Value).Call" -> "reflect.rangeNum[int8 int64]$1";
          "(reflect.Value).Call" -> "reflect.rangeNum[uint uint64]$1";
          "(reflect.Value).Call" -> "reflect.rangeNum[uint16 uint64]$1";
          "(reflect.Value).Call" -> "reflect.rangeNum[uint32 uint64]$1";
          "(reflect.Value).Call" -> "reflect.rangeNum[uint64 uint64]$1";
          "(reflect.Value).Call" -> "reflect.rangeNum[uint8 uint64]$1";
          "(reflect.Value).Call" -> "reflect.rangeNum[uintptr uint64]$1";
          "(reflect.Value).Call" -> "runtime.SetFinalizer$1";
          "(reflect.Value).Call" -> "runtime.SetFinalizer$2";
          "(reflect.Value).Call" -> "runtime._ExternalCode";
          "(reflect.Value).Call" -> "runtime._GC";
          "(reflect.Value).Call" -> "runtime._LostContendedRuntimeLock";
          "(reflect.Value).Call" -> "runtime._LostExternalCode";
          "(reflect.Value).Call" -> "runtime._LostSIGPROFDuringAtomic64";
          "(reflect.Value).Call" -> "runtime._System";
          "(reflect.Value).Call" -> "runtime._VDSO";
          "(reflect.Value).Call" -> "runtime.allocm$1";
          "(reflect.Value).Call" -> "runtime.allocmcache$1";
          "(reflect.Value).Call" -> "runtime.asmcgocall";
          "(reflect.Value).Call" -> "runtime.asyncPreempt";
          "(reflect.Value).Call" -> "runtime.callers$1";
          "(reflect.Value).Call" -> "runtime.casgstatus$1";
          "(reflect.Value).Call" -> "runtime.casgstatus$2";
          "(reflect.Value).Call" -> "runtime.casgstatus$3";
          "(reflect.Value).Call" -> "runtime.cgoCheckPtrWrite$1";
          "(reflect.Value).Call" -> "runtime.cgoSigtramp";
          "(reflect.Value).Call" -> "runtime.cgocall";
          "(reflect.Value).Call" -> "runtime.checkdead$1";
          "(reflect.Value).Call" -> "runtime.doRecordGoroutineProfile$1";
          "(reflect.Value).Call" -> "runtime.entersyscall_gcwait";
          "(reflect.Value).Call" -> "runtime.entersyscall_sysmon";
          "(reflect.Value).Call" -> "runtime.exit_trampoline";
          "(reflect.Value).Call" -> "runtime.exitsyscall$1";
          "(reflect.Value).Call" -> "runtime.exitsyscall$2";
          "(reflect.Value).Call" -> "runtime.exitsyscall0";
          "(reflect.Value).Call" -> "runtime.exitsyscallfast$1";
          "(reflect.Value).Call" -> "runtime.exitsyscallfast_reacquired$1";
          "(reflect.Value).Call" -> "runtime.fatal$1";
          "(reflect.Value).Call" -> "runtime.fatalthrow$1";
          "(reflect.Value).Call" -> "runtime.fcntl_trampoline";
          "(reflect.Value).Call" -> "runtime.finalizercommit";
          "(reflect.Value).Call" -> "runtime.forEachP$1";
          "(reflect.Value).Call" -> "runtime.fpTracebackPartialExpand$1";
          "(reflect.Value).Call" -> "runtime.freeSomeWbufs$1";
          "(reflect.Value).Call" -> "runtime.freeStackSpans";
          "(reflect.Value).Call" -> "runtime.freemcache$1";
          "(reflect.Value).Call" -> "runtime.gcAssistAlloc$1";
          "(reflect.Value).Call" -> "runtime.gcAssistAlloc$2";
          "(reflect.Value).Call" -> "runtime.gcBgMarkWorker$1";
          "(reflect.Value).Call" -> "runtime.gcBgMarkWorker$2";
          "(reflect.Value).Call" -> "runtime.gcControllerCommit";
          "(reflect.Value).Call" -> "runtime.gcMarkDone$1";
          "(reflect.Value).Call" -> "runtime.gcMarkDone$2";
          "(reflect.Value).Call" -> "runtime.gcMarkDone$3";
          "(reflect.Value).Call" -> "runtime.gcMarkDone$4";
          "(reflect.Value).Call" -> "runtime.gcMarkRootCheck$1";
          "(reflect.Value).Call" -> "runtime.gcMarkTermination$1";
          "(reflect.Value).Call" -> "runtime.gcMarkTermination$2";
          "(reflect.Value).Call" -> "runtime.gcMarkTermination$3";
          "(reflect.Value).Call" -> "runtime.gcMarkTermination$4";
          "(reflect.Value).Call" -> "runtime.gcMarkTermination$4$1";
          "(reflect.Value).Call" -> "runtime.gcMarkTermination$5";
          "(reflect.Value).Call" -> "runtime.gcResetMarkState";
          "(reflect.Value).Call" -> "runtime.gcResetMarkState$1";
          "(reflect.Value).Call" -> "runtime.gcStart$1";
          "(reflect.Value).Call" -> "runtime.gcStart$2";
          "(reflect.Value).Call" -> "runtime.gcStart$3";
          "(reflect.Value).Call" -> "runtime.gcStart$4";
          "(reflect.Value).Call" -> "runtime.getGCMaskOnDemand$1";
          "(reflect.Value).Call" -> "runtime.getempty$1";
          "(reflect.Value).Call" -> "runtime.goready$1";
          "(reflect.Value).Call" -> "runtime.gosched_m";
          "(reflect.Value).Call" -> "runtime.goschedguarded_m";
          "(reflect.Value).Call" -> "runtime.goyield_m";
          "(reflect.Value).Call" -> "runtime.kevent_trampoline";
          "(reflect.Value).Call" -> "runtime.kqueue_trampoline";
          "(reflect.Value).Call" -> "runtime.mProf_Malloc$1";
          "(reflect.Value).Call" -> "runtime.madvise_trampoline";
          "(reflect.Value).Call" -> "runtime.malg$1";
          "(reflect.Value).Call" -> "runtime.markroot$1";
          "(reflect.Value).Call" -> "runtime.markrootFreeGStacks";
          "(reflect.Value).Call" -> "runtime.mlock_trampoline";
          "(reflect.Value).Call" -> "runtime.mmap_trampoline";
          "(reflect.Value).Call" -> "runtime.mspinning";
          "(reflect.Value).Call" -> "runtime.mstart";
          "(reflect.Value).Call" -> "runtime.mstart_stub";
          "(reflect.Value).Call" -> "runtime.munmap_trampoline";
          "(reflect.Value).Call" -> "runtime.nanotime_trampoline";
          "(reflect.Value).Call" -> "runtime.newosproc$1";
          "(reflect.Value).Call" -> "runtime.osyield";
          "(reflect.Value).Call" -> "runtime.park_m";
          "(reflect.Value).Call" -> "runtime.parkunlock_c";
          "(reflect.Value).Call" -> "runtime.persistentalloc$1";
          "(reflect.Value).Call" -> "runtime.pollFractionalWorkerExit";
          "(reflect.Value).Call" -> "runtime.pollWork";
          "(reflect.Value).Call" -> "runtime.printArgs$1";
          "(reflect.Value).Call" -> "runtime.printArgs$2";
          "(reflect.Value).Call" -> "runtime.printArgs$3";
          "(reflect.Value).Call" -> "runtime.printCgoTraceback$1";
          "(reflect.Value).Call" -> "runtime.pthread_attr_getstacksize_trampoline";
          "(reflect.Value).Call" -> "runtime.pthread_attr_init_trampoline";
          "(reflect.Value).Call" -> "runtime.pthread_attr_setdetachstate_trampoline";
          "(reflect.Value).Call" -> "runtime.pthread_cond_init_trampoline";
          "(reflect.Value).Call" -> "runtime.pthread_cond_signal_trampoline";
          "(reflect.Value).Call" -> "runtime.pthread_cond_timedwait_relative_np_trampoline";
          "(reflect.Value).Call" -> "runtime.pthread_cond_wait_trampoline";
          "(reflect.Value).Call" -> "runtime.pthread_create_trampoline";
          "(reflect.Value).Call" -> "runtime.pthread_kill_trampoline";
          "(reflect.Value).Call" -> "runtime.pthread_mutex_init_trampoline";
          "(reflect.Value).Call" -> "runtime.pthread_mutex_lock_trampoline";
          "(reflect.Value).Call" -> "runtime.pthread_mutex_unlock_trampoline";
          "(reflect.Value).Call" -> "runtime.raise_trampoline";
          "(reflect.Value).Call" -> "runtime.raiseproc_trampoline";
          "(reflect.Value).Call" -> "runtime.reentersyscall$1";
          "(reflect.Value).Call" -> "runtime.reentersyscall$2";
          "(reflect.Value).Call" -> "runtime.reentersyscall$3";
          "(reflect.Value).Call" -> "runtime.runSafePointFn";
          "(reflect.Value).Call" -> "runtime.runqputbatch$1";
          "(reflect.Value).Call" -> "runtime.scanConservative$1";
          "(reflect.Value).Call" -> "runtime.schedtrace$1";
          "(reflect.Value).Call" -> "runtime.sigaction_trampoline";
          "(reflect.Value).Call" -> "runtime.sighandler";
          "(reflect.Value).Call" -> "runtime.sigpanic";
          "(reflect.Value).Call" -> "runtime.sigprocmask_trampoline";
          "(reflect.Value).Call" -> "runtime.sigtramp";
          "(reflect.Value).Call" -> "runtime.slicebytetostringtmp";
          "(reflect.Value).Call" -> "runtime.startTheWorld$1";
          "(reflect.Value).Call" -> "runtime.stopTheWorld$1";
          "(reflect.Value).Call" -> "runtime.sweepone$1";
          "(reflect.Value).Call" -> "runtime.throw$1";
          "(reflect.Value).Call" -> "runtime.traceThreadDestroy$1";
          "(reflect.Value).Call" -> "runtime.traceback1$1";
          "(reflect.Value).Call" -> "runtime.traceback2$1";
          "(reflect.Value).Call" -> "runtime.tracebackHexdump$1";
          "(reflect.Value).Call" -> "runtime.tracebackothers$1";
          "(reflect.Value).Call" -> "runtime.unreachableMethod";
          "(reflect.Value).Call" -> "runtime.usleep_trampoline";
          "(reflect.Value).Call" -> "runtime.walltime_trampoline";
          "(reflect.Value).Call" -> "runtime.wbBufFlush$1";
          "(reflect.Value).Call" -> "runtime.wirep$1";
          "(reflect.Value).Call" -> "runtime.wirep$2";
          "(reflect.Value).Call" -> "runtime.write_trampoline";
          "(reflect.Value).Call" -> "syscall.Read";
          "(reflect.Value).Call" -> "syscall.ReadDirent";
          "(reflect.Value).Call" -> "syscall.Write";
          "(reflect.Value).Call" -> "syscall.copyenv";
          "(reflect.Value).Call" -> "syscall.libc_close_trampoline";
          "(reflect.Value).Call" -> "syscall.libc_closedir_trampoline";
          "(reflect.Value).Call" -> "syscall.libc_dup_trampoline";
          "(reflect.Value).Call" -> "syscall.libc_fchdir_trampoline";
          "(reflect.Value).Call" -> "syscall.libc_fchmod_trampoline";
          "(reflect.Value).Call" -> "syscall.libc_fchown_trampoline";
          "(reflect.Value).Call" -> "syscall.libc_fcntl_trampoline";
          "(reflect.Value).Call" -> "syscall.libc_fdopendir_trampoline";
          "(reflect.Value).Call" -> "syscall.libc_fstat_trampoline";
          "(reflect.Value).Call" -> "syscall.libc_fsync_trampoline";
          "(reflect.Value).Call" -> "syscall.libc_ftruncate_trampoline";
          "(reflect.Value).Call" -> "syscall.libc_getsockopt_trampoline";
          "(reflect.Value).Call" -> "syscall.libc_lseek_trampoline";
          "(reflect.Value).Call" -> "syscall.libc_open_trampoline";
          "(reflect.Value).Call" -> "syscall.libc_openat_trampoline";
          "(reflect.Value).Call" -> "syscall.libc_pread_trampoline";
          "(reflect.Value).Call" -> "syscall.libc_pwrite_trampoline";
          "(reflect.Value).Call" -> "syscall.libc_read_trampoline";
          "(reflect.Value).Call" -> "syscall.libc_readdir_r_trampoline";
          "(reflect.Value).Call" -> "syscall.libc_recvfrom_trampoline";
          "(reflect.Value).Call" -> "syscall.libc_recvmsg_trampoline";
          "(reflect.Value).Call" -> "syscall.libc_sendmsg_trampoline";
          "(reflect.Value).Call" -> "syscall.libc_sendto_trampoline";
          "(reflect.Value).Call" -> "syscall.libc_setsockopt_trampoline";
          "(reflect.Value).Call" -> "syscall.libc_shutdown_trampoline";
          "(reflect.Value).Call" -> "syscall.libc_write_trampoline";
          "(reflect.Value).Call" -> "time.FixedZone$1";
          "(reflect.Value).Call" -> "time.initLocal";
          "(reflect.Value).Call" -> "time.parseRFC3339[[]byte]$1";
          "(reflect.Value).Call" -> "time.parseRFC3339[string]$1";
          "(reflect.Value).CallSlice" -> "(reflect.Value).call";
          "(reflect.Value).CallSlice" -> "(reflect.flag).mustBe";
          "(reflect.Value).CallSlice" -> "(reflect.flag).mustBeExported";
          "(reflect.Value).CanComplex" -> "(reflect.flag).kind";
          "(reflect.Value).CanConvert" -> "(*reflect.rtype).ConvertibleTo";
          "(reflect.Value).CanConvert" -> "(*reflect.rtype).Elem";
          "(reflect.Value).CanConvert" -> "(*reflect.rtype).Elem";
          "(reflect.Value).CanConvert" -> "(*reflect.rtype).Kind";
          "(reflect.Value).CanConvert" -> "(*reflect.rtype).Kind";
          "(reflect.Value).CanConvert" -> "(*reflect.rtype).Kind";
          "(reflect.Value).CanConvert" -> "(*reflect.rtype).Kind";
          "(reflect.Value).CanConvert" -> "(*reflect.rtype).Kind";
          "(reflect.Value).CanConvert" -> "(*reflect.rtype).Len";
          "(reflect.Value).CanConvert" -> "(*reflect.rtype).Len";
          "(reflect.Value).CanConvert" -> "(reflect.Value).Len";
          "(reflect.Value).CanConvert" -> "(reflect.Value).Len";
          "(reflect.Value).CanConvert" -> "(reflect.Value).Type";
          "(reflect.Value).CanFloat" -> "(reflect.flag).kind";
          "(reflect.Value).CanInt" -> "(reflect.flag).kind";
          "(reflect.Value).CanUint" -> "(reflect.flag).kind";
          "(reflect.Value).Cap" -> "(reflect.Value).capNonSlice";
          "(reflect.Value).Cap" -> "(reflect.flag).kind";
          "(reflect.Value).Clear" -> "(reflect.Value).Kind";
          "(reflect.Value).Clear" -> "(reflect.Value).Kind";
          "(reflect.Value).Clear" -> "(reflect.Value).pointer";
          "(reflect.Value).Clear" -> "(reflect.Value).typ";
          "(reflect.Value).Clear" -> "(reflect.Value).typ";
          "(reflect.Value).Clear" -> "reflect.mapclear";
          "(reflect.Value).Clear" -> "reflect.typedarrayclear";
          "(reflect.Value).Close" -> "(reflect.Value).pointer";
          "(reflect.Value).Close" -> "(reflect.Value).typ";
          "(reflect.Value).Close" -> "(reflect.flag).mustBe";
          "(reflect.Value).Close" -> "(reflect.flag).mustBeExported";
          "(reflect.Value).Close" -> "reflect.chanclose";
          "(reflect.Value).Comparable" -> "(*reflect.rtype).Comparable";
          "(reflect.Value).Comparable" -> "(*reflect.rtype).Comparable";
          "(reflect.Value).Comparable" -> "(*reflect.rtype).Elem";
          "(reflect.Value).Comparable" -> "(*reflect.rtype).Kind";
          "(reflect.Value).Comparable" -> "(*reflect.rtype).Len";
          "(reflect.Value).Comparable" -> "(reflect.Value).Comparable";
          "(reflect.Value).Comparable" -> "(reflect.Value).Comparable";
          "(reflect.Value).Comparable" -> "(reflect.Value).Comparable";
          "(reflect.Value).Comparable" -> "(reflect.Value).Elem";
          "(reflect.Value).Comparable" -> "(reflect.Value).Field";
          "(reflect.Value).Comparable" -> "(reflect.Value).Index";
          "(reflect.Value).Comparable" -> "(reflect.Value).IsNil";
          "(reflect.Value).Comparable" -> "(reflect.Value).Kind";
          "(reflect.Value).Comparable" -> "(reflect.Value).NumField";
          "(reflect.Value).Comparable" -> "(reflect.Value).Type";
          "(reflect.Value).Comparable" -> "(reflect.Value).Type";
          "(reflect.Value).Comparable" -> "(reflect.Value).Type";
          "(reflect.Value).Comparable" -> "(reflect.Value).Type";
          "(reflect.Value).Complex" -> "(reflect.flag).kind";
          "(reflect.Value).Complex" -> "(reflect.flag).kind";
          "(reflect.Value).Convert" -> "(*reflect.rtype).String";
          "(reflect.Value).Convert" -> "(*reflect.rtype).common";
          "(reflect.Value).Convert" -> "(reflect.Value).typ";
          "(reflect.Value).Convert" -> "(reflect.Value).typ";
          "(reflect.Value).Convert" -> "reflect.convertOp";
          "(reflect.Value).Convert" -> "reflect.cvtBytesString";
          "(reflect.Value).Convert" -> "reflect.cvtComplex";
          "(reflect.Value).Convert" -> "reflect.cvtDirect";
          "(reflect.Value).Convert" -> "reflect.cvtFloat";
          "(reflect.Value).Convert" -> "reflect.cvtFloatInt";
          "(reflect.Value).Convert" -> "reflect.cvtFloatUint";
          "(reflect.Value).Convert" -> "reflect.cvtI2I";
          "(reflect.Value).Convert" -> "reflect.cvtInt";
          "(reflect.Value).Convert" -> "reflect.cvtIntFloat";
          "(reflect.Value).Convert" -> "reflect.cvtIntString";
          "(reflect.Value).Convert" -> "reflect.cvtRunesString";
          "(reflect.Value).Convert" -> "reflect.cvtSliceArray";
          "(reflect.Value).Convert" -> "reflect.cvtSliceArrayPtr";
          "(reflect.Value).Convert" -> "reflect.cvtStringBytes";
          "(reflect.Value).Convert" -> "reflect.cvtStringRunes";
          "(reflect.Value).Convert" -> "reflect.cvtT2I";
          "(reflect.Value).Convert" -> "reflect.cvtUint";
          "(reflect.Value).Convert" -> "reflect.cvtUintFloat";
          "(reflect.Value).Convert" -> "reflect.cvtUintString";
          "(reflect.Value).Convert" -> "reflect.makeMethodValue";
          "(reflect.Value).Convert" -> "reflect.stringFor";
          "(reflect.Value).Elem" -> "(*internal/abi.Type).IfaceIndir";
          "(reflect.Value).Elem" -> "(*internal/abi.Type).Kind";
          "(reflect.Value).Elem" -> "(*internal/abi.Type).NumMethod";
          "(reflect.Value).Elem" -> "(reflect.Value).typ";
          "(reflect.Value).Elem" -> "(reflect.Value).typ";
          "(reflect.Value).Elem" -> "(reflect.Value).typ";
          "(reflect.Value).Elem" -> "(reflect.flag).kind";
          "(reflect.Value).Elem" -> "(reflect.flag).kind";
          "(reflect.Value).Elem" -> "(reflect.flag).ro";
          "(reflect.Value).Elem" -> "reflect.unpackEface";
          "(reflect.Value).Elem" -> "reflect.verifyNotInHeapPtr";
          "(reflect.Value).Equal" -> "(*reflect.rtype).Comparable";
          "(reflect.Value).Equal" -> "(*reflect.rtype).Elem";
          "(reflect.Value).Equal" -> "(*reflect.rtype).String";
          "(reflect.Value).Equal" -> "(reflect.Value).Bool";
          "(reflect.Value).Equal" -> "(reflect.Value).Bool";
          "(reflect.Value).Equal" -> "(reflect.Value).Complex";
          "(reflect.Value).Equal" -> "(reflect.Value).Complex";
          "(reflect.Value).Equal" -> "(reflect.Value).Elem";
          "(reflect.Value).Equal" -> "(reflect.Value).Elem";
          "(reflect.Value).Equal" -> "(reflect.Value).Equal";
          "(reflect.Value).Equal" -> "(reflect.Value).Equal";
          "(reflect.Value).Equal" -> "(reflect.Value).Field";
          "(reflect.Value).Equal" -> "(reflect.Value).Field";
          "(reflect.Value).Equal" -> "(reflect.Value).Float";
          "(reflect.Value).Equal" -> "(reflect.Value).Float";
          "(reflect.Value).Equal" -> "(reflect.Value).Index";
          "(reflect.Value).Equal" -> "(reflect.Value).Index";
          "(reflect.Value).Equal" -> "(reflect.Value).Int";
          "(reflect.Value).Equal" -> "(reflect.Value).Int";
          "(reflect.Value).Equal" -> "(reflect.Value).IsValid";
          "(reflect.Value).Equal" -> "(reflect.Value).IsValid";
          "(reflect.Value).Equal" -> "(reflect.Value).IsValid";
          "(reflect.Value).Equal" -> "(reflect.Value).IsValid";
          "(reflect.Value).Equal" -> "(reflect.Value).Kind";
          "(reflect.Value).Equal" -> "(reflect.Value).Kind";
          "(reflect.Value).Equal" -> "(reflect.Value).Kind";
          "(reflect.Value).Equal" -> "(reflect.Value).Kind";
          "(reflect.Value).Equal" -> "(reflect.Value).Kind";
          "(reflect.Value).Equal" -> "(reflect.Value).Len";
          "(reflect.Value).Equal" -> "(reflect.Value).NumField";
          "(reflect.Value).Equal" -> "(reflect.Value).Pointer";
          "(reflect.Value).Equal" -> "(reflect.Value).Pointer";
          "(reflect.Value).Equal" -> "(reflect.Value).String";
          "(reflect.Value).Equal" -> "(reflect.Value).String";
          "(reflect.Value).Equal" -> "(reflect.Value).Type";
          "(reflect.Value).Equal" -> "(reflect.Value).Type";
          "(reflect.Value).Equal" -> "(reflect.Value).Type";
          "(reflect.Value).Equal" -> "(reflect.Value).Type";
          "(reflect.Value).Equal" -> "(reflect.Value).Uint";
          "(reflect.Value).Equal" -> "(reflect.Value).Uint";
          "(reflect.Value).Field" -> "(*internal/abi.StructField).Embedded";
          "(reflect.Value).Field" -> "(*internal/abi.Type).Kind";
          "(reflect.Value).Field" -> "(internal/abi.Name).IsExported";
          "(reflect.Value).Field" -> "(reflect.Value).typ";
          "(reflect.Value).Field" -> "(reflect.flag).kind";
          "(reflect.Value).Field" -> "(reflect.flag).kind";
          "(reflect.Value).Field" -> "reflect.add";
          "(reflect.Value).FieldByIndex" -> "(*internal/abi.Type).Elem";
          "(reflect.Value).FieldByIndex" -> "(*internal/abi.Type).Kind";
          "(reflect.Value).FieldByIndex" -> "(reflect.Value).Elem";
          "(reflect.Value).FieldByIndex" -> "(reflect.Value).Field";
          "(reflect.Value).FieldByIndex" -> "(reflect.Value).Field";
          "(reflect.Value).FieldByIndex" -> "(reflect.Value).IsNil";
          "(reflect.Value).FieldByIndex" -> "(reflect.Value).Kind";
          "(reflect.Value).FieldByIndex" -> "(reflect.Value).typ";
          "(reflect.Value).FieldByIndex" -> "(reflect.flag).mustBe";
          "(reflect.Value).FieldByIndexErr" -> "(*internal/abi.Type).Elem";
          "(reflect.Value).FieldByIndexErr" -> "(*internal/abi.Type).Elem";
          "(reflect.Value).FieldByIndexErr" -> "(*internal/abi.Type).Kind";
          "(reflect.Value).FieldByIndexErr" -> "(reflect.Value).Elem";
          "(reflect.Value).FieldByIndexErr" -> "(reflect.Value).Field";
          "(reflect.Value).FieldByIndexErr" -> "(reflect.Value).Field";
          "(reflect.Value).FieldByIndexErr" -> "(reflect.Value).IsNil";
          "(reflect.Value).FieldByIndexErr" -> "(reflect.Value).Kind";
          "(reflect.Value).FieldByIndexErr" -> "(reflect.Value).typ";
          "(reflect.Value).FieldByIndexErr" -> "(reflect.Value).typ";
          "(reflect.Value).FieldByIndexErr" -> "(reflect.flag).mustBe";
          "(reflect.Value).FieldByIndexErr" -> "errors.New";
          "(reflect.Value).FieldByIndexErr" -> "reflect.nameFor";
          "(reflect.Value).FieldByName" -> "(*reflect.rtype).FieldByName";
          "(reflect.Value).FieldByName" -> "(reflect.Value).FieldByIndex";
          "(reflect.Value).FieldByName" -> "(reflect.Value).typ";
          "(reflect.Value).FieldByName" -> "(reflect.flag).mustBe";
          "(reflect.Value).FieldByName" -> "reflect.toRType";
          "(reflect.Value).FieldByNameFunc" -> "(*reflect.rtype).FieldByNameFunc";
          "(reflect.Value).FieldByNameFunc" -> "(reflect.Value).FieldByIndex";
          "(reflect.Value).FieldByNameFunc" -> "(reflect.Value).typ";
          "(reflect.Value).FieldByNameFunc" -> "reflect.toRType";
          "(reflect.Value).Float" -> "(reflect.flag).kind";
          "(reflect.Value).Float" -> "(reflect.flag).kind";
          "(reflect.Value).Grow" -> "(reflect.Value).grow";
          "(reflect.Value).Grow" -> "(reflect.flag).mustBe";
          "(reflect.Value).Grow" -> "(reflect.flag).mustBeAssignable";
          "(reflect.Value).Index" -> "(*internal/abi.Type).Kind";
          "(reflect.Value).Index" -> "(*internal/abi.Type).Kind";
          "(reflect.Value).Index" -> "(*internal/abi.Type).Size";
          "(reflect.Value).Index" -> "(*internal/abi.Type).Size";
          "(reflect.Value).Index" -> "(reflect.Value).typ";
          "(reflect.Value).Index" -> "(reflect.Value).typ";
          "(reflect.Value).Index" -> "(reflect.flag).kind";
          "(reflect.Value).Index" -> "(reflect.flag).kind";
          "(reflect.Value).Index" -> "(reflect.flag).ro";
          "(reflect.Value).Index" -> "(reflect.flag).ro";
          "(reflect.Value).Index" -> "(reflect.flag).ro";
          "(reflect.Value).Index" -> "reflect.add";
          "(reflect.Value).Index" -> "reflect.arrayAt";
          "(reflect.Value).Index" -> "reflect.arrayAt";
          "(reflect.Value).Int" -> "(reflect.flag).kind";
          "(reflect.Value).Int" -> "(reflect.flag).kind";
          "(reflect.Value).Interface" -> "reflect.valueInterface";
          "(reflect.Value).InterfaceData" -> "(reflect.flag).mustBe";
          "(reflect.Value).InterfaceData" -> "reflect.escapes";
          "(reflect.Value).IsNil" -> "(reflect.flag).kind";
          "(reflect.Value).IsNil" -> "(reflect.flag).kind";
          "(reflect.Value).IsZero" -> "(*internal/abi.Type).Size";
          "(reflect.Value).IsZero" -> "(*internal/abi.Type).Size";
          "(reflect.Value).IsZero" -> "(*internal/abi.Type).Size";
          "(reflect.Value).IsZero" -> "(*internal/abi.Type).Size";
          "(reflect.Value).IsZero" -> "(*reflect.rtype).Field";
          "(reflect.Value).IsZero" -> "(reflect.Value).Bool";
          "(reflect.Value).IsZero" -> "(reflect.Value).Complex";
          "(reflect.Value).IsZero" -> "(reflect.Value).Field";
          "(reflect.Value).IsZero" -> "(reflect.Value).Float";
          "(reflect.Value).IsZero" -> "(reflect.Value).Index";
          "(reflect.Value).IsZero" -> "(reflect.Value).Int";
          "(reflect.Value).IsZero" -> "(reflect.Value).IsNil";
          "(reflect.Value).IsZero" -> "(reflect.Value).IsZero";
          "(reflect.Value).IsZero" -> "(reflect.Value).IsZero";
          "(reflect.Value).IsZero" -> "(reflect.Value).Kind";
          "(reflect.Value).IsZero" -> "(reflect.Value).Len";
          "(reflect.Value).IsZero" -> "(reflect.Value).NumField";
          "(reflect.Value).IsZero" -> "(reflect.Value).Type";
          "(reflect.Value).IsZero" -> "(reflect.Value).Uint";
          "(reflect.Value).IsZero" -> "(reflect.Value).typ";
          "(reflect.Value).IsZero" -> "(reflect.Value).typ";
          "(reflect.Value).IsZero" -> "(reflect.flag).kind";
          "(reflect.Value).IsZero" -> "internal/abi.NoEscape";
          "(reflect.Value).IsZero" -> "internal/abi.NoEscape";
          "(reflect.Value).IsZero" -> "reflect.ArrayOf$1";
          "(reflect.Value).IsZero" -> "reflect.ArrayOf$1";
          "(reflect.Value).IsZero" -> "reflect.StructOf$2";
          "(reflect.Value).IsZero" -> "reflect.StructOf$2";
          "(reflect.Value).IsZero" -> "reflect.isZero";
          "(reflect.Value).IsZero" -> "reflect.isZero";
          "(reflect.Value).Kind" -> "(reflect.flag).kind";
          "(reflect.Value).Len" -> "(reflect.Value).lenNonSlice";
          "(reflect.Value).Len" -> "(reflect.flag).kind";
          "(reflect.Value).MapIndex" -> "(*internal/abi.Type).Kind";
          "(reflect.Value).MapIndex" -> "(*internal/abi.Type).Size";
          "(reflect.Value).MapIndex" -> "(reflect.Value).assignTo";
          "(reflect.Value).MapIndex" -> "(reflect.Value).pointer";
          "(reflect.Value).MapIndex" -> "(reflect.Value).pointer";
          "(reflect.Value).MapIndex" -> "(reflect.Value).typ";
          "(reflect.Value).MapIndex" -> "(reflect.Value).typ";
          "(reflect.Value).MapIndex" -> "(reflect.Value).typ";
          "(reflect.Value).MapIndex" -> "(reflect.Value).typ";
          "(reflect.Value).MapIndex" -> "(reflect.flag).kind";
          "(reflect.Value).MapIndex" -> "(reflect.flag).mustBe";
          "(reflect.Value).MapIndex" -> "(reflect.flag).ro";
          "(reflect.Value).MapIndex" -> "reflect.copyVal";
          "(reflect.Value).MapIndex" -> "reflect.mapaccess";
          "(reflect.Value).MapIndex" -> "reflect.mapaccess_faststr";
          "(reflect.Value).MapKeys" -> "(*internal/abi.Type).Kind";
          "(reflect.Value).MapKeys" -> "(*internal/runtime/maps.Iter).Key";
          "(reflect.Value).MapKeys" -> "(reflect.Value).pointer";
          "(reflect.Value).MapKeys" -> "(reflect.Value).typ";
          "(reflect.Value).MapKeys" -> "(reflect.flag).mustBe";
          "(reflect.Value).MapKeys" -> "(reflect.flag).ro";
          "(reflect.Value).MapKeys" -> "internal/abi.NoEscape";
          "(reflect.Value).MapKeys" -> "reflect.copyVal";
          "(reflect.Value).MapKeys" -> "reflect.mapIterNext";
          "(reflect.Value).MapKeys" -> "reflect.mapIterStart";
          "(reflect.Value).MapKeys" -> "reflect.maplen";
          "(reflect.Value).MapRange" -> "(reflect.flag).kind";
          "(reflect.Value).MapRange" -> "(reflect.flag).panicNotMap";
          "(reflect.Value).Method" -> "(*internal/abi.Type).Kind";
          "(reflect.Value).Method" -> "(*reflect.rtype).NumMethod";
          "(reflect.Value).Method" -> "(reflect.Value).IsNil";
          "(reflect.Value).Method" -> "(reflect.Value).typ";
          "(reflect.Value).Method" -> "(reflect.Value).typ";
          "(reflect.Value).Method" -> "(reflect.Value).typ";
          "(reflect.Value).Method" -> "(reflect.Value).typ";
          "(reflect.Value).Method" -> "(reflect.flag).ro";
          "(reflect.Value).Method" -> "reflect.toRType";
          "(reflect.Value).MethodByName" -> "(*reflect.rtype).MethodByName";
          "(reflect.Value).MethodByName" -> "(reflect.Value).Method";
          "(reflect.Value).MethodByName" -> "(reflect.Value).typ";
          "(reflect.Value).MethodByName" -> "(reflect.Value).typ";
          "(reflect.Value).MethodByName" -> "reflect.toRType";
          "(reflect.Value).NumField" -> "(reflect.Value).typ";
          "(reflect.Value).NumField" -> "(reflect.flag).mustBe";
          "(reflect.Value).NumMethod" -> "(*reflect.rtype).NumMethod";
          "(reflect.Value).NumMethod" -> "(reflect.Value).typ";
          "(reflect.Value).NumMethod" -> "(reflect.Value).typ";
          "(reflect.Value).NumMethod" -> "reflect.toRType";
          "(reflect.Value).OverflowComplex" -> "(reflect.flag).kind";
          "(reflect.Value).OverflowComplex" -> "(reflect.flag).kind";
          "(reflect.Value).OverflowComplex" -> "reflect.overflowFloat32";
          "(reflect.Value).OverflowComplex" -> "reflect.overflowFloat32";
          "(reflect.Value).OverflowFloat" -> "(reflect.flag).kind";
          "(reflect.Value).OverflowFloat" -> "(reflect.flag).kind";
          "(reflect.Value).OverflowFloat" -> "reflect.overflowFloat32";
          "(reflect.Value).OverflowInt" -> "(*internal/abi.Type).Size";
          "(reflect.Value).OverflowInt" -> "(reflect.Value).typ";
          "(reflect.Value).OverflowInt" -> "(reflect.flag).kind";
          "(reflect.Value).OverflowInt" -> "(reflect.flag).kind";
          "(reflect.Value).OverflowUint" -> "(*internal/abi.Type).Size";
          "(reflect.Value).OverflowUint" -> "(reflect.flag).kind";
          "(reflect.Value).OverflowUint" -> "(reflect.flag).kind";
          "(reflect.Value).Pointer" -> "(*internal/abi.Type).Pointers";
          "(reflect.Value).Pointer" -> "(reflect.Value).pointer";
          "(reflect.Value).Pointer" -> "(reflect.Value).pointer";
          "(reflect.Value).Pointer" -> "(reflect.Value).typ";
          "(reflect.Value).Pointer" -> "(reflect.flag).kind";
          "(reflect.Value).Pointer" -> "(reflect.flag).kind";
          "(reflect.Value).Pointer" -> "reflect.escapes";
          "(reflect.Value).Pointer" -> "reflect.methodValueCallCodePtr";
          "(reflect.Value).Pointer" -> "reflect.verifyNotInHeapPtr";
          "(reflect.Value).Recv" -> "(reflect.Value).recv";
          "(reflect.Value).Recv" -> "(reflect.flag).mustBe";
          "(reflect.Value).Recv" -> "(reflect.flag).mustBeExported";
          "(reflect.Value).Send" -> "(reflect.Value).send";
          "(reflect.Value).Send" -> "(reflect.flag).mustBe";
          "(reflect.Value).Send" -> "(reflect.flag).mustBeExported";
          "(reflect.Value).Seq" -> "(*reflect.rtype).String";
          "(reflect.Value).Seq" -> "(reflect.Value).Elem";
          "(reflect.Value).Seq" -> "(reflect.Value).Int";
          "(reflect.Value).Seq" -> "(reflect.Value).Int";
          "(reflect.Value).Seq" -> "(reflect.Value).Int";
          "(reflect.Value).Seq" -> "(reflect.Value).Int";
          "(reflect.Value).Seq" -> "(reflect.Value).Int";
          "(reflect.Value).Seq" -> "(reflect.Value).Type";
          "(reflect.Value).Seq" -> "(reflect.Value).Type";
          "(reflect.Value).Seq" -> "(reflect.Value).Type";
          "(reflect.Value).Seq" -> "(reflect.Value).Type";
          "(reflect.Value).Seq" -> "(reflect.Value).Type";
          "(reflect.Value).Seq" -> "(reflect.Value).Type";
          "(reflect.Value).Seq" -> "(reflect.Value).Type";
          "(reflect.Value).Seq" -> "(reflect.Value).Type";
          "(reflect.Value).Seq" -> "(reflect.Value).Type";
          "(reflect.Value).Seq" -> "(reflect.Value).Type";
          "(reflect.Value).Seq" -> "(reflect.Value).Type";
          "(reflect.Value).Seq" -> "(reflect.Value).Type";
          "(reflect.Value).Seq" -> "(reflect.Value).Uint";
          "(reflect.Value).Seq" -> "(reflect.Value).Uint";
          "(reflect.Value).Seq" -> "(reflect.Value).Uint";
          "(reflect.Value).Seq" -> "(reflect.Value).Uint";
          "(reflect.Value).Seq" -> "(reflect.Value).Uint";
          "(reflect.Value).Seq" -> "(reflect.Value).Uint";
          "(reflect.Value).Seq" -> "(reflect.Value).abiType";
          "(reflect.Value).Seq" -> "(reflect.flag).kind";
          "(reflect.Value).Seq" -> "(reflect.flag).kind";
          "(reflect.Value).Seq" -> "reflect.canRangeFunc";
          "(reflect.Value).Seq" -> "reflect.rangeNum[int int64]";
          "(reflect.Value).Seq" -> "reflect.rangeNum[int16 int64]";
          "(reflect.Value).Seq" -> "reflect.rangeNum[int32 int64]";
          "(reflect.Value).Seq" -> "reflect.rangeNum[int64 int64]";
          "(reflect.Value).Seq" -> "reflect.rangeNum[int8 int64]";
          "(reflect.Value).Seq" -> "reflect.rangeNum[uint uint64]";
          "(reflect.Value).Seq" -> "reflect.rangeNum[uint16 uint64]";
          "(reflect.Value).Seq" -> "reflect.rangeNum[uint32 uint64]";
          "(reflect.Value).Seq" -> "reflect.rangeNum[uint64 uint64]";
          "(reflect.Value).Seq" -> "reflect.rangeNum[uint8 uint64]";
          "(reflect.Value).Seq" -> "reflect.rangeNum[uintptr uint64]";
          "(reflect.Value).Seq$1" -> "(*reflect.rtype).In";
          "(reflect.Value).Seq$1" -> "(reflect.Value).Call";
          "(reflect.Value).Seq$1" -> "(reflect.Value).Type";
          "(reflect.Value).Seq$1" -> "reflect.MakeFunc";
          "(reflect.Value).Seq$1$1" -> "reflect.ValueOf";
          "(reflect.Value).Seq$2" -> "(reflect.Value).Elem";
          "(reflect.Value).Seq$2" -> "(reflect.Value).Len";
          "(reflect.Value).Seq$2" -> "reflect.ValueOf";
          "(reflect.Value).Seq$3" -> "(reflect.Value).Len";
          "(reflect.Value).Seq$3" -> "reflect.ValueOf";
          "(reflect.Value).Seq$4" -> "(reflect.Value).String";
          "(reflect.Value).Seq$4" -> "reflect.ValueOf";
          "(reflect.Value).Seq$5" -> "(*reflect.MapIter).Key";
          "(reflect.Value).Seq$5" -> "(*reflect.MapIter).Next";
          "(reflect.Value).Seq$5" -> "(reflect.Value).MapRange";
          "(reflect.Value).Seq$6" -> "(reflect.Value).Recv";
          "(reflect.Value).Seq$6" -> "(reflect.Value).Recv";
          "(reflect.Value).Seq2" -> "(*reflect.rtype).String";
          "(reflect.Value).Seq2" -> "(reflect.Value).Elem";
          "(reflect.Value).Seq2" -> "(reflect.Value).Kind";
          "(reflect.Value).Seq2" -> "(reflect.Value).Type";
          "(reflect.Value).Seq2" -> "(reflect.Value).abiType";
          "(reflect.Value).Seq2" -> "(reflect.flag).kind";
          "(reflect.Value).Seq2" -> "reflect.canRangeFunc2";
          "(reflect.Value).Seq2$1" -> "(*reflect.rtype).In";
          "(reflect.Value).Seq2$1" -> "(reflect.Value).Call";
          "(reflect.Value).Seq2$1" -> "(reflect.Value).Type";
          "(reflect.Value).Seq2$1" -> "reflect.MakeFunc";
          "(reflect.Value).Seq2$1$1" -> "reflect.ValueOf";
          "(reflect.Value).Seq2$2" -> "(reflect.Value).Elem";
          "(reflect.Value).Seq2$2" -> "(reflect.Value).Index";
          "(reflect.Value).Seq2$2" -> "(reflect.Value).Len";
          "(reflect.Value).Seq2$2" -> "reflect.ValueOf";
          "(reflect.Value).Seq2$3" -> "(reflect.Value).Index";
          "(reflect.Value).Seq2$3" -> "(reflect.Value).Len";
          "(reflect.Value).Seq2$3" -> "reflect.ValueOf";
          "(reflect.Value).Seq2$4" -> "(reflect.Value).String";
          "(reflect.Value).Seq2$4" -> "reflect.ValueOf";
          "(reflect.Value).Seq2$4" -> "reflect.ValueOf";
          "(reflect.Value).Seq2$5" -> "(*reflect.MapIter).Key";
          "(reflect.Value).Seq2$5" -> "(*reflect.MapIter).Next";
          "(reflect.Value).Seq2$5" -> "(*reflect.MapIter).Value";
          "(reflect.Value).Seq2$5" -> "(reflect.Value).MapRange";
          "(reflect.Value).Set" -> "(reflect.Value).assignTo";
          "(reflect.Value).Set" -> "(reflect.Value).typ";
          "(reflect.Value).Set" -> "(reflect.Value).typ";
          "(reflect.Value).Set" -> "(reflect.Value).typ";
          "(reflect.Value).Set" -> "(reflect.flag).kind";
          "(reflect.Value).Set" -> "(reflect.flag).mustBeAssignable";
          "(reflect.Value).Set" -> "(reflect.flag).mustBeExported";
          "(reflect.Value).Set" -> "reflect.typedmemclr";
          "(reflect.Value).Set" -> "reflect.typedmemmove";
          "(reflect.Value).SetBool" -> "(reflect.flag).mustBe";
          "(reflect.Value).SetBool" -> "(reflect.flag).mustBeAssignable";
          "(reflect.Value).SetBytes" -> "(*reflect.rtype).Elem";
          "(reflect.Value).SetBytes" -> "(*reflect.rtype).Kind";
          "(reflect.Value).SetBytes" -> "(reflect.Value).typ";
          "(reflect.Value).SetBytes" -> "(reflect.flag).mustBe";
          "(reflect.Value).SetBytes" -> "(reflect.flag).mustBeAssignable";
          "(reflect.Value).SetBytes" -> "reflect.toRType";
          "(reflect.Value).SetCap" -> "(reflect.flag).mustBe";
          "(reflect.Value).SetCap" -> "(reflect.flag).mustBeAssignable";
          "(reflect.Value).SetComplex" -> "(reflect.flag).kind";
          "(reflect.Value).SetComplex" -> "(reflect.flag).kind";
          "(reflect.Value).SetComplex" -> "(reflect.flag).mustBeAssignable";
          "(reflect.Value).SetFloat" -> "(reflect.flag).kind";
          "(reflect.Value).SetFloat" -> "(reflect.flag).kind";
          "(reflect.Value).SetFloat" -> "(reflect.flag).mustBeAssignable";
          "(reflect.Value).SetInt" -> "(reflect.flag).kind";
          "(reflect.Value).SetInt" -> "(reflect.flag).kind";
          "(reflect.Value).SetInt" -> "(reflect.flag).mustBeAssignable";
          "(reflect.Value).SetIterKey" -> "(*internal/abi.Type).Kind";
          "(reflect.Value).SetIterKey" -> "(*internal/runtime/maps.Iter).Initialized";
          "(reflect.Value).SetIterKey" -> "(*internal/runtime/maps.Iter).Key";
          "(reflect.Value).SetIterKey" -> "(reflect.Value).assignTo";
          "(reflect.Value).SetIterKey" -> "(reflect.Value).typ";
          "(reflect.Value).SetIterKey" -> "(reflect.Value).typ";
          "(reflect.Value).SetIterKey" -> "(reflect.Value).typ";
          "(reflect.Value).SetIterKey" -> "(reflect.flag).kind";
          "(reflect.Value).SetIterKey" -> "(reflect.flag).mustBeAssignable";
          "(reflect.Value).SetIterKey" -> "(reflect.flag).mustBeExported";
          "(reflect.Value).SetIterKey" -> "reflect.typedmemmove";
          "(reflect.Value).SetIterValue" -> "(*internal/abi.Type).Kind";
          "(reflect.Value).SetIterValue" -> "(*internal/runtime/maps.Iter).Elem";
          "(reflect.Value).SetIterValue" -> "(*internal/runtime/maps.Iter).Initialized";
          "(reflect.Value).SetIterValue" -> "(reflect.Value).assignTo";
          "(reflect.Value).SetIterValue" -> "(reflect.Value).typ";
          "(reflect.Value).SetIterValue" -> "(reflect.Value).typ";
          "(reflect.Value).SetIterValue" -> "(reflect.Value).typ";
          "(reflect.Value).SetIterValue" -> "(reflect.flag).kind";
          "(reflect.Value).SetIterValue" -> "(reflect.flag).mustBeAssignable";
          "(reflect.Value).SetIterValue" -> "(reflect.flag).mustBeExported";
          "(reflect.Value).SetIterValue" -> "reflect.typedmemmove";
          "(reflect.Value).SetLen" -> "(reflect.flag).mustBe";
          "(reflect.Value).SetLen" -> "(reflect.flag).mustBeAssignable";
          "(reflect.Value).SetMapIndex" -> "(*internal/abi.Type).Size";
          "(reflect.Value).SetMapIndex" -> "(reflect.Value).assignTo";
          "(reflect.Value).SetMapIndex" -> "(reflect.Value).assignTo";
          "(reflect.Value).SetMapIndex" -> "(reflect.Value).assignTo";
          "(reflect.Value).SetMapIndex" -> "(reflect.Value).pointer";
          "(reflect.Value).SetMapIndex" -> "(reflect.Value).pointer";
          "(reflect.Value).SetMapIndex" -> "(reflect.Value).pointer";
          "(reflect.Value).SetMapIndex" -> "(reflect.Value).pointer";
          "(reflect.Value).SetMapIndex" -> "(reflect.Value).typ";
          "(reflect.Value).SetMapIndex" -> "(reflect.Value).typ";
          "(reflect.Value).SetMapIndex" -> "(reflect.Value).typ";
          "(reflect.Value).SetMapIndex" -> "(reflect.Value).typ";
          "(reflect.Value).SetMapIndex" -> "(reflect.Value).typ";
          "(reflect.Value).SetMapIndex" -> "(reflect.Value).typ";
          "(reflect.Value).SetMapIndex" -> "(reflect.Value).typ";
          "(reflect.Value).SetMapIndex" -> "(reflect.Value).typ";
          "(reflect.Value).SetMapIndex" -> "(reflect.flag).kind";
          "(reflect.Value).SetMapIndex" -> "(reflect.flag).mustBe";
          "(reflect.Value).SetMapIndex" -> "(reflect.flag).mustBeExported";
          "(reflect.Value).SetMapIndex" -> "(reflect.flag).mustBeExported";
          "(reflect.Value).SetMapIndex" -> "(reflect.flag).mustBeExported";
          "(reflect.Value).SetMapIndex" -> "(reflect.flag).mustBeExported";
          "(reflect.Value).SetMapIndex" -> "reflect.mapassign";
          "(reflect.Value).SetMapIndex" -> "reflect.mapassign_faststr";
          "(reflect.Value).SetMapIndex" -> "reflect.mapdelete";
          "(reflect.Value).SetMapIndex" -> "reflect.mapdelete_faststr";
          "(reflect.Value).SetPointer" -> "(reflect.flag).mustBe";
          "(reflect.Value).SetPointer" -> "(reflect.flag).mustBeAssignable";
          "(reflect.Value).SetString" -> "(reflect.flag).mustBe";
          "(reflect.Value).SetString" -> "(reflect.flag).mustBeAssignable";
          "(reflect.Value).SetUint" -> "(reflect.flag).kind";
          "(reflect.Value).SetUint" -> "(reflect.flag).kind";
          "(reflect.Value).SetUint" -> "(reflect.flag).mustBeAssignable";
          "(reflect.Value).SetZero" -> "(reflect.Value).Kind";
          "(reflect.Value).SetZero" -> "(reflect.Value).typ";
          "(reflect.Value).SetZero" -> "(reflect.flag).kind";
          "(reflect.Value).SetZero" -> "(reflect.flag).mustBeAssignable";
          "(reflect.Value).SetZero" -> "reflect.typedmemclr";
          "(reflect.Value).Slice" -> "(*internal/abi.Type).Common";
          "(reflect.Value).Slice" -> "(*internal/abi.Type).Size";
          "(reflect.Value).Slice" -> "(reflect.Value).typ";
          "(reflect.Value).Slice" -> "(reflect.Value).typ";
          "(reflect.Value).Slice" -> "(reflect.Value).typ";
          "(reflect.Value).Slice" -> "(reflect.flag).kind";
          "(reflect.Value).Slice" -> "(reflect.flag).kind";
          "(reflect.Value).Slice" -> "(reflect.flag).ro";
          "(reflect.Value).Slice" -> "reflect.arrayAt";
          "(reflect.Value).Slice" -> "reflect.arrayAt";
          "(reflect.Value).Slice3" -> "(*internal/abi.Type).Common";
          "(reflect.Value).Slice3" -> "(*internal/abi.Type).Size";
          "(reflect.Value).Slice3" -> "(reflect.Value).typ";
          "(reflect.Value).Slice3" -> "(reflect.Value).typ";
          "(reflect.Value).Slice3" -> "(reflect.flag).kind";
          "(reflect.Value).Slice3" -> "(reflect.flag).kind";
          "(reflect.Value).Slice3" -> "(reflect.flag).ro";
          "(reflect.Value).Slice3" -> "reflect.arrayAt";
          "(reflect.Value).String" -> "(reflect.Value).stringNonString";
          "(reflect.Value).String" -> "(reflect.flag).kind";
          "(reflect.Value).TryRecv" -> "(reflect.Value).recv";
          "(reflect.Value).TryRecv" -> "(reflect.flag).mustBe";
          "(reflect.Value).TryRecv" -> "(reflect.flag).mustBeExported";
          "(reflect.Value).TrySend" -> "(reflect.Value).send";
          "(reflect.Value).TrySend" -> "(reflect.flag).mustBe";
          "(reflect.Value).TrySend" -> "(reflect.flag).mustBeExported";
          "(reflect.Value).Type" -> "(reflect.Value).typeSlow";
          "(reflect.Value).Type" -> "internal/abi.NoEscape";
          "(reflect.Value).Uint" -> "(reflect.flag).kind";
          "(reflect.Value).Uint" -> "(reflect.flag).kind";
          "(reflect.Value).UnsafeAddr" -> "(reflect.Value).typ";
          "(reflect.Value).UnsafeAddr" -> "reflect.escapes";
          "(reflect.Value).UnsafePointer" -> "(*internal/abi.Type).Pointers";
          "(reflect.Value).UnsafePointer" -> "(reflect.Value).pointer";
          "(reflect.Value).UnsafePointer" -> "(reflect.Value).pointer";
          "(reflect.Value).UnsafePointer" -> "(reflect.Value).typ";
          "(reflect.Value).UnsafePointer" -> "(reflect.flag).kind";
          "(reflect.Value).UnsafePointer" -> "(reflect.flag).kind";
          "(reflect.Value).UnsafePointer" -> "reflect.methodValueCallCodePtr";
          "(reflect.Value).UnsafePointer" -> "reflect.verifyNotInHeapPtr";
          "(reflect.Value).abiType" -> "(reflect.Value).abiTypeSlow";
          "(reflect.Value).abiType" -> "(reflect.Value).typ";
          "(reflect.Value).abiTypeSlow" -> "(*internal/abi.Type).ExportedMethods";
          "(reflect.Value).abiTypeSlow" -> "(*internal/abi.Type).Kind";
          "(reflect.Value).abiTypeSlow" -> "(reflect.Value).typ";
          "(reflect.Value).abiTypeSlow" -> "(reflect.Value).typ";
          "(reflect.Value).abiTypeSlow" -> "(reflect.Value).typ";
          "(reflect.Value).abiTypeSlow" -> "reflect.typeOffFor";
          "(reflect.Value).abiTypeSlow" -> "reflect.typeOffFor";
          "(reflect.Value).assignTo" -> "(*internal/abi.Type).Kind";
          "(reflect.Value).assignTo" -> "(*internal/abi.Type).NumMethod";
          "(reflect.Value).assignTo" -> "(reflect.Value).IsNil";
          "(reflect.Value).assignTo" -> "(reflect.Value).Kind";
          "(reflect.Value).assignTo" -> "(reflect.Value).typ";
          "(reflect.Value).assignTo" -> "(reflect.Value).typ";
          "(reflect.Value).assignTo" -> "(reflect.Value).typ";
          "(reflect.Value).assignTo" -> "(reflect.flag).ro";
          "(reflect.Value).assignTo" -> "reflect.directlyAssignable";
          "(reflect.Value).assignTo" -> "reflect.ifaceE2I";
          "(reflect.Value).assignTo" -> "reflect.implements";
          "(reflect.Value).assignTo" -> "reflect.makeMethodValue";
          "(reflect.Value).assignTo" -> "reflect.stringFor";
          "(reflect.Value).assignTo" -> "reflect.stringFor";
          "(reflect.Value).assignTo" -> "reflect.unsafe_New";
          "(reflect.Value).assignTo" -> "reflect.valueInterface";
          "(reflect.Value).bytesSlow" -> "(*internal/abi.Type).Elem";
          "(reflect.Value).bytesSlow" -> "(*internal/abi.Type).Elem";
          "(reflect.Value).bytesSlow" -> "(*internal/abi.Type).Kind";
          "(reflect.Value).bytesSlow" -> "(*internal/abi.Type).Kind";
          "(reflect.Value).bytesSlow" -> "(reflect.Value).CanAddr";
          "(reflect.Value).bytesSlow" -> "(reflect.Value).typ";
          "(reflect.Value).bytesSlow" -> "(reflect.Value).typ";
          "(reflect.Value).bytesSlow" -> "(reflect.Value).typ";
          "(reflect.Value).bytesSlow" -> "(reflect.flag).kind";
          "(reflect.Value).bytesSlow" -> "(reflect.flag).kind";
          "(reflect.Value).call" -> "(*internal/abi.FuncType).In";
          "(reflect.Value).call" -> "(*internal/abi.FuncType).In";
          "(reflect.Value).call" -> "(*internal/abi.FuncType).In";
          "(reflect.Value).call" -> "(*internal/abi.FuncType).In";
          "(reflect.Value).call" -> "(*internal/abi.FuncType).IsVariadic";
          "(reflect.Value).call" -> "(*internal/abi.FuncType).NumIn";
          "(reflect.Value).call" -> "(*internal/abi.FuncType).NumIn";
          "(reflect.Value).call" -> "(*internal/abi.FuncType).NumOut";
          "(reflect.Value).call" -> "(*internal/abi.FuncType).Out";
          "(reflect.Value).call" -> "(*internal/abi.RegArgs).Dump";
          "(reflect.Value).call" -> "(*internal/abi.Type).IfaceIndir";
          "(reflect.Value).call" -> "(*internal/abi.Type).Kind";
          "(reflect.Value).call" -> "(*internal/abi.Type).Kind";
          "(reflect.Value).call" -> "(*internal/abi.Type).Kind";
          "(reflect.Value).call" -> "(*internal/abi.Type).Size";
          "(reflect.Value).call" -> "(*internal/abi.Type).Size";
          "(reflect.Value).call" -> "(*internal/abi.Type).Size";
          "(reflect.Value).call" -> "(*internal/abi.Type).Size";
          "(reflect.Value).call" -> "(*reflect.abiDesc).dump";
          "(reflect.Value).call" -> "(*reflect.abiSeq).stepsForValue";
          "(reflect.Value).call" -> "(*reflect.abiSeq).stepsForValue";
          "(reflect.Value).call" -> "(*reflect.rtype).AssignableTo";
          "(reflect.Value).call" -> "(*reflect.rtype).AssignableTo";
          "(reflect.Value).call" -> "(*reflect.rtype).Elem";
          "(reflect.Value).call" -> "(*reflect.rtype).String";
          "(reflect.Value).call" -> "(*reflect.rtype).String";
          "(reflect.Value).call" -> "(*reflect.rtype).String";
          "(reflect.Value).call" -> "(*sync.Pool).Get";
          "(reflect.Value).call" -> "(*sync.Pool).Put";
          "(reflect.Value).call" -> "(reflect.Value).Index";
          "(reflect.Value).call" -> "(reflect.Value).Kind";
          "(reflect.Value).call" -> "(reflect.Value).Set";
          "(reflect.Value).call" -> "(reflect.Value).Type";
          "(reflect.Value).call" -> "(reflect.Value).Type";
          "(reflect.Value).call" -> "(reflect.Value).assignTo";
          "(reflect.Value).call" -> "(reflect.Value).typ";
          "(reflect.Value).call" -> "(reflect.flag).mustBeExported";
          "(reflect.Value).call" -> "reflect.MakeSlice";
          "(reflect.Value).call" -> "reflect.Zero";
          "(reflect.Value).call" -> "reflect.add";
          "(reflect.Value).call" -> "reflect.add";
          "(reflect.Value).call" -> "reflect.add";
          "(reflect.Value).call" -> "reflect.add";
          "(reflect.Value).call" -> "reflect.add";
          "(reflect.Value).call" -> "reflect.add";
          "(reflect.Value).call" -> "reflect.add";
          "(reflect.Value).call" -> "reflect.align";
          "(reflect.Value).call" -> "reflect.call";
          "(reflect.Value).call" -> "reflect.floatFromReg";
          "(reflect.Value).call" -> "reflect.floatToReg";
          "(reflect.Value).call" -> "reflect.funcLayout";
          "(reflect.Value).call" -> "reflect.intFromReg";
          "(reflect.Value).call" -> "reflect.intToReg";
          "(reflect.Value).call" -> "reflect.methodReceiver";
          "(reflect.Value).call" -> "reflect.storeRcvr";
          "(reflect.Value).call" -> "reflect.storeRcvr";
          "(reflect.Value).call" -> "reflect.storeRcvr";
          "(reflect.Value).call" -> "reflect.storeRcvr";
          "(reflect.Value).call" -> "reflect.stringFor";
          "(reflect.Value).call" -> "reflect.stringFor";
          "(reflect.Value).call" -> "reflect.stringFor";
          "(reflect.Value).call" -> "reflect.toRType";
          "(reflect.Value).call" -> "reflect.toRType";
          "(reflect.Value).call" -> "reflect.toRType";
          "(reflect.Value).call" -> "reflect.toRType";
          "(reflect.Value).call" -> "reflect.toRType";
          "(reflect.Value).call" -> "reflect.typedmemclr";
          "(reflect.Value).call" -> "reflect.typedmemclrpartial";
          "(reflect.Value).call" -> "reflect.typedmemmove";
          "(reflect.Value).call" -> "reflect.unsafe_New";
          "(reflect.Value).call" -> "reflect.unsafe_New";
          "(reflect.Value).call" -> "runtime.GC";
          "(reflect.Value).call" -> "runtime.GC";
          "(reflect.Value).capNonSlice" -> "(*internal/abi.Type).Elem";
          "(reflect.Value).capNonSlice" -> "(*internal/abi.Type).Elem";
          "(reflect.Value).capNonSlice" -> "(*internal/abi.Type).Kind";
          "(reflect.Value).capNonSlice" -> "(*internal/abi.Type).Len";
          "(reflect.Value).capNonSlice" -> "(*internal/abi.Type).Len";
          "(reflect.Value).capNonSlice" -> "(reflect.Value).pointer";
          "(reflect.Value).capNonSlice" -> "(reflect.Value).typ";
          "(reflect.Value).capNonSlice" -> "(reflect.Value).typ";
          "(reflect.Value).capNonSlice" -> "(reflect.Value).typ";
          "(reflect.Value).capNonSlice" -> "(reflect.flag).kind";
          "(reflect.Value).capNonSlice" -> "(reflect.flag).kind";
          "(reflect.Value).capNonSlice" -> "reflect.chancap";
          "(reflect.Value).grow" -> "(*internal/abi.Type).Elem";
          "(reflect.Value).grow" -> "(reflect.Value).typ";
          "(reflect.Value).grow" -> "reflect.growslice";
          "(reflect.Value).lenNonSlice" -> "(*internal/abi.Type).Elem";
          "(reflect.Value).lenNonSlice" -> "(*internal/abi.Type).Elem";
          "(reflect.Value).lenNonSlice" -> "(*internal/abi.Type).Kind";
          "(reflect.Value).lenNonSlice" -> "(*internal/abi.Type).Len";
          "(reflect.Value).lenNonSlice" -> "(reflect.Value).pointer";
          "(reflect.Value).lenNonSlice" -> "(reflect.Value).pointer";
          "(reflect.Value).lenNonSlice" -> "(reflect.Value).typ";
          "(reflect.Value).lenNonSlice" -> "(reflect.Value).typ";
          "(reflect.Value).lenNonSlice" -> "(reflect.Value).typ";
          "(reflect.Value).lenNonSlice" -> "(reflect.flag).kind";
          "(reflect.Value).lenNonSlice" -> "(reflect.flag).kind";
          "(reflect.Value).lenNonSlice" -> "reflect.chanlen";
          "(reflect.Value).lenNonSlice" -> "reflect.maplen";
          "(reflect.Value).panicNotBool" -> "(reflect.flag).mustBe";
          "(reflect.Value).pointer" -> "(*internal/abi.Type).Pointers";
          "(reflect.Value).pointer" -> "(*internal/abi.Type).Size";
          "(reflect.Value).pointer" -> "(reflect.Value).typ";
          "(reflect.Value).pointer" -> "(reflect.Value).typ";
          "(reflect.Value).recv" -> "(*internal/abi.Type).IfaceIndir";
          "(reflect.Value).recv" -> "(*internal/abi.Type).Kind";
          "(reflect.Value).recv" -> "(reflect.Value).pointer";
          "(reflect.Value).recv" -> "(reflect.Value).typ";
          "(reflect.Value).recv" -> "reflect.chanrecv";
          "(reflect.Value).recv" -> "reflect.unsafe_New";
          "(reflect.Value).runes" -> "(*internal/abi.Type).Elem";
          "(reflect.Value).runes" -> "(*internal/abi.Type).Kind";
          "(reflect.Value).runes" -> "(reflect.Value).typ";
          "(reflect.Value).runes" -> "(reflect.flag).mustBe";
          "(reflect.Value).send" -> "(reflect.Value).assignTo";
          "(reflect.Value).send" -> "(reflect.Value).pointer";
          "(reflect.Value).send" -> "(reflect.Value).typ";
          "(reflect.Value).send" -> "(reflect.flag).mustBeExported";
          "(reflect.Value).send" -> "reflect.chansend";
          "(reflect.Value).setRunes" -> "(*internal/abi.Type).Elem";
          "(reflect.Value).setRunes" -> "(*internal/abi.Type).Kind";
          "(reflect.Value).setRunes" -> "(reflect.Value).typ";
          "(reflect.Value).setRunes" -> "(reflect.flag).mustBe";
          "(reflect.Value).setRunes" -> "(reflect.flag).mustBeAssignable";
          "(reflect.Value).stringNonString" -> "(*reflect.rtype).String";
          "(reflect.Value).stringNonString" -> "(reflect.Value).Type";
          "(reflect.Value).stringNonString" -> "(reflect.flag).kind";
          "(reflect.Value).typ" -> "internal/abi.NoEscape";
          "(reflect.Value).typeSlow" -> "(reflect.Value).abiTypeSlow";
          "(reflect.Value).typeSlow" -> "reflect.toRType";
          "(reflect.flag).mustBe" -> "(reflect.flag).kind";
          "(reflect.flag).mustBe" -> "reflect.valueMethodName";
          "(reflect.flag).mustBeAssignable" -> "(reflect.flag).mustBeAssignableSlow";
          "(reflect.flag).mustBeAssignableSlow" -> "reflect.valueMethodName";
          "(reflect.flag).mustBeAssignableSlow" -> "reflect.valueMethodName";
          "(reflect.flag).mustBeAssignableSlow" -> "reflect.valueMethodName";
          "(reflect.flag).mustBeExported" -> "(reflect.flag).mustBeExportedSlow";
          "(reflect.flag).mustBeExportedSlow" -> "reflect.valueMethodName";
          "(reflect.flag).mustBeExportedSlow" -> "reflect.valueMethodName";
          "(reflect.flag).panicNotMap" -> "(reflect.flag).mustBe";
          "(runtime.addrRange).contains" -> "(runtime.offAddr).lessEqual";
          "(runtime.addrRange).contains" -> "(runtime.offAddr).lessThan";
          "(runtime.addrRange).size" -> "(runtime.offAddr).diff";
          "(runtime.addrRange).size" -> "(runtime.offAddr).lessThan";
          "(runtime.addrRange).subtract" -> "(runtime.offAddr).lessEqual";
          "(runtime.addrRange).subtract" -> "(runtime.offAddr).lessEqual";
          "(runtime.addrRange).subtract" -> "(runtime.offAddr).lessThan";
          "(runtime.addrRange).subtract" -> "(runtime.offAddr).lessThan";
          "(runtime.addrRange).subtract" -> "(runtime.offAddr).lessThan";
          "(runtime.addrRange).subtract" -> "(runtime.offAddr).lessThan";
          "(runtime.addrRange).subtract" -> "(runtime.offAddr).lessThan";
          "(runtime.addrRange).subtract" -> "(runtime.offAddr).lessThan";
          "(runtime.addrRange).subtract" -> "runtime.throw";
          "(runtime.bitCursor).write" -> "runtime.addb";
          "(runtime.bitCursor).write" -> "runtime.addb";
          "(runtime.bitCursor).write" -> "runtime.addb";
          "(runtime.bitCursor).write" -> "runtime.addb";
          "(runtime.funcInfo).entry" -> "(*runtime.moduledata).textAddr";
          "(runtime.funcInfo).srcFunc" -> "(runtime.funcInfo).valid";
          "(runtime.gcTrigger).test" -> "(*internal/runtime/atomic.Int32).Load";
          "(runtime.gcTrigger).test" -> "(*internal/runtime/atomic.Uint32).Load";
          "(runtime.gcTrigger).test" -> "(*internal/runtime/atomic.Uint32).Load";
          "(runtime.gcTrigger).test" -> "(*internal/runtime/atomic.Uint64).Load";
          "(runtime.gcTrigger).test" -> "(*runtime.gcControllerState).trigger";
          "(runtime.gcTrigger).test" -> "internal/runtime/atomic.Load64";
          "(runtime.headTailIndex).split" -> "(runtime.headTailIndex).head";
          "(runtime.headTailIndex).split" -> "(runtime.headTailIndex).tail";
          "(runtime.markBits).setMarked" -> "internal/runtime/atomic.Or8";
          "(runtime.pMask).clear" -> "internal/runtime/atomic.And";
          "(runtime.pMask).read" -> "internal/runtime/atomic.Load";
          "(runtime.pMask).set" -> "internal/runtime/atomic.Or";
          "(runtime.rtype).nameOff" -> "runtime.resolveNameOff";
          "(runtime.rtype).pkgpath" -> "(internal/abi.Name).Name";
          "(runtime.rtype).pkgpath" -> "(internal/abi.Name).Name";
          "(runtime.rtype).pkgpath" -> "(internal/abi.Name).Name";
          "(runtime.rtype).pkgpath" -> "(runtime.rtype).nameOff";
          "(runtime.rtype).pkgpath" -> "(runtime.rtype).uncommon";
          "(runtime.rtype).string" -> "(internal/abi.Name).Name";
          "(runtime.rtype).string" -> "(runtime.rtype).nameOff";
          "(runtime.rtype).textOff" -> "(*runtime.moduledata).textAddr";
          "(runtime.rtype).textOff" -> "internal/abi.FuncPCABIInternal";
          "(runtime.rtype).textOff" -> "runtime.reflectOffsLock";
          "(runtime.rtype).textOff" -> "runtime.reflectOffsUnlock";
          "(runtime.rtype).textOff" -> "runtime.throw";
          "(runtime.rtype).typeOff" -> "runtime.resolveTypeOff";
          "(runtime.rtype).uncommon" -> "(*internal/abi.Type).Uncommon";
          "(runtime.scavChunkData).shouldScavenge" -> "(*runtime.scavChunkFlags).isEmpty";
          "(runtime.spanSetSpinePointer).lookup" -> "runtime.add";
          "(runtime.srcFunc).name" -> "(*runtime.moduledata).funcName";
          "(runtime.traceEventWriter).event" -> "(runtime.traceLocker).writer";
          "(runtime.traceEventWriter).event" -> "(runtime.traceWriter).end";
          "(runtime.traceEventWriter).event" -> "(runtime.traceWriter).event";
          "(runtime.traceLocker).GCDone" -> "(runtime.traceEventWriter).event";
          "(runtime.traceLocker).GCDone" -> "(runtime.traceLocker).eventWriter";
          "(runtime.traceLocker).GCMarkAssistDone" -> "(runtime.traceEventWriter).event";
          "(runtime.traceLocker).GCMarkAssistDone" -> "(runtime.traceLocker).eventWriter";
          "(runtime.traceLocker).GCMarkAssistStart" -> "(runtime.traceEventWriter).event";
          "(runtime.traceLocker).GCMarkAssistStart" -> "(runtime.traceLocker).eventWriter";
          "(runtime.traceLocker).GCMarkAssistStart" -> "(runtime.traceLocker).stack";
          "(runtime.traceLocker).GCStart" -> "(runtime.traceEventWriter).event";
          "(runtime.traceLocker).GCStart" -> "(runtime.traceLocker).eventWriter";
          "(runtime.traceLocker).GCStart" -> "(runtime.traceLocker).stack";
          "(runtime.traceLocker).GCSweepDone" -> "(runtime.puintptr).ptr";
          "(runtime.traceLocker).GCSweepDone" -> "(runtime.traceEventWriter).event";
          "(runtime.traceLocker).GCSweepDone" -> "(runtime.traceLocker).eventWriter";
          "(runtime.traceLocker).GCSweepDone" -> "runtime.throw";
          "(runtime.traceLocker).GCSweepSpan" -> "(runtime.puintptr).ptr";
          "(runtime.traceLocker).GCSweepSpan" -> "(runtime.traceEventWriter).event";
          "(runtime.traceLocker).GCSweepSpan" -> "(runtime.traceLocker).eventWriter";
          "(runtime.traceLocker).GCSweepSpan" -> "(runtime.traceLocker).stack";
          "(runtime.traceLocker).GCSweepStart" -> "(runtime.puintptr).ptr";
          "(runtime.traceLocker).GCSweepStart" -> "runtime.throw";
          "(runtime.traceLocker).GoPark" -> "(runtime.traceEventWriter).event";
          "(runtime.traceLocker).GoPark" -> "(runtime.traceLocker).eventWriter";
          "(runtime.traceLocker).GoPark" -> "(runtime.traceLocker).stack";
          "(runtime.traceLocker).GoPreempt" -> "(runtime.traceLocker).GoStop";
          "(runtime.traceLocker).GoSched" -> "(runtime.traceLocker).GoStop";
          "(runtime.traceLocker).GoStart" -> "(*runtime.traceSchedResourceState).nextSeq";
          "(runtime.traceLocker).GoStart" -> "(runtime.puintptr).ptr";
          "(runtime.traceLocker).GoStart" -> "(runtime.puintptr).ptr";
          "(runtime.traceLocker).GoStart" -> "(runtime.traceEventWriter).event";
          "(runtime.traceLocker).GoStart" -> "(runtime.traceEventWriter).event";
          "(runtime.traceLocker).GoStart" -> "(runtime.traceLocker).eventWriter";
          "(runtime.traceLocker).GoStart" -> "runtime.getg";
          "(runtime.traceLocker).GoStop" -> "(runtime.traceEventWriter).event";
          "(runtime.traceLocker).GoStop" -> "(runtime.traceLocker).eventWriter";
          "(runtime.traceLocker).GoStop" -> "(runtime.traceLocker).stack";
          "(runtime.traceLocker).GoSysCall" -> "(*runtime.traceSchedResourceState).nextSeq";
          "(runtime.traceLocker).GoSysCall" -> "(runtime.puintptr).ptr";
          "(runtime.traceLocker).GoSysCall" -> "(runtime.traceEventWriter).event";
          "(runtime.traceLocker).GoSysCall" -> "(runtime.traceLocker).eventWriter";
          "(runtime.traceLocker).GoSysCall" -> "(runtime.traceLocker).stack";
          "(runtime.traceLocker).GoSysExit" -> "(runtime.puintptr).ptr";
          "(runtime.traceLocker).GoSysExit" -> "(runtime.traceEventWriter).event";
          "(runtime.traceLocker).GoSysExit" -> "(runtime.traceLocker).eventWriter";
          "(runtime.traceLocker).GoUnpark" -> "(*runtime.traceSchedResourceState).nextSeq";
          "(runtime.traceLocker).GoUnpark" -> "(runtime.traceEventWriter).event";
          "(runtime.traceLocker).GoUnpark" -> "(runtime.traceLocker).emitUnblockStatus";
          "(runtime.traceLocker).GoUnpark" -> "(runtime.traceLocker).eventWriter";
          "(runtime.traceLocker).GoUnpark" -> "(runtime.traceLocker).stack";
          "(runtime.traceLocker).Gomaxprocs" -> "(runtime.traceEventWriter).event";
          "(runtime.traceLocker).Gomaxprocs" -> "(runtime.traceLocker).eventWriter";
          "(runtime.traceLocker).Gomaxprocs" -> "(runtime.traceLocker).stack";
          "(runtime.traceLocker).GoroutineStackAlloc" -> "(runtime.traceEventWriter).event";
          "(runtime.traceLocker).GoroutineStackAlloc" -> "(runtime.traceLocker).eventWriter";
          "(runtime.traceLocker).GoroutineStackAlloc" -> "runtime.traceCompressStackSize";
          "(runtime.traceLocker).GoroutineStackAlloc" -> "runtime.traceGoroutineStackID";
          "(runtime.traceLocker).GoroutineStackFree" -> "(runtime.traceEventWriter).event";
          "(runtime.traceLocker).GoroutineStackFree" -> "(runtime.traceLocker).eventWriter";
          "(runtime.traceLocker).GoroutineStackFree" -> "runtime.traceGoroutineStackID";
          "(runtime.traceLocker).HeapAlloc" -> "(runtime.traceEventWriter).event";
          "(runtime.traceLocker).HeapAlloc" -> "(runtime.traceLocker).eventWriter";
          "(runtime.traceLocker).HeapGoal" -> "(*runtime.gcControllerState).heapGoal";
          "(runtime.traceLocker).HeapGoal" -> "(runtime.traceEventWriter).event";
          "(runtime.traceLocker).HeapGoal" -> "(runtime.traceLocker).eventWriter";
          "(runtime.traceLocker).HeapObjectAlloc" -> "(runtime.traceEventWriter).event";
          "(runtime.traceLocker).HeapObjectAlloc" -> "(runtime.traceLocker).eventWriter";
          "(runtime.traceLocker).HeapObjectAlloc" -> "(runtime.traceLocker).rtype";
          "(runtime.traceLocker).HeapObjectAlloc" -> "runtime.traceHeapObjectID";
          "(runtime.traceLocker).HeapObjectFree" -> "(runtime.traceEventWriter).event";
          "(runtime.traceLocker).HeapObjectFree" -> "(runtime.traceLocker).eventWriter";
          "(runtime.traceLocker).HeapObjectFree" -> "runtime.traceHeapObjectID";
          "(runtime.traceLocker).ProcStart" -> "(*runtime.traceSchedResourceState).nextSeq";
          "(runtime.traceLocker).ProcStart" -> "(runtime.puintptr).ptr";
          "(runtime.traceLocker).ProcStart" -> "(runtime.traceEventWriter).event";
          "(runtime.traceLocker).ProcStart" -> "(runtime.traceLocker).eventWriter";
          "(runtime.traceLocker).ProcSteal" -> "(*runtime.traceSchedResourceState).acquireStatus";
          "(runtime.traceLocker).ProcSteal" -> "(*runtime.traceSchedResourceState).nextSeq";
          "(runtime.traceLocker).ProcSteal" -> "(*runtime.traceSchedResourceState).statusWasTraced";
          "(runtime.traceLocker).ProcSteal" -> "(runtime.traceEventWriter).event";
          "(runtime.traceLocker).ProcSteal" -> "(runtime.traceLocker).eventWriter";
          "(runtime.traceLocker).ProcSteal" -> "(runtime.traceLocker).writer";
          "(runtime.traceLocker).ProcSteal" -> "(runtime.traceWriter).end";
          "(runtime.traceLocker).ProcSteal" -> "(runtime.traceWriter).writeProcStatus";
          "(runtime.traceLocker).ProcStop" -> "(runtime.traceEventWriter).event";
          "(runtime.traceLocker).ProcStop" -> "(runtime.traceLocker).eventWriter";
          "(runtime.traceLocker).STWDone" -> "(runtime.traceEventWriter).event";
          "(runtime.traceLocker).STWDone" -> "(runtime.traceLocker).eventWriter";
          "(runtime.traceLocker).STWStart" -> "(runtime.stwReason).String";
          "(runtime.traceLocker).STWStart" -> "(runtime.traceEventWriter).event";
          "(runtime.traceLocker).STWStart" -> "(runtime.traceLocker).eventWriter";
          "(runtime.traceLocker).STWStart" -> "(runtime.traceLocker).stack";
          "(runtime.traceLocker).STWStart" -> "(runtime.traceLocker).string";
          "(runtime.traceLocker).SpanAlloc" -> "(runtime.traceEventWriter).event";
          "(runtime.traceLocker).SpanAlloc" -> "(runtime.traceLocker).eventWriter";
          "(runtime.traceLocker).SpanAlloc" -> "runtime.traceSpanID";
          "(runtime.traceLocker).SpanAlloc" -> "runtime.traceSpanTypeAndClass";
          "(runtime.traceLocker).SpanFree" -> "(runtime.traceEventWriter).event";
          "(runtime.traceLocker).SpanFree" -> "(runtime.traceLocker).eventWriter";
          "(runtime.traceLocker).SpanFree" -> "runtime.traceSpanID";
          "(runtime.traceLocker).emitUnblockStatus" -> "(*runtime.traceSchedResourceState).acquireStatus";
          "(runtime.traceLocker).emitUnblockStatus" -> "(*runtime.traceSchedResourceState).statusWasTraced";
          "(runtime.traceLocker).emitUnblockStatus" -> "(runtime.traceLocker).writer";
          "(runtime.traceLocker).emitUnblockStatus" -> "(runtime.traceWriter).end";
          "(runtime.traceLocker).emitUnblockStatus" -> "(runtime.traceWriter).writeGoStatus";
          "(runtime.traceLocker).eventWriter" -> "(*runtime.traceSchedResourceState).acquireStatus";
          "(runtime.traceLocker).eventWriter" -> "(*runtime.traceSchedResourceState).acquireStatus";
          "(runtime.traceLocker).eventWriter" -> "(*runtime.traceSchedResourceState).statusWasTraced";
          "(runtime.traceLocker).eventWriter" -> "(*runtime.traceSchedResourceState).statusWasTraced";
          "(runtime.traceLocker).eventWriter" -> "(runtime.puintptr).ptr";
          "(runtime.traceLocker).eventWriter" -> "(runtime.traceLocker).writer";
          "(runtime.traceLocker).eventWriter" -> "(runtime.traceLocker).writer";
          "(runtime.traceLocker).eventWriter" -> "(runtime.traceWriter).end";
          "(runtime.traceLocker).eventWriter" -> "(runtime.traceWriter).end";
          "(runtime.traceLocker).eventWriter" -> "(runtime.traceWriter).writeGoStatus";
          "(runtime.traceLocker).eventWriter" -> "(runtime.traceWriter).writeProcStatus";
          "(runtime.traceLocker).rtype" -> "(*runtime.traceTypeTable).put";
          "(runtime.traceLocker).stack" -> "runtime.traceStack";
          "(runtime.traceLocker).string" -> "(*runtime.traceStringTable).put";
          "(runtime.traceLocker).writer" -> "runtime.getg";
          "(runtime.traceWriter).end" -> "runtime.getg";
          "(runtime.traceWriter).ensure" -> "(*runtime.traceBuf).available";
          "(runtime.traceWriter).ensure" -> "(runtime.traceWriter).refill";
          "(runtime.traceWriter).event" -> "(*runtime.traceBuf).byte";
          "(runtime.traceWriter).event" -> "(*runtime.traceBuf).varint";
          "(runtime.traceWriter).event" -> "(*runtime.traceBuf).varint";
          "(runtime.traceWriter).event" -> "(runtime.traceWriter).ensure";
          "(runtime.traceWriter).event" -> "runtime.traceClockNow";
          "(runtime.traceWriter).refill" -> "(*runtime.traceBuf).byte";
          "(runtime.traceWriter).refill" -> "(*runtime.traceBuf).byte";
          "(runtime.traceWriter).refill" -> "(*runtime.traceBuf).byte";
          "(runtime.traceWriter).refill" -> "(*runtime.traceBuf).varint";
          "(runtime.traceWriter).refill" -> "(*runtime.traceBuf).varint";
          "(runtime.traceWriter).refill" -> "(*runtime.traceBuf).varint";
          "(runtime.traceWriter).refill" -> "(*runtime.traceBuf).varintReserve";
          "(runtime.traceWriter).refill" -> "runtime.systemstack";
          "(runtime.traceWriter).refill" -> "runtime.traceClockNow";
          "(runtime.traceWriter).refill$1" -> "runtime.lock";
          "(runtime.traceWriter).refill$1" -> "runtime.sysAlloc";
          "(runtime.traceWriter).refill$1" -> "runtime.throw";
          "(runtime.traceWriter).refill$1" -> "runtime.traceBufFlush";
          "(runtime.traceWriter).refill$1" -> "runtime.unlock";
          "(runtime.traceWriter).refill$1" -> "runtime.unlock";
          "(runtime.traceWriter).writeGoStatus" -> "(runtime.traceWriter).event";
          "(runtime.traceWriter).writeGoStatus" -> "(runtime.traceWriter).event";
          "(runtime.traceWriter).writeGoStatus" -> "(runtime.traceWriter).event";
          "(runtime.traceWriter).writeGoStatus" -> "runtime.throw";
          "(runtime.traceWriter).writeProcStatus" -> "(runtime.traceWriter).event";
          "(runtime.traceWriter).writeProcStatus" -> "(runtime.traceWriter).event";
          "(runtime.traceWriter).writeProcStatus" -> "runtime.throw";
          "(runtime.typePointers).fastForward" -> "runtime.addb";
          "(runtime.typePointers).fastForward" -> "runtime.alignDown";
          "(runtime.typePointers).fastForward" -> "runtime.alignDown";
          "(runtime.typePointers).fastForward" -> "runtime.getGCMask";
          "(runtime.typePointers).fastForward" -> "runtime.getGCMask";
          "(runtime.typePointers).fastForward" -> "runtime.readUintptr";
          "(runtime.typePointers).fastForward" -> "runtime.readUintptr";
          "(runtime.typePointers).next" -> "(runtime.typePointers).nextFast";
          "(runtime.typePointers).next" -> "runtime.addb";
          "(runtime.typePointers).next" -> "runtime.getGCMask";
          "(runtime.typePointers).next" -> "runtime.readUintptr";
          "(runtime.typePointers).nextFast" -> "internal/runtime/sys.TrailingZeros32";
          "(runtime.typePointers).nextFast" -> "internal/runtime/sys.TrailingZeros64";
          "(struct{*internal/abi.Type}).Align" -> "(*internal/abi.Type).Align";
          "(struct{*internal/abi.Type}).ArrayType" -> "(*internal/abi.Type).ArrayType";
          "(struct{*internal/abi.Type}).ChanDir" -> "(*internal/abi.Type).ChanDir";
          "(struct{*internal/abi.Type}).Common" -> "(*internal/abi.Type).Common";
          "(struct{*internal/abi.Type}).Elem" -> "(*internal/abi.Type).Elem";
          "(struct{*internal/abi.Type}).ExportedMethods" -> "(*internal/abi.Type).ExportedMethods";
          "(struct{*internal/abi.Type}).FieldAlign" -> "(*internal/abi.Type).FieldAlign";
          "(struct{*internal/abi.Type}).FuncType" -> "(*internal/abi.Type).FuncType";
          "(struct{*internal/abi.Type}).GcSlice" -> "(*internal/abi.Type).GcSlice";
          "(struct{*internal/abi.Type}).HasName" -> "(*internal/abi.Type).HasName";
          "(struct{*internal/abi.Type}).IfaceIndir" -> "(*internal/abi.Type).IfaceIndir";
          "(struct{*internal/abi.Type}).InterfaceType" -> "(*internal/abi.Type).InterfaceType";
          "(struct{*internal/abi.Type}).IsDirectIface" -> "(*internal/abi.Type).IsDirectIface";
          "(struct{*internal/abi.Type}).Key" -> "(*internal/abi.Type).Key";
          "(struct{*internal/abi.Type}).Kind" -> "(*internal/abi.Type).Kind";
          "(struct{*internal/abi.Type}).Len" -> "(*internal/abi.Type).Len";
          "(struct{*internal/abi.Type}).MapType" -> "(*internal/abi.Type).MapType";
          "(struct{*internal/abi.Type}).NumMethod" -> "(*internal/abi.Type).NumMethod";
          "(struct{*internal/abi.Type}).Pointers" -> "(*internal/abi.Type).Pointers";
          "(struct{*internal/abi.Type}).Size" -> "(*internal/abi.Type).Size";
          "(struct{*internal/abi.Type}).StructType" -> "(*internal/abi.Type).StructType";
          "(struct{*internal/abi.Type}).Uncommon" -> "(*internal/abi.Type).Uncommon";
          "(struct{os.noReadFrom; *os.File}).Chdir" -> "(*os.File).Chdir";
          "(struct{os.noReadFrom; *os.File}).Chmod" -> "(*os.File).Chmod";
          "(struct{os.noReadFrom; *os.File}).Chown" -> "(*os.File).Chown";
          "(struct{os.noReadFrom; *os.File}).Close" -> "(*os.File).Close";
          "(struct{os.noReadFrom; *os.File}).Fd" -> "(*os.File).Fd";
          "(struct{os.noReadFrom; *os.File}).Name" -> "(*os.File).Name";
          "(struct{os.noReadFrom; *os.File}).Read" -> "(*os.File).Read";
          "(struct{os.noReadFrom; *os.File}).ReadAt" -> "(*os.File).ReadAt";
          "(struct{os.noReadFrom; *os.File}).ReadDir" -> "(*os.File).ReadDir";
          "(struct{os.noReadFrom; *os.File}).Readdir" -> "(*os.File).Readdir";
          "(struct{os.noReadFrom; *os.File}).Readdirnames" -> "(*os.File).Readdirnames";
          "(struct{os.noReadFrom; *os.File}).Seek" -> "(*os.File).Seek";
          "(struct{os.noReadFrom; *os.File}).SetDeadline" -> "(*os.File).SetDeadline";
          "(struct{os.noReadFrom; *os.File}).SetReadDeadline" -> "(*os.File).SetReadDeadline";
          "(struct{os.noReadFrom; *os.File}).SetWriteDeadline" -> "(*os.File).SetWriteDeadline";
          "(struct{os.noReadFrom; *os.File}).Stat" -> "(*os.File).Stat";
          "(struct{os.noReadFrom; *os.File}).Sync" -> "(*os.File).Sync";
          "(struct{os.noReadFrom; *os.File}).SyscallConn" -> "(*os.File).SyscallConn";
          "(struct{os.noReadFrom; *os.File}).Truncate" -> "(*os.File).Truncate";
          "(struct{os.noReadFrom; *os.File}).Write" -> "(*os.File).Write";
          "(struct{os.noReadFrom; *os.File}).WriteAt" -> "(*os.File).WriteAt";
          "(struct{os.noReadFrom; *os.File}).WriteString" -> "(*os.File).WriteString";
          "(struct{os.noReadFrom; *os.File}).WriteTo" -> "(*os.File).WriteTo";
          "(struct{os.noWriteTo; *os.File}).Chdir" -> "(*os.File).Chdir";
          "(struct{os.noWriteTo; *os.File}).Chmod" -> "(*os.File).Chmod";
          "(struct{os.noWriteTo; *os.File}).Chown" -> "(*os.File).Chown";
          "(struct{os.noWriteTo; *os.File}).Close" -> "(*os.File).Close";
          "(struct{os.noWriteTo; *os.File}).Fd" -> "(*os.File).Fd";
          "(struct{os.noWriteTo; *os.File}).Name" -> "(*os.File).Name";
          "(struct{os.noWriteTo; *os.File}).Read" -> "(*os.File).Read";
          "(struct{os.noWriteTo; *os.File}).ReadAt" -> "(*os.File).ReadAt";
          "(struct{os.noWriteTo; *os.File}).ReadDir" -> "(*os.File).ReadDir";
          "(struct{os.noWriteTo; *os.File}).ReadFrom" -> "(*os.File).ReadFrom";
          "(struct{os.noWriteTo; *os.File}).Readdir" -> "(*os.File).Readdir";
          "(struct{os.noWriteTo; *os.File}).Readdirnames" -> "(*os.File).Readdirnames";
          "(struct{os.noWriteTo; *os.File}).Seek" -> "(*os.File).Seek";
          "(struct{os.noWriteTo; *os.File}).SetDeadline" -> "(*os.File).SetDeadline";
          "(struct{os.noWriteTo; *os.File}).SetReadDeadline" -> "(*os.File).SetReadDeadline";
          "(struct{os.noWriteTo; *os.File}).SetWriteDeadline" -> "(*os.File).SetWriteDeadline";
          "(struct{os.noWriteTo; *os.File}).Stat" -> "(*os.File).Stat";
          "(struct{os.noWriteTo; *os.File}).Sync" -> "(*os.File).Sync";
          "(struct{os.noWriteTo; *os.File}).SyscallConn" -> "(*os.File).SyscallConn";
          "(struct{os.noWriteTo; *os.File}).Truncate" -> "(*os.File).Truncate";
          "(struct{os.noWriteTo; *os.File}).Write" -> "(*os.File).Write";
          "(struct{os.noWriteTo; *os.File}).WriteAt" -> "(*os.File).WriteAt";
          "(struct{os.noWriteTo; *os.File}).WriteString" -> "(*os.File).WriteString";
          "(syscall.Errno).Error" -> "internal/itoa.Itoa";
          "(syscall.Errno).Temporary" -> "(syscall.Errno).Timeout";
          "(time.Duration).Round" -> "time.lessThanHalf";
          "(time.Duration).Round" -> "time.lessThanHalf";
          "(time.Duration).String" -> "(time.Duration).format";
          "(time.Duration).format" -> "time.fmtFrac";
          "(time.Duration).format" -> "time.fmtFrac";
          "(time.Duration).format" -> "time.fmtInt";
          "(time.Duration).format" -> "time.fmtInt";
          "(time.Duration).format" -> "time.fmtInt";
          "(time.Duration).format" -> "time.fmtInt";
          "(time.Month).String" -> "time.fmtInt";
          "(time.Time).Add" -> "(*time.Time).addSec";
          "(time.Time).Add" -> "(*time.Time).nsec";
          "(time.Time).Add" -> "(*time.Time).stripMono";
          "(time.Time).AddDate" -> "(*time.Time).nsec";
          "(time.Time).AddDate" -> "(time.Time).Clock";
          "(time.Time).AddDate" -> "(time.Time).Date";
          "(time.Time).AddDate" -> "(time.Time).Location";
          "(time.Time).AddDate" -> "time.Date";
          "(time.Time).After" -> "(*time.Time).nsec";
          "(time.Time).After" -> "(*time.Time).nsec";
          "(time.Time).After" -> "(*time.Time).sec";
          "(time.Time).After" -> "(*time.Time).sec";
          "(time.Time).AppendBinary" -> "(*time.Time).nsec";
          "(time.Time).AppendBinary" -> "(*time.Time).sec";
          "(time.Time).AppendBinary" -> "(time.Time).Location";
          "(time.Time).AppendBinary" -> "(time.Time).Zone";
          "(time.Time).AppendBinary" -> "errors.New";
          "(time.Time).AppendFormat" -> "(time.Time).appendFormat";
          "(time.Time).AppendFormat" -> "(time.Time).appendFormatRFC3339";
          "(time.Time).AppendFormat" -> "(time.Time).appendFormatRFC3339";
          "(time.Time).AppendText" -> "(time.Time).appendTo";
          "(time.Time).Before" -> "(*time.Time).nsec";
          "(time.Time).Before" -> "(*time.Time).nsec";
          "(time.Time).Before" -> "(*time.Time).sec";
          "(time.Time).Before" -> "(*time.Time).sec";
          "(time.Time).Clock" -> "(time.Time).absSec";
          "(time.Time).Clock" -> "(time.absSeconds).clock";
          "(time.Time).Compare" -> "(*time.Time).nsec";
          "(time.Time).Compare" -> "(*time.Time).nsec";
          "(time.Time).Compare" -> "(*time.Time).sec";
          "(time.Time).Compare" -> "(*time.Time).sec";
          "(time.Time).Date" -> "(time.Time).absSec";
          "(time.Time).Date" -> "(time.absDays).date";
          "(time.Time).Date" -> "(time.absSeconds).days";
          "(time.Time).Day" -> "(time.Time).absSec";
          "(time.Time).Day" -> "(time.absDays).split";
          "(time.Time).Day" -> "(time.absSeconds).days";
          "(time.Time).Day" -> "(time.absYday).split";
          "(time.Time).Equal" -> "(*time.Time).nsec";
          "(time.Time).Equal" -> "(*time.Time).nsec";
          "(time.Time).Equal" -> "(*time.Time).sec";
          "(time.Time).Equal" -> "(*time.Time).sec";
          "(time.Time).Format" -> "(time.Time).AppendFormat";
          "(time.Time).GoString" -> "(time.Time).Location";
          "(time.Time).GoString" -> "(time.Time).Nanosecond";
          "(time.Time).GoString" -> "(time.Time).absSec";
          "(time.Time).GoString" -> "(time.absDays).date";
          "(time.Time).GoString" -> "(time.absSeconds).clock";
          "(time.Time).GoString" -> "(time.absSeconds).days";
          "(time.Time).GoString" -> "time.appendInt";
          "(time.Time).GoString" -> "time.appendInt";
          "(time.Time).GoString" -> "time.appendInt";
          "(time.Time).GoString" -> "time.appendInt";
          "(time.Time).GoString" -> "time.appendInt";
          "(time.Time).GoString" -> "time.appendInt";
          "(time.Time).GoString" -> "time.appendInt";
          "(time.Time).GoString" -> "time.quote";
          "(time.Time).GobEncode" -> "(time.Time).MarshalBinary";
          "(time.Time).Hour" -> "(time.Time).absSec";
          "(time.Time).ISOWeek" -> "(time.Time).absSec";
          "(time.Time).ISOWeek" -> "(time.absDays).weekday";
          "(time.Time).ISOWeek" -> "(time.absDays).yearYday";
          "(time.Time).ISOWeek" -> "(time.absSeconds).days";
          "(time.Time).In" -> "(*time.Time).setLoc";
          "(time.Time).IsDST" -> "(*time.Location).lookup";
          "(time.Time).IsDST" -> "(time.Time).Unix";
          "(time.Time).IsZero" -> "(*time.Time).nsec";
          "(time.Time).IsZero" -> "(*time.Time).sec";
          "(time.Time).Local" -> "(*time.Time).setLoc";
          "(time.Time).MarshalBinary" -> "(time.Time).AppendBinary";
          "(time.Time).MarshalJSON" -> "(*errors.errorString).Error";
          "(time.Time).MarshalJSON" -> "(*internal/poll.errNetClosing).Error";
          "(time.Time).MarshalJSON" -> "(*io/fs.PathError).Error";
          "(time.Time).MarshalJSON" -> "(*reflect.ValueError).Error";
          "(time.Time).MarshalJSON" -> "(*runtime.TypeAssertionError).Error";
          "(time.Time).MarshalJSON" -> "(*runtime.errorAddressString).Error";
          "(time.Time).MarshalJSON" -> "(*runtime.errorString).Error";
          "(time.Time).MarshalJSON" -> "(*syscall.Errno).Error";
          "(time.Time).MarshalJSON" -> "(*time.ParseError).Error";
          "(time.Time).MarshalJSON" -> "(*time.fileSizeError).Error";
          "(time.Time).MarshalJSON" -> "(internal/poll.errNetClosing).Error";
          "(time.Time).MarshalJSON" -> "(runtime.errorAddressString).Error";
          "(time.Time).MarshalJSON" -> "(runtime.errorString).Error";
          "(time.Time).MarshalJSON" -> "(syscall.Errno).Error";
          "(time.Time).MarshalJSON" -> "(time.Time).appendStrictRFC3339";
          "(time.Time).MarshalJSON" -> "(time.fileSizeError).Error";
          "(time.Time).MarshalJSON" -> "errors.New";
          "(time.Time).MarshalText" -> "(time.Time).appendTo";
          "(time.Time).Minute" -> "(time.Time).absSec";
          "(time.Time).Month" -> "(time.Time).absSec";
          "(time.Time).Month" -> "(time.absDays).split";
          "(time.Time).Month" -> "(time.absMonth).month";
          "(time.Time).Month" -> "(time.absSeconds).days";
          "(time.Time).Month" -> "(time.absYday).janFeb";
          "(time.Time).Month" -> "(time.absYday).split";
          "(time.Time).Nanosecond" -> "(*time.Time).nsec";
          "(time.Time).Round" -> "(*time.Time).stripMono";
          "(time.Time).Round" -> "(time.Time).Add";
          "(time.Time).Round" -> "(time.Time).Add";
          "(time.Time).Round" -> "time.div";
          "(time.Time).Round" -> "time.lessThanHalf";
          "(time.Time).Second" -> "(time.Time).absSec";
          "(time.Time).String" -> "(time.Time).Format";
          "(time.Time).String" -> "time.appendInt";
          "(time.Time).String" -> "time.appendInt";
          "(time.Time).String" -> "time.appendInt";
          "(time.Time).Sub" -> "(*time.Time).nsec";
          "(time.Time).Sub" -> "(*time.Time).nsec";
          "(time.Time).Sub" -> "(*time.Time).sec";
          "(time.Time).Sub" -> "(*time.Time).sec";
          "(time.Time).Sub" -> "(time.Time).Add";
          "(time.Time).Sub" -> "(time.Time).Before";
          "(time.Time).Sub" -> "(time.Time).Equal";
          "(time.Time).Sub" -> "time.subMono";
          "(time.Time).Truncate" -> "(*time.Time).stripMono";
          "(time.Time).Truncate" -> "(time.Time).Add";
          "(time.Time).Truncate" -> "time.div";
          "(time.Time).UTC" -> "(*time.Time).setLoc";
          "(time.Time).Unix" -> "(*time.Time).unixSec";
          "(time.Time).UnixMicro" -> "(*time.Time).nsec";
          "(time.Time).UnixMicro" -> "(*time.Time).unixSec";
          "(time.Time).UnixMilli" -> "(*time.Time).nsec";
          "(time.Time).UnixMilli" -> "(*time.Time).unixSec";
          "(time.Time).UnixNano" -> "(*time.Time).nsec";
          "(time.Time).UnixNano" -> "(*time.Time).unixSec";
          "(time.Time).Weekday" -> "(time.Time).absSec";
          "(time.Time).Weekday" -> "(time.absDays).weekday";
          "(time.Time).Weekday" -> "(time.absSeconds).days";
          "(time.Time).Year" -> "(time.Time).absSec";
          "(time.Time).Year" -> "(time.absCentury).year";
          "(time.Time).Year" -> "(time.absDays).split";
          "(time.Time).Year" -> "(time.absSeconds).days";
          "(time.Time).Year" -> "(time.absYday).janFeb";
          "(time.Time).YearDay" -> "(time.Time).absSec";
          "(time.Time).YearDay" -> "(time.absDays).yearYday";
          "(time.Time).YearDay" -> "(time.absSeconds).days";
          "(time.Time).Zone" -> "(*time.Location).lookup";
          "(time.Time).Zone" -> "(*time.Time).unixSec";
          "(time.Time).ZoneBounds" -> "(*time.Location).lookup";
          "(time.Time).ZoneBounds" -> "(*time.Time).setLoc";
          "(time.Time).ZoneBounds" -> "(*time.Time).setLoc";
          "(time.Time).ZoneBounds" -> "(*time.Time).unixSec";
          "(time.Time).ZoneBounds" -> "time.unixTime";
          "(time.Time).ZoneBounds" -> "time.unixTime";
          "(time.Time).absSec" -> "(*time.Location).get";
          "(time.Time).absSec" -> "(*time.Location).lookup";
          "(time.Time).absSec" -> "(*time.Time).unixSec";
          "(time.Time).appendFormat" -> "(time.Month).String";
          "(time.Time).appendFormat" -> "(time.Month).String";
          "(time.Time).appendFormat" -> "(time.Time).Nanosecond";
          "(time.Time).appendFormat" -> "(time.Time).locabs";
          "(time.Time).appendFormat" -> "(time.Weekday).String";
          "(time.Time).appendFormat" -> "(time.Weekday).String";
          "(time.Time).appendFormat" -> "(time.absDays).date";
          "(time.Time).appendFormat" -> "(time.absDays).weekday";
          "(time.Time).appendFormat" -> "(time.absDays).weekday";
          "(time.Time).appendFormat" -> "(time.absDays).yearYday";
          "(time.Time).appendFormat" -> "(time.absSeconds).clock";
          "(time.Time).appendFormat" -> "(time.absSeconds).days";
          "(time.Time).appendFormat" -> "time.appendInt";
          "(time.Time).appendFormat" -> "time.appendInt";
          "(time.Time).appendFormat" -> "time.appendInt";
          "(time.Time).appendFormat" -> "time.appendInt";
          "(time.Time).appendFormat" -> "time.appendInt";
          "(time.Time).appendFormat" -> "time.appendInt";
          "(time.Time).appendFormat" -> "time.appendInt";
          "(time.Time).appendFormat" -> "time.appendInt";
          "(time.Time).appendFormat" -> "time.appendInt";
          "(time.Time).appendFormat" -> "time.appendInt";
          "(time.Time).appendFormat" -> "time.appendInt";
          "(time.Time).appendFormat" -> "time.appendInt";
          "(time.Time).appendFormat" -> "time.appendInt";
          "(time.Time).appendFormat" -> "time.appendInt";
          "(time.Time).appendFormat" -> "time.appendInt";
          "(time.Time).appendFormat" -> "time.appendInt";
          "(time.Time).appendFormat" -> "time.appendInt";
          "(time.Time).appendFormat" -> "time.appendInt";
          "(time.Time).appendFormat" -> "time.appendInt";
          "(time.Time).appendFormat" -> "time.appendInt";
          "(time.Time).appendFormat" -> "time.appendInt";
          "(time.Time).appendFormat" -> "time.appendNano";
          "(time.Time).appendFormat" -> "time.nextStdChunk";
          "(time.Time).appendFormatRFC3339" -> "(time.Time).Nanosecond";
          "(time.Time).appendFormatRFC3339" -> "(time.Time).locabs";
          "(time.Time).appendFormatRFC3339" -> "(time.absDays).date";
          "(time.Time).appendFormatRFC3339" -> "(time.absSeconds).clock";
          "(time.Time).appendFormatRFC3339" -> "(time.absSeconds).days";
          "(time.Time).appendFormatRFC3339" -> "time.appendInt";
          "(time.Time).appendFormatRFC3339" -> "time.appendInt";
          "(time.Time).appendFormatRFC3339" -> "time.appendInt";
          "(time.Time).appendFormatRFC3339" -> "time.appendInt";
          "(time.Time).appendFormatRFC3339" -> "time.appendInt";
          "(time.Time).appendFormatRFC3339" -> "time.appendInt";
          "(time.Time).appendFormatRFC3339" -> "time.appendInt";
          "(time.Time).appendFormatRFC3339" -> "time.appendInt";
          "(time.Time).appendFormatRFC3339" -> "time.appendNano";
          "(time.Time).appendFormatRFC3339" -> "time.stdFracSecond";
          "(time.Time).appendStrictRFC3339" -> "(time.Time).appendFormatRFC3339";
          "(time.Time).appendStrictRFC3339" -> "(time.Time).appendStrictRFC3339$1";
          "(time.Time).appendStrictRFC3339" -> "errors.New";
          "(time.Time).appendStrictRFC3339" -> "errors.New";
          "(time.Time).appendTo" -> "(*errors.errorString).Error";
          "(time.Time).appendTo" -> "(*internal/poll.errNetClosing).Error";
          "(time.Time).appendTo" -> "(*io/fs.PathError).Error";
          "(time.Time).appendTo" -> "(*reflect.ValueError).Error";
          "(time.Time).appendTo" -> "(*runtime.TypeAssertionError).Error";
          "(time.Time).appendTo" -> "(*runtime.errorAddressString).Error";
          "(time.Time).appendTo" -> "(*runtime.errorString).Error";
          "(time.Time).appendTo" -> "(*syscall.Errno).Error";
          "(time.Time).appendTo" -> "(*time.ParseError).Error";
          "(time.Time).appendTo" -> "(*time.fileSizeError).Error";
          "(time.Time).appendTo" -> "(internal/poll.errNetClosing).Error";
          "(time.Time).appendTo" -> "(runtime.errorAddressString).Error";
          "(time.Time).appendTo" -> "(runtime.errorString).Error";
          "(time.Time).appendTo" -> "(syscall.Errno).Error";
          "(time.Time).appendTo" -> "(time.Time).appendStrictRFC3339";
          "(time.Time).appendTo" -> "(time.fileSizeError).Error";
          "(time.Time).appendTo" -> "errors.New";
          "(time.Time).locabs" -> "(*time.Location).get";
          "(time.Time).locabs" -> "(*time.Location).lookup";
          "(time.Time).locabs" -> "(*time.Time).unixSec";
          "(time.Weekday).String" -> "time.fmtInt";
          "(time.absDays).date" -> "(time.absCentury).year";
          "(time.absDays).date" -> "(time.absDays).split";
          "(time.absDays).date" -> "(time.absMonth).month";
          "(time.absDays).date" -> "(time.absYday).janFeb";
          "(time.absDays).date" -> "(time.absYday).split";
          "(time.absDays).split" -> "math/bits.Mul32";
          "(time.absDays).yearYday" -> "(time.absCentury).leap";
          "(time.absDays).yearYday" -> "(time.absCentury).year";
          "(time.absDays).yearYday" -> "(time.absDays).split";
          "(time.absDays).yearYday" -> "(time.absYday).janFeb";
          "(time.absDays).yearYday" -> "(time.absYday).yday";
          "cmp.Compare[float64]" -> "cmp.isNaN[float64]";
          "cmp.Compare[float64]" -> "cmp.isNaN[float64]";
          "cmp.Compare[int64]" -> "cmp.isNaN[int64]";
          "cmp.Compare[int64]" -> "cmp.isNaN[int64]";
          "cmp.Compare[string]" -> "cmp.isNaN[string]";
          "cmp.Compare[string]" -> "cmp.isNaN[string]";
          "cmp.Compare[uint64]" -> "cmp.isNaN[uint64]";
          "cmp.Compare[uint64]" -> "cmp.isNaN[uint64]";
          "cmp.Compare[uintptr]" -> "cmp.isNaN[uintptr]";
          "cmp.Compare[uintptr]" -> "cmp.isNaN[uintptr]";
          "command-line-arguments.Foo" -> "fmt.Println";
          "command-line-arguments.main" -> "command-line-arguments.Foo";
          "errors.Is" -> "(*internal/reflectlite.rtype).Comparable";
          "errors.Is" -> "(internal/reflectlite.rtype).Comparable";
          "errors.Is" -> "errors.is";
          "errors.Is" -> "internal/reflectlite.TypeOf";
          "errors.is" -> "(*io/fs.PathError).Unwrap";
          "errors.is" -> "(*syscall.Errno).Is";
          "errors.is" -> "(syscall.Errno).Is";
          "errors.is" -> "errors.is";
          "fmt.Fprintln" -> "(*fmt.pp).Write";
          "fmt.Fprintln" -> "(*fmt.pp).doPrintln";
          "fmt.Fprintln" -> "(*fmt.pp).free";
          "fmt.Fprintln" -> "(*internal/poll.FD).Write";
          "fmt.Fprintln" -> "(*os.File).Write";
          "fmt.Fprintln" -> "(*os.fileWithoutReadFrom).Write";
          "fmt.Fprintln" -> "(*os.fileWithoutWriteTo).Write";
          "fmt.Fprintln" -> "(os.fileWithoutReadFrom).Write";
          "fmt.Fprintln" -> "(os.fileWithoutWriteTo).Write";
          "fmt.Fprintln" -> "(struct{os.noReadFrom; *os.File}).Write";
          "fmt.Fprintln" -> "(struct{os.noWriteTo; *os.File}).Write";
          "fmt.Fprintln" -> "fmt.newPrinter";
          "fmt.Println" -> "fmt.Fprintln";
          "fmt.getField" -> "(reflect.Value).Elem";
          "fmt.getField" -> "(reflect.Value).Field";
          "fmt.getField" -> "(reflect.Value).IsNil";
          "fmt.getField" -> "(reflect.Value).Kind";
          "fmt.newPrinter" -> "(*fmt.fmt).init";
          "fmt.newPrinter" -> "(*sync.Pool).Get";
          "internal/abi.NewName" -> "internal/abi.writeVarint";
          "internal/abi.NewName" -> "internal/abi.writeVarint";
          "internal/abi.TypeOf" -> "internal/abi.NoEscape";
          "internal/filepathlite.Base" -> "internal/filepathlite.IsPathSeparator";
          "internal/filepathlite.Base" -> "internal/filepathlite.IsPathSeparator";
          "internal/filepathlite.Base" -> "internal/filepathlite.VolumeName";
          "internal/filepathlite.FromSlash" -> "internal/filepathlite.replaceStringByte";
          "internal/filepathlite.VolumeName" -> "internal/filepathlite.FromSlash";
          "internal/filepathlite.VolumeName" -> "internal/filepathlite.volumeNameLen";
          "internal/filepathlite.replaceStringByte" -> "internal/stringslite.IndexByte";
          "internal/fmtsort.Sort" -> "(*reflect.MapIter).Key";
          "internal/fmtsort.Sort" -> "(*reflect.MapIter).Next";
          "internal/fmtsort.Sort" -> "(*reflect.MapIter).Value";
          "internal/fmtsort.Sort" -> "(*reflect.rtype).Kind";
          "internal/fmtsort.Sort" -> "(reflect.Value).Len";
          "internal/fmtsort.Sort" -> "(reflect.Value).MapRange";
          "internal/fmtsort.Sort" -> "(reflect.Value).Type";
          "internal/fmtsort.Sort" -> "slices.SortStableFunc[internal/fmtsort.SortedMap internal/fmtsort.KeyValue]";
          "internal/fmtsort.Sort$1" -> "internal/fmtsort.compare";
          "internal/fmtsort.compare" -> "(*reflect.rtype).String";
          "internal/fmtsort.compare" -> "(reflect.Value).Bool";
          "internal/fmtsort.compare" -> "(reflect.Value).Bool";
          "internal/fmtsort.compare" -> "(reflect.Value).Complex";
          "internal/fmtsort.compare" -> "(reflect.Value).Complex";
          "internal/fmtsort.compare" -> "(reflect.Value).Elem";
          "internal/fmtsort.compare" -> "(reflect.Value).Elem";
          "internal/fmtsort.compare" -> "(reflect.Value).Elem";
          "internal/fmtsort.compare" -> "(reflect.Value).Elem";
          "internal/fmtsort.compare" -> "(reflect.Value).Field";
          "internal/fmtsort.compare" -> "(reflect.Value).Field";
          "internal/fmtsort.compare" -> "(reflect.Value).Float";
          "internal/fmtsort.compare" -> "(reflect.Value).Float";
          "internal/fmtsort.compare" -> "(reflect.Value).Index";
          "internal/fmtsort.compare" -> "(reflect.Value).Index";
          "internal/fmtsort.compare" -> "(reflect.Value).Int";
          "internal/fmtsort.compare" -> "(reflect.Value).Int";
          "internal/fmtsort.compare" -> "(reflect.Value).Kind";
          "internal/fmtsort.compare" -> "(reflect.Value).Len";
          "internal/fmtsort.compare" -> "(reflect.Value).NumField";
          "internal/fmtsort.compare" -> "(reflect.Value).Pointer";
          "internal/fmtsort.compare" -> "(reflect.Value).Pointer";
          "internal/fmtsort.compare" -> "(reflect.Value).Pointer";
          "internal/fmtsort.compare" -> "(reflect.Value).Pointer";
          "internal/fmtsort.compare" -> "(reflect.Value).String";
          "internal/fmtsort.compare" -> "(reflect.Value).String";
          "internal/fmtsort.compare" -> "(reflect.Value).Type";
          "internal/fmtsort.compare" -> "(reflect.Value).Type";
          "internal/fmtsort.compare" -> "(reflect.Value).Type";
          "internal/fmtsort.compare" -> "(reflect.Value).Type";
          "internal/fmtsort.compare" -> "(reflect.Value).Uint";
          "internal/fmtsort.compare" -> "(reflect.Value).Uint";
          "internal/fmtsort.compare" -> "cmp.Compare[float64]";
          "internal/fmtsort.compare" -> "cmp.Compare[float64]";
          "internal/fmtsort.compare" -> "cmp.Compare[float64]";
          "internal/fmtsort.compare" -> "cmp.Compare[int64]";
          "internal/fmtsort.compare" -> "cmp.Compare[string]";
          "internal/fmtsort.compare" -> "cmp.Compare[uint64]";
          "internal/fmtsort.compare" -> "cmp.Compare[uintptr]";
          "internal/fmtsort.compare" -> "cmp.Compare[uintptr]";
          "internal/fmtsort.compare" -> "internal/fmtsort.compare";
          "internal/fmtsort.compare" -> "internal/fmtsort.compare";
          "internal/fmtsort.compare" -> "internal/fmtsort.compare";
          "internal/fmtsort.compare" -> "internal/fmtsort.compare";
          "internal/fmtsort.compare" -> "internal/fmtsort.nilCompare";
          "internal/fmtsort.compare" -> "internal/fmtsort.nilCompare";
          "internal/fmtsort.compare" -> "reflect.ValueOf";
          "internal/fmtsort.compare" -> "reflect.ValueOf";
          "internal/fmtsort.nilCompare" -> "(reflect.Value).IsNil";
          "internal/fmtsort.nilCompare" -> "(reflect.Value).IsNil";
          "internal/fmtsort.nilCompare" -> "(reflect.Value).IsNil";
          "internal/itoa.Itoa" -> "internal/itoa.Uitoa";
          "internal/itoa.Itoa" -> "internal/itoa.Uitoa";
          "internal/poll.DupCloseOnExec" -> "(*sync/atomic.Bool).Load";
          "internal/poll.DupCloseOnExec" -> "(*sync/atomic.Bool).Store";
          "internal/poll.DupCloseOnExec" -> "internal/poll.dupCloseOnExecOld";
          "internal/poll.DupCloseOnExec" -> "internal/syscall/unix.Fcntl";
          "internal/poll.accept" -> "syscall.CloseOnExec";
          "internal/poll.accept" -> "syscall.SetNonblock";
          "internal/poll.convertErr" -> "internal/poll.errClosing";
          "internal/poll.dupCloseOnExecOld" -> "(*sync.RWMutex).RLock";
          "internal/poll.dupCloseOnExecOld" -> "(*sync.RWMutex).RUnlock";
          "internal/poll.dupCloseOnExecOld" -> "syscall.CloseOnExec";
          "internal/poll.dupCloseOnExecOld" -> "syscall.Dup";
          "internal/poll.ignoringEINTR" -> "(*internal/poll.FD).Fchmod$1";
          "internal/poll.ignoringEINTR" -> "(*internal/poll.FD).Fchown$1";
          "internal/poll.ignoringEINTR" -> "(*internal/poll.FD).Fstat$1";
          "internal/poll.ignoringEINTR" -> "(*internal/poll.FD).Fsync$1";
          "internal/poll.ignoringEINTR" -> "(*internal/poll.FD).Ftruncate$1";
          "internal/poll.ignoringEINTRIO" -> "syscall.Read";
          "internal/poll.ignoringEINTRIO" -> "syscall.ReadDirent";
          "internal/poll.ignoringEINTRIO" -> "syscall.Write";
          "internal/poll.setDeadlineImpl" -> "(*internal/poll.FD).decref";
          "internal/poll.setDeadlineImpl" -> "(*internal/poll.FD).incref";
          "internal/poll.setDeadlineImpl" -> "(time.Time).IsZero";
          "internal/poll.setDeadlineImpl" -> "internal/poll.runtime_pollSetDeadline";
          "internal/poll.setDeadlineImpl" -> "time.Until";
          "internal/reflectlite.TypeOf" -> "internal/abi.TypeOf";
          "internal/reflectlite.TypeOf" -> "internal/reflectlite.toType";
          "internal/reflectlite.directlyAssignable" -> "(*internal/abi.Type).HasName";
          "internal/reflectlite.directlyAssignable" -> "(*internal/abi.Type).HasName";
          "internal/reflectlite.directlyAssignable" -> "(*internal/abi.Type).Kind";
          "internal/reflectlite.directlyAssignable" -> "(*internal/abi.Type).Kind";
          "internal/reflectlite.directlyAssignable" -> "internal/reflectlite.haveIdenticalUnderlyingType";
          "internal/reflectlite.elem" -> "(*internal/abi.Type).Elem";
          "internal/reflectlite.elem" -> "(internal/reflectlite.rtype).String";
          "internal/reflectlite.elem" -> "internal/reflectlite.toRType";
          "internal/reflectlite.haveIdenticalType" -> "(*internal/abi.Type).Kind";
          "internal/reflectlite.haveIdenticalType" -> "(*internal/abi.Type).Kind";
          "internal/reflectlite.haveIdenticalType" -> "(internal/reflectlite.rtype).Name";
          "internal/reflectlite.haveIdenticalType" -> "(internal/reflectlite.rtype).Name";
          "internal/reflectlite.haveIdenticalType" -> "internal/reflectlite.haveIdenticalUnderlyingType";
          "internal/reflectlite.haveIdenticalType" -> "internal/reflectlite.toRType";
          "internal/reflectlite.haveIdenticalType" -> "internal/reflectlite.toRType";
          "internal/reflectlite.haveIdenticalUnderlyingType" -> "(*internal/abi.FuncType).In";
          "internal/reflectlite.haveIdenticalUnderlyingType" -> "(*internal/abi.FuncType).In";
          "internal/reflectlite.haveIdenticalUnderlyingType" -> "(*internal/abi.FuncType).NumIn";
          "internal/reflectlite.haveIdenticalUnderlyingType" -> "(*internal/abi.FuncType).NumOut";
          "internal/reflectlite.haveIdenticalUnderlyingType" -> "(*internal/abi.FuncType).Out";
          "internal/reflectlite.haveIdenticalUnderlyingType" -> "(*internal/abi.FuncType).Out";
          "internal/reflectlite.haveIdenticalUnderlyingType" -> "(*internal/abi.StructField).Embedded";
          "internal/reflectlite.haveIdenticalUnderlyingType" -> "(*internal/abi.StructField).Embedded";
          "internal/reflectlite.haveIdenticalUnderlyingType" -> "(*internal/abi.Type).ChanDir";
          "internal/reflectlite.haveIdenticalUnderlyingType" -> "(*internal/abi.Type).ChanDir";
          "internal/reflectlite.haveIdenticalUnderlyingType" -> "(*internal/abi.Type).ChanDir";
          "internal/reflectlite.haveIdenticalUnderlyingType" -> "(*internal/abi.Type).Elem";
          "internal/reflectlite.haveIdenticalUnderlyingType" -> "(*internal/abi.Type).Elem";
          "internal/reflectlite.haveIdenticalUnderlyingType" -> "(*internal/abi.Type).Elem";
          "internal/reflectlite.haveIdenticalUnderlyingType" -> "(*internal/abi.Type).Elem";
          "internal/reflectlite.haveIdenticalUnderlyingType" -> "(*internal/abi.Type).Elem";
          "internal/reflectlite.haveIdenticalUnderlyingType" -> "(*internal/abi.Type).Elem";
          "internal/reflectlite.haveIdenticalUnderlyingType" -> "(*internal/abi.Type).Elem";
          "internal/reflectlite.haveIdenticalUnderlyingType" -> "(*internal/abi.Type).Elem";
          "internal/reflectlite.haveIdenticalUnderlyingType" -> "(*internal/abi.Type).Elem";
          "internal/reflectlite.haveIdenticalUnderlyingType" -> "(*internal/abi.Type).Elem";
          "internal/reflectlite.haveIdenticalUnderlyingType" -> "(*internal/abi.Type).Key";
          "internal/reflectlite.haveIdenticalUnderlyingType" -> "(*internal/abi.Type).Key";
          "internal/reflectlite.haveIdenticalUnderlyingType" -> "(*internal/abi.Type).Kind";
          "internal/reflectlite.haveIdenticalUnderlyingType" -> "(*internal/abi.Type).Kind";
          "internal/reflectlite.haveIdenticalUnderlyingType" -> "(*internal/abi.Type).Len";
          "internal/reflectlite.haveIdenticalUnderlyingType" -> "(*internal/abi.Type).Len";
          "internal/reflectlite.haveIdenticalUnderlyingType" -> "(internal/abi.Name).Name";
          "internal/reflectlite.haveIdenticalUnderlyingType" -> "(internal/abi.Name).Name";
          "internal/reflectlite.haveIdenticalUnderlyingType" -> "(internal/abi.Name).Name";
          "internal/reflectlite.haveIdenticalUnderlyingType" -> "(internal/abi.Name).Name";
          "internal/reflectlite.haveIdenticalUnderlyingType" -> "(internal/abi.Name).Tag";
          "internal/reflectlite.haveIdenticalUnderlyingType" -> "(internal/abi.Name).Tag";
          "internal/reflectlite.haveIdenticalUnderlyingType" -> "internal/reflectlite.haveIdenticalType";
          "internal/reflectlite.haveIdenticalUnderlyingType" -> "internal/reflectlite.haveIdenticalType";
          "internal/reflectlite.haveIdenticalUnderlyingType" -> "internal/reflectlite.haveIdenticalType";
          "internal/reflectlite.haveIdenticalUnderlyingType" -> "internal/reflectlite.haveIdenticalType";
          "internal/reflectlite.haveIdenticalUnderlyingType" -> "internal/reflectlite.haveIdenticalType";
          "internal/reflectlite.haveIdenticalUnderlyingType" -> "internal/reflectlite.haveIdenticalType";
          "internal/reflectlite.haveIdenticalUnderlyingType" -> "internal/reflectlite.haveIdenticalType";
          "internal/reflectlite.haveIdenticalUnderlyingType" -> "internal/reflectlite.haveIdenticalType";
          "internal/reflectlite.haveIdenticalUnderlyingType" -> "internal/reflectlite.haveIdenticalType";
          "internal/reflectlite.implements" -> "(*internal/abi.Type).InterfaceType";
          "internal/reflectlite.implements" -> "(*internal/abi.Type).Kind";
          "internal/reflectlite.implements" -> "(*internal/abi.Type).Uncommon";
          "internal/reflectlite.implements" -> "(*internal/abi.UncommonType).Methods";
          "internal/reflectlite.implements" -> "(internal/abi.Name).IsExported";
          "internal/reflectlite.implements" -> "(internal/abi.Name).IsExported";
          "internal/reflectlite.implements" -> "(internal/abi.Name).Name";
          "internal/reflectlite.implements" -> "(internal/abi.Name).Name";
          "internal/reflectlite.implements" -> "(internal/abi.Name).Name";
          "internal/reflectlite.implements" -> "(internal/abi.Name).Name";
          "internal/reflectlite.implements" -> "(internal/abi.Name).Name";
          "internal/reflectlite.implements" -> "(internal/abi.Name).Name";
          "internal/reflectlite.implements" -> "(internal/abi.Name).Name";
          "internal/reflectlite.implements" -> "(internal/abi.Name).Name";
          "internal/reflectlite.implements" -> "(internal/reflectlite.rtype).nameOff";
          "internal/reflectlite.implements" -> "(internal/reflectlite.rtype).nameOff";
          "internal/reflectlite.implements" -> "(internal/reflectlite.rtype).nameOff";
          "internal/reflectlite.implements" -> "(internal/reflectlite.rtype).nameOff";
          "internal/reflectlite.implements" -> "(internal/reflectlite.rtype).nameOff";
          "internal/reflectlite.implements" -> "(internal/reflectlite.rtype).typeOff";
          "internal/reflectlite.implements" -> "(internal/reflectlite.rtype).typeOff";
          "internal/reflectlite.implements" -> "(internal/reflectlite.rtype).typeOff";
          "internal/reflectlite.implements" -> "(internal/reflectlite.rtype).typeOff";
          "internal/reflectlite.implements" -> "internal/reflectlite.pkgPath";
          "internal/reflectlite.implements" -> "internal/reflectlite.pkgPath";
          "internal/reflectlite.implements" -> "internal/reflectlite.pkgPath";
          "internal/reflectlite.implements" -> "internal/reflectlite.pkgPath";
          "internal/reflectlite.implements" -> "internal/reflectlite.toRType";
          "internal/reflectlite.implements" -> "internal/reflectlite.toRType";
          "internal/reflectlite.pkgPath" -> "(internal/abi.Name).DataChecked";
          "internal/reflectlite.pkgPath" -> "(internal/abi.Name).DataChecked";
          "internal/reflectlite.pkgPath" -> "(internal/abi.Name).HasTag";
          "internal/reflectlite.pkgPath" -> "(internal/abi.Name).ReadVarint";
          "internal/reflectlite.pkgPath" -> "(internal/abi.Name).ReadVarint";
          "internal/reflectlite.pkgPath" -> "(internal/reflectlite.name).name";
          "internal/reflectlite.pkgPath" -> "internal/reflectlite.resolveTypeOff";
          "internal/reflectlite.toType" -> "internal/reflectlite.toRType";
          "internal/runtime/maps.alignUpPow2" -> "internal/runtime/sys.Len64";
          "internal/runtime/maps.bitsetFirst" -> "internal/runtime/sys.TrailingZeros64";
          "internal/runtime/maps.newGroups" -> "internal/runtime/maps.newarray";
          "internal/runtime/maps.newTable" -> "(*internal/runtime/maps.table).reset";
          "internal/runtime/maps.newTable" -> "internal/runtime/maps.alignUpPow2";
          "internal/runtime/sys.LeadingZeros64" -> "internal/runtime/sys.Len64";
          "internal/stringslite.CutPrefix" -> "internal/stringslite.HasPrefix";
          "internal/stringslite.IndexByte" -> "internal/bytealg.IndexByteString";
          "internal/syscall/unix.Fcntl" -> "internal/syscall/unix.fcntl";
          "io.Copy" -> "io.copyBuffer";
          "io.copyBuffer" -> "(*fmt.pp).Write";
          "io.copyBuffer" -> "(*internal/poll.FD).Read";
          "io.copyBuffer" -> "(*internal/poll.FD).Write";
          "io.copyBuffer" -> "(*os.File).Read";
          "io.copyBuffer" -> "(*os.File).ReadFrom";
          "io.copyBuffer" -> "(*os.File).Write";
          "io.copyBuffer" -> "(*os.File).WriteTo";
          "io.copyBuffer" -> "(*os.fileWithoutReadFrom).Read";
          "io.copyBuffer" -> "(*os.fileWithoutReadFrom).Write";
          "io.copyBuffer" -> "(*os.fileWithoutReadFrom).WriteTo";
          "io.copyBuffer" -> "(*os.fileWithoutWriteTo).Read";
          "io.copyBuffer" -> "(*os.fileWithoutWriteTo).ReadFrom";
          "io.copyBuffer" -> "(*os.fileWithoutWriteTo).Write";
          "io.copyBuffer" -> "(*os.noReadFrom).ReadFrom";
          "io.copyBuffer" -> "(*os.noWriteTo).WriteTo";
          "io.copyBuffer" -> "(os.fileWithoutReadFrom).Read";
          "io.copyBuffer" -> "(os.fileWithoutReadFrom).Write";
          "io.copyBuffer" -> "(os.fileWithoutReadFrom).WriteTo";
          "io.copyBuffer" -> "(os.fileWithoutWriteTo).Read";
          "io.copyBuffer" -> "(os.fileWithoutWriteTo).ReadFrom";
          "io.copyBuffer" -> "(os.fileWithoutWriteTo).Write";
          "io.copyBuffer" -> "(os.noReadFrom).ReadFrom";
          "io.copyBuffer" -> "(os.noWriteTo).WriteTo";
          "io.copyBuffer" -> "(struct{os.noReadFrom; *os.File}).Read";
          "io.copyBuffer" -> "(struct{os.noReadFrom; *os.File}).Write";
          "io.copyBuffer" -> "(struct{os.noReadFrom; *os.File}).WriteTo";
          "io.copyBuffer" -> "(struct{os.noWriteTo; *os.File}).Read";
          "io.copyBuffer" -> "(struct{os.noWriteTo; *os.File}).ReadFrom";
          "io.copyBuffer" -> "(struct{os.noWriteTo; *os.File}).Write";
          "io/fs.FormatDirEntry" -> "(*os.unixDirent).IsDir";
          "io/fs.FormatDirEntry" -> "(*os.unixDirent).Name";
          "io/fs.FormatDirEntry" -> "(*os.unixDirent).Type";
          "io/fs.FormatDirEntry" -> "(io/fs.FileMode).String";
          "math/bits.TrailingZeros" -> "math/bits.TrailingZeros32";
          "math/bits.TrailingZeros" -> "math/bits.TrailingZeros64";
          "os.IsNotExist" -> "os.underlyingErrorIs";
          "os.epipecheck" -> "os.sigpipe";
          "os.fillFileStatFromSys" -> "(*syscall.Timespec).Unix";
          "os.fillFileStatFromSys" -> "internal/filepathlite.Base";
          "os.fillFileStatFromSys" -> "time.Unix";
          "os.genericReadFrom" -> "io.Copy";
          "os.genericWriteTo" -> "io.Copy";
          "os.newUnixDirent" -> "(*os.fileStat).Mode";
          "os.newUnixDirent" -> "(io/fs.FileMode).Type";
          "os.syscallMode" -> "(io/fs.FileMode).Perm";
          "os.underlyingErrorIs" -> "(syscall.Errno).Is";
          "os.underlyingErrorIs" -> "os.underlyingError";
          "reflect.ArrayOf" -> "(*internal/abi.Type).IfaceIndir";
          "reflect.ArrayOf" -> "(*internal/abi.Type).Pointers";
          "reflect.ArrayOf" -> "(*internal/abi.Type).Size";
          "reflect.ArrayOf" -> "(*reflect.rtype).common";
          "reflect.ArrayOf" -> "(*sync.Map).Load";
          "reflect.ArrayOf" -> "(*sync.Map).LoadOrStore";
          "reflect.ArrayOf" -> "(*sync.Map).LoadOrStore";
          "reflect.ArrayOf" -> "reflect.SliceOf";
          "reflect.ArrayOf" -> "reflect.emitGCMask";
          "reflect.ArrayOf" -> "reflect.fnv1";
          "reflect.ArrayOf" -> "reflect.fnv1";
          "reflect.ArrayOf" -> "reflect.fnv1";
          "reflect.ArrayOf" -> "reflect.newName";
          "reflect.ArrayOf" -> "reflect.resolveReflectName";
          "reflect.ArrayOf" -> "reflect.stringFor";
          "reflect.ArrayOf" -> "reflect.toRType";
          "reflect.ArrayOf" -> "reflect.toRType";
          "reflect.ArrayOf" -> "reflect.typesByString";
          "reflect.ArrayOf" -> "strconv.Itoa";
          "reflect.ArrayOf$1" -> "reflect.ArrayOf$1";
          "reflect.ArrayOf$1" -> "reflect.StructOf$2";
          "reflect.ArrayOf$1" -> "reflect.arrayAt";
          "reflect.ArrayOf$1" -> "reflect.arrayAt";
          "reflect.FuncOf" -> "(*reflect.rtype).Kind";
          "reflect.FuncOf" -> "(*sync.Map).Load";
          "reflect.FuncOf" -> "(*sync.Map).Load";
          "reflect.FuncOf" -> "(*sync.Mutex).Lock";
          "reflect.FuncOf" -> "(*sync.Mutex).Unlock";
          "reflect.FuncOf" -> "(reflect.Value).Addr";
          "reflect.FuncOf" -> "(reflect.Value).Addr";
          "reflect.FuncOf" -> "(reflect.Value).Elem";
          "reflect.FuncOf" -> "(reflect.Value).Field";
          "reflect.FuncOf" -> "(reflect.Value).Field";
          "reflect.FuncOf" -> "(reflect.Value).Pointer";
          "reflect.FuncOf" -> "(reflect.Value).Pointer";
          "reflect.FuncOf" -> "reflect.FuncOf$1";
          "reflect.FuncOf" -> "reflect.FuncOf$1";
          "reflect.FuncOf" -> "reflect.New";
          "reflect.FuncOf" -> "reflect.fnv1";
          "reflect.FuncOf" -> "reflect.fnv1";
          "reflect.FuncOf" -> "reflect.fnv1";
          "reflect.FuncOf" -> "reflect.fnv1";
          "reflect.FuncOf" -> "reflect.funcStr";
          "reflect.FuncOf" -> "reflect.haveIdenticalUnderlyingType";
          "reflect.FuncOf" -> "reflect.haveIdenticalUnderlyingType";
          "reflect.FuncOf" -> "reflect.haveIdenticalUnderlyingType";
          "reflect.FuncOf" -> "reflect.initFuncTypes";
          "reflect.FuncOf" -> "reflect.newName";
          "reflect.FuncOf" -> "reflect.resolveReflectName";
          "reflect.FuncOf" -> "reflect.toRType";
          "reflect.FuncOf" -> "reflect.toRType";
          "reflect.FuncOf" -> "reflect.typesByString";
          "reflect.FuncOf$1" -> "(*sync.Map).Load";
          "reflect.FuncOf$1" -> "(*sync.Map).Store";
          "reflect.FuncOf$1" -> "reflect.toType";
          "reflect.MakeFunc" -> "(*reflect.rtype).Kind";
          "reflect.MakeFunc" -> "(*reflect.rtype).common";
          "reflect.MakeFunc" -> "internal/abi.FuncPCABI0";
          "reflect.MakeFunc" -> "reflect.funcLayout";
          "reflect.MakeSlice" -> "(*reflect.rtype).Elem";
          "reflect.MakeSlice" -> "(*reflect.rtype).Kind";
          "reflect.MakeSlice" -> "reflect.unsafe_NewArray";
          "reflect.New" -> "(*internal/abi.Type).IfaceIndir";
          "reflect.New" -> "reflect.ptrTo";
          "reflect.New" -> "reflect.unsafe_New";
          "reflect.SliceOf" -> "(*reflect.rtype).common";
          "reflect.SliceOf" -> "(*sync.Map).Load";
          "reflect.SliceOf" -> "(*sync.Map).LoadOrStore";
          "reflect.SliceOf" -> "(*sync.Map).LoadOrStore";
          "reflect.SliceOf" -> "reflect.fnv1";
          "reflect.SliceOf" -> "reflect.newName";
          "reflect.SliceOf" -> "reflect.resolveReflectName";
          "reflect.SliceOf" -> "reflect.stringFor";
          "reflect.SliceOf" -> "reflect.toRType";
          "reflect.SliceOf" -> "reflect.toRType";
          "reflect.SliceOf" -> "reflect.typesByString";
          "reflect.StructOf" -> "(*internal/abi.StructField).Embedded";
          "reflect.StructOf" -> "(*internal/abi.Type).Elem";
          "reflect.StructOf" -> "(*internal/abi.Type).IfaceIndir";
          "reflect.StructOf" -> "(*internal/abi.Type).Kind";
          "reflect.StructOf" -> "(*internal/abi.Type).Kind";
          "reflect.StructOf" -> "(*internal/abi.Type).Kind";
          "reflect.StructOf" -> "(*internal/abi.Type).Uncommon";
          "reflect.StructOf" -> "(*internal/abi.Type).Uncommon";
          "reflect.StructOf" -> "(*internal/abi.Type).Uncommon";
          "reflect.StructOf" -> "(*internal/abi.UncommonType).Methods";
          "reflect.StructOf" -> "(*internal/abi.UncommonType).Methods";
          "reflect.StructOf" -> "(*internal/abi.UncommonType).Methods";
          "reflect.StructOf" -> "(*reflect.interfaceType).nameOff";
          "reflect.StructOf" -> "(*reflect.interfaceType).nameOff";
          "reflect.StructOf" -> "(*reflect.interfaceType).typeOff";
          "reflect.StructOf" -> "(*reflect.rtype).common";
          "reflect.StructOf" -> "(*reflect.rtype).common";
          "reflect.StructOf" -> "(*sync.Map).Load";
          "reflect.StructOf" -> "(*sync.Map).Load";
          "reflect.StructOf" -> "(*sync.Mutex).Lock";
          "reflect.StructOf" -> "(*sync.Mutex).Unlock";
          "reflect.StructOf" -> "(internal/abi.Name).HasTag";
          "reflect.StructOf" -> "(internal/abi.Name).Name";
          "reflect.StructOf" -> "(internal/abi.Name).Tag";
          "reflect.StructOf" -> "(internal/abi.Name).Tag";
          "reflect.StructOf" -> "(reflect.Value).Addr";
          "reflect.StructOf" -> "(reflect.Value).Addr";
          "reflect.StructOf" -> "(reflect.Value).Elem";
          "reflect.StructOf" -> "(reflect.Value).Elem";
          "reflect.StructOf" -> "(reflect.Value).Elem";
          "reflect.StructOf" -> "(reflect.Value).Field";
          "reflect.StructOf" -> "(reflect.Value).Field";
          "reflect.StructOf" -> "(reflect.Value).Field";
          "reflect.StructOf" -> "(reflect.Value).Interface";
          "reflect.StructOf" -> "(reflect.Value).Slice";
          "reflect.StructOf" -> "(reflect.Value).UnsafePointer";
          "reflect.StructOf" -> "(reflect.Value).UnsafePointer";
          "reflect.StructOf" -> "internal/abi.FuncPCABIInternal";
          "reflect.StructOf" -> "reflect.ArrayOf";
          "reflect.StructOf" -> "reflect.New";
          "reflect.StructOf" -> "reflect.StructOf";
          "reflect.StructOf" -> "reflect.StructOf$1";
          "reflect.StructOf" -> "reflect.StructOf$1";
          "reflect.StructOf" -> "reflect.TypeOf";
          "reflect.StructOf" -> "reflect.TypeOf";
          "reflect.StructOf" -> "reflect.TypeOf";
          "reflect.StructOf" -> "reflect.addTypeBits";
          "reflect.StructOf" -> "reflect.align";
          "reflect.StructOf" -> "reflect.align";
          "reflect.StructOf" -> "reflect.fnv1";
          "reflect.StructOf" -> "reflect.fnv1";
          "reflect.StructOf" -> "reflect.fnv1";
          "reflect.StructOf" -> "reflect.fnv1";
          "reflect.StructOf" -> "reflect.fnv1";
          "reflect.StructOf" -> "reflect.haveIdenticalUnderlyingType";
          "reflect.StructOf" -> "reflect.haveIdenticalUnderlyingType";
          "reflect.StructOf" -> "reflect.haveIdenticalUnderlyingType";
          "reflect.StructOf" -> "reflect.isRegularMemory";
          "reflect.StructOf" -> "reflect.isValidFieldName";
          "reflect.StructOf" -> "reflect.nameOffFor";
          "reflect.StructOf" -> "reflect.nameOffFor";
          "reflect.StructOf" -> "reflect.nameOffFor";
          "reflect.StructOf" -> "reflect.newName";
          "reflect.StructOf" -> "reflect.newName";
          "reflect.StructOf" -> "reflect.pkgPath";
          "reflect.StructOf" -> "reflect.pkgPath";
          "reflect.StructOf" -> "reflect.pkgPath";
          "reflect.StructOf" -> "reflect.pkgPath";
          "reflect.StructOf" -> "reflect.resolveReflectName";
          "reflect.StructOf" -> "reflect.resolveReflectName";
          "reflect.StructOf" -> "reflect.resolveReflectName";
          "reflect.StructOf" -> "reflect.resolveReflectName";
          "reflect.StructOf" -> "reflect.resolveReflectName";
          "reflect.StructOf" -> "reflect.resolveReflectText";
          "reflect.StructOf" -> "reflect.resolveReflectText";
          "reflect.StructOf" -> "reflect.resolveReflectText";
          "reflect.StructOf" -> "reflect.resolveReflectText";
          "reflect.StructOf" -> "reflect.resolveReflectText";
          "reflect.StructOf" -> "reflect.resolveReflectText";
          "reflect.StructOf" -> "reflect.resolveReflectText";
          "reflect.StructOf" -> "reflect.resolveReflectType";
          "reflect.StructOf" -> "reflect.resolveReflectType";
          "reflect.StructOf" -> "reflect.resolveReflectType";
          "reflect.StructOf" -> "reflect.resolveReflectType";
          "reflect.StructOf" -> "reflect.runtimeStructField";
          "reflect.StructOf" -> "reflect.stringFor";
          "reflect.StructOf" -> "reflect.stringFor";
          "reflect.StructOf" -> "reflect.textOffFor";
          "reflect.StructOf" -> "reflect.textOffFor";
          "reflect.StructOf" -> "reflect.textOffFor";
          "reflect.StructOf" -> "reflect.textOffFor";
          "reflect.StructOf" -> "reflect.textOffFor";
          "reflect.StructOf" -> "reflect.textOffFor";
          "reflect.StructOf" -> "reflect.toType";
          "reflect.StructOf" -> "reflect.toType";
          "reflect.StructOf" -> "reflect.toType";
          "reflect.StructOf" -> "reflect.toType";
          "reflect.StructOf" -> "reflect.toType";
          "reflect.StructOf" -> "reflect.typeOffFor";
          "reflect.StructOf" -> "reflect.typeOffFor";
          "reflect.StructOf" -> "reflect.typeOffFor";
          "reflect.StructOf" -> "reflect.typeptrdata";
          "reflect.StructOf" -> "reflect.typesByString";
          "reflect.StructOf" -> "strconv.Itoa";
          "reflect.StructOf" -> "strconv.Itoa";
          "reflect.StructOf" -> "strconv.Itoa";
          "reflect.StructOf" -> "strconv.Quote";
          "reflect.StructOf$1" -> "(*sync.Map).Load";
          "reflect.StructOf$1" -> "(*sync.Map).Store";
          "reflect.StructOf$2" -> "reflect.ArrayOf$1";
          "reflect.StructOf$2" -> "reflect.StructOf$2";
          "reflect.StructOf$2" -> "reflect.add";
          "reflect.StructOf$2" -> "reflect.add";
          "reflect.TypeOf" -> "internal/abi.TypeOf";
          "reflect.TypeOf" -> "reflect.toType";
          "reflect.ValueOf" -> "reflect.unpackEface";
          "reflect.Zero" -> "(*internal/abi.Type).IfaceIndir";
          "reflect.Zero" -> "(*internal/abi.Type).Kind";
          "reflect.Zero" -> "(*internal/abi.Type).Size";
          "reflect.Zero" -> "reflect.unsafe_New";
          "reflect.addTypeBits" -> "(*internal/abi.Type).Pointers";
          "reflect.addTypeBits" -> "(*reflect.bitVector).append";
          "reflect.addTypeBits" -> "(*reflect.bitVector).append";
          "reflect.addTypeBits" -> "(*reflect.bitVector).append";
          "reflect.addTypeBits" -> "(*reflect.bitVector).append";
          "reflect.addTypeBits" -> "(*reflect.bitVector).append";
          "reflect.addTypeBits" -> "reflect.addTypeBits";
          "reflect.addTypeBits" -> "reflect.addTypeBits";
          "reflect.arrayAt" -> "reflect.add";
          "reflect.canRangeFunc" -> "(*internal/abi.FuncType).In";
          "reflect.canRangeFunc" -> "(*internal/abi.FuncType).Out";
          "reflect.canRangeFunc" -> "(*internal/abi.Type).FuncType";
          "reflect.canRangeFunc" -> "(*internal/abi.Type).FuncType";
          "reflect.canRangeFunc" -> "(*internal/abi.Type).Kind";
          "reflect.canRangeFunc" -> "(*internal/abi.Type).Kind";
          "reflect.canRangeFunc" -> "(*internal/abi.Type).Kind";
          "reflect.canRangeFunc2" -> "(*internal/abi.FuncType).In";
          "reflect.canRangeFunc2" -> "(*internal/abi.FuncType).Out";
          "reflect.canRangeFunc2" -> "(*internal/abi.Type).FuncType";
          "reflect.canRangeFunc2" -> "(*internal/abi.Type).FuncType";
          "reflect.canRangeFunc2" -> "(*internal/abi.Type).Kind";
          "reflect.canRangeFunc2" -> "(*internal/abi.Type).Kind";
          "reflect.canRangeFunc2" -> "(*internal/abi.Type).Kind";
          "reflect.chansend" -> "reflect.chansend0";
          "reflect.chansend" -> "reflect.contentEscapes";
          "reflect.contentEscapes" -> "reflect.escapes";
          "reflect.convertOp" -> "(*internal/abi.Type).Elem";
          "reflect.convertOp" -> "(*internal/abi.Type).Elem";
          "reflect.convertOp" -> "(*internal/abi.Type).Elem";
          "reflect.convertOp" -> "(*internal/abi.Type).Elem";
          "reflect.convertOp" -> "(*internal/abi.Type).Elem";
          "reflect.convertOp" -> "(*internal/abi.Type).Elem";
          "reflect.convertOp" -> "(*internal/abi.Type).Elem";
          "reflect.convertOp" -> "(*internal/abi.Type).Elem";
          "reflect.convertOp" -> "(*internal/abi.Type).Elem";
          "reflect.convertOp" -> "(*internal/abi.Type).Elem";
          "reflect.convertOp" -> "(*internal/abi.Type).Kind";
          "reflect.convertOp" -> "(*internal/abi.Type).Kind";
          "reflect.convertOp" -> "(*internal/abi.Type).Kind";
          "reflect.convertOp" -> "(*internal/abi.Type).Kind";
          "reflect.convertOp" -> "(*internal/abi.Type).Kind";
          "reflect.convertOp" -> "(*internal/abi.Type).Kind";
          "reflect.convertOp" -> "(*internal/abi.Type).Kind";
          "reflect.convertOp" -> "(*internal/abi.Type).Kind";
          "reflect.convertOp" -> "(*internal/abi.Type).Kind";
          "reflect.convertOp" -> "(*internal/abi.Type).Kind";
          "reflect.convertOp" -> "(*internal/abi.Type).Kind";
          "reflect.convertOp" -> "(*internal/abi.Type).Kind";
          "reflect.convertOp" -> "(*internal/abi.Type).Kind";
          "reflect.convertOp" -> "(*internal/abi.Type).Kind";
          "reflect.convertOp" -> "(*internal/abi.Type).Kind";
          "reflect.convertOp" -> "(*internal/abi.Type).Kind";
          "reflect.convertOp" -> "reflect.elem";
          "reflect.convertOp" -> "reflect.elem";
          "reflect.convertOp" -> "reflect.haveIdenticalUnderlyingType";
          "reflect.convertOp" -> "reflect.haveIdenticalUnderlyingType";
          "reflect.convertOp" -> "reflect.implements";
          "reflect.convertOp" -> "reflect.nameFor";
          "reflect.convertOp" -> "reflect.nameFor";
          "reflect.convertOp" -> "reflect.pkgPathFor";
          "reflect.convertOp" -> "reflect.pkgPathFor";
          "reflect.convertOp" -> "reflect.specialChannelAssignability";
          "reflect.copyVal" -> "(*internal/abi.Type).IfaceIndir";
          "reflect.copyVal" -> "reflect.typedmemmove";
          "reflect.copyVal" -> "reflect.unsafe_New";
          "reflect.cvtBytesString" -> "(reflect.Value).Bytes";
          "reflect.cvtBytesString" -> "(reflect.flag).ro";
          "reflect.cvtBytesString" -> "reflect.makeString";
          "reflect.cvtComplex" -> "(reflect.Value).Complex";
          "reflect.cvtComplex" -> "(reflect.flag).ro";
          "reflect.cvtComplex" -> "reflect.makeComplex";
          "reflect.cvtDirect" -> "(*reflect.rtype).common";
          "reflect.cvtDirect" -> "(reflect.flag).ro";
          "reflect.cvtDirect" -> "reflect.typedmemmove";
          "reflect.cvtDirect" -> "reflect.unsafe_New";
          "reflect.cvtFloat" -> "(*reflect.rtype).Kind";
          "reflect.cvtFloat" -> "(*reflect.rtype).Kind";
          "reflect.cvtFloat" -> "(reflect.Value).Float";
          "reflect.cvtFloat" -> "(reflect.Value).Type";
          "reflect.cvtFloat" -> "(reflect.flag).ro";
          "reflect.cvtFloat" -> "(reflect.flag).ro";
          "reflect.cvtFloat" -> "reflect.makeFloat";
          "reflect.cvtFloat" -> "reflect.makeFloat32";
          "reflect.cvtFloatInt" -> "(reflect.Value).Float";
          "reflect.cvtFloatInt" -> "(reflect.flag).ro";
          "reflect.cvtFloatInt" -> "reflect.makeInt";
          "reflect.cvtFloatUint" -> "(reflect.Value).Float";
          "reflect.cvtFloatUint" -> "(reflect.flag).ro";
          "reflect.cvtFloatUint" -> "reflect.makeInt";
          "reflect.cvtI2I" -> "(reflect.Value).Elem";
          "reflect.cvtI2I" -> "(reflect.Value).IsNil";
          "reflect.cvtI2I" -> "(reflect.flag).ro";
          "reflect.cvtI2I" -> "reflect.Zero";
          "reflect.cvtI2I" -> "reflect.cvtT2I";
          "reflect.cvtInt" -> "(reflect.Value).Int";
          "reflect.cvtInt" -> "(reflect.flag).ro";
          "reflect.cvtInt" -> "reflect.makeInt";
          "reflect.cvtIntFloat" -> "(reflect.Value).Int";
          "reflect.cvtIntFloat" -> "(reflect.flag).ro";
          "reflect.cvtIntFloat" -> "reflect.makeFloat";
          "reflect.cvtIntString" -> "(reflect.Value).Int";
          "reflect.cvtIntString" -> "(reflect.flag).ro";
          "reflect.cvtIntString" -> "reflect.makeString";
          "reflect.cvtRunesString" -> "(reflect.Value).runes";
          "reflect.cvtRunesString" -> "(reflect.flag).ro";
          "reflect.cvtRunesString" -> "reflect.makeString";
          "reflect.cvtSliceArray" -> "(*reflect.rtype).Len";
          "reflect.cvtSliceArray" -> "(*reflect.rtype).common";
          "reflect.cvtSliceArray" -> "(reflect.Value).Len";
          "reflect.cvtSliceArray" -> "(reflect.Value).Len";
          "reflect.cvtSliceArray" -> "internal/itoa.Itoa";
          "reflect.cvtSliceArray" -> "internal/itoa.Itoa";
          "reflect.cvtSliceArray" -> "reflect.typedmemmove";
          "reflect.cvtSliceArray" -> "reflect.unsafe_New";
          "reflect.cvtSliceArrayPtr" -> "(*reflect.rtype).Elem";
          "reflect.cvtSliceArrayPtr" -> "(*reflect.rtype).Len";
          "reflect.cvtSliceArrayPtr" -> "(*reflect.rtype).common";
          "reflect.cvtSliceArrayPtr" -> "(reflect.Value).Len";
          "reflect.cvtSliceArrayPtr" -> "(reflect.Value).Len";
          "reflect.cvtSliceArrayPtr" -> "internal/itoa.Itoa";
          "reflect.cvtSliceArrayPtr" -> "internal/itoa.Itoa";
          "reflect.cvtStringBytes" -> "(reflect.Value).String";
          "reflect.cvtStringBytes" -> "(reflect.flag).ro";
          "reflect.cvtStringBytes" -> "reflect.makeBytes";
          "reflect.cvtStringRunes" -> "(reflect.Value).String";
          "reflect.cvtStringRunes" -> "(reflect.flag).ro";
          "reflect.cvtStringRunes" -> "reflect.makeRunes";
          "reflect.cvtT2I" -> "(*reflect.rtype).NumMethod";
          "reflect.cvtT2I" -> "(*reflect.rtype).common";
          "reflect.cvtT2I" -> "(*reflect.rtype).common";
          "reflect.cvtT2I" -> "(*reflect.rtype).common";
          "reflect.cvtT2I" -> "(reflect.flag).ro";
          "reflect.cvtT2I" -> "reflect.ifaceE2I";
          "reflect.cvtT2I" -> "reflect.unsafe_New";
          "reflect.cvtT2I" -> "reflect.valueInterface";
          "reflect.cvtUint" -> "(reflect.Value).Uint";
          "reflect.cvtUint" -> "(reflect.flag).ro";
          "reflect.cvtUint" -> "reflect.makeInt";
          "reflect.cvtUintFloat" -> "(reflect.Value).Uint";
          "reflect.cvtUintFloat" -> "(reflect.flag).ro";
          "reflect.cvtUintFloat" -> "reflect.makeFloat";
          "reflect.cvtUintString" -> "(reflect.Value).Uint";
          "reflect.cvtUintString" -> "(reflect.flag).ro";
          "reflect.cvtUintString" -> "reflect.makeString";
          "reflect.directlyAssignable" -> "(*internal/abi.Type).HasName";
          "reflect.directlyAssignable" -> "(*internal/abi.Type).HasName";
          "reflect.directlyAssignable" -> "(*internal/abi.Type).Kind";
          "reflect.directlyAssignable" -> "(*internal/abi.Type).Kind";
          "reflect.directlyAssignable" -> "(*internal/abi.Type).Kind";
          "reflect.directlyAssignable" -> "reflect.haveIdenticalUnderlyingType";
          "reflect.directlyAssignable" -> "reflect.specialChannelAssignability";
          "reflect.dumpPtrBitMap" -> "(*internal/abi.IntArgRegBitmap).Get";
          "reflect.elem" -> "(*internal/abi.Type).Elem";
          "reflect.elem" -> "reflect.stringFor";
          "reflect.emitGCMask" -> "(*internal/abi.Type).GcSlice";
          "reflect.floatFromReg" -> "reflect.archFloat32FromReg";
          "reflect.floatToReg" -> "reflect.archFloat32ToReg";
          "reflect.funcLayout" -> "(*internal/abi.Type).Kind";
          "reflect.funcLayout" -> "(*internal/abi.Type).Kind";
          "reflect.funcLayout" -> "(*sync.Map).Load";
          "reflect.funcLayout" -> "(*sync.Map).LoadOrStore";
          "reflect.funcLayout" -> "reflect.align";
          "reflect.funcLayout" -> "reflect.newAbiDesc";
          "reflect.funcLayout" -> "reflect.newName";
          "reflect.funcLayout" -> "reflect.resolveReflectName";
          "reflect.funcLayout" -> "reflect.stringFor";
          "reflect.funcLayout" -> "reflect.stringFor";
          "reflect.funcLayout" -> "reflect.stringFor";
          "reflect.funcLayout" -> "reflect.stringFor";
          "reflect.funcLayout" -> "reflect.stringFor";
          "reflect.funcLayout$1" -> "reflect.unsafe_New";
          "reflect.funcStr" -> "(*internal/abi.FuncType).InSlice";
          "reflect.funcStr" -> "(*internal/abi.FuncType).IsVariadic";
          "reflect.funcStr" -> "(*internal/abi.FuncType).OutSlice";
          "reflect.funcStr" -> "reflect.stringFor";
          "reflect.funcStr" -> "reflect.stringFor";
          "reflect.funcStr" -> "reflect.stringFor";
          "reflect.haveIdenticalType" -> "(*internal/abi.Type).Kind";
          "reflect.haveIdenticalType" -> "(*internal/abi.Type).Kind";
          "reflect.haveIdenticalType" -> "reflect.haveIdenticalUnderlyingType";
          "reflect.haveIdenticalType" -> "reflect.nameFor";
          "reflect.haveIdenticalType" -> "reflect.nameFor";
          "reflect.haveIdenticalType" -> "reflect.pkgPathFor";
          "reflect.haveIdenticalType" -> "reflect.pkgPathFor";
          "reflect.haveIdenticalUnderlyingType" -> "(*internal/abi.FuncType).In";
          "reflect.haveIdenticalUnderlyingType" -> "(*internal/abi.FuncType).In";
          "reflect.haveIdenticalUnderlyingType" -> "(*internal/abi.FuncType).NumIn";
          "reflect.haveIdenticalUnderlyingType" -> "(*internal/abi.FuncType).NumOut";
          "reflect.haveIdenticalUnderlyingType" -> "(*internal/abi.FuncType).Out";
          "reflect.haveIdenticalUnderlyingType" -> "(*internal/abi.FuncType).Out";
          "reflect.haveIdenticalUnderlyingType" -> "(*internal/abi.StructField).Embedded";
          "reflect.haveIdenticalUnderlyingType" -> "(*internal/abi.StructField).Embedded";
          "reflect.haveIdenticalUnderlyingType" -> "(*internal/abi.Type).ChanDir";
          "reflect.haveIdenticalUnderlyingType" -> "(*internal/abi.Type).ChanDir";
          "reflect.haveIdenticalUnderlyingType" -> "(*internal/abi.Type).Elem";
          "reflect.haveIdenticalUnderlyingType" -> "(*internal/abi.Type).Elem";
          "reflect.haveIdenticalUnderlyingType" -> "(*internal/abi.Type).Elem";
          "reflect.haveIdenticalUnderlyingType" -> "(*internal/abi.Type).Elem";
          "reflect.haveIdenticalUnderlyingType" -> "(*internal/abi.Type).Elem";
          "reflect.haveIdenticalUnderlyingType" -> "(*internal/abi.Type).Elem";
          "reflect.haveIdenticalUnderlyingType" -> "(*internal/abi.Type).Elem";
          "reflect.haveIdenticalUnderlyingType" -> "(*internal/abi.Type).Elem";
          "reflect.haveIdenticalUnderlyingType" -> "(*internal/abi.Type).Key";
          "reflect.haveIdenticalUnderlyingType" -> "(*internal/abi.Type).Key";
          "reflect.haveIdenticalUnderlyingType" -> "(*internal/abi.Type).Kind";
          "reflect.haveIdenticalUnderlyingType" -> "(*internal/abi.Type).Kind";
          "reflect.haveIdenticalUnderlyingType" -> "(*internal/abi.Type).Len";
          "reflect.haveIdenticalUnderlyingType" -> "(*internal/abi.Type).Len";
          "reflect.haveIdenticalUnderlyingType" -> "(internal/abi.Name).Name";
          "reflect.haveIdenticalUnderlyingType" -> "(internal/abi.Name).Name";
          "reflect.haveIdenticalUnderlyingType" -> "(internal/abi.Name).Name";
          "reflect.haveIdenticalUnderlyingType" -> "(internal/abi.Name).Name";
          "reflect.haveIdenticalUnderlyingType" -> "(internal/abi.Name).Tag";
          "reflect.haveIdenticalUnderlyingType" -> "(internal/abi.Name).Tag";
          "reflect.haveIdenticalUnderlyingType" -> "reflect.haveIdenticalType";
          "reflect.haveIdenticalUnderlyingType" -> "reflect.haveIdenticalType";
          "reflect.haveIdenticalUnderlyingType" -> "reflect.haveIdenticalType";
          "reflect.haveIdenticalUnderlyingType" -> "reflect.haveIdenticalType";
          "reflect.haveIdenticalUnderlyingType" -> "reflect.haveIdenticalType";
          "reflect.haveIdenticalUnderlyingType" -> "reflect.haveIdenticalType";
          "reflect.haveIdenticalUnderlyingType" -> "reflect.haveIdenticalType";
          "reflect.haveIdenticalUnderlyingType" -> "reflect.haveIdenticalType";
          "reflect.implements" -> "(*internal/abi.Type).Kind";
          "reflect.implements" -> "(*internal/abi.Type).Kind";
          "reflect.implements" -> "(*internal/abi.Type).Uncommon";
          "reflect.implements" -> "(*internal/abi.UncommonType).Methods";
          "reflect.implements" -> "(*reflect.interfaceType).nameOff";
          "reflect.implements" -> "(*reflect.interfaceType).nameOff";
          "reflect.implements" -> "(*reflect.interfaceType).typeOff";
          "reflect.implements" -> "(*reflect.interfaceType).typeOff";
          "reflect.implements" -> "(internal/abi.Name).IsExported";
          "reflect.implements" -> "(internal/abi.Name).IsExported";
          "reflect.implements" -> "(internal/abi.Name).Name";
          "reflect.implements" -> "(internal/abi.Name).Name";
          "reflect.implements" -> "(internal/abi.Name).Name";
          "reflect.implements" -> "(internal/abi.Name).Name";
          "reflect.implements" -> "(internal/abi.Name).Name";
          "reflect.implements" -> "(internal/abi.Name).Name";
          "reflect.implements" -> "(internal/abi.Name).Name";
          "reflect.implements" -> "(internal/abi.Name).Name";
          "reflect.implements" -> "reflect.nameOffFor";
          "reflect.implements" -> "reflect.nameOffFor";
          "reflect.implements" -> "reflect.nameOffFor";
          "reflect.implements" -> "reflect.pkgPath";
          "reflect.implements" -> "reflect.pkgPath";
          "reflect.implements" -> "reflect.pkgPath";
          "reflect.implements" -> "reflect.pkgPath";
          "reflect.implements" -> "reflect.typeOffFor";
          "reflect.implements" -> "reflect.typeOffFor";
          "reflect.initFuncTypes" -> "(*sync.Mutex).Lock";
          "reflect.initFuncTypes" -> "(*sync.Mutex).Unlock";
          "reflect.initFuncTypes" -> "reflect.ArrayOf";
          "reflect.initFuncTypes" -> "reflect.StructOf";
          "reflect.initFuncTypes" -> "reflect.TypeOf";
          "reflect.initFuncTypes" -> "reflect.TypeOf";
          "reflect.intFromReg" -> "(*internal/abi.RegArgs).IntRegArgAddr";
          "reflect.intFromReg" -> "reflect.memmove";
          "reflect.intToReg" -> "(*internal/abi.RegArgs).IntRegArgAddr";
          "reflect.intToReg" -> "reflect.memmove";
          "reflect.isLetter" -> "unicode.IsLetter";
          "reflect.isPaddedField" -> "(*reflect.rtype).Field";
          "reflect.isPaddedField" -> "(*reflect.rtype).Field";
          "reflect.isPaddedField" -> "(*reflect.rtype).NumField";
          "reflect.isPaddedField" -> "(*reflect.rtype).Size";
          "reflect.isPaddedField" -> "(*reflect.rtype).Size";
          "reflect.isPaddedField" -> "(*reflect.rtype).Size";
          "reflect.isRegularMemory" -> "(*reflect.rtype).Comparable";
          "reflect.isRegularMemory" -> "(*reflect.rtype).Elem";
          "reflect.isRegularMemory" -> "(*reflect.rtype).Field";
          "reflect.isRegularMemory" -> "(*reflect.rtype).Field";
          "reflect.isRegularMemory" -> "(*reflect.rtype).Kind";
          "reflect.isRegularMemory" -> "(*reflect.rtype).Len";
          "reflect.isRegularMemory" -> "(*reflect.rtype).NumField";
          "reflect.isRegularMemory" -> "reflect.isPaddedField";
          "reflect.isRegularMemory" -> "reflect.isRegularMemory";
          "reflect.isRegularMemory" -> "reflect.isRegularMemory";
          "reflect.isRegularMemory" -> "reflect.isRegularMemory";
          "reflect.isValidFieldName" -> "reflect.isLetter";
          "reflect.isValidFieldName" -> "reflect.isLetter";
          "reflect.isValidFieldName" -> "unicode.IsDigit";
          "reflect.makeBytes" -> "(reflect.Value).Elem";
          "reflect.makeBytes" -> "(reflect.Value).SetBytes";
          "reflect.makeBytes" -> "reflect.New";
          "reflect.makeComplex" -> "(*internal/abi.Type).Kind";
          "reflect.makeComplex" -> "(*internal/abi.Type).Size";
          "reflect.makeComplex" -> "(*reflect.rtype).common";
          "reflect.makeComplex" -> "reflect.unsafe_New";
          "reflect.makeFloat" -> "(*internal/abi.Type).Kind";
          "reflect.makeFloat" -> "(*internal/abi.Type).Size";
          "reflect.makeFloat" -> "(*reflect.rtype).common";
          "reflect.makeFloat" -> "reflect.unsafe_New";
          "reflect.makeFloat32" -> "(*internal/abi.Type).Kind";
          "reflect.makeFloat32" -> "(*reflect.rtype).common";
          "reflect.makeFloat32" -> "reflect.unsafe_New";
          "reflect.makeInt" -> "(*internal/abi.Type).Kind";
          "reflect.makeInt" -> "(*internal/abi.Type).Size";
          "reflect.makeInt" -> "(*reflect.rtype).common";
          "reflect.makeInt" -> "reflect.unsafe_New";
          "reflect.makeMethodValue" -> "(*internal/abi.Type).Common";
          "reflect.makeMethodValue" -> "(*internal/abi.Type).Kind";
          "reflect.makeMethodValue" -> "(reflect.Value).Type";
          "reflect.makeMethodValue" -> "(reflect.Value).typ";
          "reflect.makeMethodValue" -> "(reflect.Value).typ";
          "reflect.makeMethodValue" -> "reflect.funcLayout";
          "reflect.makeMethodValue" -> "reflect.methodReceiver";
          "reflect.makeMethodValue" -> "reflect.methodValueCallCodePtr";
          "reflect.makeRunes" -> "(reflect.Value).Elem";
          "reflect.makeRunes" -> "(reflect.Value).setRunes";
          "reflect.makeRunes" -> "reflect.New";
          "reflect.makeString" -> "(reflect.Value).Elem";
          "reflect.makeString" -> "(reflect.Value).SetString";
          "reflect.makeString" -> "reflect.New";
          "reflect.mapIterNext" -> "(*internal/runtime/maps.Iter).Map";
          "reflect.mapIterNext" -> "(*internal/runtime/maps.Iter).Next";
          "reflect.mapIterNext" -> "internal/abi.FuncPCABIInternal";
          "reflect.mapIterNext" -> "internal/race.ReadPC";
          "reflect.mapIterNext" -> "internal/runtime/sys.GetCallerPC";
          "reflect.mapIterStart" -> "(*internal/runtime/maps.Iter).Init";
          "reflect.mapIterStart" -> "(*internal/runtime/maps.Iter).Next";
          "reflect.mapIterStart" -> "internal/abi.FuncPCABIInternal";
          "reflect.mapIterStart" -> "internal/race.ReadPC";
          "reflect.mapIterStart" -> "internal/runtime/sys.GetCallerPC";
          "reflect.mapassign" -> "reflect.contentEscapes";
          "reflect.mapassign" -> "reflect.contentEscapes";
          "reflect.mapassign" -> "reflect.mapassign0";
          "reflect.mapassign_faststr" -> "reflect.contentEscapes";
          "reflect.mapassign_faststr" -> "reflect.contentEscapes";
          "reflect.mapassign_faststr" -> "reflect.mapassign_faststr0";
          "reflect.methodReceiver" -> "(*internal/abi.Type).ExportedMethods";
          "reflect.methodReceiver" -> "(*internal/abi.Type).Kind";
          "reflect.methodReceiver" -> "(*reflect.interfaceType).nameOff";
          "reflect.methodReceiver" -> "(*reflect.interfaceType).typeOff";
          "reflect.methodReceiver" -> "(internal/abi.Name).IsExported";
          "reflect.methodReceiver" -> "(internal/abi.Name).IsExported";
          "reflect.methodReceiver" -> "(reflect.Value).typ";
          "reflect.methodReceiver" -> "(reflect.Value).typ";
          "reflect.methodReceiver" -> "(reflect.Value).typ";
          "reflect.methodReceiver" -> "(reflect.Value).typ";
          "reflect.methodReceiver" -> "(reflect.Value).typ";
          "reflect.methodReceiver" -> "(reflect.Value).typ";
          "reflect.methodReceiver" -> "(reflect.Value).typ";
          "reflect.methodReceiver" -> "reflect.nameOffFor";
          "reflect.methodReceiver" -> "reflect.textOffFor";
          "reflect.methodReceiver" -> "reflect.typeOffFor";
          "reflect.methodValueCallCodePtr" -> "internal/abi.FuncPCABI0";
          "reflect.nameFor" -> "(*reflect.rtype).Name";
          "reflect.nameFor" -> "reflect.toRType";
          "reflect.nameOffFor" -> "(*reflect.rtype).nameOff";
          "reflect.nameOffFor" -> "reflect.toRType";
          "reflect.newAbiDesc" -> "(*internal/abi.FuncType).InSlice";
          "reflect.newAbiDesc" -> "(*internal/abi.FuncType).OutSlice";
          "reflect.newAbiDesc" -> "(*internal/abi.IntArgRegBitmap).Set";
          "reflect.newAbiDesc" -> "(*internal/abi.IntArgRegBitmap).Set";
          "reflect.newAbiDesc" -> "(*internal/abi.Type).Align";
          "reflect.newAbiDesc" -> "(*internal/abi.Type).Size";
          "reflect.newAbiDesc" -> "(*reflect.abiSeq).addArg";
          "reflect.newAbiDesc" -> "(*reflect.abiSeq).addArg";
          "reflect.newAbiDesc" -> "(*reflect.abiSeq).addRcvr";
          "reflect.newAbiDesc" -> "(*reflect.abiSeq).stepsForValue";
          "reflect.newAbiDesc" -> "(*reflect.abiSeq).stepsForValue";
          "reflect.newAbiDesc" -> "(*reflect.bitVector).append";
          "reflect.newAbiDesc" -> "(*reflect.bitVector).append";
          "reflect.newAbiDesc" -> "reflect.addTypeBits";
          "reflect.newAbiDesc" -> "reflect.addTypeBits";
          "reflect.newAbiDesc" -> "reflect.align";
          "reflect.newAbiDesc" -> "reflect.align";
          "reflect.newAbiDesc" -> "reflect.align";
          "reflect.newName" -> "internal/abi.NewName";
          "reflect.packEface" -> "(*internal/abi.Type).IfaceIndir";
          "reflect.packEface" -> "(reflect.Value).typ";
          "reflect.packEface" -> "reflect.typedmemmove";
          "reflect.packEface" -> "reflect.unsafe_New";
          "reflect.pkgPath" -> "(internal/abi.Name).DataChecked";
          "reflect.pkgPath" -> "(internal/abi.Name).DataChecked";
          "reflect.pkgPath" -> "(internal/abi.Name).HasTag";
          "reflect.pkgPath" -> "(internal/abi.Name).Name";
          "reflect.pkgPath" -> "(internal/abi.Name).ReadVarint";
          "reflect.pkgPath" -> "(internal/abi.Name).ReadVarint";
          "reflect.pkgPath" -> "reflect.resolveTypeOff";
          "reflect.pkgPathFor" -> "(*reflect.rtype).PkgPath";
          "reflect.pkgPathFor" -> "reflect.toRType";
          "reflect.ptrTo" -> "(*reflect.rtype).ptrTo";
          "reflect.ptrTo" -> "reflect.toRType";
          "reflect.rangeNum[int int64]$1" -> "(*reflect.rtype).PkgPath";
          "reflect.rangeNum[int int64]$1" -> "(reflect.Value).Convert";
          "reflect.rangeNum[int int64]$1" -> "reflect.ValueOf";
          "reflect.rangeNum[int16 int64]$1" -> "(*reflect.rtype).PkgPath";
          "reflect.rangeNum[int16 int64]$1" -> "(reflect.Value).Convert";
          "reflect.rangeNum[int16 int64]$1" -> "reflect.ValueOf";
          "reflect.rangeNum[int32 int64]$1" -> "(*reflect.rtype).PkgPath";
          "reflect.rangeNum[int32 int64]$1" -> "(reflect.Value).Convert";
          "reflect.rangeNum[int32 int64]$1" -> "reflect.ValueOf";
          "reflect.rangeNum[int64 int64]$1" -> "(*reflect.rtype).PkgPath";
          "reflect.rangeNum[int64 int64]$1" -> "(reflect.Value).Convert";
          "reflect.rangeNum[int64 int64]$1" -> "reflect.ValueOf";
          "reflect.rangeNum[int8 int64]$1" -> "(*reflect.rtype).PkgPath";
          "reflect.rangeNum[int8 int64]$1" -> "(reflect.Value).Convert";
          "reflect.rangeNum[int8 int64]$1" -> "reflect.ValueOf";
          "reflect.rangeNum[uint uint64]$1" -> "(*reflect.rtype).PkgPath";
          "reflect.rangeNum[uint uint64]$1" -> "(reflect.Value).Convert";
          "reflect.rangeNum[uint uint64]$1" -> "reflect.ValueOf";
          "reflect.rangeNum[uint16 uint64]$1" -> "(*reflect.rtype).PkgPath";
          "reflect.rangeNum[uint16 uint64]$1" -> "(reflect.Value).Convert";
          "reflect.rangeNum[uint16 uint64]$1" -> "reflect.ValueOf";
          "reflect.rangeNum[uint32 uint64]$1" -> "(*reflect.rtype).PkgPath";
          "reflect.rangeNum[uint32 uint64]$1" -> "(reflect.Value).Convert";
          "reflect.rangeNum[uint32 uint64]$1" -> "reflect.ValueOf";
          "reflect.rangeNum[uint64 uint64]$1" -> "(*reflect.rtype).PkgPath";
          "reflect.rangeNum[uint64 uint64]$1" -> "(reflect.Value).Convert";
          "reflect.rangeNum[uint64 uint64]$1" -> "reflect.ValueOf";
          "reflect.rangeNum[uint8 uint64]$1" -> "(*reflect.rtype).PkgPath";
          "reflect.rangeNum[uint8 uint64]$1" -> "(reflect.Value).Convert";
          "reflect.rangeNum[uint8 uint64]$1" -> "reflect.ValueOf";
          "reflect.rangeNum[uintptr uint64]$1" -> "(*reflect.rtype).PkgPath";
          "reflect.rangeNum[uintptr uint64]$1" -> "(reflect.Value).Convert";
          "reflect.rangeNum[uintptr uint64]$1" -> "reflect.ValueOf";
          "reflect.resolveReflectName" -> "reflect.addReflectOff";
          "reflect.resolveReflectText" -> "reflect.addReflectOff";
          "reflect.resolveReflectType" -> "reflect.addReflectOff";
          "reflect.rtypeOff" -> "reflect.add";
          "reflect.runtimeStructField" -> "(*reflect.rtype).common";
          "reflect.runtimeStructField" -> "(*reflect.rtype).common";
          "reflect.runtimeStructField" -> "(reflect.StructField).IsExported";
          "reflect.runtimeStructField" -> "(reflect.StructField).IsExported";
          "reflect.runtimeStructField" -> "reflect.newName";
          "reflect.runtimeStructField" -> "reflect.resolveReflectType";
          "reflect.specialChannelAssignability" -> "(*internal/abi.Type).ChanDir";
          "reflect.specialChannelAssignability" -> "(*internal/abi.Type).Elem";
          "reflect.specialChannelAssignability" -> "(*internal/abi.Type).Elem";
          "reflect.specialChannelAssignability" -> "reflect.haveIdenticalType";
          "reflect.specialChannelAssignability" -> "reflect.nameFor";
          "reflect.specialChannelAssignability" -> "reflect.nameFor";
          "reflect.storeRcvr" -> "(*internal/abi.Type).IfaceIndir";
          "reflect.storeRcvr" -> "(*internal/abi.Type).Kind";
          "reflect.storeRcvr" -> "(reflect.Value).typ";
          "reflect.stringFor" -> "(*reflect.rtype).String";
          "reflect.stringFor" -> "reflect.toRType";
          "reflect.textOffFor" -> "(*reflect.rtype).textOff";
          "reflect.textOffFor" -> "reflect.toRType";
          "reflect.toType" -> "reflect.toRType";
          "reflect.typeOffFor" -> "(*reflect.rtype).typeOff";
          "reflect.typeOffFor" -> "reflect.toRType";
          "reflect.typeptrdata" -> "(*internal/abi.Type).Kind";
          "reflect.typeptrdata" -> "(*internal/abi.Type).Pointers";
          "reflect.typeptrdata" -> "reflect.stringFor";
          "reflect.typesByString" -> "reflect.rtypeOff";
          "reflect.typesByString" -> "reflect.rtypeOff";
          "reflect.typesByString" -> "reflect.stringFor";
          "reflect.typesByString" -> "reflect.stringFor";
          "reflect.typesByString" -> "reflect.typelinks";
          "reflect.unpackEface" -> "(*internal/abi.Type).IfaceIndir";
          "reflect.unpackEface" -> "(*internal/abi.Type).Kind";
          "reflect.valueInterface" -> "(reflect.Value).NumMethod";
          "reflect.valueInterface" -> "(reflect.flag).kind";
          "reflect.valueInterface" -> "reflect.makeMethodValue";
          "reflect.valueInterface" -> "reflect.packEface";
          "reflect.valueMethodName" -> "(*runtime.Frames).Next";
          "reflect.valueMethodName" -> "runtime.Callers";
          "reflect.valueMethodName" -> "runtime.CallersFrames";
          "runtime.Callers" -> "runtime.callers";
          "runtime.GC" -> "(*internal/runtime/atomic.Uint32).Load";
          "runtime.GC" -> "(*internal/runtime/atomic.Uint32).Load";
          "runtime.GC" -> "(*internal/runtime/atomic.Uint32).Load";
          "runtime.GC" -> "(*internal/runtime/atomic.Uint32).Load";
          "runtime.GC" -> "runtime.Gosched";
          "runtime.GC" -> "runtime.Gosched";
          "runtime.GC" -> "runtime.acquirem";
          "runtime.GC" -> "runtime.gcStart";
          "runtime.GC" -> "runtime.gcWaitOnMark";
          "runtime.GC" -> "runtime.gcWaitOnMark";
          "runtime.GC" -> "runtime.isSweepDone";
          "runtime.GC" -> "runtime.mProf_PostSweep";
          "runtime.GC" -> "runtime.releasem";
          "runtime.GC" -> "runtime.sweepone";
          "runtime.GOMAXPROCS" -> "runtime.lock";
          "runtime.GOMAXPROCS" -> "runtime.startTheWorldGC";
          "runtime.GOMAXPROCS" -> "runtime.stopTheWorldGC";
          "runtime.GOMAXPROCS" -> "runtime.unlock";
          "runtime.GOROOT" -> "runtime.gogetenv";
          "runtime.Gosched" -> "runtime.checkTimeouts";
          "runtime.Gosched" -> "runtime.mcall";
          "runtime.SetFinalizer" -> "(*internal/abi.FuncType).InSlice";
          "runtime.SetFinalizer" -> "(*internal/abi.FuncType).IsVariadic";
          "runtime.SetFinalizer" -> "(*internal/abi.FuncType).OutSlice";
          "runtime.SetFinalizer" -> "(*internal/abi.Type).Pointers";
          "runtime.SetFinalizer" -> "(*internal/abi.Type).Uncommon";
          "runtime.SetFinalizer" -> "(*internal/abi.Type).Uncommon";
          "runtime.SetFinalizer" -> "(runtime.rtype).string";
          "runtime.SetFinalizer" -> "(runtime.rtype).string";
          "runtime.SetFinalizer" -> "(runtime.rtype).string";
          "runtime.SetFinalizer" -> "(runtime.rtype).string";
          "runtime.SetFinalizer" -> "(runtime.rtype).string";
          "runtime.SetFinalizer" -> "(runtime.rtype).string";
          "runtime.SetFinalizer" -> "(runtime.rtype).string";
          "runtime.SetFinalizer" -> "(runtime.rtype).string";
          "runtime.SetFinalizer" -> "(runtime.spanClass).noscan";
          "runtime.SetFinalizer" -> "(runtime.spanClass).sizeclass";
          "runtime.SetFinalizer" -> "runtime.alignUp";
          "runtime.SetFinalizer" -> "runtime.alignUp";
          "runtime.SetFinalizer" -> "runtime.assertE2I2";
          "runtime.SetFinalizer" -> "runtime.createfing";
          "runtime.SetFinalizer" -> "runtime.efaceOf";
          "runtime.SetFinalizer" -> "runtime.efaceOf";
          "runtime.SetFinalizer" -> "runtime.efaceOf";
          "runtime.SetFinalizer" -> "runtime.findObject";
          "runtime.SetFinalizer" -> "runtime.heapBitsInSpan";
          "runtime.SetFinalizer" -> "runtime.inUserArenaChunk";
          "runtime.SetFinalizer" -> "runtime.isGoPointerWithoutSpan";
          "runtime.SetFinalizer" -> "runtime.systemstack";
          "runtime.SetFinalizer" -> "runtime.systemstack";
          "runtime.SetFinalizer" -> "runtime.throw";
          "runtime.SetFinalizer" -> "runtime.throw";
          "runtime.SetFinalizer" -> "runtime.throw";
          "runtime.SetFinalizer" -> "runtime.throw";
          "runtime.SetFinalizer" -> "runtime.throw";
          "runtime.SetFinalizer" -> "runtime.throw";
          "runtime.SetFinalizer" -> "runtime.throw";
          "runtime.SetFinalizer" -> "runtime.throw";
          "runtime.SetFinalizer" -> "runtime.throw";
          "runtime.SetFinalizer" -> "runtime.throw";
          "runtime.SetFinalizer" -> "runtime.toRType";
          "runtime.SetFinalizer" -> "runtime.toRType";
          "runtime.SetFinalizer" -> "runtime.toRType";
          "runtime.SetFinalizer" -> "runtime.toRType";
          "runtime.SetFinalizer" -> "runtime.toRType";
          "runtime.SetFinalizer" -> "runtime.toRType";
          "runtime.SetFinalizer" -> "runtime.toRType";
          "runtime.SetFinalizer" -> "runtime.toRType";
          "runtime.SetFinalizer$1" -> "runtime.removefinalizer";
          "runtime.SetFinalizer$2" -> "runtime.addfinalizer";
          "runtime.SetFinalizer$2" -> "runtime.throw";
          "runtime._ExternalCode" -> "runtime._ExternalCode";
          "runtime._GC" -> "runtime._GC";
          "runtime._LostContendedRuntimeLock" -> "runtime._LostContendedRuntimeLock";
          "runtime._LostExternalCode" -> "runtime._LostExternalCode";
          "runtime._LostSIGPROFDuringAtomic64" -> "runtime._LostSIGPROFDuringAtomic64";
          "runtime._System" -> "runtime._System";
          "runtime._VDSO" -> "runtime._VDSO";
          "runtime.acquireLockRankAndM" -> "runtime.acquirem";
          "runtime.acquireSudog" -> "(runtime.puintptr).ptr";
          "runtime.acquireSudog" -> "runtime.acquirem";
          "runtime.acquireSudog" -> "runtime.lock";
          "runtime.acquireSudog" -> "runtime.releasem";
          "runtime.acquireSudog" -> "runtime.throw";
          "runtime.acquireSudog" -> "runtime.unlock";
          "runtime.acquirem" -> "runtime.getg";
          "runtime.acquirep" -> "(*runtime.mcache).prepareForSweep";
          "runtime.acquirep" -> "(runtime.traceLocker).ProcStart";
          "runtime.acquirep" -> "(runtime.traceLocker).ok";
          "runtime.acquirep" -> "runtime.traceAcquire";
          "runtime.acquirep" -> "runtime.traceRelease";
          "runtime.acquirep" -> "runtime.wirep";
          "runtime.activeModules" -> "internal/runtime/atomic.Loadp";
          "runtime.addWakeupEvent" -> "runtime.kevent";
          "runtime.addWakeupEvent" -> "runtime.throw";
          "runtime.addfinalizer" -> "(*runtime.fixalloc).alloc";
          "runtime.addfinalizer" -> "(*runtime.fixalloc).free";
          "runtime.addfinalizer" -> "(runtime.puintptr).ptr";
          "runtime.addfinalizer" -> "(runtime.spanClass).noscan";
          "runtime.addfinalizer" -> "runtime.acquirem";
          "runtime.addfinalizer" -> "runtime.addspecial";
          "runtime.addfinalizer" -> "runtime.findObject";
          "runtime.addfinalizer" -> "runtime.lock";
          "runtime.addfinalizer" -> "runtime.lock";
          "runtime.addfinalizer" -> "runtime.releasem";
          "runtime.addfinalizer" -> "runtime.scanblock";
          "runtime.addfinalizer" -> "runtime.scanobject";
          "runtime.addfinalizer" -> "runtime.unlock";
          "runtime.addfinalizer" -> "runtime.unlock";
          "runtime.addspecial" -> "(*runtime.mspan).base";
          "runtime.addspecial" -> "(*runtime.mspan).ensureSwept";
          "runtime.addspecial" -> "(*runtime.mspan).specialFindSplicePoint";
          "runtime.addspecial" -> "runtime.KeepAlive";
          "runtime.addspecial" -> "runtime.acquirem";
          "runtime.addspecial" -> "runtime.lock";
          "runtime.addspecial" -> "runtime.releasem";
          "runtime.addspecial" -> "runtime.spanHasSpecials";
          "runtime.addspecial" -> "runtime.spanOfHeap";
          "runtime.addspecial" -> "runtime.throw";
          "runtime.addspecial" -> "runtime.unlock";
          "runtime.adjustctxt" -> "runtime.adjustpointer";
          "runtime.adjustctxt" -> "runtime.adjustpointer";
          "runtime.adjustctxt" -> "runtime.adjustpointer";
          "runtime.adjustctxt" -> "runtime.memmove";
          "runtime.adjustctxt" -> "runtime.throw";
          "runtime.adjustdefers" -> "runtime.adjustpointer";
          "runtime.adjustdefers" -> "runtime.adjustpointer";
          "runtime.adjustdefers" -> "runtime.adjustpointer";
          "runtime.adjustdefers" -> "runtime.adjustpointer";
          "runtime.adjustframe" -> "(*runtime.stackObjectRecord).gcdata";
          "runtime.adjustframe" -> "(*runtime.stkframe).getStackMap";
          "runtime.adjustframe" -> "runtime.addb";
          "runtime.adjustframe" -> "runtime.adjustpointer";
          "runtime.adjustframe" -> "runtime.adjustpointer";
          "runtime.adjustframe" -> "runtime.adjustpointers";
          "runtime.adjustframe" -> "runtime.adjustpointers";
          "runtime.adjustframe" -> "runtime.funcname";
          "runtime.adjustframe" -> "runtime.throw";
          "runtime.adjustpanics" -> "runtime.adjustpointer";
          "runtime.adjustpointers" -> "(*runtime.bitvector).ptrbit";
          "runtime.adjustpointers" -> "(runtime.funcInfo).valid";
          "runtime.adjustpointers" -> "internal/runtime/atomic.Casp1";
          "runtime.adjustpointers" -> "internal/runtime/sys.TrailingZeros8";
          "runtime.adjustpointers" -> "runtime.add";
          "runtime.adjustpointers" -> "runtime.add";
          "runtime.adjustpointers" -> "runtime.add";
          "runtime.adjustpointers" -> "runtime.addb";
          "runtime.adjustpointers" -> "runtime.addb";
          "runtime.adjustpointers" -> "runtime.funcname";
          "runtime.adjustpointers" -> "runtime.funcname";
          "runtime.adjustpointers" -> "runtime.getg";
          "runtime.adjustpointers" -> "runtime.throw";
          "runtime.adjustsudogs" -> "runtime.adjustpointer";
          "runtime.allGsSnapshot" -> "runtime.assertWorldStoppedOrLockHeld";
          "runtime.allocm" -> "(*internal/runtime/atomic.Uint32).Load";
          "runtime.allocm" -> "(*runtime.rwmutex).rlock";
          "runtime.allocm" -> "(*runtime.rwmutex).runlock";
          "runtime.allocm" -> "(runtime.puintptr).ptr";
          "runtime.allocm" -> "runtime.acquirem";
          "runtime.allocm" -> "runtime.acquirep";
          "runtime.allocm" -> "runtime.getg";
          "runtime.allocm" -> "runtime.lock";
          "runtime.allocm" -> "runtime.mStackIsSystemAllocated";
          "runtime.allocm" -> "runtime.malg";
          "runtime.allocm" -> "runtime.malg";
          "runtime.allocm" -> "runtime.mcommoninit";
          "runtime.allocm" -> "runtime.releasem";
          "runtime.allocm" -> "runtime.releasep";
          "runtime.allocm" -> "runtime.systemstack";
          "runtime.allocm" -> "runtime.traceEnabled";
          "runtime.allocm" -> "runtime.traceShuttingDown";
          "runtime.allocm" -> "runtime.traceThreadDestroy";
          "runtime.allocm" -> "runtime.unlock";
          "runtime.allocm$1" -> "runtime.stackfree";
          "runtime.allocmcache" -> "runtime.nextSample";
          "runtime.allocmcache" -> "runtime.systemstack";
          "runtime.allocmcache$1" -> "(*internal/runtime/atomic.Uint32).Store";
          "runtime.allocmcache$1" -> "(*runtime.fixalloc).alloc";
          "runtime.allocmcache$1" -> "runtime.lock";
          "runtime.allocmcache$1" -> "runtime.unlock";
          "runtime.asanpoison" -> "runtime.throw";
          "runtime.asanread" -> "runtime.throw";
          "runtime.asanunpoison" -> "runtime.throw";
          "runtime.asanwrite" -> "runtime.throw";
          "runtime.assertE2I" -> "runtime.getitab";
          "runtime.assertE2I2" -> "runtime.getitab";
          "runtime.atomicAllG" -> "internal/runtime/atomic.Loadp";
          "runtime.atomicAllG" -> "internal/runtime/atomic.Loaduintptr";
          "runtime.atomicAllGIndex" -> "runtime.add";
          "runtime.atomicstorep" -> "internal/runtime/atomic.StorepNoWB";
          "runtime.atomicstorep" -> "runtime.atomicwb";
          "runtime.atomicstorep" -> "runtime.cgoCheckPtrWrite";
          "runtime.atomicstorep" -> "runtime.noescape";
          "runtime.atomicwb" -> "(*runtime.wbBuf).get2";
          "runtime.atomicwb" -> "(runtime.puintptr).ptr";
          "runtime.atomicwb" -> "runtime.getg";
          "runtime.badPointer" -> "(*runtime.mSpanStateBox).get";
          "runtime.badPointer" -> "(*runtime.mspan).base";
          "runtime.badPointer" -> "runtime.gcDumpObject";
          "runtime.badPointer" -> "runtime.getg";
          "runtime.badPointer" -> "runtime.printlock";
          "runtime.badPointer" -> "runtime.throw";
          "runtime.badTimer" -> "runtime.throw";
          "runtime.badctxt" -> "runtime.throw";
          "runtime.binarySearchTree" -> "runtime.binarySearchTree";
          "runtime.binarySearchTree" -> "runtime.binarySearchTree";
          "runtime.blockAlignSummaryRange" -> "runtime.alignDown";
          "runtime.blockAlignSummaryRange" -> "runtime.alignUp";
          "runtime.blockevent" -> "internal/runtime/atomic.Load64";
          "runtime.blockevent" -> "runtime.blocksampled";
          "runtime.blockevent" -> "runtime.saveblockevent";
          "runtime.blocksampled" -> "runtime.cheaprand64";
          "runtime.bootstrapRand" -> "(*internal/chacha8rand.State).Next";
          "runtime.bootstrapRand" -> "(*internal/chacha8rand.State).Refill";
          "runtime.bootstrapRand" -> "runtime.fatal";
          "runtime.bootstrapRand" -> "runtime.lock";
          "runtime.bootstrapRand" -> "runtime.unlock";
          "runtime.bootstrapRandReseed" -> "(*internal/chacha8rand.State).Reseed";
          "runtime.bootstrapRandReseed" -> "runtime.fatal";
          "runtime.bootstrapRandReseed" -> "runtime.lock";
          "runtime.bootstrapRandReseed" -> "runtime.unlock";
          "runtime.buildGCMask" -> "(*internal/abi.Type).ArrayType";
          "runtime.buildGCMask" -> "(*internal/abi.Type).Kind";
          "runtime.buildGCMask" -> "(*internal/abi.Type).Pointers";
          "runtime.buildGCMask" -> "(*internal/abi.Type).StructType";
          "runtime.buildGCMask" -> "(runtime.bitCursor).offset";
          "runtime.buildGCMask" -> "(runtime.bitCursor).offset";
          "runtime.buildGCMask" -> "(runtime.bitCursor).offset";
          "runtime.buildGCMask" -> "(runtime.bitCursor).write";
          "runtime.buildGCMask" -> "runtime.buildGCMask";
          "runtime.buildGCMask" -> "runtime.buildGCMask";
          "runtime.buildGCMask" -> "runtime.throw";
          "runtime.buildGCMask" -> "runtime.throw";
          "runtime.callCgoSymbolizer" -> "(*internal/runtime/atomic.Uint32).Load";
          "runtime.callCgoSymbolizer" -> "runtime.asanwrite";
          "runtime.callCgoSymbolizer" -> "runtime.asmcgocall";
          "runtime.callCgoSymbolizer" -> "runtime.cgocall";
          "runtime.callCgoSymbolizer" -> "runtime.getg";
          "runtime.callCgoSymbolizer" -> "runtime.getg";
          "runtime.callCgoSymbolizer" -> "runtime.msanwrite";
          "runtime.callCgoSymbolizer" -> "runtime.noescape";
          "runtime.callers" -> "internal/runtime/sys.GetCallerPC";
          "runtime.callers" -> "internal/runtime/sys.GetCallerSP";
          "runtime.callers" -> "runtime.getg";
          "runtime.callers" -> "runtime.systemstack";
          "runtime.callers$1" -> "(*runtime.unwinder).initAt";
          "runtime.callers$1" -> "runtime.tracebackPCs";
          "runtime.canPreemptM" -> "(runtime.puintptr).ptr";
          "runtime.canpanic" -> "runtime.acquirem";
          "runtime.canpanic" -> "runtime.getg";
          "runtime.canpanic" -> "runtime.readgstatus";
          "runtime.canpanic" -> "runtime.releasem";
          "runtime.canpanic" -> "runtime.releasem";
          "runtime.canpanic" -> "runtime.releasem";
          "runtime.canpanic" -> "runtime.releasem";
          "runtime.canpanic" -> "runtime.releasem";
          "runtime.cansemacquire" -> "internal/runtime/atomic.Cas";
          "runtime.cansemacquire" -> "internal/runtime/atomic.Load";
          "runtime.casGFromPreempted" -> "(*internal/runtime/atomic.Uint32).CompareAndSwap";
          "runtime.casGFromPreempted" -> "(*runtime.synctestGroup).changegstatus";
          "runtime.casGFromPreempted" -> "runtime.throw";
          "runtime.casGToWaiting" -> "runtime.casgstatus";
          "runtime.casGToWaitingForSuspendG" -> "(runtime.waitReason).isWaitingForSuspendG";
          "runtime.casGToWaitingForSuspendG" -> "runtime.casGToWaiting";
          "runtime.casGToWaitingForSuspendG" -> "runtime.throw";
          "runtime.casfrom_Gscanstatus" -> "(*internal/runtime/atomic.Uint32).CompareAndSwap";
          "runtime.casfrom_Gscanstatus" -> "runtime.dumpgstatus";
          "runtime.casfrom_Gscanstatus" -> "runtime.dumpgstatus";
          "runtime.casfrom_Gscanstatus" -> "runtime.releaseLockRankAndM";
          "runtime.casfrom_Gscanstatus" -> "runtime.throw";
          "runtime.casfrom_Gscanstatus" -> "runtime.throw";
          "runtime.casgstatus" -> "(*internal/runtime/atomic.Int64).Add";
          "runtime.casgstatus" -> "(*internal/runtime/atomic.Uint32).CompareAndSwap";
          "runtime.casgstatus" -> "(*internal/runtime/atomic.Uint32).Load";
          "runtime.casgstatus" -> "(*internal/runtime/atomic.Uint32).Load";
          "runtime.casgstatus" -> "(*runtime.timeHistogram).record";
          "runtime.casgstatus" -> "(runtime.waitReason).isMutexWait";
          "runtime.casgstatus" -> "(runtime.waitReason).isMutexWait";
          "runtime.casgstatus" -> "runtime.lockWithRankMayAcquire";
          "runtime.casgstatus" -> "runtime.nanotime";
          "runtime.casgstatus" -> "runtime.nanotime";
          "runtime.casgstatus" -> "runtime.nanotime";
          "runtime.casgstatus" -> "runtime.nanotime";
          "runtime.casgstatus" -> "runtime.nanotime";
          "runtime.casgstatus" -> "runtime.nanotime";
          "runtime.casgstatus" -> "runtime.nanotime";
          "runtime.casgstatus" -> "runtime.osyield";
          "runtime.casgstatus" -> "runtime.procyield";
          "runtime.casgstatus" -> "runtime.systemstack";
          "runtime.casgstatus" -> "runtime.systemstack";
          "runtime.casgstatus" -> "runtime.systemstack";
          "runtime.casgstatus$1" -> "runtime.throw";
          "runtime.casgstatus$2" -> "runtime.throw";
          "runtime.casgstatus$3" -> "(*runtime.synctestGroup).changegstatus";
          "runtime.castogscanstatus" -> "(*internal/runtime/atomic.Uint32).CompareAndSwap";
          "runtime.castogscanstatus" -> "runtime.acquireLockRankAndM";
          "runtime.castogscanstatus" -> "runtime.throw";
          "runtime.cgoCheckPtrWrite" -> "runtime.cgoIsGoPointer";
          "runtime.cgoCheckPtrWrite" -> "runtime.cgoIsGoPointer";
          "runtime.cgoCheckPtrWrite" -> "runtime.getg";
          "runtime.cgoCheckPtrWrite" -> "runtime.inPersistentAlloc";
          "runtime.cgoCheckPtrWrite" -> "runtime.isPinned";
          "runtime.cgoCheckPtrWrite" -> "runtime.systemstack";
          "runtime.cgoCheckPtrWrite$1" -> "runtime.throw";
          "runtime.cgoContextPCs" -> "(*internal/runtime/atomic.Uint32).Load";
          "runtime.cgoContextPCs" -> "runtime.asanwrite";
          "runtime.cgoContextPCs" -> "runtime.asmcgocall";
          "runtime.cgoContextPCs" -> "runtime.cgocall";
          "runtime.cgoContextPCs" -> "runtime.getg";
          "runtime.cgoContextPCs" -> "runtime.getg";
          "runtime.cgoContextPCs" -> "runtime.msanwrite";
          "runtime.cgoContextPCs" -> "runtime.noescape";
          "runtime.cgoContextPCs" -> "runtime.noescape";
          "runtime.cgoIsGoPointer" -> "runtime.activeModules";
          "runtime.cgoIsGoPointer" -> "runtime.cgoInRange";
          "runtime.cgoIsGoPointer" -> "runtime.cgoInRange";
          "runtime.cgoIsGoPointer" -> "runtime.inHeapOrStack";
          "runtime.cgocall" -> "runtime.KeepAlive";
          "runtime.cgocall" -> "runtime.KeepAlive";
          "runtime.cgocall" -> "runtime.KeepAlive";
          "runtime.cgocall" -> "runtime.asmcgocall";
          "runtime.cgocall" -> "runtime.entersyscall";
          "runtime.cgocall" -> "runtime.exitsyscall";
          "runtime.cgocall" -> "runtime.getg";
          "runtime.cgocall" -> "runtime.getg";
          "runtime.cgocall" -> "runtime.osPreemptExtEnter";
          "runtime.cgocall" -> "runtime.osPreemptExtExit";
          "runtime.cgocall" -> "runtime.raceacquire";
          "runtime.cgocall" -> "runtime.racereleasemerge";
          "runtime.cgocall" -> "runtime.throw";
          "runtime.cgocall" -> "runtime.throw";
          "runtime.cheaprand" -> "internal/runtime/math.Mul64";
          "runtime.cheaprand" -> "runtime.getg";
          "runtime.cheaprand64" -> "runtime.cheaprand";
          "runtime.cheaprand64" -> "runtime.cheaprand";
          "runtime.cheaprandn" -> "runtime.cheaprand";
          "runtime.checkIdleGCNoP" -> "(*runtime.gcControllerState).addIdleMarkWorker";
          "runtime.checkIdleGCNoP" -> "(*runtime.gcControllerState).needIdleMarkWorker";
          "runtime.checkIdleGCNoP" -> "(*runtime.gcControllerState).removeIdleMarkWorker";
          "runtime.checkIdleGCNoP" -> "(*runtime.lfstack).pop";
          "runtime.checkIdleGCNoP" -> "(runtime.guintptr).ptr";
          "runtime.checkIdleGCNoP" -> "internal/runtime/atomic.Load";
          "runtime.checkIdleGCNoP" -> "runtime.gcMarkWorkAvailable";
          "runtime.checkIdleGCNoP" -> "runtime.lock";
          "runtime.checkIdleGCNoP" -> "runtime.pidlegetSpinning";
          "runtime.checkIdleGCNoP" -> "runtime.pidleput";
          "runtime.checkIdleGCNoP" -> "runtime.pidleput";
          "runtime.checkIdleGCNoP" -> "runtime.unlock";
          "runtime.checkIdleGCNoP" -> "runtime.unlock";
          "runtime.checkIdleGCNoP" -> "runtime.unlock";
          "runtime.checkIdleGCNoP" -> "runtime.unlock";
          "runtime.checkRunqsNoP" -> "(runtime.pMask).read";
          "runtime.checkRunqsNoP" -> "runtime.lock";
          "runtime.checkRunqsNoP" -> "runtime.pidlegetSpinning";
          "runtime.checkRunqsNoP" -> "runtime.runqempty";
          "runtime.checkRunqsNoP" -> "runtime.unlock";
          "runtime.checkRunqsNoP" -> "runtime.unlock";
          "runtime.checkTimersNoP" -> "(*runtime.timers).wakeTime";
          "runtime.checkTimersNoP" -> "(runtime.pMask).read";
          "runtime.checkdead" -> "(*internal/runtime/atomic.Int32).Add";
          "runtime.checkdead" -> "(*internal/runtime/atomic.Uint32).Load";
          "runtime.checkdead" -> "(*internal/runtime/atomic.Uint32).Load";
          "runtime.checkdead" -> "(*runtime.puintptr).set";
          "runtime.checkdead" -> "runtime.assertLockHeld";
          "runtime.checkdead" -> "runtime.fatal";
          "runtime.checkdead" -> "runtime.fatal";
          "runtime.checkdead" -> "runtime.forEachG";
          "runtime.checkdead" -> "runtime.mcount";
          "runtime.checkdead" -> "runtime.mcount";
          "runtime.checkdead" -> "runtime.mget";
          "runtime.checkdead" -> "runtime.notewakeup";
          "runtime.checkdead" -> "runtime.pidleget";
          "runtime.checkdead" -> "runtime.throw";
          "runtime.checkdead" -> "runtime.throw";
          "runtime.checkdead" -> "runtime.throw";
          "runtime.checkdead" -> "runtime.timeSleepUntil";
          "runtime.checkdead" -> "runtime.unlock";
          "runtime.checkdead" -> "runtime.unlock";
          "runtime.checkdead" -> "runtime.unlock";
          "runtime.checkdead" -> "runtime.unlock";
          "runtime.checkdead" -> "runtime.unlock";
          "runtime.checkdead$1" -> "runtime.isSystemGoroutine";
          "runtime.checkdead$1" -> "runtime.readgstatus";
          "runtime.checkdead$1" -> "runtime.throw";
          "runtime.checkdead$1" -> "runtime.unlock";
          "runtime.checkmcount" -> "(*internal/runtime/atomic.Uint32).Load";
          "runtime.checkmcount" -> "(*internal/runtime/atomic.Uint32).Load";
          "runtime.checkmcount" -> "runtime.assertLockHeld";
          "runtime.checkmcount" -> "runtime.mcount";
          "runtime.checkmcount" -> "runtime.throw";
          "runtime.clearpools" -> "(*runtime.mLockProfile).captureStack$1";
          "runtime.clearpools" -> "(*runtime.mheap).alloc$1";
          "runtime.clearpools" -> "(*runtime.mheap).freeSpan$1";
          "runtime.clearpools" -> "(*runtime.mspan).setUserArenaChunkToFault$1";
          "runtime.clearpools" -> "(*runtime.p).destroy$1";
          "runtime.clearpools" -> "(*runtime.pageAlloc).scavenge$1";
          "runtime.clearpools" -> "(*runtime.rwmutex).rlock$1";
          "runtime.clearpools" -> "(*runtime.sweepLocked).sweep$1";
          "runtime.clearpools" -> "(*runtime.traceStringTable).put$1";
          "runtime.clearpools" -> "(runtime.traceWriter).refill$1";
          "runtime.clearpools" -> "internal/poll.runtime_pollServerInit";
          "runtime.clearpools" -> "reflect.embeddedIfaceMethStub";
          "runtime.clearpools" -> "reflect.makeFuncStub";
          "runtime.clearpools" -> "reflect.methodValueCall";
          "runtime.clearpools" -> "runtime.SetFinalizer$1";
          "runtime.clearpools" -> "runtime.SetFinalizer$2";
          "runtime.clearpools" -> "runtime._ExternalCode";
          "runtime.clearpools" -> "runtime._GC";
          "runtime.clearpools" -> "runtime._LostContendedRuntimeLock";
          "runtime.clearpools" -> "runtime._LostExternalCode";
          "runtime.clearpools" -> "runtime._LostSIGPROFDuringAtomic64";
          "runtime.clearpools" -> "runtime._System";
          "runtime.clearpools" -> "runtime._VDSO";
          "runtime.clearpools" -> "runtime.allocm$1";
          "runtime.clearpools" -> "runtime.allocmcache$1";
          "runtime.clearpools" -> "runtime.asyncPreempt";
          "runtime.clearpools" -> "runtime.atomicstorep";
          "runtime.clearpools" -> "runtime.callers$1";
          "runtime.clearpools" -> "runtime.casgstatus$1";
          "runtime.clearpools" -> "runtime.casgstatus$2";
          "runtime.clearpools" -> "runtime.casgstatus$3";
          "runtime.clearpools" -> "runtime.cgoCheckPtrWrite$1";
          "runtime.clearpools" -> "runtime.cgoSigtramp";
          "runtime.clearpools" -> "runtime.doRecordGoroutineProfile$1";
          "runtime.clearpools" -> "runtime.entersyscall_gcwait";
          "runtime.clearpools" -> "runtime.entersyscall_sysmon";
          "runtime.clearpools" -> "runtime.exit_trampoline";
          "runtime.clearpools" -> "runtime.exitsyscall$1";
          "runtime.clearpools" -> "runtime.exitsyscall$2";
          "runtime.clearpools" -> "runtime.exitsyscallfast$1";
          "runtime.clearpools" -> "runtime.exitsyscallfast_reacquired$1";
          "runtime.clearpools" -> "runtime.fatal$1";
          "runtime.clearpools" -> "runtime.fatalthrow$1";
          "runtime.clearpools" -> "runtime.fcntl_trampoline";
          "runtime.clearpools" -> "runtime.forEachP$1";
          "runtime.clearpools" -> "runtime.freeSomeWbufs$1";
          "runtime.clearpools" -> "runtime.freeStackSpans";
          "runtime.clearpools" -> "runtime.freemcache$1";
          "runtime.clearpools" -> "runtime.gcAssistAlloc$1";
          "runtime.clearpools" -> "runtime.gcAssistAlloc$2";
          "runtime.clearpools" -> "runtime.gcBgMarkWorker$2";
          "runtime.clearpools" -> "runtime.gcControllerCommit";
          "runtime.clearpools" -> "runtime.gcMarkDone$2";
          "runtime.clearpools" -> "runtime.gcMarkDone$3";
          "runtime.clearpools" -> "runtime.gcMarkDone$4";
          "runtime.clearpools" -> "runtime.gcMarkTermination$1";
          "runtime.clearpools" -> "runtime.gcMarkTermination$2";
          "runtime.clearpools" -> "runtime.gcMarkTermination$3";
          "runtime.clearpools" -> "runtime.gcMarkTermination$4$1";
          "runtime.clearpools" -> "runtime.gcMarkTermination$5";
          "runtime.clearpools" -> "runtime.gcResetMarkState";
          "runtime.clearpools" -> "runtime.gcStart$1";
          "runtime.clearpools" -> "runtime.gcStart$2";
          "runtime.clearpools" -> "runtime.gcStart$3";
          "runtime.clearpools" -> "runtime.gcStart$4";
          "runtime.clearpools" -> "runtime.getGCMaskOnDemand$1";
          "runtime.clearpools" -> "runtime.getempty$1";
          "runtime.clearpools" -> "runtime.goready$1";
          "runtime.clearpools" -> "runtime.kevent_trampoline";
          "runtime.clearpools" -> "runtime.kqueue_trampoline";
          "runtime.clearpools" -> "runtime.lock";
          "runtime.clearpools" -> "runtime.lock";
          "runtime.clearpools" -> "runtime.mProf_Malloc$1";
          "runtime.clearpools" -> "runtime.madvise_trampoline";
          "runtime.clearpools" -> "runtime.malg$1";
          "runtime.clearpools" -> "runtime.markroot$1";
          "runtime.clearpools" -> "runtime.markrootFreeGStacks";
          "runtime.clearpools" -> "runtime.mlock_trampoline";
          "runtime.clearpools" -> "runtime.mmap_trampoline";
          "runtime.clearpools" -> "runtime.mspinning";
          "runtime.clearpools" -> "runtime.mstart";
          "runtime.clearpools" -> "runtime.mstart_stub";
          "runtime.clearpools" -> "runtime.munmap_trampoline";
          "runtime.clearpools" -> "runtime.nanotime_trampoline";
          "runtime.clearpools" -> "runtime.osyield";
          "runtime.clearpools" -> "runtime.persistentalloc$1";
          "runtime.clearpools" -> "runtime.printArgs$3";
          "runtime.clearpools" -> "runtime.pthread_attr_getstacksize_trampoline";
          "runtime.clearpools" -> "runtime.pthread_attr_init_trampoline";
          "runtime.clearpools" -> "runtime.pthread_attr_setdetachstate_trampoline";
          "runtime.clearpools" -> "runtime.pthread_cond_init_trampoline";
          "runtime.clearpools" -> "runtime.pthread_cond_signal_trampoline";
          "runtime.clearpools" -> "runtime.pthread_cond_timedwait_relative_np_trampoline";
          "runtime.clearpools" -> "runtime.pthread_cond_wait_trampoline";
          "runtime.clearpools" -> "runtime.pthread_create_trampoline";
          "runtime.clearpools" -> "runtime.pthread_kill_trampoline";
          "runtime.clearpools" -> "runtime.pthread_mutex_init_trampoline";
          "runtime.clearpools" -> "runtime.pthread_mutex_lock_trampoline";
          "runtime.clearpools" -> "runtime.pthread_mutex_unlock_trampoline";
          "runtime.clearpools" -> "runtime.raise_trampoline";
          "runtime.clearpools" -> "runtime.raiseproc_trampoline";
          "runtime.clearpools" -> "runtime.reentersyscall$1";
          "runtime.clearpools" -> "runtime.reentersyscall$2";
          "runtime.clearpools" -> "runtime.reentersyscall$3";
          "runtime.clearpools" -> "runtime.runSafePointFn";
          "runtime.clearpools" -> "runtime.sigaction_trampoline";
          "runtime.clearpools" -> "runtime.sigpanic";
          "runtime.clearpools" -> "runtime.sigprocmask_trampoline";
          "runtime.clearpools" -> "runtime.sigtramp";
          "runtime.clearpools" -> "runtime.startTheWorld$1";
          "runtime.clearpools" -> "runtime.stopTheWorld$1";
          "runtime.clearpools" -> "runtime.sweepone$1";
          "runtime.clearpools" -> "runtime.throw$1";
          "runtime.clearpools" -> "runtime.traceThreadDestroy$1";
          "runtime.clearpools" -> "runtime.unlock";
          "runtime.clearpools" -> "runtime.unlock";
          "runtime.clearpools" -> "runtime.unreachableMethod";
          "runtime.clearpools" -> "runtime.usleep_trampoline";
          "runtime.clearpools" -> "runtime.walltime_trampoline";
          "runtime.clearpools" -> "runtime.wbBufFlush$1";
          "runtime.clearpools" -> "runtime.wirep$1";
          "runtime.clearpools" -> "runtime.wirep$2";
          "runtime.clearpools" -> "runtime.write_trampoline";
          "runtime.clearpools" -> "syscall.copyenv";
          "runtime.clearpools" -> "syscall.libc_close_trampoline";
          "runtime.clearpools" -> "syscall.libc_closedir_trampoline";
          "runtime.clearpools" -> "syscall.libc_dup_trampoline";
          "runtime.clearpools" -> "syscall.libc_fchdir_trampoline";
          "runtime.clearpools" -> "syscall.libc_fchmod_trampoline";
          "runtime.clearpools" -> "syscall.libc_fchown_trampoline";
          "runtime.clearpools" -> "syscall.libc_fcntl_trampoline";
          "runtime.clearpools" -> "syscall.libc_fdopendir_trampoline";
          "runtime.clearpools" -> "syscall.libc_fstat_trampoline";
          "runtime.clearpools" -> "syscall.libc_fsync_trampoline";
          "runtime.clearpools" -> "syscall.libc_ftruncate_trampoline";
          "runtime.clearpools" -> "syscall.libc_getsockopt_trampoline";
          "runtime.clearpools" -> "syscall.libc_lseek_trampoline";
          "runtime.clearpools" -> "syscall.libc_open_trampoline";
          "runtime.clearpools" -> "syscall.libc_openat_trampoline";
          "runtime.clearpools" -> "syscall.libc_pread_trampoline";
          "runtime.clearpools" -> "syscall.libc_pwrite_trampoline";
          "runtime.clearpools" -> "syscall.libc_read_trampoline";
          "runtime.clearpools" -> "syscall.libc_readdir_r_trampoline";
          "runtime.clearpools" -> "syscall.libc_recvfrom_trampoline";
          "runtime.clearpools" -> "syscall.libc_recvmsg_trampoline";
          "runtime.clearpools" -> "syscall.libc_sendmsg_trampoline";
          "runtime.clearpools" -> "syscall.libc_sendto_trampoline";
          "runtime.clearpools" -> "syscall.libc_setsockopt_trampoline";
          "runtime.clearpools" -> "syscall.libc_shutdown_trampoline";
          "runtime.clearpools" -> "syscall.libc_write_trampoline";
          "runtime.clearpools" -> "time.FixedZone$1";
          "runtime.clearpools" -> "time.initLocal";
          "runtime.clobberfree" -> "runtime.add";
          "runtime.closeonexec" -> "runtime.fcntl";
          "runtime.copystack" -> "(*internal/runtime/atomic.Bool).Load";
          "runtime.copystack" -> "(*runtime.gcControllerState).addScannableStack";
          "runtime.copystack" -> "(*runtime.unwinder).init";
          "runtime.copystack" -> "(*runtime.unwinder).next";
          "runtime.copystack" -> "(*runtime.unwinder).valid";
          "runtime.copystack" -> "(runtime.puintptr).ptr";
          "runtime.copystack" -> "runtime.adjustctxt";
          "runtime.copystack" -> "runtime.adjustdefers";
          "runtime.copystack" -> "runtime.adjustframe";
          "runtime.copystack" -> "runtime.adjustpanics";
          "runtime.copystack" -> "runtime.adjustsudogs";
          "runtime.copystack" -> "runtime.fillstack";
          "runtime.copystack" -> "runtime.fillstack";
          "runtime.copystack" -> "runtime.findsghi";
          "runtime.copystack" -> "runtime.getg";
          "runtime.copystack" -> "runtime.memmove";
          "runtime.copystack" -> "runtime.stackalloc";
          "runtime.copystack" -> "runtime.stackfree";
          "runtime.copystack" -> "runtime.syncadjustsudogs";
          "runtime.copystack" -> "runtime.throw";
          "runtime.copystack" -> "runtime.throw";
          "runtime.copystack" -> "runtime.throw";
          "runtime.cputicks" -> "runtime.nanotime";
          "runtime.crash" -> "runtime.dieFromSignal";
          "runtime.createfing" -> "(*internal/runtime/atomic.Uint32).CompareAndSwap";
          "runtime.createfing" -> "(*internal/runtime/atomic.Uint32).Load";
          "runtime.createfing" -> "runtime.runfinq";
          "runtime.deductAssistCredit" -> "runtime.gcAssistAlloc";
          "runtime.deductAssistCredit" -> "runtime.getg";
          "runtime.deductSweepCredit" -> "(*internal/runtime/atomic.Uint64).Load";
          "runtime.deductSweepCredit" -> "(*internal/runtime/atomic.Uint64).Load";
          "runtime.deductSweepCredit" -> "(*internal/runtime/atomic.Uint64).Load";
          "runtime.deductSweepCredit" -> "(*internal/runtime/atomic.Uint64).Load";
          "runtime.deductSweepCredit" -> "(runtime.traceLocker).GCSweepDone";
          "runtime.deductSweepCredit" -> "(runtime.traceLocker).GCSweepStart";
          "runtime.deductSweepCredit" -> "(runtime.traceLocker).ok";
          "runtime.deductSweepCredit" -> "(runtime.traceLocker).ok";
          "runtime.deductSweepCredit" -> "runtime.sweepone";
          "runtime.deductSweepCredit" -> "runtime.traceAcquire";
          "runtime.deductSweepCredit" -> "runtime.traceAcquire";
          "runtime.deductSweepCredit" -> "runtime.traceRelease";
          "runtime.deductSweepCredit" -> "runtime.traceRelease";
          "runtime.dieFromSignal" -> "internal/runtime/atomic.Store";
          "runtime.dieFromSignal" -> "runtime.exit";
          "runtime.dieFromSignal" -> "runtime.osyield";
          "runtime.dieFromSignal" -> "runtime.osyield";
          "runtime.dieFromSignal" -> "runtime.osyield";
          "runtime.dieFromSignal" -> "runtime.osyield";
          "runtime.dieFromSignal" -> "runtime.osyield";
          "runtime.dieFromSignal" -> "runtime.osyield";
          "runtime.dieFromSignal" -> "runtime.raise";
          "runtime.dieFromSignal" -> "runtime.raise";
          "runtime.dieFromSignal" -> "runtime.setsig";
          "runtime.dieFromSignal" -> "runtime.unblocksig";
          "runtime.doRecordGoroutineProfile" -> "(*internal/runtime/atomic.Int64).Add";
          "runtime.doRecordGoroutineProfile" -> "runtime.isSystemGoroutine";
          "runtime.doRecordGoroutineProfile" -> "runtime.readgstatus";
          "runtime.doRecordGoroutineProfile" -> "runtime.systemstack";
          "runtime.doRecordGoroutineProfile" -> "runtime.throw";
          "runtime.doRecordGoroutineProfile$1" -> "runtime.saveg";
          "runtime.doSigPreempt" -> "(*internal/runtime/atomic.Int32).Add";
          "runtime.doSigPreempt" -> "(*internal/runtime/atomic.Uint32).Add";
          "runtime.doSigPreempt" -> "(*internal/runtime/atomic.Uint32).Store";
          "runtime.doSigPreempt" -> "(*runtime.sigctxt).pushCall";
          "runtime.doSigPreempt" -> "(*runtime.sigctxt).siglr";
          "runtime.doSigPreempt" -> "(*runtime.sigctxt).sigpc";
          "runtime.doSigPreempt" -> "(*runtime.sigctxt).sigsp";
          "runtime.doSigPreempt" -> "internal/abi.FuncPCABI0";
          "runtime.doSigPreempt" -> "runtime.isAsyncSafePoint";
          "runtime.doSigPreempt" -> "runtime.wantAsyncPreempt";
          "runtime.dopanic_m" -> "(*internal/runtime/atomic.Uint32).Add";
          "runtime.dopanic_m" -> "runtime.goroutineheader";
          "runtime.dopanic_m" -> "runtime.gotraceback";
          "runtime.dopanic_m" -> "runtime.lock";
          "runtime.dopanic_m" -> "runtime.lock";
          "runtime.dopanic_m" -> "runtime.printDebugLog";
          "runtime.dopanic_m" -> "runtime.signame";
          "runtime.dopanic_m" -> "runtime.traceback";
          "runtime.dopanic_m" -> "runtime.traceback";
          "runtime.dopanic_m" -> "runtime.tracebackothers";
          "runtime.dopanic_m" -> "runtime.unlock";
          "runtime.doubleCheckHeapPointers" -> "(*runtime.mspan).objBase";
          "runtime.doubleCheckHeapPointers" -> "(*runtime.mspan).typePointersOfUnchecked";
          "runtime.doubleCheckHeapPointers" -> "(*runtime.mspan).typePointersOfUnchecked";
          "runtime.doubleCheckHeapPointers" -> "(runtime.typePointers).next";
          "runtime.doubleCheckHeapPointers" -> "(runtime.typePointers).next";
          "runtime.doubleCheckHeapPointers" -> "(runtime.typePointers).next";
          "runtime.doubleCheckHeapPointers" -> "runtime.addb";
          "runtime.doubleCheckHeapPointers" -> "runtime.dumpTypePointers";
          "runtime.doubleCheckHeapPointers" -> "runtime.dumpTypePointers";
          "runtime.doubleCheckHeapPointers" -> "runtime.dumpTypePointers";
          "runtime.doubleCheckHeapPointers" -> "runtime.getGCMask";
          "runtime.doubleCheckHeapPointers" -> "runtime.throw";
          "runtime.doubleCheckHeapPointersInterior" -> "(*runtime.mspan).typePointersOf";
          "runtime.doubleCheckHeapPointersInterior" -> "(*runtime.mspan).typePointersOf";
          "runtime.doubleCheckHeapPointersInterior" -> "(runtime.typePointers).next";
          "runtime.doubleCheckHeapPointersInterior" -> "(runtime.typePointers).next";
          "runtime.doubleCheckHeapPointersInterior" -> "(runtime.typePointers).next";
          "runtime.doubleCheckHeapPointersInterior" -> "runtime.addb";
          "runtime.doubleCheckHeapPointersInterior" -> "runtime.addb";
          "runtime.doubleCheckHeapPointersInterior" -> "runtime.dumpTypePointers";
          "runtime.doubleCheckHeapPointersInterior" -> "runtime.dumpTypePointers";
          "runtime.doubleCheckHeapPointersInterior" -> "runtime.dumpTypePointers";
          "runtime.doubleCheckHeapPointersInterior" -> "runtime.getGCMask";
          "runtime.doubleCheckHeapPointersInterior" -> "runtime.getGCMask";
          "runtime.doubleCheckHeapPointersInterior" -> "runtime.throw";
          "runtime.doubleCheckHeapPointersInterior" -> "runtime.throw";
          "runtime.doubleCheckHeapType" -> "runtime.alignDown";
          "runtime.doubleCheckHeapType" -> "runtime.alignUp";
          "runtime.doubleCheckHeapType" -> "runtime.cheaprand";
          "runtime.doubleCheckHeapType" -> "runtime.cheaprand";
          "runtime.doubleCheckHeapType" -> "runtime.doubleCheckHeapPointers";
          "runtime.doubleCheckHeapType" -> "runtime.doubleCheckHeapPointersInterior";
          "runtime.dropg" -> "runtime.getg";
          "runtime.dropg" -> "runtime.setGNoWB";
          "runtime.dropg" -> "runtime.setMNoWB";
          "runtime.dumpgstatus" -> "runtime.getg";
          "runtime.dumpgstatus" -> "runtime.readgstatus";
          "runtime.dumpgstatus" -> "runtime.readgstatus";
          "runtime.dumpregs" -> "(*runtime.sigctxt).fault";
          "runtime.dumpregs" -> "(*runtime.sigctxt).lr";
          "runtime.dumpregs" -> "(*runtime.sigctxt).pc";
          "runtime.dumpregs" -> "(*runtime.sigctxt).r0";
          "runtime.dumpregs" -> "(*runtime.sigctxt).r1";
          "runtime.dumpregs" -> "(*runtime.sigctxt).r10";
          "runtime.dumpregs" -> "(*runtime.sigctxt).r11";
          "runtime.dumpregs" -> "(*runtime.sigctxt).r12";
          "runtime.dumpregs" -> "(*runtime.sigctxt).r13";
          "runtime.dumpregs" -> "(*runtime.sigctxt).r14";
          "runtime.dumpregs" -> "(*runtime.sigctxt).r15";
          "runtime.dumpregs" -> "(*runtime.sigctxt).r16";
          "runtime.dumpregs" -> "(*runtime.sigctxt).r17";
          "runtime.dumpregs" -> "(*runtime.sigctxt).r18";
          "runtime.dumpregs" -> "(*runtime.sigctxt).r19";
          "runtime.dumpregs" -> "(*runtime.sigctxt).r2";
          "runtime.dumpregs" -> "(*runtime.sigctxt).r20";
          "runtime.dumpregs" -> "(*runtime.sigctxt).r21";
          "runtime.dumpregs" -> "(*runtime.sigctxt).r22";
          "runtime.dumpregs" -> "(*runtime.sigctxt).r23";
          "runtime.dumpregs" -> "(*runtime.sigctxt).r24";
          "runtime.dumpregs" -> "(*runtime.sigctxt).r25";
          "runtime.dumpregs" -> "(*runtime.sigctxt).r26";
          "runtime.dumpregs" -> "(*runtime.sigctxt).r27";
          "runtime.dumpregs" -> "(*runtime.sigctxt).r28";
          "runtime.dumpregs" -> "(*runtime.sigctxt).r29";
          "runtime.dumpregs" -> "(*runtime.sigctxt).r3";
          "runtime.dumpregs" -> "(*runtime.sigctxt).r4";
          "runtime.dumpregs" -> "(*runtime.sigctxt).r5";
          "runtime.dumpregs" -> "(*runtime.sigctxt).r6";
          "runtime.dumpregs" -> "(*runtime.sigctxt).r7";
          "runtime.dumpregs" -> "(*runtime.sigctxt).r8";
          "runtime.dumpregs" -> "(*runtime.sigctxt).r9";
          "runtime.dumpregs" -> "(*runtime.sigctxt).sp";
          "runtime.endCheckmarks" -> "runtime.gcMarkWorkAvailable";
          "runtime.endCheckmarks" -> "runtime.throw";
          "runtime.entersyscall" -> "internal/runtime/sys.GetCallerPC";
          "runtime.entersyscall" -> "internal/runtime/sys.GetCallerSP";
          "runtime.entersyscall" -> "runtime.getcallerfp";
          "runtime.entersyscall" -> "runtime.reentersyscall";
          "runtime.entersyscall_gcwait" -> "(runtime.puintptr).ptr";
          "runtime.entersyscall_gcwait" -> "(runtime.traceLocker).ProcSteal";
          "runtime.entersyscall_gcwait" -> "(runtime.traceLocker).ok";
          "runtime.entersyscall_gcwait" -> "(runtime.traceLocker).ok";
          "runtime.entersyscall_gcwait" -> "internal/runtime/atomic.Cas";
          "runtime.entersyscall_gcwait" -> "runtime.getg";
          "runtime.entersyscall_gcwait" -> "runtime.lock";
          "runtime.entersyscall_gcwait" -> "runtime.nanotime";
          "runtime.entersyscall_gcwait" -> "runtime.notewakeup";
          "runtime.entersyscall_gcwait" -> "runtime.traceAcquire";
          "runtime.entersyscall_gcwait" -> "runtime.traceRelease";
          "runtime.entersyscall_gcwait" -> "runtime.traceRelease";
          "runtime.entersyscall_gcwait" -> "runtime.unlock";
          "runtime.entersyscall_sysmon" -> "(*internal/runtime/atomic.Bool).Load";
          "runtime.entersyscall_sysmon" -> "(*internal/runtime/atomic.Bool).Store";
          "runtime.entersyscall_sysmon" -> "runtime.lock";
          "runtime.entersyscall_sysmon" -> "runtime.notewakeup";
          "runtime.entersyscall_sysmon" -> "runtime.unlock";
          "runtime.envKeyEqual" -> "runtime.lowerASCII";
          "runtime.envKeyEqual" -> "runtime.lowerASCII";
          "runtime.execute" -> "(runtime.puintptr).ptr";
          "runtime.execute" -> "(runtime.traceLocker).GoStart";
          "runtime.execute" -> "(runtime.traceLocker).ok";
          "runtime.execute" -> "runtime.casgstatus";
          "runtime.execute" -> "runtime.getg";
          "runtime.execute" -> "runtime.gogo";
          "runtime.execute" -> "runtime.setThreadCPUProfiler";
          "runtime.execute" -> "runtime.traceAcquire";
          "runtime.execute" -> "runtime.traceRelease";
          "runtime.execute" -> "runtime.tryRecordGoroutineProfile";
          "runtime.exit" -> "internal/abi.FuncPCABI0";
          "runtime.exit" -> "runtime.libcCall";
          "runtime.exitsyscall" -> "(runtime.puintptr).ptr";
          "runtime.exitsyscall" -> "(runtime.puintptr).ptr";
          "runtime.exitsyscall" -> "(runtime.puintptr).ptr";
          "runtime.exitsyscall" -> "(runtime.puintptr).ptr";
          "runtime.exitsyscall" -> "(runtime.puintptr).ptr";
          "runtime.exitsyscall" -> "(runtime.traceLocker).ok";
          "runtime.exitsyscall" -> "(runtime.traceLocker).ok";
          "runtime.exitsyscall" -> "internal/runtime/sys.GetCallerSP";
          "runtime.exitsyscall" -> "runtime.Gosched";
          "runtime.exitsyscall" -> "runtime.casgstatus";
          "runtime.exitsyscall" -> "runtime.exitsyscallfast";
          "runtime.exitsyscall" -> "runtime.getg";
          "runtime.exitsyscall" -> "runtime.mcall";
          "runtime.exitsyscall" -> "runtime.schedEnabled";
          "runtime.exitsyscall" -> "runtime.systemstack";
          "runtime.exitsyscall" -> "runtime.systemstack";
          "runtime.exitsyscall" -> "runtime.throw";
          "runtime.exitsyscall" -> "runtime.traceAcquire";
          "runtime.exitsyscall" -> "runtime.traceRelease";
          "runtime.exitsyscall$1" -> "runtime.tryRecordGoroutineProfileWB";
          "runtime.exitsyscall$2" -> "(runtime.traceLocker).GoStart";
          "runtime.exitsyscall$2" -> "(runtime.traceLocker).GoSysExit";
          "runtime.exitsyscall0" -> "(*internal/runtime/atomic.Bool).Load";
          "runtime.exitsyscall0" -> "(*internal/runtime/atomic.Bool).Store";
          "runtime.exitsyscall0" -> "(runtime.traceLocker).GoSysExit";
          "runtime.exitsyscall0" -> "(runtime.traceLocker).ok";
          "runtime.exitsyscall0" -> "runtime.acquirep";
          "runtime.exitsyscall0" -> "runtime.casgstatus";
          "runtime.exitsyscall0" -> "runtime.dropg";
          "runtime.exitsyscall0" -> "runtime.execute";
          "runtime.exitsyscall0" -> "runtime.execute";
          "runtime.exitsyscall0" -> "runtime.globrunqput";
          "runtime.exitsyscall0" -> "runtime.lock";
          "runtime.exitsyscall0" -> "runtime.notewakeup";
          "runtime.exitsyscall0" -> "runtime.pidleget";
          "runtime.exitsyscall0" -> "runtime.schedEnabled";
          "runtime.exitsyscall0" -> "runtime.schedule";
          "runtime.exitsyscall0" -> "runtime.stoplockedm";
          "runtime.exitsyscall0" -> "runtime.stopm";
          "runtime.exitsyscall0" -> "runtime.traceAcquire";
          "runtime.exitsyscall0" -> "runtime.traceExitedSyscall";
          "runtime.exitsyscall0" -> "runtime.traceExitingSyscall";
          "runtime.exitsyscall0" -> "runtime.traceRelease";
          "runtime.exitsyscall0" -> "runtime.unlock";
          "runtime.exitsyscallfast" -> "(runtime.traceLocker).ok";
          "runtime.exitsyscallfast" -> "(runtime.traceLocker).ok";
          "runtime.exitsyscallfast" -> "internal/runtime/atomic.Cas";
          "runtime.exitsyscallfast" -> "runtime.exitsyscallfast_reacquired";
          "runtime.exitsyscallfast" -> "runtime.systemstack";
          "runtime.exitsyscallfast" -> "runtime.traceAcquire";
          "runtime.exitsyscallfast" -> "runtime.traceRelease";
          "runtime.exitsyscallfast" -> "runtime.traceRelease";
          "runtime.exitsyscallfast" -> "runtime.wirep";
          "runtime.exitsyscallfast$1" -> "runtime.exitsyscallfast_pidle";
          "runtime.exitsyscallfast_pidle" -> "(*internal/runtime/atomic.Bool).Load";
          "runtime.exitsyscallfast_pidle" -> "(*internal/runtime/atomic.Bool).Store";
          "runtime.exitsyscallfast_pidle" -> "runtime.acquirep";
          "runtime.exitsyscallfast_pidle" -> "runtime.lock";
          "runtime.exitsyscallfast_pidle" -> "runtime.notewakeup";
          "runtime.exitsyscallfast_pidle" -> "runtime.pidleget";
          "runtime.exitsyscallfast_pidle" -> "runtime.unlock";
          "runtime.exitsyscallfast_reacquired" -> "(runtime.puintptr).ptr";
          "runtime.exitsyscallfast_reacquired" -> "(runtime.puintptr).ptr";
          "runtime.exitsyscallfast_reacquired" -> "(runtime.traceLocker).ok";
          "runtime.exitsyscallfast_reacquired" -> "runtime.getg";
          "runtime.exitsyscallfast_reacquired" -> "runtime.systemstack";
          "runtime.exitsyscallfast_reacquired$1" -> "(runtime.puintptr).ptr";
          "runtime.exitsyscallfast_reacquired$1" -> "(runtime.traceLocker).ProcStart";
          "runtime.exitsyscallfast_reacquired$1" -> "(runtime.traceLocker).ProcSteal";
          "runtime.expandCgoFrames" -> "runtime.callCgoSymbolizer";
          "runtime.expandCgoFrames" -> "runtime.callCgoSymbolizer";
          "runtime.expandCgoFrames" -> "runtime.callCgoSymbolizer";
          "runtime.expandCgoFrames" -> "runtime.gostring";
          "runtime.expandCgoFrames" -> "runtime.gostring";
          "runtime.fastexprand" -> "runtime.cheaprandn";
          "runtime.fastexprand" -> "runtime.fastlog2";
          "runtime.fastlog2" -> "runtime.float64bits";
          "runtime.fatal" -> "runtime.fatalthrow";
          "runtime.fatal" -> "runtime.printlock";
          "runtime.fatal" -> "runtime.printunlock";
          "runtime.fatal" -> "runtime.systemstack";
          "runtime.fatal$1" -> "runtime.printindented";
          "runtime.fatalsignal" -> "(*runtime.sigctxt).fault";
          "runtime.fatalsignal" -> "(*runtime.sigctxt).sigcode";
          "runtime.fatalsignal" -> "(*runtime.sigctxt).sigpc";
          "runtime.fatalsignal" -> "(*runtime.sigctxt).sigpc";
          "runtime.fatalsignal" -> "runtime.exit";
          "runtime.fatalsignal" -> "runtime.isSecureMode";
          "runtime.fatalthrow" -> "internal/runtime/sys.GetCallerPC";
          "runtime.fatalthrow" -> "internal/runtime/sys.GetCallerSP";
          "runtime.fatalthrow" -> "runtime.getg";
          "runtime.fatalthrow" -> "runtime.systemstack";
          "runtime.fatalthrow$1" -> "runtime.crash";
          "runtime.fatalthrow$1" -> "runtime.dopanic_m";
          "runtime.fatalthrow$1" -> "runtime.exit";
          "runtime.fatalthrow$1" -> "runtime.exit";
          "runtime.fatalthrow$1" -> "runtime.isSecureMode";
          "runtime.fatalthrow$1" -> "runtime.startpanic_m";
          "runtime.fcntl" -> "internal/abi.FuncPCABI0";
          "runtime.fcntl" -> "runtime.libcCall";
          "runtime.fillAligned" -> "runtime.fillAligned$1";
          "runtime.fillAligned" -> "runtime.fillAligned$1";
          "runtime.fillAligned" -> "runtime.fillAligned$1";
          "runtime.fillAligned" -> "runtime.fillAligned$1";
          "runtime.fillAligned" -> "runtime.fillAligned$1";
          "runtime.fillAligned" -> "runtime.fillAligned$1";
          "runtime.fillAligned" -> "runtime.throw";
          "runtime.finalizercommit" -> "(*internal/runtime/atomic.Uint32).Or";
          "runtime.finalizercommit" -> "runtime.unlock";
          "runtime.findBitRange64" -> "internal/runtime/sys.TrailingZeros64";
          "runtime.findObject" -> "(*runtime.mSpanStateBox).get";
          "runtime.findObject" -> "(*runtime.mspan).base";
          "runtime.findObject" -> "(*runtime.mspan).base";
          "runtime.findObject" -> "(*runtime.mspan).objIndex";
          "runtime.findObject" -> "runtime.badPointer";
          "runtime.findObject" -> "runtime.badPointer";
          "runtime.findObject" -> "runtime.spanOf";
          "runtime.findRunnable" -> "(*internal/runtime/atomic.Bool).Load";
          "runtime.findRunnable" -> "(*internal/runtime/atomic.Bool).Load";
          "runtime.findRunnable" -> "(*internal/runtime/atomic.Int32).Add";
          "runtime.findRunnable" -> "(*internal/runtime/atomic.Int32).Load";
          "runtime.findRunnable" -> "(*internal/runtime/atomic.Int32).Load";
          "runtime.findRunnable" -> "(*internal/runtime/atomic.Int64).Load";
          "runtime.findRunnable" -> "(*internal/runtime/atomic.Int64).Load";
          "runtime.findRunnable" -> "(*internal/runtime/atomic.Int64).Store";
          "runtime.findRunnable" -> "(*internal/runtime/atomic.Int64).Store";
          "runtime.findRunnable" -> "(*internal/runtime/atomic.Int64).Store";
          "runtime.findRunnable" -> "(*internal/runtime/atomic.Int64).Swap";
          "runtime.findRunnable" -> "(*internal/runtime/atomic.Uint32).Load";
          "runtime.findRunnable" -> "(*internal/runtime/atomic.Uint32).Load";
          "runtime.findRunnable" -> "(*runtime.gList).empty";
          "runtime.findRunnable" -> "(*runtime.gList).empty";
          "runtime.findRunnable" -> "(*runtime.gList).empty";
          "runtime.findRunnable" -> "(*runtime.gList).pop";
          "runtime.findRunnable" -> "(*runtime.gList).pop";
          "runtime.findRunnable" -> "(*runtime.gcControllerState).addIdleMarkWorker";
          "runtime.findRunnable" -> "(*runtime.gcControllerState).findRunnableGCWorker";
          "runtime.findRunnable" -> "(*runtime.gcControllerState).removeIdleMarkWorker";
          "runtime.findRunnable" -> "(*runtime.lfstack).pop";
          "runtime.findRunnable" -> "(*runtime.m).becomeSpinning";
          "runtime.findRunnable" -> "(*runtime.m).becomeSpinning";
          "runtime.findRunnable" -> "(*runtime.m).becomeSpinning";
          "runtime.findRunnable" -> "(*runtime.m).becomeSpinning";
          "runtime.findRunnable" -> "(*runtime.m).becomeSpinning";
          "runtime.findRunnable" -> "(*runtime.m).becomeSpinning";
          "runtime.findRunnable" -> "(*runtime.m).clearAllpSnapshot";
          "runtime.findRunnable" -> "(*runtime.m).snapshotAllp";
          "runtime.findRunnable" -> "(*runtime.timers).check";
          "runtime.findRunnable" -> "(runtime.guintptr).ptr";
          "runtime.findRunnable" -> "(runtime.puintptr).ptr";
          "runtime.findRunnable" -> "(runtime.traceLocker).GoUnpark";
          "runtime.findRunnable" -> "(runtime.traceLocker).GoUnpark";
          "runtime.findRunnable" -> "(runtime.traceLocker).GoUnpark";
          "runtime.findRunnable" -> "(runtime.traceLocker).GoUnpark";
          "runtime.findRunnable" -> "(runtime.traceLocker).GoUnpark";
          "runtime.findRunnable" -> "(runtime.traceLocker).GoUnpark";
          "runtime.findRunnable" -> "(runtime.traceLocker).ok";
          "runtime.findRunnable" -> "(runtime.traceLocker).ok";
          "runtime.findRunnable" -> "(runtime.traceLocker).ok";
          "runtime.findRunnable" -> "(runtime.traceLocker).ok";
          "runtime.findRunnable" -> "(runtime.traceLocker).ok";
          "runtime.findRunnable" -> "(runtime.traceLocker).ok";
          "runtime.findRunnable" -> "runtime.acquirep";
          "runtime.findRunnable" -> "runtime.acquirep";
          "runtime.findRunnable" -> "runtime.acquirep";
          "runtime.findRunnable" -> "runtime.acquirep";
          "runtime.findRunnable" -> "runtime.asmcgocall";
          "runtime.findRunnable" -> "runtime.beforeIdle";
          "runtime.findRunnable" -> "runtime.casgstatus";
          "runtime.findRunnable" -> "runtime.casgstatus";
          "runtime.findRunnable" -> "runtime.casgstatus";
          "runtime.findRunnable" -> "runtime.casgstatus";
          "runtime.findRunnable" -> "runtime.casgstatus";
          "runtime.findRunnable" -> "runtime.casgstatus";
          "runtime.findRunnable" -> "runtime.checkIdleGCNoP";
          "runtime.findRunnable" -> "runtime.checkRunqsNoP";
          "runtime.findRunnable" -> "runtime.checkTimersNoP";
          "runtime.findRunnable" -> "runtime.gcMarkWorkAvailable";
          "runtime.findRunnable" -> "runtime.gcstopm";
          "runtime.findRunnable" -> "runtime.getg";
          "runtime.findRunnable" -> "runtime.globrunqget";
          "runtime.findRunnable" -> "runtime.globrunqget";
          "runtime.findRunnable" -> "runtime.globrunqget";
          "runtime.findRunnable" -> "runtime.globrunqget";
          "runtime.findRunnable" -> "runtime.injectglist";
          "runtime.findRunnable" -> "runtime.injectglist";
          "runtime.findRunnable" -> "runtime.injectglist";
          "runtime.findRunnable" -> "runtime.lock";
          "runtime.findRunnable" -> "runtime.lock";
          "runtime.findRunnable" -> "runtime.lock";
          "runtime.findRunnable" -> "runtime.lock";
          "runtime.findRunnable" -> "runtime.lock";
          "runtime.findRunnable" -> "runtime.nanotime";
          "runtime.findRunnable" -> "runtime.nanotime";
          "runtime.findRunnable" -> "runtime.netpoll";
          "runtime.findRunnable" -> "runtime.netpoll";
          "runtime.findRunnable" -> "runtime.netpollAdjustWaiters";
          "runtime.findRunnable" -> "runtime.netpollAdjustWaiters";
          "runtime.findRunnable" -> "runtime.netpollAdjustWaiters";
          "runtime.findRunnable" -> "runtime.netpollAnyWaiters";
          "runtime.findRunnable" -> "runtime.netpollAnyWaiters";
          "runtime.findRunnable" -> "runtime.netpollBreak";
          "runtime.findRunnable" -> "runtime.netpollinited";
          "runtime.findRunnable" -> "runtime.netpollinited";
          "runtime.findRunnable" -> "runtime.netpollinited";
          "runtime.findRunnable" -> "runtime.pidleget";
          "runtime.findRunnable" -> "runtime.pidlegetSpinning";
          "runtime.findRunnable" -> "runtime.pidleput";
          "runtime.findRunnable" -> "runtime.ready";
          "runtime.findRunnable" -> "runtime.releasep";
          "runtime.findRunnable" -> "runtime.runSafePointFn";
          "runtime.findRunnable" -> "runtime.runqget";
          "runtime.findRunnable" -> "runtime.stealWork";
          "runtime.findRunnable" -> "runtime.stopm";
          "runtime.findRunnable" -> "runtime.stopm";
          "runtime.findRunnable" -> "runtime.throw";
          "runtime.findRunnable" -> "runtime.throw";
          "runtime.findRunnable" -> "runtime.throw";
          "runtime.findRunnable" -> "runtime.throw";
          "runtime.findRunnable" -> "runtime.throw";
          "runtime.findRunnable" -> "runtime.traceAcquire";
          "runtime.findRunnable" -> "runtime.traceAcquire";
          "runtime.findRunnable" -> "runtime.traceAcquire";
          "runtime.findRunnable" -> "runtime.traceAcquire";
          "runtime.findRunnable" -> "runtime.traceAcquire";
          "runtime.findRunnable" -> "runtime.traceAcquire";
          "runtime.findRunnable" -> "runtime.traceEnabled";
          "runtime.findRunnable" -> "runtime.traceReader";
          "runtime.findRunnable" -> "runtime.traceRelease";
          "runtime.findRunnable" -> "runtime.traceRelease";
          "runtime.findRunnable" -> "runtime.traceRelease";
          "runtime.findRunnable" -> "runtime.traceRelease";
          "runtime.findRunnable" -> "runtime.traceRelease";
          "runtime.findRunnable" -> "runtime.traceRelease";
          "runtime.findRunnable" -> "runtime.traceShuttingDown";
          "runtime.findRunnable" -> "runtime.unlock";
          "runtime.findRunnable" -> "runtime.unlock";
          "runtime.findRunnable" -> "runtime.unlock";
          "runtime.findRunnable" -> "runtime.unlock";
          "runtime.findRunnable" -> "runtime.unlock";
          "runtime.findRunnable" -> "runtime.unlock";
          "runtime.findRunnable" -> "runtime.unlock";
          "runtime.findRunnable" -> "runtime.unlock";
          "runtime.findRunnable" -> "runtime.unlock";
          "runtime.findRunnable" -> "runtime.wakefing";
          "runtime.findfunc" -> "(*runtime.moduledata).textOff";
          "runtime.findfunc" -> "runtime.add";
          "runtime.findfunc" -> "runtime.findmoduledatap";
          "runtime.findnull" -> "internal/bytealg.IndexByteString";
          "runtime.finishsweep_m" -> "(*runtime.activeSweep).sweepers";
          "runtime.finishsweep_m" -> "(*runtime.mcentral).fullUnswept";
          "runtime.finishsweep_m" -> "(*runtime.mcentral).partialUnswept";
          "runtime.finishsweep_m" -> "(*runtime.scavengerState).wake";
          "runtime.finishsweep_m" -> "(*runtime.spanSet).reset";
          "runtime.finishsweep_m" -> "(*runtime.spanSet).reset";
          "runtime.finishsweep_m" -> "runtime.assertWorldStopped";
          "runtime.finishsweep_m" -> "runtime.nextMarkBitArenaEpoch";
          "runtime.finishsweep_m" -> "runtime.sweepone";
          "runtime.finishsweep_m" -> "runtime.throw";
          "runtime.fmtNSAsMS" -> "runtime.itoaDiv";
          "runtime.fmtNSAsMS" -> "runtime.itoaDiv";
          "runtime.forEachG" -> "runtime.checkdead$1";
          "runtime.forEachG" -> "runtime.exitsyscall0";
          "runtime.forEachG" -> "runtime.gcMarkRootCheck$1";
          "runtime.forEachG" -> "runtime.gcResetMarkState$1";
          "runtime.forEachG" -> "runtime.gosched_m";
          "runtime.forEachG" -> "runtime.goschedguarded_m";
          "runtime.forEachG" -> "runtime.goyield_m";
          "runtime.forEachG" -> "runtime.lock";
          "runtime.forEachG" -> "runtime.park_m";
          "runtime.forEachG" -> "runtime.schedtrace$1";
          "runtime.forEachG" -> "runtime.tracebackothers$1";
          "runtime.forEachG" -> "runtime.unlock";
          "runtime.forEachGRace" -> "runtime.atomicAllG";
          "runtime.forEachGRace" -> "runtime.atomicAllGIndex";
          "runtime.forEachGRace" -> "runtime.checkdead$1";
          "runtime.forEachGRace" -> "runtime.exitsyscall0";
          "runtime.forEachGRace" -> "runtime.gcMarkRootCheck$1";
          "runtime.forEachGRace" -> "runtime.gcResetMarkState$1";
          "runtime.forEachGRace" -> "runtime.gosched_m";
          "runtime.forEachGRace" -> "runtime.goschedguarded_m";
          "runtime.forEachGRace" -> "runtime.goyield_m";
          "runtime.forEachGRace" -> "runtime.park_m";
          "runtime.forEachGRace" -> "runtime.schedtrace$1";
          "runtime.forEachGRace" -> "runtime.tracebackothers$1";
          "runtime.forEachP" -> "runtime.systemstack";
          "runtime.forEachP$1" -> "runtime.casGToWaitingForSuspendG";
          "runtime.forEachP$1" -> "runtime.casgstatus";
          "runtime.forEachP$1" -> "runtime.forEachPInternal";
          "runtime.forEachP$1" -> "runtime.getg";
          "runtime.forEachPInternal" -> "(runtime.puintptr).ptr";
          "runtime.forEachPInternal" -> "(runtime.puintptr).ptr";
          "runtime.forEachPInternal" -> "(runtime.puintptr).ptr";
          "runtime.forEachPInternal" -> "(runtime.traceLocker).ProcSteal";
          "runtime.forEachPInternal" -> "(runtime.traceLocker).ok";
          "runtime.forEachPInternal" -> "(runtime.traceLocker).ok";
          "runtime.forEachPInternal" -> "internal/runtime/atomic.Cas";
          "runtime.forEachPInternal" -> "internal/runtime/atomic.Cas";
          "runtime.forEachPInternal" -> "internal/runtime/atomic.Store";
          "runtime.forEachPInternal" -> "runtime.acquirem";
          "runtime.forEachPInternal" -> "runtime.gcMarkDone$1";
          "runtime.forEachPInternal" -> "runtime.gcMarkDone$1";
          "runtime.forEachPInternal" -> "runtime.gcMarkTermination$4";
          "runtime.forEachPInternal" -> "runtime.gcMarkTermination$4";
          "runtime.forEachPInternal" -> "runtime.getg";
          "runtime.forEachPInternal" -> "runtime.handoffp";
          "runtime.forEachPInternal" -> "runtime.lock";
          "runtime.forEachPInternal" -> "runtime.lock";
          "runtime.forEachPInternal" -> "runtime.noteclear";
          "runtime.forEachPInternal" -> "runtime.notetsleep";
          "runtime.forEachPInternal" -> "runtime.preemptall";
          "runtime.forEachPInternal" -> "runtime.preemptall";
          "runtime.forEachPInternal" -> "runtime.releasem";
          "runtime.forEachPInternal" -> "runtime.throw";
          "runtime.forEachPInternal" -> "runtime.throw";
          "runtime.forEachPInternal" -> "runtime.throw";
          "runtime.forEachPInternal" -> "runtime.traceAcquire";
          "runtime.forEachPInternal" -> "runtime.traceRelease";
          "runtime.forEachPInternal" -> "runtime.traceRelease";
          "runtime.forEachPInternal" -> "runtime.unlock";
          "runtime.forEachPInternal" -> "runtime.unlock";
          "runtime.fpTracebackPartialExpand" -> "(*runtime.inlineUnwinder).next";
          "runtime.fpTracebackPartialExpand" -> "(*runtime.inlineUnwinder).srcFunc";
          "runtime.fpTracebackPartialExpand" -> "(runtime.inlineFrame).valid";
          "runtime.fpTracebackPartialExpand" -> "runtime.elideWrapperCalling";
          "runtime.fpTracebackPartialExpand" -> "runtime.findfunc";
          "runtime.fpTracebackPartialExpand" -> "runtime.fpTracebackPartialExpand$1";
          "runtime.fpTracebackPartialExpand" -> "runtime.newInlineUnwinder";
          "runtime.freeSomeWbufs" -> "(*runtime.mSpanList).isEmpty";
          "runtime.freeSomeWbufs" -> "(*runtime.mSpanList).isEmpty";
          "runtime.freeSomeWbufs" -> "runtime.lock";
          "runtime.freeSomeWbufs" -> "runtime.systemstack";
          "runtime.freeSomeWbufs" -> "runtime.unlock";
          "runtime.freeSomeWbufs" -> "runtime.unlock";
          "runtime.freeSomeWbufs$1" -> "(*runtime.mSpanList).remove";
          "runtime.freeSomeWbufs$1" -> "(*runtime.mheap).freeManual";
          "runtime.freeSomeWbufs$1" -> "runtime.getg";
          "runtime.freeSpecial" -> "(*internal/runtime/atomic.Uintptr).Store";
          "runtime.freeSpecial" -> "(*runtime.fixalloc).free";
          "runtime.freeSpecial" -> "(*runtime.fixalloc).free";
          "runtime.freeSpecial" -> "(*runtime.fixalloc).free";
          "runtime.freeSpecial" -> "(*runtime.fixalloc).free";
          "runtime.freeSpecial" -> "(*runtime.fixalloc).free";
          "runtime.freeSpecial" -> "runtime.lock";
          "runtime.freeSpecial" -> "runtime.lock";
          "runtime.freeSpecial" -> "runtime.lock";
          "runtime.freeSpecial" -> "runtime.lock";
          "runtime.freeSpecial" -> "runtime.lock";
          "runtime.freeSpecial" -> "runtime.mProf_Free";
          "runtime.freeSpecial" -> "runtime.queuefinalizer";
          "runtime.freeSpecial" -> "runtime.queuefinalizer";
          "runtime.freeSpecial" -> "runtime.throw";
          "runtime.freeSpecial" -> "runtime.unlock";
          "runtime.freeSpecial" -> "runtime.unlock";
          "runtime.freeSpecial" -> "runtime.unlock";
          "runtime.freeSpecial" -> "runtime.unlock";
          "runtime.freeSpecial" -> "runtime.unlock";
          "runtime.freeStackSpans" -> "(*runtime.mSpanList).remove";
          "runtime.freeStackSpans" -> "(*runtime.mSpanList).remove";
          "runtime.freeStackSpans" -> "(*runtime.mheap).freeManual";
          "runtime.freeStackSpans" -> "(*runtime.mheap).freeManual";
          "runtime.freeStackSpans" -> "runtime.lock";
          "runtime.freeStackSpans" -> "runtime.lock";
          "runtime.freeStackSpans" -> "runtime.osStackFree";
          "runtime.freeStackSpans" -> "runtime.osStackFree";
          "runtime.freeStackSpans" -> "runtime.unlock";
          "runtime.freeStackSpans" -> "runtime.unlock";
          "runtime.freemcache" -> "runtime.systemstack";
          "runtime.freemcache$1" -> "(*runtime.fixalloc).free";
          "runtime.freemcache$1" -> "(*runtime.mcache).releaseAll";
          "runtime.freemcache$1" -> "runtime.lock";
          "runtime.freemcache$1" -> "runtime.stackcache_clear";
          "runtime.freemcache$1" -> "runtime.unlock";
          "runtime.freezetheworld" -> "(*internal/runtime/atomic.Bool).Store";
          "runtime.freezetheworld" -> "(*internal/runtime/atomic.Bool).Store";
          "runtime.freezetheworld" -> "runtime.preemptall";
          "runtime.freezetheworld" -> "runtime.preemptall";
          "runtime.freezetheworld" -> "runtime.usleep";
          "runtime.freezetheworld" -> "runtime.usleep";
          "runtime.freezetheworld" -> "runtime.usleep";
          "runtime.freezetheworld" -> "runtime.usleep";
          "runtime.funcNameForPrint" -> "runtime.funcNamePiecesForPrint";
          "runtime.funcNamePiecesForPrint" -> "internal/bytealg.IndexByteString";
          "runtime.funcfile" -> "(runtime.funcInfo).valid";
          "runtime.funcfile" -> "runtime.gostringnocopy";
          "runtime.funcline" -> "runtime.funcline1";
          "runtime.funcline1" -> "(runtime.funcInfo).valid";
          "runtime.funcline1" -> "runtime.funcfile";
          "runtime.funcline1" -> "runtime.pcvalue";
          "runtime.funcline1" -> "runtime.pcvalue";
          "runtime.funcname" -> "(*runtime.moduledata).funcName";
          "runtime.funcname" -> "(runtime.funcInfo).valid";
          "runtime.funcspdelta" -> "(runtime.funcInfo).entry";
          "runtime.funcspdelta" -> "runtime.funcname";
          "runtime.funcspdelta" -> "runtime.pcvalue";
          "runtime.funcspdelta" -> "runtime.throw";
          "runtime.gcAssistAlloc" -> "(*internal/runtime/atomic.Float64).Load";
          "runtime.gcAssistAlloc" -> "(*internal/runtime/atomic.Float64).Load";
          "runtime.gcAssistAlloc" -> "(*internal/runtime/atomic.Int64).Add";
          "runtime.gcAssistAlloc" -> "(*internal/runtime/atomic.Int64).Load";
          "runtime.gcAssistAlloc" -> "(*runtime.gcCPULimiterState).limiting";
          "runtime.gcAssistAlloc" -> "(runtime.traceLocker).GCMarkAssistDone";
          "runtime.gcAssistAlloc" -> "(runtime.traceLocker).GCMarkAssistDone";
          "runtime.gcAssistAlloc" -> "(runtime.traceLocker).GCMarkAssistDone";
          "runtime.gcAssistAlloc" -> "(runtime.traceLocker).GCMarkAssistStart";
          "runtime.gcAssistAlloc" -> "(runtime.traceLocker).ok";
          "runtime.gcAssistAlloc" -> "(runtime.traceLocker).ok";
          "runtime.gcAssistAlloc" -> "(runtime.traceLocker).ok";
          "runtime.gcAssistAlloc" -> "(runtime.traceLocker).ok";
          "runtime.gcAssistAlloc" -> "runtime.Gosched";
          "runtime.gcAssistAlloc" -> "runtime.gcAssistAlloc$1";
          "runtime.gcAssistAlloc" -> "runtime.gcMarkDone";
          "runtime.gcAssistAlloc" -> "runtime.gcParkAssist";
          "runtime.gcAssistAlloc" -> "runtime.getg";
          "runtime.gcAssistAlloc" -> "runtime.getg";
          "runtime.gcAssistAlloc" -> "runtime.getg";
          "runtime.gcAssistAlloc" -> "runtime.systemstack";
          "runtime.gcAssistAlloc" -> "runtime.traceAcquire";
          "runtime.gcAssistAlloc" -> "runtime.traceAcquire";
          "runtime.gcAssistAlloc" -> "runtime.traceAcquire";
          "runtime.gcAssistAlloc" -> "runtime.traceAcquire";
          "runtime.gcAssistAlloc" -> "runtime.traceRelease";
          "runtime.gcAssistAlloc" -> "runtime.traceRelease";
          "runtime.gcAssistAlloc" -> "runtime.traceRelease";
          "runtime.gcAssistAlloc" -> "runtime.traceRelease";
          "runtime.gcAssistAlloc$2" -> "runtime.gcAssistAlloc1";
          "runtime.gcAssistAlloc1" -> "(*internal/runtime/atomic.Float64).Load";
          "runtime.gcAssistAlloc1" -> "(*internal/runtime/atomic.Int64).Add";
          "runtime.gcAssistAlloc1" -> "(*runtime.gcCPULimiterState).update";
          "runtime.gcAssistAlloc1" -> "(*runtime.limiterEvent).start";
          "runtime.gcAssistAlloc1" -> "(*runtime.limiterEvent).stop";
          "runtime.gcAssistAlloc1" -> "(runtime.puintptr).ptr";
          "runtime.gcAssistAlloc1" -> "(runtime.puintptr).ptr";
          "runtime.gcAssistAlloc1" -> "(runtime.puintptr).ptr";
          "runtime.gcAssistAlloc1" -> "internal/runtime/atomic.Load";
          "runtime.gcAssistAlloc1" -> "internal/runtime/atomic.Xadd";
          "runtime.gcAssistAlloc1" -> "internal/runtime/atomic.Xadd";
          "runtime.gcAssistAlloc1" -> "runtime.casGToWaitingForSuspendG";
          "runtime.gcAssistAlloc1" -> "runtime.casgstatus";
          "runtime.gcAssistAlloc1" -> "runtime.gcDrainN";
          "runtime.gcAssistAlloc1" -> "runtime.gcMarkWorkAvailable";
          "runtime.gcAssistAlloc1" -> "runtime.getg";
          "runtime.gcAssistAlloc1" -> "runtime.nanotime";
          "runtime.gcAssistAlloc1" -> "runtime.nanotime";
          "runtime.gcAssistAlloc1" -> "runtime.throw";
          "runtime.gcAssistAlloc1" -> "runtime.throw";
          "runtime.gcBgMarkStartWorkers" -> "runtime.acquirem";
          "runtime.gcBgMarkStartWorkers" -> "runtime.acquirem";
          "runtime.gcBgMarkStartWorkers" -> "runtime.gcBgMarkWorker";
          "runtime.gcBgMarkStartWorkers" -> "runtime.releasem";
          "runtime.gcBgMarkStartWorkers" -> "runtime.releasem";
          "runtime.gcBgMarkWorker" -> "(*runtime.gcControllerState).markWorkerStop";
          "runtime.gcBgMarkWorker" -> "(*runtime.guintptr).set";
          "runtime.gcBgMarkWorker" -> "(*runtime.limiterEvent).start";
          "runtime.gcBgMarkWorker" -> "(*runtime.limiterEvent).stop";
          "runtime.gcBgMarkWorker" -> "(*runtime.muintptr).set";
          "runtime.gcBgMarkWorker" -> "(*runtime.muintptr).set";
          "runtime.gcBgMarkWorker" -> "(*runtime.muintptr).set";
          "runtime.gcBgMarkWorker" -> "(runtime.muintptr).ptr";
          "runtime.gcBgMarkWorker" -> "(runtime.puintptr).ptr";
          "runtime.gcBgMarkWorker" -> "internal/runtime/atomic.Xadd";
          "runtime.gcBgMarkWorker" -> "internal/runtime/atomic.Xadd";
          "runtime.gcBgMarkWorker" -> "internal/runtime/atomic.Xaddint64";
          "runtime.gcBgMarkWorker" -> "runtime.acquirem";
          "runtime.gcBgMarkWorker" -> "runtime.acquirem";
          "runtime.gcBgMarkWorker" -> "runtime.gcMarkDone";
          "runtime.gcBgMarkWorker" -> "runtime.gcMarkWorkAvailable";
          "runtime.gcBgMarkWorker" -> "runtime.getg";
          "runtime.gcBgMarkWorker" -> "runtime.gopark";
          "runtime.gcBgMarkWorker" -> "runtime.nanotime";
          "runtime.gcBgMarkWorker" -> "runtime.nanotime";
          "runtime.gcBgMarkWorker" -> "runtime.releasem";
          "runtime.gcBgMarkWorker" -> "runtime.systemstack";
          "runtime.gcBgMarkWorker" -> "runtime.throw";
          "runtime.gcBgMarkWorker" -> "runtime.throw";
          "runtime.gcBgMarkWorker" -> "runtime.throw";
          "runtime.gcBgMarkWorker" -> "runtime.throw";
          "runtime.gcBgMarkWorker$1" -> "(*runtime.lfstack).push";
          "runtime.gcBgMarkWorker$1" -> "(runtime.muintptr).ptr";
          "runtime.gcBgMarkWorker$1" -> "runtime.releasem";
          "runtime.gcBgMarkWorker$2" -> "runtime.casGToWaitingForSuspendG";
          "runtime.gcBgMarkWorker$2" -> "runtime.casgstatus";
          "runtime.gcBgMarkWorker$2" -> "runtime.gcDrainMarkWorkerDedicated";
          "runtime.gcBgMarkWorker$2" -> "runtime.gcDrainMarkWorkerDedicated";
          "runtime.gcBgMarkWorker$2" -> "runtime.gcDrainMarkWorkerFractional";
          "runtime.gcBgMarkWorker$2" -> "runtime.gcDrainMarkWorkerIdle";
          "runtime.gcBgMarkWorker$2" -> "runtime.globrunqputbatch";
          "runtime.gcBgMarkWorker$2" -> "runtime.lock";
          "runtime.gcBgMarkWorker$2" -> "runtime.runqdrain";
          "runtime.gcBgMarkWorker$2" -> "runtime.throw";
          "runtime.gcBgMarkWorker$2" -> "runtime.unlock";
          "runtime.gcComputeStartingStackSize" -> "runtime.round2";
          "runtime.gcControllerCommit" -> "(*internal/runtime/atomic.Int64).Load";
          "runtime.gcControllerCommit" -> "(*runtime.gcControllerState).commit";
          "runtime.gcControllerCommit" -> "(*runtime.gcControllerState).revise";
          "runtime.gcControllerCommit" -> "(*runtime.gcControllerState).trigger";
          "runtime.gcControllerCommit" -> "(runtime.traceLocker).HeapGoal";
          "runtime.gcControllerCommit" -> "(runtime.traceLocker).ok";
          "runtime.gcControllerCommit" -> "runtime.assertWorldStoppedOrLockHeld";
          "runtime.gcControllerCommit" -> "runtime.gcPaceScavenger";
          "runtime.gcControllerCommit" -> "runtime.gcPaceSweeper";
          "runtime.gcControllerCommit" -> "runtime.isSweepDone";
          "runtime.gcControllerCommit" -> "runtime.traceAcquire";
          "runtime.gcControllerCommit" -> "runtime.traceRelease";
          "runtime.gcDrain" -> "(*internal/runtime/atomic.Bool).Load";
          "runtime.gcDrain" -> "(*internal/runtime/atomic.Bool).Load";
          "runtime.gcDrain" -> "(*internal/runtime/atomic.Int64).Add";
          "runtime.gcDrain" -> "(*internal/runtime/atomic.Int64).Add";
          "runtime.gcDrain" -> "(*runtime.gcWork).balance";
          "runtime.gcDrain" -> "(*runtime.gcWork).tryGet";
          "runtime.gcDrain" -> "(*runtime.gcWork).tryGet";
          "runtime.gcDrain" -> "(*runtime.gcWork).tryGetFast";
          "runtime.gcDrain" -> "(*runtime.mheap).allocSpan$1";
          "runtime.gcDrain" -> "(*runtime.mheap).allocSpan$1";
          "runtime.gcDrain" -> "(runtime.puintptr).ptr";
          "runtime.gcDrain" -> "internal/runtime/atomic.Xadd";
          "runtime.gcDrain" -> "runtime.gcFlushBgCredit";
          "runtime.gcDrain" -> "runtime.gcFlushBgCredit";
          "runtime.gcDrain" -> "runtime.getg";
          "runtime.gcDrain" -> "runtime.markroot";
          "runtime.gcDrain" -> "runtime.pollFractionalWorkerExit";
          "runtime.gcDrain" -> "runtime.pollFractionalWorkerExit";
          "runtime.gcDrain" -> "runtime.pollWork";
          "runtime.gcDrain" -> "runtime.pollWork";
          "runtime.gcDrain" -> "runtime.scanobject";
          "runtime.gcDrain" -> "runtime.throw";
          "runtime.gcDrain" -> "runtime.wbBufFlush";
          "runtime.gcDrainMarkWorkerDedicated" -> "runtime.gcDrain";
          "runtime.gcDrainMarkWorkerFractional" -> "runtime.gcDrain";
          "runtime.gcDrainMarkWorkerIdle" -> "runtime.gcDrain";
          "runtime.gcDrainN" -> "(*internal/runtime/atomic.Int64).Add";
          "runtime.gcDrainN" -> "(*runtime.gcCPULimiterState).limiting";
          "runtime.gcDrainN" -> "(*runtime.gcWork).balance";
          "runtime.gcDrainN" -> "(*runtime.gcWork).tryGet";
          "runtime.gcDrainN" -> "(*runtime.gcWork).tryGet";
          "runtime.gcDrainN" -> "(*runtime.gcWork).tryGetFast";
          "runtime.gcDrainN" -> "internal/runtime/atomic.Xadd";
          "runtime.gcDrainN" -> "runtime.getg";
          "runtime.gcDrainN" -> "runtime.markroot";
          "runtime.gcDrainN" -> "runtime.scanobject";
          "runtime.gcDrainN" -> "runtime.throw";
          "runtime.gcDrainN" -> "runtime.wbBufFlush";
          "runtime.gcDumpObject" -> "(*runtime.mSpanStateBox).get";
          "runtime.gcDumpObject" -> "(*runtime.mSpanStateBox).get";
          "runtime.gcDumpObject" -> "(*runtime.mspan).base";
          "runtime.gcDumpObject" -> "runtime.spanOf";
          "runtime.gcFlushBgCredit" -> "(*internal/runtime/atomic.Float64).Load";
          "runtime.gcFlushBgCredit" -> "(*internal/runtime/atomic.Float64).Load";
          "runtime.gcFlushBgCredit" -> "(*internal/runtime/atomic.Int64).Add";
          "runtime.gcFlushBgCredit" -> "(*internal/runtime/atomic.Int64).Add";
          "runtime.gcFlushBgCredit" -> "(*runtime.gQueue).empty";
          "runtime.gcFlushBgCredit" -> "(*runtime.gQueue).empty";
          "runtime.gcFlushBgCredit" -> "(*runtime.gQueue).pop";
          "runtime.gcFlushBgCredit" -> "(*runtime.gQueue).pushBack";
          "runtime.gcFlushBgCredit" -> "runtime.lock";
          "runtime.gcFlushBgCredit" -> "runtime.ready";
          "runtime.gcFlushBgCredit" -> "runtime.unlock";
          "runtime.gcMark" -> "(*runtime.gcControllerState).resetLive";
          "runtime.gcMark" -> "(*runtime.gcWork).dispose";
          "runtime.gcMark" -> "(*runtime.gcWork).empty";
          "runtime.gcMark" -> "(*runtime.wbBuf).reset";
          "runtime.gcMark" -> "runtime.gcMarkRootCheck";
          "runtime.gcMark" -> "runtime.printlock";
          "runtime.gcMark" -> "runtime.throw";
          "runtime.gcMark" -> "runtime.throw";
          "runtime.gcMark" -> "runtime.wbBufFlush1";
          "runtime.gcMarkDone" -> "(*internal/runtime/atomic.Bool).Load";
          "runtime.gcMarkDone" -> "(*runtime.cpuStats).accumulateGCPauseTime";
          "runtime.gcMarkDone" -> "(*runtime.gcCPULimiterState).startGCTransition";
          "runtime.gcMarkDone" -> "(*runtime.gcControllerState).endCycle";
          "runtime.gcMarkDone" -> "internal/runtime/atomic.Store";
          "runtime.gcMarkDone" -> "runtime.forEachP";
          "runtime.gcMarkDone" -> "runtime.gcComputeStartingStackSize";
          "runtime.gcMarkDone" -> "runtime.gcMarkTermination";
          "runtime.gcMarkDone" -> "runtime.gcMarkWorkAvailable";
          "runtime.gcMarkDone" -> "runtime.gcWakeAllAssists";
          "runtime.gcMarkDone" -> "runtime.gcWakeAllStrongFromWeak";
          "runtime.gcMarkDone" -> "runtime.getg";
          "runtime.gcMarkDone" -> "runtime.getg";
          "runtime.gcMarkDone" -> "runtime.nanotime";
          "runtime.gcMarkDone" -> "runtime.schedEnableUser";
          "runtime.gcMarkDone" -> "runtime.semacquire";
          "runtime.gcMarkDone" -> "runtime.semacquire";
          "runtime.gcMarkDone" -> "runtime.semrelease";
          "runtime.gcMarkDone" -> "runtime.semrelease";
          "runtime.gcMarkDone" -> "runtime.semrelease";
          "runtime.gcMarkDone" -> "runtime.semrelease";
          "runtime.gcMarkDone" -> "runtime.systemstack";
          "runtime.gcMarkDone" -> "runtime.systemstack";
          "runtime.gcMarkDone" -> "runtime.systemstack";
          "runtime.gcMarkDone$1" -> "(*runtime.gcWork).dispose";
          "runtime.gcMarkDone$1" -> "internal/runtime/atomic.Xadd";
          "runtime.gcMarkDone$1" -> "runtime.wbBufFlush1";
          "runtime.gcMarkDone$2" -> "runtime.stopTheWorldWithSema";
          "runtime.gcMarkDone$3" -> "(*runtime.gcWork).empty";
          "runtime.gcMarkDone$3" -> "runtime.wbBufFlush1";
          "runtime.gcMarkDone$4" -> "(*runtime.cpuStats).accumulateGCPauseTime";
          "runtime.gcMarkDone$4" -> "runtime.nanotime";
          "runtime.gcMarkDone$4" -> "runtime.startTheWorldWithSema";
          "runtime.gcMarkRootCheck" -> "runtime.forEachGRace";
          "runtime.gcMarkRootCheck" -> "runtime.throw";
          "runtime.gcMarkRootCheck$1" -> "runtime.readgstatus";
          "runtime.gcMarkRootCheck$1" -> "runtime.throw";
          "runtime.gcMarkRootPrepare" -> "runtime.activeModules";
          "runtime.gcMarkRootPrepare" -> "runtime.allGsSnapshot";
          "runtime.gcMarkRootPrepare" -> "runtime.assertWorldStopped";
          "runtime.gcMarkRootPrepare" -> "runtime.gcMarkRootPrepare$1";
          "runtime.gcMarkRootPrepare" -> "runtime.gcMarkRootPrepare$1";
          "runtime.gcMarkRootPrepare$1" -> "runtime.divRoundUp";
          "runtime.gcMarkTermination" -> "(*internal/runtime/atomic.Int64).Load";
          "runtime.gcMarkTermination" -> "(*internal/runtime/atomic.Int64).Load";
          "runtime.gcMarkTermination" -> "(*internal/runtime/atomic.Int64).Load";
          "runtime.gcMarkTermination" -> "(*internal/runtime/atomic.Int64).Load";
          "runtime.gcMarkTermination" -> "(*internal/runtime/atomic.Int64).Store";
          "runtime.gcMarkTermination" -> "(*internal/runtime/atomic.Int64).Store";
          "runtime.gcMarkTermination" -> "(*internal/runtime/atomic.Int64).Store";
          "runtime.gcMarkTermination" -> "(*internal/runtime/atomic.Uint64).Load";
          "runtime.gcMarkTermination" -> "(*internal/runtime/atomic.Uint64).Load";
          "runtime.gcMarkTermination" -> "(*internal/runtime/atomic.Uint64).Load";
          "runtime.gcMarkTermination" -> "(*runtime.activeSweep).begin";
          "runtime.gcMarkTermination" -> "(*runtime.activeSweep).end";
          "runtime.gcMarkTermination" -> "(*runtime.cpuStats).accumulate";
          "runtime.gcMarkTermination" -> "(*runtime.cpuStats).accumulateGCPauseTime";
          "runtime.gcMarkTermination" -> "(*runtime.gcCPULimiterState).finishGCTransition";
          "runtime.gcMarkTermination" -> "(*runtime.gcControllerState).heapGoal";
          "runtime.gcMarkTermination" -> "(*runtime.mspan).setUserArenaChunkToFault";
          "runtime.gcMarkTermination" -> "(*runtime.scavengeIndex).nextGen";
          "runtime.gcMarkTermination" -> "(*runtime.sysMemStat).load";
          "runtime.gcMarkTermination" -> "(runtime.traceLocker).GCDone";
          "runtime.gcMarkTermination" -> "(runtime.traceLocker).ok";
          "runtime.gcMarkTermination" -> "internal/runtime/atomic.Store64";
          "runtime.gcMarkTermination" -> "internal/runtime/atomic.Store64";
          "runtime.gcMarkTermination" -> "runtime.Gosched";
          "runtime.gcMarkTermination" -> "runtime.acquirem";
          "runtime.gcMarkTermination" -> "runtime.casGToWaitingForSuspendG";
          "runtime.gcMarkTermination" -> "runtime.casgstatus";
          "runtime.gcMarkTermination" -> "runtime.fmtNSAsMS";
          "runtime.gcMarkTermination" -> "runtime.fmtNSAsMS";
          "runtime.gcMarkTermination" -> "runtime.forEachP";
          "runtime.gcMarkTermination" -> "runtime.injectglist";
          "runtime.gcMarkTermination" -> "runtime.itoaDiv";
          "runtime.gcMarkTermination" -> "runtime.lock";
          "runtime.gcMarkTermination" -> "runtime.lock";
          "runtime.gcMarkTermination" -> "runtime.mProf_Flush";
          "runtime.gcMarkTermination" -> "runtime.mProf_NextCycle";
          "runtime.gcMarkTermination" -> "runtime.nanotime";
          "runtime.gcMarkTermination" -> "runtime.nanotime";
          "runtime.gcMarkTermination" -> "runtime.prepareFreeWorkbufs";
          "runtime.gcMarkTermination" -> "runtime.printlock";
          "runtime.gcMarkTermination" -> "runtime.printunlock";
          "runtime.gcMarkTermination" -> "runtime.releasem";
          "runtime.gcMarkTermination" -> "runtime.semrelease";
          "runtime.gcMarkTermination" -> "runtime.semrelease";
          "runtime.gcMarkTermination" -> "runtime.setGCPhase";
          "runtime.gcMarkTermination" -> "runtime.systemstack";
          "runtime.gcMarkTermination" -> "runtime.systemstack";
          "runtime.gcMarkTermination" -> "runtime.systemstack";
          "runtime.gcMarkTermination" -> "runtime.systemstack";
          "runtime.gcMarkTermination" -> "runtime.systemstack";
          "runtime.gcMarkTermination" -> "runtime.systemstack";
          "runtime.gcMarkTermination" -> "runtime.throw";
          "runtime.gcMarkTermination" -> "runtime.throw";
          "runtime.gcMarkTermination" -> "runtime.throw";
          "runtime.gcMarkTermination" -> "runtime.time_now";
          "runtime.gcMarkTermination" -> "runtime.traceAcquire";
          "runtime.gcMarkTermination" -> "runtime.traceRelease";
          "runtime.gcMarkTermination" -> "runtime.unlock";
          "runtime.gcMarkTermination" -> "runtime.unlock";
          "runtime.gcMarkTermination$1" -> "runtime.gcMark";
          "runtime.gcMarkTermination$2" -> "(*runtime.gcWork).dispose";
          "runtime.gcMarkTermination$2" -> "(runtime.puintptr).ptr";
          "runtime.gcMarkTermination$2" -> "(runtime.puintptr).ptr";
          "runtime.gcMarkTermination$2" -> "runtime.endCheckmarks";
          "runtime.gcMarkTermination$2" -> "runtime.gcDrain";
          "runtime.gcMarkTermination$2" -> "runtime.gcResetMarkState";
          "runtime.gcMarkTermination$2" -> "runtime.gcSweep";
          "runtime.gcMarkTermination$2" -> "runtime.getg";
          "runtime.gcMarkTermination$2" -> "runtime.getg";
          "runtime.gcMarkTermination$2" -> "runtime.setGCPhase";
          "runtime.gcMarkTermination$2" -> "runtime.startCheckmarks";
          "runtime.gcMarkTermination$2" -> "runtime.wbBufFlush1";
          "runtime.gcMarkTermination$3" -> "runtime.startTheWorldWithSema";
          "runtime.gcMarkTermination$4" -> "(*runtime.mcache).prepareForSweep";
          "runtime.gcMarkTermination$4" -> "runtime.systemstack";
          "runtime.gcMarkTermination$4$1" -> "(*runtime.pageCache).flush";
          "runtime.gcMarkTermination$4$1" -> "runtime.lock";
          "runtime.gcMarkTermination$4$1" -> "runtime.unlock";
          "runtime.gcMarkTermination$5" -> "(*runtime.mheap).enableMetadataHugePages";
          "runtime.gcMarkTinyAllocs" -> "runtime.assertWorldStopped";
          "runtime.gcMarkTinyAllocs" -> "runtime.findObject";
          "runtime.gcMarkTinyAllocs" -> "runtime.greyobject";
          "runtime.gcMarkWorkAvailable" -> "(*runtime.gcWork).empty";
          "runtime.gcMarkWorkAvailable" -> "(*runtime.lfstack).empty";
          "runtime.gcPaceScavenger" -> "(*internal/runtime/atomic.Uint64).Load";
          "runtime.gcPaceScavenger" -> "(*internal/runtime/atomic.Uint64).Store";
          "runtime.gcPaceScavenger" -> "(*internal/runtime/atomic.Uint64).Store";
          "runtime.gcPaceScavenger" -> "(*internal/runtime/atomic.Uint64).Store";
          "runtime.gcPaceScavenger" -> "(*internal/runtime/atomic.Uint64).Store";
          "runtime.gcPaceScavenger" -> "(*internal/runtime/atomic.Uint64).Store";
          "runtime.gcPaceScavenger" -> "runtime.assertWorldStoppedOrLockHeld";
          "runtime.gcPaceScavenger" -> "runtime.heapRetained";
          "runtime.gcPaceSweeper" -> "(*internal/runtime/atomic.Uint64).Load";
          "runtime.gcPaceSweeper" -> "(*internal/runtime/atomic.Uint64).Load";
          "runtime.gcPaceSweeper" -> "(*internal/runtime/atomic.Uint64).Store";
          "runtime.gcPaceSweeper" -> "(*internal/runtime/atomic.Uintptr).Load";
          "runtime.gcPaceSweeper" -> "runtime.assertWorldStoppedOrLockHeld";
          "runtime.gcPaceSweeper" -> "runtime.isSweepDone";
          "runtime.gcParkAssist" -> "(*internal/runtime/atomic.Int64).Load";
          "runtime.gcParkAssist" -> "(*runtime.gQueue).pushBack";
          "runtime.gcParkAssist" -> "(*runtime.guintptr).set";
          "runtime.gcParkAssist" -> "(runtime.guintptr).ptr";
          "runtime.gcParkAssist" -> "internal/runtime/atomic.Load";
          "runtime.gcParkAssist" -> "runtime.getg";
          "runtime.gcParkAssist" -> "runtime.goparkunlock";
          "runtime.gcParkAssist" -> "runtime.lock";
          "runtime.gcParkAssist" -> "runtime.unlock";
          "runtime.gcParkAssist" -> "runtime.unlock";
          "runtime.gcResetMarkState" -> "(*internal/runtime/atomic.Uint64).Load";
          "runtime.gcResetMarkState" -> "(runtime.arenaIdx).l1";
          "runtime.gcResetMarkState" -> "(runtime.arenaIdx).l2";
          "runtime.gcResetMarkState" -> "runtime.forEachG";
          "runtime.gcResetMarkState" -> "runtime.lock";
          "runtime.gcResetMarkState" -> "runtime.unlock";
          "runtime.gcStart" -> "(*internal/runtime/atomic.Uint32).Add";
          "runtime.gcStart" -> "(*internal/runtime/atomic.Uint32).Load";
          "runtime.gcStart" -> "(*internal/runtime/atomic.Uint64).Load";
          "runtime.gcStart" -> "(*runtime.cpuStats).accumulateGCPauseTime";
          "runtime.gcStart" -> "(*runtime.cpuStats).accumulateGCPauseTime";
          "runtime.gcStart" -> "(*runtime.gcCPULimiterState).startGCTransition";
          "runtime.gcStart" -> "(*runtime.gcControllerState).startCycle";
          "runtime.gcStart" -> "(runtime.gcTrigger).test";
          "runtime.gcStart" -> "(runtime.gcTrigger).test";
          "runtime.gcStart" -> "(runtime.traceLocker).GCStart";
          "runtime.gcStart" -> "(runtime.traceLocker).ok";
          "runtime.gcStart" -> "internal/runtime/atomic.Store";
          "runtime.gcStart" -> "runtime.Gosched";
          "runtime.gcStart" -> "runtime.acquirem";
          "runtime.gcStart" -> "runtime.acquirem";
          "runtime.gcStart" -> "runtime.clearpools";
          "runtime.gcStart" -> "runtime.gcBgMarkPrepare";
          "runtime.gcStart" -> "runtime.gcBgMarkStartWorkers";
          "runtime.gcStart" -> "runtime.gcMarkRootPrepare";
          "runtime.gcStart" -> "runtime.gcMarkTinyAllocs";
          "runtime.gcStart" -> "runtime.gcStart$1";
          "runtime.gcStart" -> "runtime.getg";
          "runtime.gcStart" -> "runtime.getg";
          "runtime.gcStart" -> "runtime.nanotime";
          "runtime.gcStart" -> "runtime.nanotime";
          "runtime.gcStart" -> "runtime.releasem";
          "runtime.gcStart" -> "runtime.releasem";
          "runtime.gcStart" -> "runtime.releasem";
          "runtime.gcStart" -> "runtime.schedEnableUser";
          "runtime.gcStart" -> "runtime.semacquire";
          "runtime.gcStart" -> "runtime.semacquire";
          "runtime.gcStart" -> "runtime.semacquire";
          "runtime.gcStart" -> "runtime.semrelease";
          "runtime.gcStart" -> "runtime.semrelease";
          "runtime.gcStart" -> "runtime.semrelease";
          "runtime.gcStart" -> "runtime.setGCPhase";
          "runtime.gcStart" -> "runtime.sweepone";
          "runtime.gcStart" -> "runtime.systemstack";
          "runtime.gcStart" -> "runtime.systemstack";
          "runtime.gcStart" -> "runtime.systemstack";
          "runtime.gcStart" -> "runtime.systemstack";
          "runtime.gcStart" -> "runtime.throw";
          "runtime.gcStart" -> "runtime.traceAcquire";
          "runtime.gcStart" -> "runtime.traceRelease";
          "runtime.gcStart$2" -> "runtime.stopTheWorldWithSema";
          "runtime.gcStart$3" -> "runtime.finishsweep_m";
          "runtime.gcStart$4" -> "(*runtime.gcCPULimiterState).finishGCTransition";
          "runtime.gcStart$4" -> "runtime.startTheWorldWithSema";
          "runtime.gcSweep" -> "(*internal/runtime/atomic.Uint64).Store";
          "runtime.gcSweep" -> "(*internal/runtime/atomic.Uint64).Store";
          "runtime.gcSweep" -> "(*internal/runtime/atomic.Uintptr).Store";
          "runtime.gcSweep" -> "(*runtime.activeSweep).reset";
          "runtime.gcSweep" -> "(*runtime.mcache).prepareForSweep";
          "runtime.gcSweep" -> "(*runtime.sweepClass).clear";
          "runtime.gcSweep" -> "runtime.assertWorldStopped";
          "runtime.gcSweep" -> "runtime.freeSomeWbufs";
          "runtime.gcSweep" -> "runtime.lock";
          "runtime.gcSweep" -> "runtime.lock";
          "runtime.gcSweep" -> "runtime.lock";
          "runtime.gcSweep" -> "runtime.mProf_Flush";
          "runtime.gcSweep" -> "runtime.mProf_NextCycle";
          "runtime.gcSweep" -> "runtime.prepareFreeWorkbufs";
          "runtime.gcSweep" -> "runtime.ready";
          "runtime.gcSweep" -> "runtime.sweepone";
          "runtime.gcSweep" -> "runtime.throw";
          "runtime.gcSweep" -> "runtime.unlock";
          "runtime.gcSweep" -> "runtime.unlock";
          "runtime.gcSweep" -> "runtime.unlock";
          "runtime.gcWaitOnMark" -> "(*internal/runtime/atomic.Uint32).Load";
          "runtime.gcWaitOnMark" -> "(*runtime.gList).push";
          "runtime.gcWaitOnMark" -> "runtime.getg";
          "runtime.gcWaitOnMark" -> "runtime.goparkunlock";
          "runtime.gcWaitOnMark" -> "runtime.lock";
          "runtime.gcWaitOnMark" -> "runtime.unlock";
          "runtime.gcWakeAllAssists" -> "(*runtime.gQueue).popList";
          "runtime.gcWakeAllAssists" -> "runtime.injectglist";
          "runtime.gcWakeAllAssists" -> "runtime.lock";
          "runtime.gcWakeAllAssists" -> "runtime.unlock";
          "runtime.gcWakeAllStrongFromWeak" -> "(*runtime.gQueue).popList";
          "runtime.gcWakeAllStrongFromWeak" -> "runtime.injectglist";
          "runtime.gcWakeAllStrongFromWeak" -> "runtime.lock";
          "runtime.gcWakeAllStrongFromWeak" -> "runtime.unlock";
          "runtime.gcallers" -> "(*runtime.unwinder).init";
          "runtime.gcallers" -> "runtime.tracebackPCs";
          "runtime.gcmarknewobject" -> "(*runtime.mspan).base";
          "runtime.gcmarknewobject" -> "(*runtime.mspan).markBitsForIndex";
          "runtime.gcmarknewobject" -> "(*runtime.mspan).objIndex";
          "runtime.gcmarknewobject" -> "(runtime.markBits).setMarked";
          "runtime.gcmarknewobject" -> "(runtime.puintptr).ptr";
          "runtime.gcmarknewobject" -> "internal/runtime/atomic.Or8";
          "runtime.gcmarknewobject" -> "runtime.getg";
          "runtime.gcmarknewobject" -> "runtime.pageIndexOf";
          "runtime.gcmarknewobject" -> "runtime.throw";
          "runtime.gcmarknewobject" -> "runtime.throw";
          "runtime.gcstopm" -> "(*internal/runtime/atomic.Bool).Load";
          "runtime.gcstopm" -> "(*internal/runtime/atomic.Int32).Add";
          "runtime.gcstopm" -> "runtime.getg";
          "runtime.gcstopm" -> "runtime.lock";
          "runtime.gcstopm" -> "runtime.nanotime";
          "runtime.gcstopm" -> "runtime.notewakeup";
          "runtime.gcstopm" -> "runtime.releasep";
          "runtime.gcstopm" -> "runtime.stopm";
          "runtime.gcstopm" -> "runtime.throw";
          "runtime.gcstopm" -> "runtime.throw";
          "runtime.gcstopm" -> "runtime.unlock";
          "runtime.getGCMask" -> "runtime.getGCMaskOnDemand";
          "runtime.getGCMaskOnDemand" -> "internal/runtime/atomic.Casp1";
          "runtime.getGCMaskOnDemand" -> "internal/runtime/atomic.Loadp";
          "runtime.getGCMaskOnDemand" -> "internal/runtime/atomic.StorepNoWB";
          "runtime.getGCMaskOnDemand" -> "runtime.add";
          "runtime.getGCMaskOnDemand" -> "runtime.divRoundUp";
          "runtime.getGCMaskOnDemand" -> "runtime.osyield";
          "runtime.getGCMaskOnDemand" -> "runtime.persistentalloc";
          "runtime.getGCMaskOnDemand" -> "runtime.systemstack";
          "runtime.getGCMaskOnDemand$1" -> "runtime.buildGCMask";
          "runtime.getMCache" -> "(runtime.puintptr).ptr";
          "runtime.getcallerfp" -> "runtime.getfp";
          "runtime.getempty" -> "(*runtime.lfstack).pop";
          "runtime.getempty" -> "(*runtime.mSpanList).insert";
          "runtime.getempty" -> "(*runtime.mSpanList).insert";
          "runtime.getempty" -> "(*runtime.mSpanList).remove";
          "runtime.getempty" -> "(*runtime.mspan).base";
          "runtime.getempty" -> "(*runtime.workbuf).checkempty";
          "runtime.getempty" -> "runtime.lfnodeValidate";
          "runtime.getempty" -> "runtime.lock";
          "runtime.getempty" -> "runtime.lock";
          "runtime.getempty" -> "runtime.lockWithRankMayAcquire";
          "runtime.getempty" -> "runtime.lockWithRankMayAcquire";
          "runtime.getempty" -> "runtime.putempty";
          "runtime.getempty" -> "runtime.systemstack";
          "runtime.getempty" -> "runtime.throw";
          "runtime.getempty" -> "runtime.unlock";
          "runtime.getempty" -> "runtime.unlock";
          "runtime.getempty$1" -> "(*runtime.mheap).allocManual";
          "runtime.getitab" -> "(*runtime.itabTableType).find";
          "runtime.getitab" -> "(*runtime.itabTableType).find";
          "runtime.getitab" -> "(internal/abi.Name).Name";
          "runtime.getitab" -> "(runtime.rtype).nameOff";
          "runtime.getitab" -> "internal/runtime/atomic.Loadp";
          "runtime.getitab" -> "runtime.itabAdd";
          "runtime.getitab" -> "runtime.itabInit";
          "runtime.getitab" -> "runtime.itabInit";
          "runtime.getitab" -> "runtime.lock";
          "runtime.getitab" -> "runtime.persistentalloc";
          "runtime.getitab" -> "runtime.throw";
          "runtime.getitab" -> "runtime.toRType";
          "runtime.getitab" -> "runtime.unlock";
          "runtime.getitab" -> "runtime.unlock";
          "runtime.gfpurge" -> "(*runtime.gList).empty";
          "runtime.gfpurge" -> "(*runtime.gList).pop";
          "runtime.gfpurge" -> "(*runtime.gList).pushAll";
          "runtime.gfpurge" -> "(*runtime.gList).pushAll";
          "runtime.gfpurge" -> "(*runtime.gQueue).push";
          "runtime.gfpurge" -> "(*runtime.gQueue).push";
          "runtime.gfpurge" -> "runtime.lock";
          "runtime.gfpurge" -> "runtime.unlock";
          "runtime.globrunqget" -> "(*runtime.gQueue).pop";
          "runtime.globrunqget" -> "(*runtime.gQueue).pop";
          "runtime.globrunqget" -> "runtime.assertLockHeld";
          "runtime.globrunqget" -> "runtime.runqput";
          "runtime.globrunqput" -> "(*runtime.gQueue).pushBack";
          "runtime.globrunqput" -> "runtime.assertLockHeld";
          "runtime.globrunqputbatch" -> "(*runtime.gQueue).pushBackAll";
          "runtime.globrunqputbatch" -> "runtime.assertLockHeld";
          "runtime.globrunqputhead" -> "(*runtime.gQueue).push";
          "runtime.globrunqputhead" -> "runtime.assertLockHeld";
          "runtime.goStatusToTraceGoStatus" -> "(runtime.waitReason).isWaitingForSuspendG";
          "runtime.goStatusToTraceGoStatus" -> "runtime.throw";
          "runtime.goStatusToTraceGoStatus" -> "runtime.throw";
          "runtime.gogetenv" -> "runtime.envKeyEqual";
          "runtime.gogetenv" -> "runtime.environ";
          "runtime.gogetenv" -> "runtime.throw";
          "runtime.gopark" -> "runtime.acquirem";
          "runtime.gopark" -> "runtime.checkTimeouts";
          "runtime.gopark" -> "runtime.mcall";
          "runtime.gopark" -> "runtime.readgstatus";
          "runtime.gopark" -> "runtime.releasem";
          "runtime.gopark" -> "runtime.throw";
          "runtime.goparkunlock" -> "runtime.gopark";
          "runtime.goready" -> "runtime.systemstack";
          "runtime.goready$1" -> "runtime.ready";
          "runtime.goroutineheader" -> "(runtime.waitReason).String";
          "runtime.goroutineheader" -> "runtime.gotraceback";
          "runtime.goroutineheader" -> "runtime.nanotime";
          "runtime.goroutineheader" -> "runtime.readgstatus";
          "runtime.goschedImpl" -> "(runtime.traceLocker).GoPreempt";
          "runtime.goschedImpl" -> "(runtime.traceLocker).GoSched";
          "runtime.goschedImpl" -> "(runtime.traceLocker).ok";
          "runtime.goschedImpl" -> "(runtime.traceLocker).ok";
          "runtime.goschedImpl" -> "runtime.casgstatus";
          "runtime.goschedImpl" -> "runtime.dropg";
          "runtime.goschedImpl" -> "runtime.dumpgstatus";
          "runtime.goschedImpl" -> "runtime.globrunqput";
          "runtime.goschedImpl" -> "runtime.lock";
          "runtime.goschedImpl" -> "runtime.readgstatus";
          "runtime.goschedImpl" -> "runtime.schedule";
          "runtime.goschedImpl" -> "runtime.throw";
          "runtime.goschedImpl" -> "runtime.traceAcquire";
          "runtime.goschedImpl" -> "runtime.traceRelease";
          "runtime.goschedImpl" -> "runtime.unlock";
          "runtime.goschedImpl" -> "runtime.wakep";
          "runtime.gosched_m" -> "runtime.goschedImpl";
          "runtime.goschedguarded" -> "runtime.mcall";
          "runtime.goschedguarded_m" -> "runtime.canPreemptM";
          "runtime.goschedguarded_m" -> "runtime.gogo";
          "runtime.goschedguarded_m" -> "runtime.goschedImpl";
          "runtime.gostring" -> "runtime.findnull";
          "runtime.gostring" -> "runtime.memmove";
          "runtime.gostring" -> "runtime.rawstring";
          "runtime.gostringnocopy" -> "runtime.findnull";
          "runtime.gotraceback" -> "internal/runtime/atomic.Load";
          "runtime.gotraceback" -> "runtime.getg";
          "runtime.goyield" -> "runtime.checkTimeouts";
          "runtime.goyield" -> "runtime.mcall";
          "runtime.goyield_m" -> "(runtime.puintptr).ptr";
          "runtime.goyield_m" -> "(runtime.traceLocker).GoPreempt";
          "runtime.goyield_m" -> "(runtime.traceLocker).ok";
          "runtime.goyield_m" -> "(runtime.traceLocker).ok";
          "runtime.goyield_m" -> "runtime.casgstatus";
          "runtime.goyield_m" -> "runtime.dropg";
          "runtime.goyield_m" -> "runtime.runqput";
          "runtime.goyield_m" -> "runtime.schedule";
          "runtime.goyield_m" -> "runtime.traceAcquire";
          "runtime.goyield_m" -> "runtime.traceRelease";
          "runtime.greyobject" -> "(*runtime.gcWork).put";
          "runtime.greyobject" -> "(*runtime.gcWork).putFast";
          "runtime.greyobject" -> "(*runtime.mspan).base";
          "runtime.greyobject" -> "(*runtime.mspan).isFree";
          "runtime.greyobject" -> "(*runtime.mspan).markBitsForIndex";
          "runtime.greyobject" -> "(runtime.markBits).isMarked";
          "runtime.greyobject" -> "(runtime.markBits).setMarked";
          "runtime.greyobject" -> "(runtime.spanClass).noscan";
          "runtime.greyobject" -> "internal/runtime/atomic.Or8";
          "runtime.greyobject" -> "internal/runtime/sys.Prefetch";
          "runtime.greyobject" -> "runtime.gcDumpObject";
          "runtime.greyobject" -> "runtime.gcDumpObject";
          "runtime.greyobject" -> "runtime.getg";
          "runtime.greyobject" -> "runtime.pageIndexOf";
          "runtime.greyobject" -> "runtime.setCheckmark";
          "runtime.greyobject" -> "runtime.throw";
          "runtime.greyobject" -> "runtime.throw";
          "runtime.gwrite" -> "runtime.getg";
          "runtime.gwrite" -> "runtime.recordForPanic";
          "runtime.gwrite" -> "runtime.writeErr";
          "runtime.handoff" -> "runtime.getempty";
          "runtime.handoff" -> "runtime.memmove";
          "runtime.handoff" -> "runtime.putfull";
          "runtime.handoffp" -> "(*internal/runtime/atomic.Bool).Load";
          "runtime.handoffp" -> "(*internal/runtime/atomic.Int32).CompareAndSwap";
          "runtime.handoffp" -> "(*internal/runtime/atomic.Int32).Load";
          "runtime.handoffp" -> "(*internal/runtime/atomic.Int32).Load";
          "runtime.handoffp" -> "(*internal/runtime/atomic.Int32).Load";
          "runtime.handoffp" -> "(*internal/runtime/atomic.Int64).Load";
          "runtime.handoffp" -> "(*internal/runtime/atomic.Uint32).Store";
          "runtime.handoffp" -> "(*runtime.timers).wakeTime";
          "runtime.handoffp" -> "internal/runtime/atomic.Cas";
          "runtime.handoffp" -> "runtime.gcMarkDone$1";
          "runtime.handoffp" -> "runtime.gcMarkTermination$4";
          "runtime.handoffp" -> "runtime.gcMarkWorkAvailable";
          "runtime.handoffp" -> "runtime.lock";
          "runtime.handoffp" -> "runtime.nanotime";
          "runtime.handoffp" -> "runtime.notewakeup";
          "runtime.handoffp" -> "runtime.notewakeup";
          "runtime.handoffp" -> "runtime.pidleput";
          "runtime.handoffp" -> "runtime.runqempty";
          "runtime.handoffp" -> "runtime.startm";
          "runtime.handoffp" -> "runtime.startm";
          "runtime.handoffp" -> "runtime.startm";
          "runtime.handoffp" -> "runtime.startm";
          "runtime.handoffp" -> "runtime.startm";
          "runtime.handoffp" -> "runtime.startm";
          "runtime.handoffp" -> "runtime.traceEnabled";
          "runtime.handoffp" -> "runtime.traceReaderAvailable";
          "runtime.handoffp" -> "runtime.traceShuttingDown";
          "runtime.handoffp" -> "runtime.unlock";
          "runtime.handoffp" -> "runtime.unlock";
          "runtime.handoffp" -> "runtime.unlock";
          "runtime.handoffp" -> "runtime.unlock";
          "runtime.handoffp" -> "runtime.wakeNetPoller";
          "runtime.heapRetained" -> "(*runtime.sysMemStat).load";
          "runtime.heapRetained" -> "(*runtime.sysMemStat).load";
          "runtime.heapSetTypeLarge" -> "internal/runtime/atomic.StorepNoWB";
          "runtime.heapSetTypeLarge" -> "runtime.doubleCheckHeapType";
          "runtime.heapSetTypeNoHeader" -> "(*runtime.mspan).writeHeapBitsSmall";
          "runtime.heapSetTypeNoHeader" -> "runtime.doubleCheckHeapType";
          "runtime.heapSetTypeNoHeader" -> "runtime.heapBitsInSpan";
          "runtime.heapSetTypeNoHeader" -> "runtime.heapBitsInSpan";
          "runtime.heapSetTypeNoHeader" -> "runtime.throw";
          "runtime.heapSetTypeSmallHeader" -> "runtime.doubleCheckHeapType";
          "runtime.hexdumpWords" -> "(runtime.funcInfo).entry";
          "runtime.hexdumpWords" -> "(runtime.funcInfo).valid";
          "runtime.hexdumpWords" -> "runtime.findfunc";
          "runtime.hexdumpWords" -> "runtime.funcname";
          "runtime.hexdumpWords" -> "runtime.gwrite";
          "runtime.hexdumpWords" -> "runtime.printlock";
          "runtime.hexdumpWords" -> "runtime.printunlock";
          "runtime.hexdumpWords" -> "runtime.scanConservative$1";
          "runtime.hexdumpWords" -> "runtime.tracebackHexdump$1";
          "runtime.inHeapOrStack" -> "(*runtime.mSpanStateBox).get";
          "runtime.inHeapOrStack" -> "(*runtime.mspan).base";
          "runtime.inHeapOrStack" -> "runtime.spanOf";
          "runtime.inPersistentAlloc" -> "internal/runtime/atomic.Loaduintptr";
          "runtime.inUserArenaChunk" -> "runtime.spanOf";
          "runtime.incidlelocked" -> "runtime.checkdead";
          "runtime.incidlelocked" -> "runtime.lock";
          "runtime.incidlelocked" -> "runtime.unlock";
          "runtime.injectglist" -> "(*internal/runtime/atomic.Int32).Load";
          "runtime.injectglist" -> "(*runtime.gList).empty";
          "runtime.injectglist" -> "(*runtime.gQueue).empty";
          "runtime.injectglist" -> "(*runtime.gQueue).empty";
          "runtime.injectglist" -> "(*runtime.gQueue).pop";
          "runtime.injectglist" -> "(*runtime.gQueue).pushBack";
          "runtime.injectglist" -> "(*runtime.guintptr).set";
          "runtime.injectglist" -> "(*runtime.guintptr).set";
          "runtime.injectglist" -> "(runtime.guintptr).ptr";
          "runtime.injectglist" -> "(runtime.guintptr).ptr";
          "runtime.injectglist" -> "(runtime.puintptr).ptr";
          "runtime.injectglist" -> "(runtime.traceLocker).GoUnpark";
          "runtime.injectglist" -> "(runtime.traceLocker).ok";
          "runtime.injectglist" -> "(runtime.traceLocker).ok";
          "runtime.injectglist" -> "runtime.casgstatus";
          "runtime.injectglist" -> "runtime.getg";
          "runtime.injectglist" -> "runtime.globrunqputbatch";
          "runtime.injectglist" -> "runtime.globrunqputbatch";
          "runtime.injectglist" -> "runtime.injectglist$1";
          "runtime.injectglist" -> "runtime.injectglist$1";
          "runtime.injectglist" -> "runtime.lock";
          "runtime.injectglist" -> "runtime.lock";
          "runtime.injectglist" -> "runtime.runqputbatch";
          "runtime.injectglist" -> "runtime.traceAcquire";
          "runtime.injectglist" -> "runtime.traceRelease";
          "runtime.injectglist" -> "runtime.unlock";
          "runtime.injectglist" -> "runtime.unlock";
          "runtime.injectglist" -> "runtime.wakep";
          "runtime.injectglist$1" -> "runtime.acquirem";
          "runtime.injectglist$1" -> "runtime.lock";
          "runtime.injectglist$1" -> "runtime.pidlegetSpinning";
          "runtime.injectglist$1" -> "runtime.releasem";
          "runtime.injectglist$1" -> "runtime.releasem";
          "runtime.injectglist$1" -> "runtime.startm";
          "runtime.injectglist$1" -> "runtime.unlock";
          "runtime.injectglist$1" -> "runtime.unlock";
          "runtime.isAbortPC" -> "(runtime.funcInfo).valid";
          "runtime.isAbortPC" -> "runtime.findfunc";
          "runtime.isAsyncSafePoint" -> "(*runtime.inlineUnwinder).srcFunc";
          "runtime.isAsyncSafePoint" -> "(runtime.funcInfo).entry";
          "runtime.isAsyncSafePoint" -> "(runtime.funcInfo).valid";
          "runtime.isAsyncSafePoint" -> "(runtime.srcFunc).name";
          "runtime.isAsyncSafePoint" -> "internal/stringslite.HasPrefix";
          "runtime.isAsyncSafePoint" -> "internal/stringslite.HasPrefix";
          "runtime.isAsyncSafePoint" -> "internal/stringslite.HasPrefix";
          "runtime.isAsyncSafePoint" -> "internal/stringslite.HasPrefix";
          "runtime.isAsyncSafePoint" -> "runtime.canPreemptM";
          "runtime.isAsyncSafePoint" -> "runtime.findfunc";
          "runtime.isAsyncSafePoint" -> "runtime.funcdata";
          "runtime.isAsyncSafePoint" -> "runtime.funcspdelta";
          "runtime.isAsyncSafePoint" -> "runtime.newInlineUnwinder";
          "runtime.isAsyncSafePoint" -> "runtime.pcdatavalue2";
          "runtime.isAsyncSafePoint" -> "runtime.throw";
          "runtime.isExportedRuntime" -> "internal/stringslite.CutPrefix";
          "runtime.isPinned" -> "(*runtime.mspan).getPinnerBits";
          "runtime.isPinned" -> "(*runtime.mspan).objIndex";
          "runtime.isPinned" -> "(*runtime.pinState).isPinned";
          "runtime.isPinned" -> "(*runtime.pinnerBits).ofObject";
          "runtime.isPinned" -> "runtime.KeepAlive";
          "runtime.isPinned" -> "runtime.spanOfHeap";
          "runtime.isShrinkStackSafe" -> "(*internal/runtime/atomic.Bool).Load";
          "runtime.isShrinkStackSafe" -> "(runtime.waitReason).isWaitingForSuspendG";
          "runtime.isShrinkStackSafe" -> "runtime.readgstatus";
          "runtime.isShrinkStackSafe" -> "runtime.traceEnabled";
          "runtime.isSweepDone" -> "(*runtime.activeSweep).isDone";
          "runtime.isSystemGoroutine" -> "(*internal/runtime/atomic.Uint32).Load";
          "runtime.isSystemGoroutine" -> "(runtime.funcInfo).valid";
          "runtime.isSystemGoroutine" -> "internal/stringslite.HasPrefix";
          "runtime.isSystemGoroutine" -> "runtime.findfunc";
          "runtime.isSystemGoroutine" -> "runtime.funcname";
          "runtime.isWakeup" -> "runtime.throw";
          "runtime.itabAdd" -> "(*runtime.itabTableType).add";
          "runtime.itabAdd" -> "runtime.atomicstorep";
          "runtime.itabAdd" -> "runtime.getg";
          "runtime.itabAdd" -> "runtime.iterate_itabs";
          "runtime.itabAdd" -> "runtime.mallocgc";
          "runtime.itabAdd" -> "runtime.throw";
          "runtime.itabAdd" -> "runtime.throw";
          "runtime.itabInit" -> "(*internal/abi.Type).Uncommon";
          "runtime.itabInit" -> "(internal/abi.Name).IsExported";
          "runtime.itabInit" -> "(internal/abi.Name).Name";
          "runtime.itabInit" -> "(internal/abi.Name).Name";
          "runtime.itabInit" -> "(internal/abi.Name).Name";
          "runtime.itabInit" -> "(internal/abi.Name).Name";
          "runtime.itabInit" -> "(runtime.rtype).nameOff";
          "runtime.itabInit" -> "(runtime.rtype).nameOff";
          "runtime.itabInit" -> "(runtime.rtype).nameOff";
          "runtime.itabInit" -> "(runtime.rtype).textOff";
          "runtime.itabInit" -> "(runtime.rtype).typeOff";
          "runtime.itabInit" -> "(runtime.rtype).typeOff";
          "runtime.itabInit" -> "runtime.add";
          "runtime.itabInit" -> "runtime.pkgPath";
          "runtime.itabInit" -> "runtime.pkgPath";
          "runtime.itabInit" -> "runtime.toRType";
          "runtime.itabInit" -> "runtime.toRType";
          "runtime.itabInit" -> "runtime.toRType";
          "runtime.iterate_itabs" -> "(*runtime.itabTableType).add$bound";
          "runtime.iterate_itabs" -> "runtime.add";
          "runtime.kevent" -> "internal/abi.FuncPCABI0";
          "runtime.kevent" -> "runtime.KeepAlive";
          "runtime.kevent" -> "runtime.KeepAlive";
          "runtime.kevent" -> "runtime.KeepAlive";
          "runtime.kevent" -> "runtime.libcCall";
          "runtime.kqueue" -> "internal/abi.FuncPCABI0";
          "runtime.kqueue" -> "runtime.libcCall";
          "runtime.lfnodeValidate" -> "runtime.findObject";
          "runtime.lfnodeValidate" -> "runtime.lfstackPack";
          "runtime.lfnodeValidate" -> "runtime.lfstackUnpack";
          "runtime.lfnodeValidate" -> "runtime.printlock";
          "runtime.lfnodeValidate" -> "runtime.throw";
          "runtime.lfnodeValidate" -> "runtime.throw";
          "runtime.lfstackPack" -> "runtime.taggedPointerPack";
          "runtime.lfstackUnpack" -> "(runtime.taggedPointer).pointer";
          "runtime.libcCall" -> "(*runtime.guintptr).set";
          "runtime.libcCall" -> "internal/runtime/sys.GetCallerPC";
          "runtime.libcCall" -> "internal/runtime/sys.GetCallerSP";
          "runtime.libcCall" -> "runtime.asmcgocall";
          "runtime.libcCall" -> "runtime.getg";
          "runtime.lock" -> "runtime.getLockRank";
          "runtime.lock" -> "runtime.lockWithRank";
          "runtime.lock2" -> "(*runtime.lockTimer).begin";
          "runtime.lock2" -> "(*runtime.lockTimer).end";
          "runtime.lock2" -> "(*runtime.lockTimer).end";
          "runtime.lock2" -> "internal/runtime/atomic.Casuintptr";
          "runtime.lock2" -> "internal/runtime/atomic.Casuintptr";
          "runtime.lock2" -> "internal/runtime/atomic.Casuintptr";
          "runtime.lock2" -> "internal/runtime/atomic.Loaduintptr";
          "runtime.lock2" -> "internal/runtime/atomic.Loaduintptr";
          "runtime.lock2" -> "internal/runtime/atomic.Loaduintptr";
          "runtime.lock2" -> "internal/runtime/atomic.Loaduintptr";
          "runtime.lock2" -> "internal/runtime/atomic.Loaduintptr";
          "runtime.lock2" -> "internal/runtime/atomic.Or8";
          "runtime.lock2" -> "internal/runtime/atomic.Xchg8";
          "runtime.lock2" -> "internal/runtime/atomic.Xchg8";
          "runtime.lock2" -> "runtime.getg";
          "runtime.lock2" -> "runtime.key8";
          "runtime.lock2" -> "runtime.mutexPreferLowLatency";
          "runtime.lock2" -> "runtime.mutexWaitListHead";
          "runtime.lock2" -> "runtime.osyield";
          "runtime.lock2" -> "runtime.procyield";
          "runtime.lock2" -> "runtime.semacreate";
          "runtime.lock2" -> "runtime.semasleep";
          "runtime.lock2" -> "runtime.throw";
          "runtime.lock2" -> "runtime.throw";
          "runtime.lockRankMayQueueFinalizer" -> "runtime.getLockRank";
          "runtime.lockRankMayQueueFinalizer" -> "runtime.lockWithRankMayAcquire";
          "runtime.lockRankMayTraceFlush" -> "runtime.getLockRank";
          "runtime.lockRankMayTraceFlush" -> "runtime.lockWithRankMayAcquire";
          "runtime.lockWithRank" -> "runtime.lock2";
          "runtime.mPark" -> "runtime.getg";
          "runtime.mPark" -> "runtime.noteclear";
          "runtime.mPark" -> "runtime.notesleep";
          "runtime.mProfStackInit" -> "runtime.makeProfStackFP";
          "runtime.mProfStackInit" -> "runtime.makeProfStackFP";
          "runtime.mProf_Flush" -> "(*runtime.mProfCycleHolder).setFlushed";
          "runtime.mProf_Flush" -> "runtime.lock";
          "runtime.mProf_Flush" -> "runtime.lock";
          "runtime.mProf_Flush" -> "runtime.mProf_FlushLocked";
          "runtime.mProf_Flush" -> "runtime.unlock";
          "runtime.mProf_Flush" -> "runtime.unlock";
          "runtime.mProf_FlushLocked" -> "(*internal/runtime/atomic.UnsafePointer).Load";
          "runtime.mProf_FlushLocked" -> "(*runtime.bucket).mp";
          "runtime.mProf_FlushLocked" -> "(*runtime.memRecordCycle).add";
          "runtime.mProf_FlushLocked" -> "runtime.assertLockHeld";
          "runtime.mProf_FlushLocked" -> "runtime.assertLockHeld";
          "runtime.mProf_Free" -> "(*runtime.bucket).mp";
          "runtime.mProf_Free" -> "(*runtime.mProfCycleHolder).read";
          "runtime.mProf_Free" -> "runtime.lock";
          "runtime.mProf_Free" -> "runtime.unlock";
          "runtime.mProf_Malloc" -> "(*runtime.bucket).mp";
          "runtime.mProf_Malloc" -> "(*runtime.mProfCycleHolder).read";
          "runtime.mProf_Malloc" -> "runtime.callers";
          "runtime.mProf_Malloc" -> "runtime.lock";
          "runtime.mProf_Malloc" -> "runtime.stkbucket";
          "runtime.mProf_Malloc" -> "runtime.systemstack";
          "runtime.mProf_Malloc" -> "runtime.unlock";
          "runtime.mProf_Malloc$1" -> "runtime.setprofilebucket";
          "runtime.mProf_NextCycle" -> "(*runtime.mProfCycleHolder).increment";
          "runtime.mProf_PostSweep" -> "(*runtime.mProfCycleHolder).read";
          "runtime.mProf_PostSweep" -> "runtime.lock";
          "runtime.mProf_PostSweep" -> "runtime.lock";
          "runtime.mProf_PostSweep" -> "runtime.mProf_FlushLocked";
          "runtime.mProf_PostSweep" -> "runtime.unlock";
          "runtime.mProf_PostSweep" -> "runtime.unlock";
          "runtime.mReserveID" -> "runtime.assertLockHeld";
          "runtime.mReserveID" -> "runtime.checkmcount";
          "runtime.mReserveID" -> "runtime.throw";
          "runtime.madvise" -> "internal/abi.FuncPCABI0";
          "runtime.madvise" -> "runtime.KeepAlive";
          "runtime.madvise" -> "runtime.libcCall";
          "runtime.makeAddrRange" -> "runtime.throw";
          "runtime.makeSpanClass" -> "runtime.bool2int";
          "runtime.malg" -> "runtime.round2";
          "runtime.malg" -> "runtime.systemstack";
          "runtime.malg$1" -> "runtime.stackalloc";
          "runtime.mallocgc" -> "(*internal/abi.Type).Pointers";
          "runtime.mallocgc" -> "(*internal/abi.Type).Pointers";
          "runtime.mallocgc" -> "runtime.asanpoison";
          "runtime.mallocgc" -> "runtime.asanunpoison";
          "runtime.mallocgc" -> "runtime.deductAssistCredit";
          "runtime.mallocgc" -> "runtime.getg";
          "runtime.mallocgc" -> "runtime.heapBitsInSpan";
          "runtime.mallocgc" -> "runtime.heapBitsInSpan";
          "runtime.mallocgc" -> "runtime.lockRankMayQueueFinalizer";
          "runtime.mallocgc" -> "runtime.mallocgcLarge";
          "runtime.mallocgc" -> "runtime.mallocgcSmallNoscan";
          "runtime.mallocgc" -> "runtime.mallocgcSmallScanHeader";
          "runtime.mallocgc" -> "runtime.mallocgcSmallScanNoHeader";
          "runtime.mallocgc" -> "runtime.mallocgcTiny";
          "runtime.mallocgc" -> "runtime.msanmalloc";
          "runtime.mallocgc" -> "runtime.postMallocgcDebug";
          "runtime.mallocgc" -> "runtime.preMallocgcDebug";
          "runtime.mallocgc" -> "runtime.racemalloc";
          "runtime.mallocgc" -> "runtime.redZoneSize";
          "runtime.mallocgc" -> "runtime.throw";
          "runtime.mallocgcLarge" -> "(*internal/abi.Type).Pointers";
          "runtime.mallocgcLarge" -> "(*internal/abi.Type).Pointers";
          "runtime.mallocgcLarge" -> "(*runtime.mcache).allocLarge";
          "runtime.mallocgcLarge" -> "(*runtime.mspan).base";
          "runtime.mallocgcLarge" -> "(runtime.gcTrigger).test";
          "runtime.mallocgcLarge" -> "runtime.acquirem";
          "runtime.mallocgcLarge" -> "runtime.acquirem";
          "runtime.mallocgcLarge" -> "runtime.gcStart";
          "runtime.mallocgcLarge" -> "runtime.gcmarknewobject";
          "runtime.mallocgcLarge" -> "runtime.getMCache";
          "runtime.mallocgcLarge" -> "runtime.getMCache";
          "runtime.mallocgcLarge" -> "runtime.getg";
          "runtime.mallocgcLarge" -> "runtime.heapSetTypeLarge";
          "runtime.mallocgcLarge" -> "runtime.memclrNoHeapPointersChunked";
          "runtime.mallocgcLarge" -> "runtime.profilealloc";
          "runtime.mallocgcLarge" -> "runtime.publicationBarrier";
          "runtime.mallocgcLarge" -> "runtime.publicationBarrier";
          "runtime.mallocgcLarge" -> "runtime.releasem";
          "runtime.mallocgcLarge" -> "runtime.releasem";
          "runtime.mallocgcLarge" -> "runtime.throw";
          "runtime.mallocgcLarge" -> "runtime.throw";
          "runtime.mallocgcSmallNoscan" -> "(*internal/abi.Type).Pointers";
          "runtime.mallocgcSmallNoscan" -> "(*runtime.mcache).nextFree";
          "runtime.mallocgcSmallNoscan" -> "(runtime.gcTrigger).test";
          "runtime.mallocgcSmallNoscan" -> "runtime.acquirem";
          "runtime.mallocgcSmallNoscan" -> "runtime.divRoundUp";
          "runtime.mallocgcSmallNoscan" -> "runtime.divRoundUp";
          "runtime.mallocgcSmallNoscan" -> "runtime.gcStart";
          "runtime.mallocgcSmallNoscan" -> "runtime.gcmarknewobject";
          "runtime.mallocgcSmallNoscan" -> "runtime.getMCache";
          "runtime.mallocgcSmallNoscan" -> "runtime.getg";
          "runtime.mallocgcSmallNoscan" -> "runtime.makeSpanClass";
          "runtime.mallocgcSmallNoscan" -> "runtime.memclrNoHeapPointers";
          "runtime.mallocgcSmallNoscan" -> "runtime.nextFreeFast";
          "runtime.mallocgcSmallNoscan" -> "runtime.profilealloc";
          "runtime.mallocgcSmallNoscan" -> "runtime.publicationBarrier";
          "runtime.mallocgcSmallNoscan" -> "runtime.releasem";
          "runtime.mallocgcSmallNoscan" -> "runtime.throw";
          "runtime.mallocgcSmallNoscan" -> "runtime.throw";
          "runtime.mallocgcSmallNoscan" -> "runtime.throw";
          "runtime.mallocgcSmallScanHeader" -> "(*internal/abi.Type).Pointers";
          "runtime.mallocgcSmallScanHeader" -> "(*runtime.mcache).nextFree";
          "runtime.mallocgcSmallScanHeader" -> "(runtime.gcTrigger).test";
          "runtime.mallocgcSmallScanHeader" -> "runtime.acquirem";
          "runtime.mallocgcSmallScanHeader" -> "runtime.add";
          "runtime.mallocgcSmallScanHeader" -> "runtime.divRoundUp";
          "runtime.mallocgcSmallScanHeader" -> "runtime.divRoundUp";
          "runtime.mallocgcSmallScanHeader" -> "runtime.gcStart";
          "runtime.mallocgcSmallScanHeader" -> "runtime.gcmarknewobject";
          "runtime.mallocgcSmallScanHeader" -> "runtime.getMCache";
          "runtime.mallocgcSmallScanHeader" -> "runtime.getg";
          "runtime.mallocgcSmallScanHeader" -> "runtime.heapBitsInSpan";
          "runtime.mallocgcSmallScanHeader" -> "runtime.heapSetTypeSmallHeader";
          "runtime.mallocgcSmallScanHeader" -> "runtime.makeSpanClass";
          "runtime.mallocgcSmallScanHeader" -> "runtime.memclrNoHeapPointers";
          "runtime.mallocgcSmallScanHeader" -> "runtime.nextFreeFast";
          "runtime.mallocgcSmallScanHeader" -> "runtime.profilealloc";
          "runtime.mallocgcSmallScanHeader" -> "runtime.publicationBarrier";
          "runtime.mallocgcSmallScanHeader" -> "runtime.releasem";
          "runtime.mallocgcSmallScanHeader" -> "runtime.throw";
          "runtime.mallocgcSmallScanHeader" -> "runtime.throw";
          "runtime.mallocgcSmallScanHeader" -> "runtime.throw";
          "runtime.mallocgcSmallScanHeader" -> "runtime.throw";
          "runtime.mallocgcSmallScanNoHeader" -> "(*internal/abi.Type).Pointers";
          "runtime.mallocgcSmallScanNoHeader" -> "(*runtime.mcache).nextFree";
          "runtime.mallocgcSmallScanNoHeader" -> "(runtime.gcTrigger).test";
          "runtime.mallocgcSmallScanNoHeader" -> "runtime.acquirem";
          "runtime.mallocgcSmallScanNoHeader" -> "runtime.divRoundUp";
          "runtime.mallocgcSmallScanNoHeader" -> "runtime.gcStart";
          "runtime.mallocgcSmallScanNoHeader" -> "runtime.gcmarknewobject";
          "runtime.mallocgcSmallScanNoHeader" -> "runtime.getMCache";
          "runtime.mallocgcSmallScanNoHeader" -> "runtime.getg";
          "runtime.mallocgcSmallScanNoHeader" -> "runtime.heapBitsInSpan";
          "runtime.mallocgcSmallScanNoHeader" -> "runtime.heapSetTypeNoHeader";
          "runtime.mallocgcSmallScanNoHeader" -> "runtime.makeSpanClass";
          "runtime.mallocgcSmallScanNoHeader" -> "runtime.memclrNoHeapPointers";
          "runtime.mallocgcSmallScanNoHeader" -> "runtime.nextFreeFast";
          "runtime.mallocgcSmallScanNoHeader" -> "runtime.profilealloc";
          "runtime.mallocgcSmallScanNoHeader" -> "runtime.publicationBarrier";
          "runtime.mallocgcSmallScanNoHeader" -> "runtime.releasem";
          "runtime.mallocgcSmallScanNoHeader" -> "runtime.throw";
          "runtime.mallocgcSmallScanNoHeader" -> "runtime.throw";
          "runtime.mallocgcSmallScanNoHeader" -> "runtime.throw";
          "runtime.mallocgcSmallScanNoHeader" -> "runtime.throw";
          "runtime.mallocgcTiny" -> "(*internal/abi.Type).Pointers";
          "runtime.mallocgcTiny" -> "(*runtime.mcache).nextFree";
          "runtime.mallocgcTiny" -> "(runtime.gcTrigger).test";
          "runtime.mallocgcTiny" -> "runtime.acquirem";
          "runtime.mallocgcTiny" -> "runtime.add";
          "runtime.mallocgcTiny" -> "runtime.alignUp";
          "runtime.mallocgcTiny" -> "runtime.alignUp";
          "runtime.mallocgcTiny" -> "runtime.alignUp";
          "runtime.mallocgcTiny" -> "runtime.alignUp";
          "runtime.mallocgcTiny" -> "runtime.gcStart";
          "runtime.mallocgcTiny" -> "runtime.gcmarknewobject";
          "runtime.mallocgcTiny" -> "runtime.getMCache";
          "runtime.mallocgcTiny" -> "runtime.getg";
          "runtime.mallocgcTiny" -> "runtime.nextFreeFast";
          "runtime.mallocgcTiny" -> "runtime.profilealloc";
          "runtime.mallocgcTiny" -> "runtime.publicationBarrier";
          "runtime.mallocgcTiny" -> "runtime.releasem";
          "runtime.mallocgcTiny" -> "runtime.releasem";
          "runtime.mallocgcTiny" -> "runtime.throw";
          "runtime.mallocgcTiny" -> "runtime.throw";
          "runtime.mallocgcTiny" -> "runtime.throw";
          "runtime.markroot" -> "(*internal/runtime/atomic.Int64).Add";
          "runtime.markroot" -> "internal/runtime/atomic.Load";
          "runtime.markroot" -> "runtime.activeModules";
          "runtime.markroot" -> "runtime.activeModules";
          "runtime.markroot" -> "runtime.gcFlushBgCredit";
          "runtime.markroot" -> "runtime.markrootBlock";
          "runtime.markroot" -> "runtime.markrootBlock";
          "runtime.markroot" -> "runtime.markrootSpans";
          "runtime.markroot" -> "runtime.printlock";
          "runtime.markroot" -> "runtime.readgstatus";
          "runtime.markroot" -> "runtime.scanblock";
          "runtime.markroot" -> "runtime.systemstack";
          "runtime.markroot" -> "runtime.systemstack";
          "runtime.markroot" -> "runtime.throw";
          "runtime.markroot$1" -> "runtime.casGToWaitingForSuspendG";
          "runtime.markroot$1" -> "runtime.casgstatus";
          "runtime.markroot$1" -> "runtime.getg";
          "runtime.markroot$1" -> "runtime.readgstatus";
          "runtime.markroot$1" -> "runtime.resumeG";
          "runtime.markroot$1" -> "runtime.scanstack";
          "runtime.markroot$1" -> "runtime.suspendG";
          "runtime.markroot$1" -> "runtime.throw";
          "runtime.markrootBlock" -> "runtime.add";
          "runtime.markrootBlock" -> "runtime.scanblock";
          "runtime.markrootBlock" -> "runtime.throw";
          "runtime.markrootFreeGStacks" -> "(*runtime.gList).empty";
          "runtime.markrootFreeGStacks" -> "(*runtime.gList).pushAll";
          "runtime.markrootFreeGStacks" -> "(*runtime.guintptr).set";
          "runtime.markrootFreeGStacks" -> "(runtime.guintptr).ptr";
          "runtime.markrootFreeGStacks" -> "(runtime.guintptr).ptr";
          "runtime.markrootFreeGStacks" -> "runtime.lock";
          "runtime.markrootFreeGStacks" -> "runtime.lock";
          "runtime.markrootFreeGStacks" -> "runtime.stackfree";
          "runtime.markrootFreeGStacks" -> "runtime.unlock";
          "runtime.markrootFreeGStacks" -> "runtime.unlock";
          "runtime.markrootSpans" -> "(*runtime.mSpanStateBox).get";
          "runtime.markrootSpans" -> "(*runtime.mspan).base";
          "runtime.markrootSpans" -> "(runtime.arenaIdx).l1";
          "runtime.markrootSpans" -> "(runtime.arenaIdx).l2";
          "runtime.markrootSpans" -> "(runtime.spanClass).noscan";
          "runtime.markrootSpans" -> "internal/runtime/atomic.Load8";
          "runtime.markrootSpans" -> "runtime.lock";
          "runtime.markrootSpans" -> "runtime.scanblock";
          "runtime.markrootSpans" -> "runtime.scanblock";
          "runtime.markrootSpans" -> "runtime.scanblock";
          "runtime.markrootSpans" -> "runtime.scanobject";
          "runtime.markrootSpans" -> "runtime.throw";
          "runtime.markrootSpans" -> "runtime.throw";
          "runtime.markrootSpans" -> "runtime.unlock";
          "runtime.mcommoninit" -> "runtime.atomicstorep";
          "runtime.mcommoninit" -> "runtime.callers";
          "runtime.mcommoninit" -> "runtime.getg";
          "runtime.mcommoninit" -> "runtime.lock";
          "runtime.mcommoninit" -> "runtime.mProfStackInit";
          "runtime.mcommoninit" -> "runtime.mReserveID";
          "runtime.mcommoninit" -> "runtime.mpreinit";
          "runtime.mcommoninit" -> "runtime.mrandinit";
          "runtime.mcommoninit" -> "runtime.unlock";
          "runtime.memclrNoHeapPointersChunked" -> "runtime.getg";
          "runtime.memclrNoHeapPointersChunked" -> "runtime.goschedguarded";
          "runtime.memclrNoHeapPointersChunked" -> "runtime.memclrNoHeapPointers";
          "runtime.mergeSummaries" -> "(runtime.pallocSum).unpack";
          "runtime.mergeSummaries" -> "(runtime.pallocSum).unpack";
          "runtime.mergeSummaries" -> "runtime.packPallocSum";
          "runtime.mget" -> "(runtime.muintptr).ptr";
          "runtime.mget" -> "runtime.assertLockHeld";
          "runtime.mlock" -> "internal/abi.FuncPCABI0";
          "runtime.mlock" -> "runtime.KeepAlive";
          "runtime.mlock" -> "runtime.libcCall";
          "runtime.mmap" -> "internal/abi.FuncPCABI0";
          "runtime.mmap" -> "runtime.libcCall";
          "runtime.mpreinit" -> "runtime.malg";
          "runtime.mpreinit" -> "runtime.mlock";
          "runtime.mput" -> "(*runtime.muintptr).set";
          "runtime.mput" -> "runtime.assertLockHeld";
          "runtime.mput" -> "runtime.checkdead";
          "runtime.mrandinit" -> "(*internal/chacha8rand.State).Init64";
          "runtime.mrandinit" -> "runtime.bootstrapRand";
          "runtime.mrandinit" -> "runtime.bootstrapRandReseed";
          "runtime.mrandinit" -> "runtime.rand";
          "runtime.msanfree" -> "runtime.throw";
          "runtime.msanmalloc" -> "runtime.throw";
          "runtime.msanread" -> "runtime.throw";
          "runtime.msanwrite" -> "runtime.throw";
          "runtime.mspinning" -> "runtime.getg";
          "runtime.munmap" -> "internal/abi.FuncPCABI0";
          "runtime.munmap" -> "runtime.KeepAlive";
          "runtime.munmap" -> "runtime.libcCall";
          "runtime.mutexevent" -> "internal/runtime/atomic.Load64";
          "runtime.mutexevent" -> "runtime.cheaprand64";
          "runtime.mutexevent" -> "runtime.saveblockevent";
          "runtime.nanotime" -> "runtime.nanotime1";
          "runtime.nanotime1" -> "internal/abi.FuncPCABI0";
          "runtime.nanotime1" -> "runtime.libcCall";
          "runtime.netpoll" -> "(*internal/runtime/atomic.Uint32).Store";
          "runtime.netpoll" -> "(*internal/runtime/atomic.Uintptr).Load";
          "runtime.netpoll" -> "(*runtime.pollDesc).setEventErr";
          "runtime.netpoll" -> "(*runtime.timespec).setNsec";
          "runtime.netpoll" -> "(runtime.taggedPointer).pointer";
          "runtime.netpoll" -> "(runtime.taggedPointer).tag";
          "runtime.netpoll" -> "runtime.isWakeup";
          "runtime.netpoll" -> "runtime.kevent";
          "runtime.netpoll" -> "runtime.netpollready";
          "runtime.netpoll" -> "runtime.processWakeupEvent";
          "runtime.netpoll" -> "runtime.throw";
          "runtime.netpollAdjustWaiters" -> "(*internal/runtime/atomic.Uint32).Add";
          "runtime.netpollAnyWaiters" -> "(*internal/runtime/atomic.Uint32).Load";
          "runtime.netpollBreak" -> "(*internal/runtime/atomic.Uint32).CompareAndSwap";
          "runtime.netpollBreak" -> "runtime.wakeNetpoll";
          "runtime.netpollGenericInit" -> "(*internal/runtime/atomic.Uint32).Load";
          "runtime.netpollGenericInit" -> "(*internal/runtime/atomic.Uint32).Load";
          "runtime.netpollGenericInit" -> "(*internal/runtime/atomic.Uint32).Store";
          "runtime.netpollGenericInit" -> "runtime.lock";
          "runtime.netpollGenericInit" -> "runtime.lockInit";
          "runtime.netpollGenericInit" -> "runtime.lockInit";
          "runtime.netpollGenericInit" -> "runtime.netpollinit";
          "runtime.netpollGenericInit" -> "runtime.unlock";
          "runtime.netpollinit" -> "runtime.addWakeupEvent";
          "runtime.netpollinit" -> "runtime.closeonexec";
          "runtime.netpollinit" -> "runtime.kqueue";
          "runtime.netpollinit" -> "runtime.throw";
          "runtime.netpollinited" -> "(*internal/runtime/atomic.Uint32).Load";
          "runtime.netpollready" -> "(*runtime.gList).push";
          "runtime.netpollready" -> "(*runtime.gList).push";
          "runtime.netpollready" -> "runtime.netpollunblock";
          "runtime.netpollready" -> "runtime.netpollunblock";
          "runtime.netpollunblock" -> "(*internal/runtime/atomic.Uintptr).CompareAndSwap";
          "runtime.netpollunblock" -> "(*internal/runtime/atomic.Uintptr).Load";
          "runtime.newAllocBits" -> "runtime.newMarkBits";
          "runtime.newArenaMayUnlock" -> "runtime.lock";
          "runtime.newArenaMayUnlock" -> "runtime.memclrNoHeapPointers";
          "runtime.newArenaMayUnlock" -> "runtime.sysAlloc";
          "runtime.newArenaMayUnlock" -> "runtime.throw";
          "runtime.newArenaMayUnlock" -> "runtime.unlock";
          "runtime.newBucket" -> "runtime.persistentalloc";
          "runtime.newBucket" -> "runtime.throw";
          "runtime.newInlineUnwinder" -> "(*runtime.inlineUnwinder).resolveInternal";
          "runtime.newInlineUnwinder" -> "runtime.funcdata";
          "runtime.newMarkBits" -> "(*runtime.gcBitsArena).tryAlloc";
          "runtime.newMarkBits" -> "(*runtime.gcBitsArena).tryAlloc";
          "runtime.newMarkBits" -> "(*runtime.gcBitsArena).tryAlloc";
          "runtime.newMarkBits" -> "(*runtime.gcBitsArena).tryAlloc";
          "runtime.newMarkBits" -> "internal/runtime/atomic.Loadp";
          "runtime.newMarkBits" -> "internal/runtime/atomic.StorepNoWB";
          "runtime.newMarkBits" -> "runtime.lock";
          "runtime.newMarkBits" -> "runtime.newArenaMayUnlock";
          "runtime.newMarkBits" -> "runtime.throw";
          "runtime.newMarkBits" -> "runtime.unlock";
          "runtime.newMarkBits" -> "runtime.unlock";
          "runtime.newMarkBits" -> "runtime.unlock";
          "runtime.newm" -> "(*runtime.muintptr).set";
          "runtime.newm" -> "(*runtime.puintptr).set";
          "runtime.newm" -> "runtime.acquirem";
          "runtime.newm" -> "runtime.allocm";
          "runtime.newm" -> "runtime.getg";
          "runtime.newm" -> "runtime.getg";
          "runtime.newm" -> "runtime.getg";
          "runtime.newm" -> "runtime.lock";
          "runtime.newm" -> "runtime.newm1";
          "runtime.newm" -> "runtime.notewakeup";
          "runtime.newm" -> "runtime.releasem";
          "runtime.newm" -> "runtime.releasem";
          "runtime.newm" -> "runtime.throw";
          "runtime.newm" -> "runtime.unlock";
          "runtime.newm1" -> "(*runtime.guintptr).set";
          "runtime.newm1" -> "(*runtime.rwmutex).rlock";
          "runtime.newm1" -> "(*runtime.rwmutex).rlock";
          "runtime.newm1" -> "(*runtime.rwmutex).runlock";
          "runtime.newm1" -> "(*runtime.rwmutex).runlock";
          "runtime.newm1" -> "internal/abi.FuncPCABI0";
          "runtime.newm1" -> "runtime.asanwrite";
          "runtime.newm1" -> "runtime.asmcgocall";
          "runtime.newm1" -> "runtime.msanwrite";
          "runtime.newm1" -> "runtime.newosproc";
          "runtime.newm1" -> "runtime.throw";
          "runtime.newosproc" -> "runtime.exit";
          "runtime.newosproc" -> "runtime.exit";
          "runtime.newosproc" -> "runtime.exit";
          "runtime.newosproc" -> "runtime.exit";
          "runtime.newosproc" -> "runtime.pthread_attr_getstacksize";
          "runtime.newosproc" -> "runtime.pthread_attr_init";
          "runtime.newosproc" -> "runtime.pthread_attr_setdetachstate";
          "runtime.newosproc" -> "runtime.retryOnEAGAIN";
          "runtime.newosproc" -> "runtime.sigprocmask";
          "runtime.newosproc" -> "runtime.sigprocmask";
          "runtime.newosproc" -> "runtime.writeErrStr";
          "runtime.newosproc" -> "runtime.writeErrStr";
          "runtime.newosproc" -> "runtime.writeErrStr";
          "runtime.newosproc" -> "runtime.writeErrStr";
          "runtime.newosproc$1" -> "internal/abi.FuncPCABI0";
          "runtime.newosproc$1" -> "runtime.pthread_create";
          "runtime.nextFreeFast" -> "(*runtime.mspan).base";
          "runtime.nextFreeFast" -> "internal/runtime/sys.TrailingZeros64";
          "runtime.nextMarkBitArenaEpoch" -> "internal/runtime/atomic.StorepNoWB";
          "runtime.nextMarkBitArenaEpoch" -> "runtime.lock";
          "runtime.nextMarkBitArenaEpoch" -> "runtime.unlock";
          "runtime.nextSample" -> "runtime.fastexprand";
          "runtime.nextSample" -> "runtime.getg";
          "runtime.nextSample" -> "runtime.nextSampleNoFP";
          "runtime.nextSampleNoFP" -> "runtime.cheaprandn";
          "runtime.notesleep" -> "internal/runtime/atomic.Casuintptr";
          "runtime.notesleep" -> "internal/runtime/atomic.Loaduintptr";
          "runtime.notesleep" -> "runtime.asmcgocall";
          "runtime.notesleep" -> "runtime.getg";
          "runtime.notesleep" -> "runtime.semacreate";
          "runtime.notesleep" -> "runtime.semasleep";
          "runtime.notesleep" -> "runtime.semasleep";
          "runtime.notesleep" -> "runtime.throw";
          "runtime.notesleep" -> "runtime.throw";
          "runtime.notetsleep" -> "runtime.getg";
          "runtime.notetsleep" -> "runtime.notetsleep_internal";
          "runtime.notetsleep" -> "runtime.semacreate";
          "runtime.notetsleep" -> "runtime.throw";
          "runtime.notetsleep_internal" -> "internal/runtime/atomic.Casuintptr";
          "runtime.notetsleep_internal" -> "internal/runtime/atomic.Casuintptr";
          "runtime.notetsleep_internal" -> "internal/runtime/atomic.Loaduintptr";
          "runtime.notetsleep_internal" -> "runtime.asmcgocall";
          "runtime.notetsleep_internal" -> "runtime.asmcgocall";
          "runtime.notetsleep_internal" -> "runtime.getg";
          "runtime.notetsleep_internal" -> "runtime.nanotime";
          "runtime.notetsleep_internal" -> "runtime.nanotime";
          "runtime.notetsleep_internal" -> "runtime.semasleep";
          "runtime.notetsleep_internal" -> "runtime.semasleep";
          "runtime.notetsleep_internal" -> "runtime.semasleep";
          "runtime.notetsleep_internal" -> "runtime.semasleep";
          "runtime.notetsleep_internal" -> "runtime.throw";
          "runtime.notetsleep_internal" -> "runtime.throw";
          "runtime.notetsleep_internal" -> "runtime.throw";
          "runtime.notewakeup" -> "internal/runtime/atomic.Casuintptr";
          "runtime.notewakeup" -> "internal/runtime/atomic.Loaduintptr";
          "runtime.notewakeup" -> "runtime.semawakeup";
          "runtime.notewakeup" -> "runtime.throw";
          "runtime.osyield" -> "runtime.usleep";
          "runtime.pageIndexOf" -> "(runtime.arenaIdx).l1";
          "runtime.pageIndexOf" -> "(runtime.arenaIdx).l2";
          "runtime.pageIndexOf" -> "runtime.arenaIndex";
          "runtime.panicCheck2" -> "runtime.getg";
          "runtime.panicCheck2" -> "runtime.throw";
          "runtime.panicdivide" -> "runtime.panicCheck2";
          "runtime.panicfloat" -> "runtime.panicCheck2";
          "runtime.panicmem" -> "runtime.panicCheck2";
          "runtime.panicmemAddr" -> "runtime.panicCheck2";
          "runtime.panicoverflow" -> "runtime.panicCheck2";
          "runtime.park_m" -> "(*runtime.synctestGroup).decActive";
          "runtime.park_m" -> "(*runtime.synctestGroup).decActive";
          "runtime.park_m" -> "(*runtime.synctestGroup).incActive";
          "runtime.park_m" -> "(runtime.traceLocker).GoPark";
          "runtime.park_m" -> "(runtime.traceLocker).GoUnpark";
          "runtime.park_m" -> "(runtime.traceLocker).ok";
          "runtime.park_m" -> "(runtime.traceLocker).ok";
          "runtime.park_m" -> "(runtime.traceLocker).ok";
          "runtime.park_m" -> "runtime.casgstatus";
          "runtime.park_m" -> "runtime.casgstatus";
          "runtime.park_m" -> "runtime.dropg";
          "runtime.park_m" -> "runtime.execute";
          "runtime.park_m" -> "runtime.finalizercommit";
          "runtime.park_m" -> "runtime.gcBgMarkWorker$1";
          "runtime.park_m" -> "runtime.getg";
          "runtime.park_m" -> "runtime.parkunlock_c";
          "runtime.park_m" -> "runtime.schedule";
          "runtime.park_m" -> "runtime.traceAcquire";
          "runtime.park_m" -> "runtime.traceAcquire";
          "runtime.park_m" -> "runtime.traceRelease";
          "runtime.park_m" -> "runtime.traceRelease";
          "runtime.parkunlock_c" -> "runtime.unlock";
          "runtime.pcdatastart" -> "runtime.add";
          "runtime.pcdatavalue" -> "runtime.pcdatastart";
          "runtime.pcdatavalue" -> "runtime.pcvalue";
          "runtime.pcdatavalue1" -> "runtime.pcdatastart";
          "runtime.pcdatavalue1" -> "runtime.pcvalue";
          "runtime.pcdatavalue2" -> "runtime.pcdatastart";
          "runtime.pcdatavalue2" -> "runtime.pcvalue";
          "runtime.pcvalue" -> "(*internal/runtime/atomic.Uint32).Load";
          "runtime.pcvalue" -> "(*internal/runtime/atomic.Uint32).Load";
          "runtime.pcvalue" -> "(runtime.funcInfo).entry";
          "runtime.pcvalue" -> "(runtime.funcInfo).entry";
          "runtime.pcvalue" -> "(runtime.funcInfo).entry";
          "runtime.pcvalue" -> "(runtime.funcInfo).entry";
          "runtime.pcvalue" -> "(runtime.funcInfo).entry";
          "runtime.pcvalue" -> "(runtime.funcInfo).valid";
          "runtime.pcvalue" -> "runtime.acquirem";
          "runtime.pcvalue" -> "runtime.acquirem";
          "runtime.pcvalue" -> "runtime.cheaprandn";
          "runtime.pcvalue" -> "runtime.funcname";
          "runtime.pcvalue" -> "runtime.pcvalueCacheKey";
          "runtime.pcvalue" -> "runtime.releasem";
          "runtime.pcvalue" -> "runtime.releasem";
          "runtime.pcvalue" -> "runtime.releasem";
          "runtime.pcvalue" -> "runtime.step";
          "runtime.pcvalue" -> "runtime.step";
          "runtime.pcvalue" -> "runtime.throw";
          "runtime.pcvalue" -> "runtime.throw";
          "runtime.pcvalue" -> "runtime.throw";
          "runtime.pcvalue" -> "runtime.throw";
          "runtime.persistentalloc" -> "runtime.systemstack";
          "runtime.persistentalloc$1" -> "runtime.persistentalloc1";
          "runtime.persistentalloc1" -> "(*runtime.notInHeap).add";
          "runtime.persistentalloc1" -> "(*runtime.sysMemStat).add";
          "runtime.persistentalloc1" -> "(*runtime.sysMemStat).add";
          "runtime.persistentalloc1" -> "(runtime.puintptr).ptr";
          "runtime.persistentalloc1" -> "internal/runtime/atomic.Casuintptr";
          "runtime.persistentalloc1" -> "runtime.acquirem";
          "runtime.persistentalloc1" -> "runtime.alignUp";
          "runtime.persistentalloc1" -> "runtime.alignUp";
          "runtime.persistentalloc1" -> "runtime.lock";
          "runtime.persistentalloc1" -> "runtime.releasem";
          "runtime.persistentalloc1" -> "runtime.sysAlloc";
          "runtime.persistentalloc1" -> "runtime.sysAlloc";
          "runtime.persistentalloc1" -> "runtime.throw";
          "runtime.persistentalloc1" -> "runtime.throw";
          "runtime.persistentalloc1" -> "runtime.throw";
          "runtime.persistentalloc1" -> "runtime.throw";
          "runtime.persistentalloc1" -> "runtime.unlock";
          "runtime.persistentalloc1" -> "runtime.unlock";
          "runtime.pidleget" -> "(*internal/runtime/atomic.Int32).Add";
          "runtime.pidleget" -> "(*runtime.limiterEvent).stop";
          "runtime.pidleget" -> "(runtime.pMask).clear";
          "runtime.pidleget" -> "(runtime.pMask).set";
          "runtime.pidleget" -> "(runtime.puintptr).ptr";
          "runtime.pidleget" -> "runtime.assertLockHeld";
          "runtime.pidleget" -> "runtime.nanotime";
          "runtime.pidlegetSpinning" -> "(*internal/runtime/atomic.Uint32).Store";
          "runtime.pidlegetSpinning" -> "runtime.assertLockHeld";
          "runtime.pidlegetSpinning" -> "runtime.pidleget";
          "runtime.pidleput" -> "(*internal/runtime/atomic.Int32).Add";
          "runtime.pidleput" -> "(*internal/runtime/atomic.Uint32).Load";
          "runtime.pidleput" -> "(*runtime.limiterEvent).start";
          "runtime.pidleput" -> "(*runtime.puintptr).set";
          "runtime.pidleput" -> "(runtime.pMask).clear";
          "runtime.pidleput" -> "(runtime.pMask).set";
          "runtime.pidleput" -> "runtime.assertLockHeld";
          "runtime.pidleput" -> "runtime.nanotime";
          "runtime.pidleput" -> "runtime.runqempty";
          "runtime.pidleput" -> "runtime.throw";
          "runtime.pidleput" -> "runtime.throw";
          "runtime.pkgPath" -> "(internal/abi.Name).Data";
          "runtime.pkgPath" -> "(internal/abi.Name).Data";
          "runtime.pkgPath" -> "(internal/abi.Name).Data";
          "runtime.pkgPath" -> "(internal/abi.Name).Name";
          "runtime.pkgPath" -> "(internal/abi.Name).ReadVarint";
          "runtime.pkgPath" -> "(internal/abi.Name).ReadVarint";
          "runtime.pkgPath" -> "runtime.resolveNameOff";
          "runtime.pollFractionalWorkerExit" -> "(runtime.puintptr).ptr";
          "runtime.pollFractionalWorkerExit" -> "runtime.getg";
          "runtime.pollFractionalWorkerExit" -> "runtime.nanotime";
          "runtime.pollWork" -> "(*internal/runtime/atomic.Int64).Load";
          "runtime.pollWork" -> "(*runtime.gList).empty";
          "runtime.pollWork" -> "(runtime.puintptr).ptr";
          "runtime.pollWork" -> "runtime.getg";
          "runtime.pollWork" -> "runtime.injectglist";
          "runtime.pollWork" -> "runtime.netpoll";
          "runtime.pollWork" -> "runtime.netpollAdjustWaiters";
          "runtime.pollWork" -> "runtime.netpollAnyWaiters";
          "runtime.pollWork" -> "runtime.netpollinited";
          "runtime.pollWork" -> "runtime.runqempty";
          "runtime.postMallocgcDebug" -> "(runtime.traceLocker).HeapObjectAlloc";
          "runtime.postMallocgcDebug" -> "(runtime.traceLocker).ok";
          "runtime.postMallocgcDebug" -> "runtime.getg";
          "runtime.postMallocgcDebug" -> "runtime.traceAcquire";
          "runtime.postMallocgcDebug" -> "runtime.traceAllocFreeEnabled";
          "runtime.postMallocgcDebug" -> "runtime.traceRelease";
          "runtime.preMallocgcDebug" -> "runtime.getg";
          "runtime.preMallocgcDebug" -> "runtime.persistentalloc";
          "runtime.preemptM" -> "(*internal/runtime/atomic.Int32).Add";
          "runtime.preemptM" -> "(*internal/runtime/atomic.Uint32).CompareAndSwap";
          "runtime.preemptM" -> "(*runtime.rwmutex).rlock";
          "runtime.preemptM" -> "(*runtime.rwmutex).runlock";
          "runtime.preemptM" -> "runtime.signalM";
          "runtime.preemptall" -> "runtime.preemptone";
          "runtime.preemptone" -> "(runtime.muintptr).ptr";
          "runtime.preemptone" -> "runtime.getg";
          "runtime.preemptone" -> "runtime.preemptM";
          "runtime.prepareFreeWorkbufs" -> "(*runtime.mSpanList).takeAll";
          "runtime.prepareFreeWorkbufs" -> "runtime.lock";
          "runtime.prepareFreeWorkbufs" -> "runtime.throw";
          "runtime.prepareFreeWorkbufs" -> "runtime.unlock";
          "runtime.printAncestorTraceback" -> "(runtime.funcInfo).srcFunc";
          "runtime.printAncestorTraceback" -> "(runtime.funcInfo).srcFunc";
          "runtime.printAncestorTraceback" -> "(runtime.funcInfo).valid";
          "runtime.printAncestorTraceback" -> "runtime.findfunc";
          "runtime.printAncestorTraceback" -> "runtime.findfunc";
          "runtime.printAncestorTraceback" -> "runtime.printAncestorTracebackFuncInfo";
          "runtime.printAncestorTraceback" -> "runtime.printcreatedby1";
          "runtime.printAncestorTraceback" -> "runtime.showfuncinfo";
          "runtime.printAncestorTraceback" -> "runtime.showfuncinfo";
          "runtime.printAncestorTracebackFuncInfo" -> "(*runtime.inlineUnwinder).fileLine";
          "runtime.printAncestorTracebackFuncInfo" -> "(*runtime.inlineUnwinder).srcFunc";
          "runtime.printAncestorTracebackFuncInfo" -> "(runtime.funcInfo).entry";
          "runtime.printAncestorTracebackFuncInfo" -> "(runtime.funcInfo).entry";
          "runtime.printAncestorTracebackFuncInfo" -> "(runtime.srcFunc).name";
          "runtime.printAncestorTracebackFuncInfo" -> "runtime.newInlineUnwinder";
          "runtime.printAncestorTracebackFuncInfo" -> "runtime.printFuncName";
          "runtime.printArgs" -> "runtime.funcdata";
          "runtime.printArgs" -> "runtime.funcdata";
          "runtime.printArgs" -> "runtime.pcdatavalue";
          "runtime.printArgs" -> "runtime.printArgs$2";
          "runtime.printArgs" -> "runtime.printArgs$3";
          "runtime.printArgs" -> "runtime.printArgs$3";
          "runtime.printArgs" -> "runtime.printArgs$3";
          "runtime.printArgs" -> "runtime.printArgs$3";
          "runtime.printArgs$1" -> "runtime.add";
          "runtime.printArgs$2" -> "runtime.add";
          "runtime.printArgs$2" -> "runtime.printArgs$1";
          "runtime.printArgs$2" -> "runtime.readUnaligned64";
          "runtime.printCgoTraceback" -> "runtime.callCgoSymbolizer";
          "runtime.printCgoTraceback" -> "runtime.printOneCgoTraceback";
          "runtime.printDebugLog" -> "runtime.printDebugLogImpl";
          "runtime.printDebugLogImpl" -> "(*runtime.debugLogReader).header";
          "runtime.printDebugLogImpl" -> "(*runtime.debugLogReader).peek";
          "runtime.printDebugLogImpl" -> "(*runtime.debugLogReader).peek";
          "runtime.printDebugLogImpl" -> "(*runtime.debugLogReader).printVal";
          "runtime.printDebugLogImpl" -> "internal/runtime/atomic.Loaduintptr";
          "runtime.printDebugLogImpl" -> "runtime.itoaDiv";
          "runtime.printDebugLogImpl" -> "runtime.noescape";
          "runtime.printDebugLogImpl" -> "runtime.printlock";
          "runtime.printDebugLogImpl" -> "runtime.printunlock";
          "runtime.printDebugLogImpl" -> "runtime.printunlock";
          "runtime.printDebugLogImpl" -> "runtime.printunlock";
          "runtime.printDebugLogImpl" -> "runtime.slicebytetostringtmp";
          "runtime.printDebugLogImpl" -> "runtime.sysAllocOS";
          "runtime.printDebugLogPC" -> "(runtime.funcInfo).entry";
          "runtime.printDebugLogPC" -> "(runtime.funcInfo).entry";
          "runtime.printDebugLogPC" -> "(runtime.funcInfo).valid";
          "runtime.printDebugLogPC" -> "(runtime.funcInfo).valid";
          "runtime.printDebugLogPC" -> "runtime.findfunc";
          "runtime.printDebugLogPC" -> "runtime.funcline";
          "runtime.printDebugLogPC" -> "runtime.funcname";
          "runtime.printFuncName" -> "runtime.funcNamePiecesForPrint";
          "runtime.printOneCgoTraceback" -> "runtime.callCgoSymbolizer";
          "runtime.printOneCgoTraceback" -> "runtime.gostringnocopy";
          "runtime.printOneCgoTraceback" -> "runtime.gostringnocopy";
          "runtime.printOneCgoTraceback" -> "runtime.printCgoTraceback$1";
          "runtime.printOneCgoTraceback" -> "runtime.traceback2$1";
          "runtime.printScavTrace" -> "(*runtime.sysMemStat).load";
          "runtime.printScavTrace" -> "(*runtime.sysMemStat).load";
          "runtime.printScavTrace" -> "runtime.assertLockHeld";
          "runtime.printScavTrace" -> "runtime.heapRetained";
          "runtime.printScavTrace" -> "runtime.printlock";
          "runtime.printScavTrace" -> "runtime.printunlock";
          "runtime.printcreatedby" -> "(runtime.funcInfo).srcFunc";
          "runtime.printcreatedby" -> "(runtime.funcInfo).valid";
          "runtime.printcreatedby" -> "runtime.findfunc";
          "runtime.printcreatedby" -> "runtime.printcreatedby1";
          "runtime.printcreatedby" -> "runtime.showframe";
          "runtime.printcreatedby1" -> "(runtime.funcInfo).entry";
          "runtime.printcreatedby1" -> "(runtime.funcInfo).entry";
          "runtime.printcreatedby1" -> "(runtime.funcInfo).entry";
          "runtime.printcreatedby1" -> "runtime.funcline";
          "runtime.printcreatedby1" -> "runtime.funcname";
          "runtime.printcreatedby1" -> "runtime.printFuncName";
          "runtime.printindented" -> "internal/bytealg.IndexByteString";
          "runtime.printlock" -> "runtime.getg";
          "runtime.printlock" -> "runtime.lock";
          "runtime.printunlock" -> "runtime.getg";
          "runtime.printunlock" -> "runtime.unlock";
          "runtime.processWakeupEvent" -> "runtime.wakeNetpoll";
          "runtime.procresize" -> "(*runtime.gcCPULimiterState).resetCapacity";
          "runtime.procresize" -> "(*runtime.mcache).prepareForSweep";
          "runtime.procresize" -> "(*runtime.muintptr).set";
          "runtime.procresize" -> "(*runtime.p).destroy";
          "runtime.procresize" -> "(*runtime.p).init";
          "runtime.procresize" -> "(*runtime.puintptr).set";
          "runtime.procresize" -> "(*runtime.randomOrder).reset";
          "runtime.procresize" -> "(runtime.puintptr).ptr";
          "runtime.procresize" -> "(runtime.puintptr).ptr";
          "runtime.procresize" -> "(runtime.puintptr).ptr";
          "runtime.procresize" -> "(runtime.puintptr).ptr";
          "runtime.procresize" -> "(runtime.puintptr).ptr";
          "runtime.procresize" -> "(runtime.puintptr).ptr";
          "runtime.procresize" -> "(runtime.traceLocker).GoSched";
          "runtime.procresize" -> "(runtime.traceLocker).GoStart";
          "runtime.procresize" -> "(runtime.traceLocker).Gomaxprocs";
          "runtime.procresize" -> "(runtime.traceLocker).ProcStop";
          "runtime.procresize" -> "(runtime.traceLocker).ok";
          "runtime.procresize" -> "(runtime.traceLocker).ok";
          "runtime.procresize" -> "(runtime.traceLocker).ok";
          "runtime.procresize" -> "internal/runtime/atomic.Store";
          "runtime.procresize" -> "runtime.acquirep";
          "runtime.procresize" -> "runtime.assertLockHeld";
          "runtime.procresize" -> "runtime.assertWorldStopped";
          "runtime.procresize" -> "runtime.atomicstorep";
          "runtime.procresize" -> "runtime.getg";
          "runtime.procresize" -> "runtime.lock";
          "runtime.procresize" -> "runtime.lock";
          "runtime.procresize" -> "runtime.mget";
          "runtime.procresize" -> "runtime.nanotime";
          "runtime.procresize" -> "runtime.pidleput";
          "runtime.procresize" -> "runtime.runqempty";
          "runtime.procresize" -> "runtime.throw";
          "runtime.procresize" -> "runtime.traceAcquire";
          "runtime.procresize" -> "runtime.traceAcquire";
          "runtime.procresize" -> "runtime.traceAcquire";
          "runtime.procresize" -> "runtime.traceRelease";
          "runtime.procresize" -> "runtime.traceRelease";
          "runtime.procresize" -> "runtime.traceRelease";
          "runtime.procresize" -> "runtime.unlock";
          "runtime.procresize" -> "runtime.unlock";
          "runtime.profilealloc" -> "runtime.getMCache";
          "runtime.profilealloc" -> "runtime.mProf_Malloc";
          "runtime.profilealloc" -> "runtime.nextSample";
          "runtime.profilealloc" -> "runtime.throw";
          "runtime.pthread_attr_getstacksize" -> "internal/abi.FuncPCABI0";
          "runtime.pthread_attr_getstacksize" -> "runtime.KeepAlive";
          "runtime.pthread_attr_getstacksize" -> "runtime.KeepAlive";
          "runtime.pthread_attr_getstacksize" -> "runtime.libcCall";
          "runtime.pthread_attr_init" -> "internal/abi.FuncPCABI0";
          "runtime.pthread_attr_init" -> "runtime.KeepAlive";
          "runtime.pthread_attr_init" -> "runtime.libcCall";
          "runtime.pthread_attr_setdetachstate" -> "internal/abi.FuncPCABI0";
          "runtime.pthread_attr_setdetachstate" -> "runtime.KeepAlive";
          "runtime.pthread_attr_setdetachstate" -> "runtime.libcCall";
          "runtime.pthread_cond_init" -> "internal/abi.FuncPCABI0";
          "runtime.pthread_cond_init" -> "runtime.KeepAlive";
          "runtime.pthread_cond_init" -> "runtime.KeepAlive";
          "runtime.pthread_cond_init" -> "runtime.libcCall";
          "runtime.pthread_cond_signal" -> "internal/abi.FuncPCABI0";
          "runtime.pthread_cond_signal" -> "runtime.KeepAlive";
          "runtime.pthread_cond_signal" -> "runtime.libcCall";
          "runtime.pthread_cond_timedwait_relative_np" -> "internal/abi.FuncPCABI0";
          "runtime.pthread_cond_timedwait_relative_np" -> "runtime.KeepAlive";
          "runtime.pthread_cond_timedwait_relative_np" -> "runtime.KeepAlive";
          "runtime.pthread_cond_timedwait_relative_np" -> "runtime.KeepAlive";
          "runtime.pthread_cond_timedwait_relative_np" -> "runtime.libcCall";
          "runtime.pthread_cond_wait" -> "internal/abi.FuncPCABI0";
          "runtime.pthread_cond_wait" -> "runtime.KeepAlive";
          "runtime.pthread_cond_wait" -> "runtime.KeepAlive";
          "runtime.pthread_cond_wait" -> "runtime.libcCall";
          "runtime.pthread_create" -> "internal/abi.FuncPCABI0";
          "runtime.pthread_create" -> "runtime.KeepAlive";
          "runtime.pthread_create" -> "runtime.KeepAlive";
          "runtime.pthread_create" -> "runtime.libcCall";
          "runtime.pthread_kill" -> "internal/abi.FuncPCABI0";
          "runtime.pthread_kill" -> "runtime.libcCall";
          "runtime.pthread_mutex_init" -> "internal/abi.FuncPCABI0";
          "runtime.pthread_mutex_init" -> "runtime.KeepAlive";
          "runtime.pthread_mutex_init" -> "runtime.KeepAlive";
          "runtime.pthread_mutex_init" -> "runtime.libcCall";
          "runtime.pthread_mutex_lock" -> "internal/abi.FuncPCABI0";
          "runtime.pthread_mutex_lock" -> "runtime.KeepAlive";
          "runtime.pthread_mutex_lock" -> "runtime.libcCall";
          "runtime.pthread_mutex_unlock" -> "internal/abi.FuncPCABI0";
          "runtime.pthread_mutex_unlock" -> "runtime.KeepAlive";
          "runtime.pthread_mutex_unlock" -> "runtime.libcCall";
          "runtime.putempty" -> "(*runtime.lfstack).push";
          "runtime.putempty" -> "(*runtime.workbuf).checkempty";
          "runtime.putfull" -> "(*runtime.lfstack).push";
          "runtime.putfull" -> "(*runtime.workbuf).checknonempty";
          "runtime.queuefinalizer" -> "(*internal/runtime/atomic.Uint32).Or";
          "runtime.queuefinalizer" -> "internal/runtime/atomic.Xadd";
          "runtime.queuefinalizer" -> "runtime.lock";
          "runtime.queuefinalizer" -> "runtime.persistentalloc";
          "runtime.queuefinalizer" -> "runtime.throw";
          "runtime.queuefinalizer" -> "runtime.throw";
          "runtime.queuefinalizer" -> "runtime.unlock";
          "runtime.raceacquire" -> "runtime.throw";
          "runtime.raceacquirectx" -> "runtime.throw";
          "runtime.racectxend" -> "runtime.throw";
          "runtime.racefingo" -> "runtime.throw";
          "runtime.racefree" -> "runtime.throw";
          "runtime.racegostart" -> "runtime.throw";
          "runtime.racemalloc" -> "runtime.throw";
          "runtime.racemapshadow" -> "runtime.throw";
          "runtime.raceproccreate" -> "runtime.throw";
          "runtime.raceprocdestroy" -> "runtime.throw";
          "runtime.racereadrangepc" -> "runtime.throw";
          "runtime.racerelease" -> "runtime.throw";
          "runtime.racereleasemerge" -> "runtime.throw";
          "runtime.racereleasemergeg" -> "runtime.throw";
          "runtime.raise" -> "internal/abi.FuncPCABI0";
          "runtime.raise" -> "runtime.libcCall";
          "runtime.raiseproc" -> "internal/abi.FuncPCABI0";
          "runtime.raiseproc" -> "runtime.libcCall";
          "runtime.rand" -> "(*internal/chacha8rand.State).Next";
          "runtime.rand" -> "(*internal/chacha8rand.State).Refill";
          "runtime.rand" -> "runtime.getg";
          "runtime.randn" -> "runtime.rand";
          "runtime.rawstring" -> "runtime.mallocgc";
          "runtime.readUintptr" -> "internal/runtime/sys.Bswap32";
          "runtime.readUintptr" -> "internal/runtime/sys.Bswap64";
          "runtime.readgstatus" -> "(*internal/runtime/atomic.Uint32).Load";
          "runtime.ready" -> "(runtime.puintptr).ptr";
          "runtime.ready" -> "(runtime.traceLocker).GoUnpark";
          "runtime.ready" -> "(runtime.traceLocker).ok";
          "runtime.ready" -> "runtime.acquirem";
          "runtime.ready" -> "runtime.casgstatus";
          "runtime.ready" -> "runtime.dumpgstatus";
          "runtime.ready" -> "runtime.readgstatus";
          "runtime.ready" -> "runtime.releasem";
          "runtime.ready" -> "runtime.runqput";
          "runtime.ready" -> "runtime.throw";
          "runtime.ready" -> "runtime.traceAcquire";
          "runtime.ready" -> "runtime.traceRelease";
          "runtime.ready" -> "runtime.wakep";
          "runtime.readyWithTime" -> "runtime.cputicks";
          "runtime.readyWithTime" -> "runtime.goready";
          "runtime.recordForPanic" -> "(*internal/runtime/atomic.Uint32).Load";
          "runtime.recordForPanic" -> "runtime.printlock";
          "runtime.recordForPanic" -> "runtime.printunlock";
          "runtime.reentersyscall" -> "(*internal/runtime/atomic.Bool).Load";
          "runtime.reentersyscall" -> "(*internal/runtime/atomic.Bool).Load";
          "runtime.reentersyscall" -> "(*runtime.puintptr).set";
          "runtime.reentersyscall" -> "(runtime.puintptr).ptr";
          "runtime.reentersyscall" -> "(runtime.puintptr).ptr";
          "runtime.reentersyscall" -> "(runtime.puintptr).ptr";
          "runtime.reentersyscall" -> "(runtime.traceLocker).ok";
          "runtime.reentersyscall" -> "internal/runtime/atomic.Store";
          "runtime.reentersyscall" -> "runtime.casgstatus";
          "runtime.reentersyscall" -> "runtime.getg";
          "runtime.reentersyscall" -> "runtime.save";
          "runtime.reentersyscall" -> "runtime.save";
          "runtime.reentersyscall" -> "runtime.save";
          "runtime.reentersyscall" -> "runtime.save";
          "runtime.reentersyscall" -> "runtime.save";
          "runtime.reentersyscall" -> "runtime.save";
          "runtime.reentersyscall" -> "runtime.systemstack";
          "runtime.reentersyscall" -> "runtime.systemstack";
          "runtime.reentersyscall" -> "runtime.systemstack";
          "runtime.reentersyscall" -> "runtime.systemstack";
          "runtime.reentersyscall" -> "runtime.systemstack";
          "runtime.reentersyscall" -> "runtime.systemstack";
          "runtime.reentersyscall" -> "runtime.traceAcquire";
          "runtime.reentersyscall$1" -> "runtime.throw";
          "runtime.reentersyscall$2" -> "runtime.throw";
          "runtime.reentersyscall$3" -> "(runtime.traceLocker).GoSysCall";
          "runtime.reentersyscall$3" -> "runtime.traceRelease";
          "runtime.reflectOffsLock" -> "runtime.lock";
          "runtime.reflectOffsLock" -> "runtime.raceacquire";
          "runtime.reflectOffsUnlock" -> "runtime.racerelease";
          "runtime.reflectOffsUnlock" -> "runtime.unlock";
          "runtime.releaseLockRankAndM" -> "runtime.getg";
          "runtime.releaseLockRankAndM" -> "runtime.releasem";
          "runtime.releaseSudog" -> "(runtime.puintptr).ptr";
          "runtime.releaseSudog" -> "runtime.acquirem";
          "runtime.releaseSudog" -> "runtime.getg";
          "runtime.releaseSudog" -> "runtime.lock";
          "runtime.releaseSudog" -> "runtime.releasem";
          "runtime.releaseSudog" -> "runtime.throw";
          "runtime.releaseSudog" -> "runtime.throw";
          "runtime.releaseSudog" -> "runtime.throw";
          "runtime.releaseSudog" -> "runtime.throw";
          "runtime.releaseSudog" -> "runtime.throw";
          "runtime.releaseSudog" -> "runtime.throw";
          "runtime.releaseSudog" -> "runtime.throw";
          "runtime.releaseSudog" -> "runtime.unlock";
          "runtime.releasem" -> "runtime.getg";
          "runtime.releasep" -> "(runtime.puintptr).ptr";
          "runtime.releasep" -> "(runtime.traceLocker).ProcStop";
          "runtime.releasep" -> "(runtime.traceLocker).ok";
          "runtime.releasep" -> "runtime.getg";
          "runtime.releasep" -> "runtime.releasepNoTrace";
          "runtime.releasep" -> "runtime.traceAcquire";
          "runtime.releasep" -> "runtime.traceRelease";
          "runtime.releasepNoTrace" -> "(runtime.muintptr).ptr";
          "runtime.releasepNoTrace" -> "(runtime.puintptr).ptr";
          "runtime.releasepNoTrace" -> "(runtime.puintptr).ptr";
          "runtime.releasepNoTrace" -> "runtime.getg";
          "runtime.releasepNoTrace" -> "runtime.throw";
          "runtime.releasepNoTrace" -> "runtime.throw";
          "runtime.removefinalizer" -> "(*runtime.fixalloc).free";
          "runtime.removefinalizer" -> "runtime.lock";
          "runtime.removefinalizer" -> "runtime.removespecial";
          "runtime.removefinalizer" -> "runtime.unlock";
          "runtime.removespecial" -> "(*runtime.mspan).base";
          "runtime.removespecial" -> "(*runtime.mspan).ensureSwept";
          "runtime.removespecial" -> "(*runtime.mspan).specialFindSplicePoint";
          "runtime.removespecial" -> "runtime.acquirem";
          "runtime.removespecial" -> "runtime.lock";
          "runtime.removespecial" -> "runtime.releasem";
          "runtime.removespecial" -> "runtime.spanHasNoSpecials";
          "runtime.removespecial" -> "runtime.spanOfHeap";
          "runtime.removespecial" -> "runtime.throw";
          "runtime.removespecial" -> "runtime.unlock";
          "runtime.resetspinning" -> "(*internal/runtime/atomic.Int32).Add";
          "runtime.resetspinning" -> "runtime.getg";
          "runtime.resetspinning" -> "runtime.throw";
          "runtime.resetspinning" -> "runtime.throw";
          "runtime.resetspinning" -> "runtime.wakep";
          "runtime.resolveNameOff" -> "runtime.reflectOffsLock";
          "runtime.resolveNameOff" -> "runtime.reflectOffsUnlock";
          "runtime.resolveNameOff" -> "runtime.throw";
          "runtime.resolveNameOff" -> "runtime.throw";
          "runtime.resolveTypeOff" -> "runtime.reflectOffsLock";
          "runtime.resolveTypeOff" -> "runtime.reflectOffsUnlock";
          "runtime.resolveTypeOff" -> "runtime.throw";
          "runtime.resolveTypeOff" -> "runtime.throw";
          "runtime.resumeG" -> "runtime.casfrom_Gscanstatus";
          "runtime.resumeG" -> "runtime.dumpgstatus";
          "runtime.resumeG" -> "runtime.readgstatus";
          "runtime.resumeG" -> "runtime.ready";
          "runtime.resumeG" -> "runtime.throw";
          "runtime.retryOnEAGAIN" -> "runtime.newosproc$1";
          "runtime.retryOnEAGAIN" -> "runtime.usleep_no_g";
          "runtime.runPerThreadSyscall" -> "runtime.throw";
          "runtime.runSafePointFn" -> "(runtime.puintptr).ptr";
          "runtime.runSafePointFn" -> "internal/runtime/atomic.Cas";
          "runtime.runSafePointFn" -> "runtime.gcMarkDone$1";
          "runtime.runSafePointFn" -> "runtime.gcMarkTermination$4";
          "runtime.runSafePointFn" -> "runtime.getg";
          "runtime.runSafePointFn" -> "runtime.lock";
          "runtime.runSafePointFn" -> "runtime.notewakeup";
          "runtime.runSafePointFn" -> "runtime.unlock";
          "runtime.runfinq" -> "(*internal/runtime/atomic.Uint32).And";
          "runtime.runfinq" -> "(*internal/runtime/atomic.Uint32).And";
          "runtime.runfinq" -> "(*internal/runtime/atomic.Uint32).Or";
          "runtime.runfinq" -> "(*internal/runtime/atomic.Uint32).Or";
          "runtime.runfinq" -> "(*runtime.mLockProfile).captureStack$1";
          "runtime.runfinq" -> "(*runtime.mheap).alloc$1";
          "runtime.runfinq" -> "(*runtime.mheap).freeSpan$1";
          "runtime.runfinq" -> "(*runtime.mspan).setUserArenaChunkToFault$1";
          "runtime.runfinq" -> "(*runtime.p).destroy$1";
          "runtime.runfinq" -> "(*runtime.pageAlloc).scavenge$1";
          "runtime.runfinq" -> "(*runtime.rwmutex).rlock$1";
          "runtime.runfinq" -> "(*runtime.sweepLocked).sweep$1";
          "runtime.runfinq" -> "(*runtime.traceStringTable).put$1";
          "runtime.runfinq" -> "(runtime.traceWriter).refill$1";
          "runtime.runfinq" -> "internal/poll.runtime_pollServerInit";
          "runtime.runfinq" -> "internal/runtime/atomic.Store";
          "runtime.runfinq" -> "internal/runtime/atomic.Store";
          "runtime.runfinq" -> "reflect.embeddedIfaceMethStub";
          "runtime.runfinq" -> "reflect.makeFuncStub";
          "runtime.runfinq" -> "reflect.methodValueCall";
          "runtime.runfinq" -> "runtime.SetFinalizer$1";
          "runtime.runfinq" -> "runtime.SetFinalizer$2";
          "runtime.runfinq" -> "runtime._ExternalCode";
          "runtime.runfinq" -> "runtime._GC";
          "runtime.runfinq" -> "runtime._LostContendedRuntimeLock";
          "runtime.runfinq" -> "runtime._LostExternalCode";
          "runtime.runfinq" -> "runtime._LostSIGPROFDuringAtomic64";
          "runtime.runfinq" -> "runtime._System";
          "runtime.runfinq" -> "runtime._VDSO";
          "runtime.runfinq" -> "runtime.allocm$1";
          "runtime.runfinq" -> "runtime.allocmcache$1";
          "runtime.runfinq" -> "runtime.assertE2I";
          "runtime.runfinq" -> "runtime.asyncPreempt";
          "runtime.runfinq" -> "runtime.callers$1";
          "runtime.runfinq" -> "runtime.casgstatus$1";
          "runtime.runfinq" -> "runtime.casgstatus$2";
          "runtime.runfinq" -> "runtime.casgstatus$3";
          "runtime.runfinq" -> "runtime.cgoCheckPtrWrite$1";
          "runtime.runfinq" -> "runtime.cgoSigtramp";
          "runtime.runfinq" -> "runtime.doRecordGoroutineProfile$1";
          "runtime.runfinq" -> "runtime.entersyscall_gcwait";
          "runtime.runfinq" -> "runtime.entersyscall_sysmon";
          "runtime.runfinq" -> "runtime.exit_trampoline";
          "runtime.runfinq" -> "runtime.exitsyscall$1";
          "runtime.runfinq" -> "runtime.exitsyscall$2";
          "runtime.runfinq" -> "runtime.exitsyscallfast$1";
          "runtime.runfinq" -> "runtime.exitsyscallfast_reacquired$1";
          "runtime.runfinq" -> "runtime.fatal$1";
          "runtime.runfinq" -> "runtime.fatalthrow$1";
          "runtime.runfinq" -> "runtime.fcntl_trampoline";
          "runtime.runfinq" -> "runtime.forEachP$1";
          "runtime.runfinq" -> "runtime.freeSomeWbufs$1";
          "runtime.runfinq" -> "runtime.freeStackSpans";
          "runtime.runfinq" -> "runtime.freemcache$1";
          "runtime.runfinq" -> "runtime.gcAssistAlloc$1";
          "runtime.runfinq" -> "runtime.gcAssistAlloc$2";
          "runtime.runfinq" -> "runtime.gcBgMarkWorker$2";
          "runtime.runfinq" -> "runtime.gcControllerCommit";
          "runtime.runfinq" -> "runtime.gcMarkDone$2";
          "runtime.runfinq" -> "runtime.gcMarkDone$3";
          "runtime.runfinq" -> "runtime.gcMarkDone$4";
          "runtime.runfinq" -> "runtime.gcMarkTermination$1";
          "runtime.runfinq" -> "runtime.gcMarkTermination$2";
          "runtime.runfinq" -> "runtime.gcMarkTermination$3";
          "runtime.runfinq" -> "runtime.gcMarkTermination$4$1";
          "runtime.runfinq" -> "runtime.gcMarkTermination$5";
          "runtime.runfinq" -> "runtime.gcResetMarkState";
          "runtime.runfinq" -> "runtime.gcStart$1";
          "runtime.runfinq" -> "runtime.gcStart$2";
          "runtime.runfinq" -> "runtime.gcStart$3";
          "runtime.runfinq" -> "runtime.gcStart$4";
          "runtime.runfinq" -> "runtime.getGCMaskOnDemand$1";
          "runtime.runfinq" -> "runtime.getempty$1";
          "runtime.runfinq" -> "runtime.getg";
          "runtime.runfinq" -> "runtime.gopark";
          "runtime.runfinq" -> "runtime.goready$1";
          "runtime.runfinq" -> "runtime.kevent_trampoline";
          "runtime.runfinq" -> "runtime.kqueue_trampoline";
          "runtime.runfinq" -> "runtime.lock";
          "runtime.runfinq" -> "runtime.lock";
          "runtime.runfinq" -> "runtime.lock";
          "runtime.runfinq" -> "runtime.mProf_Malloc$1";
          "runtime.runfinq" -> "runtime.madvise_trampoline";
          "runtime.runfinq" -> "runtime.malg$1";
          "runtime.runfinq" -> "runtime.mallocgc";
          "runtime.runfinq" -> "runtime.markroot$1";
          "runtime.runfinq" -> "runtime.markrootFreeGStacks";
          "runtime.runfinq" -> "runtime.mlock_trampoline";
          "runtime.runfinq" -> "runtime.mmap_trampoline";
          "runtime.runfinq" -> "runtime.mspinning";
          "runtime.runfinq" -> "runtime.mstart";
          "runtime.runfinq" -> "runtime.mstart_stub";
          "runtime.runfinq" -> "runtime.munmap_trampoline";
          "runtime.runfinq" -> "runtime.nanotime_trampoline";
          "runtime.runfinq" -> "runtime.osyield";
          "runtime.runfinq" -> "runtime.persistentalloc$1";
          "runtime.runfinq" -> "runtime.printArgs$3";
          "runtime.runfinq" -> "runtime.pthread_attr_getstacksize_trampoline";
          "runtime.runfinq" -> "runtime.pthread_attr_init_trampoline";
          "runtime.runfinq" -> "runtime.pthread_attr_setdetachstate_trampoline";
          "runtime.runfinq" -> "runtime.pthread_cond_init_trampoline";
          "runtime.runfinq" -> "runtime.pthread_cond_signal_trampoline";
          "runtime.runfinq" -> "runtime.pthread_cond_timedwait_relative_np_trampoline";
          "runtime.runfinq" -> "runtime.pthread_cond_wait_trampoline";
          "runtime.runfinq" -> "runtime.pthread_create_trampoline";
          "runtime.runfinq" -> "runtime.pthread_kill_trampoline";
          "runtime.runfinq" -> "runtime.pthread_mutex_init_trampoline";
          "runtime.runfinq" -> "runtime.pthread_mutex_lock_trampoline";
          "runtime.runfinq" -> "runtime.pthread_mutex_unlock_trampoline";
          "runtime.runfinq" -> "runtime.racefingo";
          "runtime.runfinq" -> "runtime.raise_trampoline";
          "runtime.runfinq" -> "runtime.raiseproc_trampoline";
          "runtime.runfinq" -> "runtime.reentersyscall$1";
          "runtime.runfinq" -> "runtime.reentersyscall$2";
          "runtime.runfinq" -> "runtime.reentersyscall$3";
          "runtime.runfinq" -> "runtime.reflectcall";
          "runtime.runfinq" -> "runtime.runSafePointFn";
          "runtime.runfinq" -> "runtime.sigaction_trampoline";
          "runtime.runfinq" -> "runtime.sigpanic";
          "runtime.runfinq" -> "runtime.sigprocmask_trampoline";
          "runtime.runfinq" -> "runtime.sigtramp";
          "runtime.runfinq" -> "runtime.startTheWorld$1";
          "runtime.runfinq" -> "runtime.stopTheWorld$1";
          "runtime.runfinq" -> "runtime.sweepone$1";
          "runtime.runfinq" -> "runtime.throw";
          "runtime.runfinq" -> "runtime.throw";
          "runtime.runfinq" -> "runtime.throw$1";
          "runtime.runfinq" -> "runtime.traceThreadDestroy$1";
          "runtime.runfinq" -> "runtime.unlock";
          "runtime.runfinq" -> "runtime.unlock";
          "runtime.runfinq" -> "runtime.unlock";
          "runtime.runfinq" -> "runtime.unreachableMethod";
          "runtime.runfinq" -> "runtime.usleep_trampoline";
          "runtime.runfinq" -> "runtime.walltime_trampoline";
          "runtime.runfinq" -> "runtime.wbBufFlush$1";
          "runtime.runfinq" -> "runtime.wirep$1";
          "runtime.runfinq" -> "runtime.wirep$2";
          "runtime.runfinq" -> "runtime.write_trampoline";
          "runtime.runfinq" -> "syscall.copyenv";
          "runtime.runfinq" -> "syscall.libc_close_trampoline";
          "runtime.runfinq" -> "syscall.libc_closedir_trampoline";
          "runtime.runfinq" -> "syscall.libc_dup_trampoline";
          "runtime.runfinq" -> "syscall.libc_fchdir_trampoline";
          "runtime.runfinq" -> "syscall.libc_fchmod_trampoline";
          "runtime.runfinq" -> "syscall.libc_fchown_trampoline";
          "runtime.runfinq" -> "syscall.libc_fcntl_trampoline";
          "runtime.runfinq" -> "syscall.libc_fdopendir_trampoline";
          "runtime.runfinq" -> "syscall.libc_fstat_trampoline";
          "runtime.runfinq" -> "syscall.libc_fsync_trampoline";
          "runtime.runfinq" -> "syscall.libc_ftruncate_trampoline";
          "runtime.runfinq" -> "syscall.libc_getsockopt_trampoline";
          "runtime.runfinq" -> "syscall.libc_lseek_trampoline";
          "runtime.runfinq" -> "syscall.libc_open_trampoline";
          "runtime.runfinq" -> "syscall.libc_openat_trampoline";
          "runtime.runfinq" -> "syscall.libc_pread_trampoline";
          "runtime.runfinq" -> "syscall.libc_pwrite_trampoline";
          "runtime.runfinq" -> "syscall.libc_read_trampoline";
          "runtime.runfinq" -> "syscall.libc_readdir_r_trampoline";
          "runtime.runfinq" -> "syscall.libc_recvfrom_trampoline";
          "runtime.runfinq" -> "syscall.libc_recvmsg_trampoline";
          "runtime.runfinq" -> "syscall.libc_sendmsg_trampoline";
          "runtime.runfinq" -> "syscall.libc_sendto_trampoline";
          "runtime.runfinq" -> "syscall.libc_setsockopt_trampoline";
          "runtime.runfinq" -> "syscall.libc_shutdown_trampoline";
          "runtime.runfinq" -> "syscall.libc_write_trampoline";
          "runtime.runfinq" -> "time.FixedZone$1";
          "runtime.runfinq" -> "time.initLocal";
          "runtime.runqdrain" -> "(*runtime.gQueue).pushBack";
          "runtime.runqdrain" -> "(*runtime.gQueue).pushBack";
          "runtime.runqdrain" -> "(*runtime.guintptr).cas";
          "runtime.runqdrain" -> "(runtime.guintptr).ptr";
          "runtime.runqdrain" -> "(runtime.guintptr).ptr";
          "runtime.runqdrain" -> "internal/runtime/atomic.CasRel";
          "runtime.runqdrain" -> "internal/runtime/atomic.LoadAcq";
          "runtime.runqempty" -> "internal/runtime/atomic.Load";
          "runtime.runqempty" -> "internal/runtime/atomic.Load";
          "runtime.runqempty" -> "internal/runtime/atomic.Load";
          "runtime.runqempty" -> "internal/runtime/atomic.Loaduintptr";
          "runtime.runqget" -> "(*runtime.guintptr).cas";
          "runtime.runqget" -> "(runtime.guintptr).ptr";
          "runtime.runqget" -> "(runtime.guintptr).ptr";
          "runtime.runqget" -> "internal/runtime/atomic.CasRel";
          "runtime.runqget" -> "internal/runtime/atomic.LoadAcq";
          "runtime.runqgrab" -> "(*runtime.guintptr).cas";
          "runtime.runqgrab" -> "internal/runtime/atomic.CasRel";
          "runtime.runqgrab" -> "internal/runtime/atomic.LoadAcq";
          "runtime.runqgrab" -> "internal/runtime/atomic.LoadAcq";
          "runtime.runqgrab" -> "runtime.osyield";
          "runtime.runqgrab" -> "runtime.usleep";
          "runtime.runqput" -> "(*runtime.guintptr).cas";
          "runtime.runqput" -> "(*runtime.guintptr).set";
          "runtime.runqput" -> "(runtime.guintptr).ptr";
          "runtime.runqput" -> "internal/runtime/atomic.LoadAcq";
          "runtime.runqput" -> "internal/runtime/atomic.StoreRel";
          "runtime.runqput" -> "runtime.randn";
          "runtime.runqput" -> "runtime.runqputslow";
          "runtime.runqputbatch" -> "(*runtime.gQueue).empty";
          "runtime.runqputbatch" -> "(*runtime.gQueue).empty";
          "runtime.runqputbatch" -> "(*runtime.gQueue).pop";
          "runtime.runqputbatch" -> "(*runtime.guintptr).set";
          "runtime.runqputbatch" -> "internal/runtime/atomic.LoadAcq";
          "runtime.runqputbatch" -> "internal/runtime/atomic.StoreRel";
          "runtime.runqputbatch" -> "runtime.cheaprandn";
          "runtime.runqputbatch" -> "runtime.globrunqputbatch";
          "runtime.runqputbatch" -> "runtime.lock";
          "runtime.runqputbatch" -> "runtime.runqputbatch$1";
          "runtime.runqputbatch" -> "runtime.runqputbatch$1";
          "runtime.runqputbatch" -> "runtime.runqputbatch$1";
          "runtime.runqputbatch" -> "runtime.runqputbatch$1";
          "runtime.runqputbatch" -> "runtime.unlock";
          "runtime.runqputslow" -> "(*runtime.guintptr).set";
          "runtime.runqputslow" -> "(*runtime.guintptr).set";
          "runtime.runqputslow" -> "(*runtime.guintptr).set";
          "runtime.runqputslow" -> "(runtime.guintptr).ptr";
          "runtime.runqputslow" -> "internal/runtime/atomic.CasRel";
          "runtime.runqputslow" -> "runtime.cheaprandn";
          "runtime.runqputslow" -> "runtime.globrunqputbatch";
          "runtime.runqputslow" -> "runtime.lock";
          "runtime.runqputslow" -> "runtime.throw";
          "runtime.runqputslow" -> "runtime.unlock";
          "runtime.runqsteal" -> "(runtime.guintptr).ptr";
          "runtime.runqsteal" -> "internal/runtime/atomic.LoadAcq";
          "runtime.runqsteal" -> "internal/runtime/atomic.StoreRel";
          "runtime.runqsteal" -> "runtime.runqgrab";
          "runtime.runqsteal" -> "runtime.throw";
          "runtime.save" -> "runtime.badctxt";
          "runtime.save" -> "runtime.getg";
          "runtime.save" -> "runtime.throw";
          "runtime.saveBlockEventStack" -> "(*runtime.bucket).bp";
          "runtime.saveBlockEventStack" -> "runtime.lock";
          "runtime.saveBlockEventStack" -> "runtime.stkbucket";
          "runtime.saveBlockEventStack" -> "runtime.unlock";
          "runtime.saveblockevent" -> "(*runtime.m).hasCgoOnStack";
          "runtime.saveblockevent" -> "runtime.acquirem";
          "runtime.saveblockevent" -> "runtime.callers";
          "runtime.saveblockevent" -> "runtime.fpTracebackPartialExpand";
          "runtime.saveblockevent" -> "runtime.fpTracebackPartialExpand";
          "runtime.saveblockevent" -> "runtime.gcallers";
          "runtime.saveblockevent" -> "runtime.getfp";
          "runtime.saveblockevent" -> "runtime.getg";
          "runtime.saveblockevent" -> "runtime.releasem";
          "runtime.saveblockevent" -> "runtime.saveBlockEventStack";
          "runtime.saveblockevent" -> "runtime.throw";
          "runtime.saveblockevent" -> "runtime.tracefpunwindoff";
          "runtime.saveg" -> "(*runtime.unwinder).initAt";
          "runtime.saveg" -> "runtime.makeProfStack";
          "runtime.saveg" -> "runtime.tracebackPCs";
          "runtime.scanConservative" -> "(*runtime.mspan).base";
          "runtime.scanConservative" -> "(*runtime.mspan).isFree";
          "runtime.scanConservative" -> "(*runtime.mspan).objIndex";
          "runtime.scanConservative" -> "(*runtime.stackScanState).putPtr";
          "runtime.scanConservative" -> "runtime.addb";
          "runtime.scanConservative" -> "runtime.greyobject";
          "runtime.scanConservative" -> "runtime.hexdumpWords";
          "runtime.scanConservative" -> "runtime.printlock";
          "runtime.scanConservative" -> "runtime.printunlock";
          "runtime.scanConservative" -> "runtime.spanOfHeap";
          "runtime.scanConservative" -> "runtime.throw";
          "runtime.scanConservative$1" -> "(*runtime.mspan).isFree";
          "runtime.scanConservative$1" -> "(*runtime.mspan).objIndex";
          "runtime.scanConservative$1" -> "runtime.addb";
          "runtime.scanConservative$1" -> "runtime.spanOfHeap";
          "runtime.scanblock" -> "(*runtime.stackScanState).putPtr";
          "runtime.scanblock" -> "runtime.addb";
          "runtime.scanblock" -> "runtime.findObject";
          "runtime.scanblock" -> "runtime.greyobject";
          "runtime.scanframeworker" -> "(*runtime.stackScanState).addObject";
          "runtime.scanframeworker" -> "(*runtime.stkframe).argBytes";
          "runtime.scanframeworker" -> "(*runtime.stkframe).getStackMap";
          "runtime.scanframeworker" -> "(runtime.funcInfo).valid";
          "runtime.scanframeworker" -> "(runtime.funcInfo).valid";
          "runtime.scanframeworker" -> "runtime.funcname";
          "runtime.scanframeworker" -> "runtime.funcname";
          "runtime.scanframeworker" -> "runtime.scanConservative";
          "runtime.scanframeworker" -> "runtime.scanConservative";
          "runtime.scanframeworker" -> "runtime.scanblock";
          "runtime.scanframeworker" -> "runtime.scanblock";
          "runtime.scanobject" -> "(*runtime.gcWork).put";
          "runtime.scanobject" -> "(*runtime.gcWork).putFast";
          "runtime.scanobject" -> "(*runtime.mspan).base";
          "runtime.scanobject" -> "(*runtime.mspan).base";
          "runtime.scanobject" -> "(*runtime.mspan).base";
          "runtime.scanobject" -> "(*runtime.mspan).base";
          "runtime.scanobject" -> "(*runtime.mspan).typePointersOfUnchecked";
          "runtime.scanobject" -> "(*runtime.mspan).typePointersOfUnchecked";
          "runtime.scanobject" -> "(runtime.spanClass).noscan";
          "runtime.scanobject" -> "(runtime.typePointers).fastForward";
          "runtime.scanobject" -> "(runtime.typePointers).next";
          "runtime.scanobject" -> "(runtime.typePointers).nextFast";
          "runtime.scanobject" -> "internal/runtime/sys.Prefetch";
          "runtime.scanobject" -> "runtime.findObject";
          "runtime.scanobject" -> "runtime.greyobject";
          "runtime.scanobject" -> "runtime.spanOfUnchecked";
          "runtime.scanobject" -> "runtime.throw";
          "runtime.scanobject" -> "runtime.throw";
          "runtime.scanstack" -> "(*runtime.stackObject).setRecord";
          "runtime.scanstack" -> "(*runtime.stackObjectRecord).gcdata";
          "runtime.scanstack" -> "(*runtime.stackScanState).buildIndex";
          "runtime.scanstack" -> "(*runtime.stackScanState).findObject";
          "runtime.scanstack" -> "(*runtime.stackScanState).getPtr";
          "runtime.scanstack" -> "(*runtime.stackScanState).putPtr";
          "runtime.scanstack" -> "(*runtime.unwinder).init";
          "runtime.scanstack" -> "(*runtime.unwinder).next";
          "runtime.scanstack" -> "(*runtime.unwinder).valid";
          "runtime.scanstack" -> "(runtime.puintptr).ptr";
          "runtime.scanstack" -> "runtime.getg";
          "runtime.scanstack" -> "runtime.getg";
          "runtime.scanstack" -> "runtime.isShrinkStackSafe";
          "runtime.scanstack" -> "runtime.printlock";
          "runtime.scanstack" -> "runtime.printunlock";
          "runtime.scanstack" -> "runtime.putempty";
          "runtime.scanstack" -> "runtime.readgstatus";
          "runtime.scanstack" -> "runtime.readgstatus";
          "runtime.scanstack" -> "runtime.readgstatus";
          "runtime.scanstack" -> "runtime.readgstatus";
          "runtime.scanstack" -> "runtime.readgstatus";
          "runtime.scanstack" -> "runtime.scanConservative";
          "runtime.scanstack" -> "runtime.scanblock";
          "runtime.scanstack" -> "runtime.scanblock";
          "runtime.scanstack" -> "runtime.scanblock";
          "runtime.scanstack" -> "runtime.scanblock";
          "runtime.scanstack" -> "runtime.scanblock";
          "runtime.scanstack" -> "runtime.scanframeworker";
          "runtime.scanstack" -> "runtime.shrinkstack";
          "runtime.scanstack" -> "runtime.throw";
          "runtime.scanstack" -> "runtime.throw";
          "runtime.scanstack" -> "runtime.throw";
          "runtime.scanstack" -> "runtime.throw";
          "runtime.scanstack" -> "runtime.throw";
          "runtime.schedEnableUser" -> "(*internal/runtime/atomic.Int32).Load";
          "runtime.schedEnableUser" -> "runtime.globrunqputbatch";
          "runtime.schedEnableUser" -> "runtime.lock";
          "runtime.schedEnableUser" -> "runtime.startm";
          "runtime.schedEnableUser" -> "runtime.unlock";
          "runtime.schedEnableUser" -> "runtime.unlock";
          "runtime.schedEnableUser" -> "runtime.unlock";
          "runtime.schedEnabled" -> "runtime.assertLockHeld";
          "runtime.schedEnabled" -> "runtime.isSystemGoroutine";
          "runtime.schedtrace" -> "(*internal/runtime/atomic.Bool).Load";
          "runtime.schedtrace" -> "(*internal/runtime/atomic.Bool).Load";
          "runtime.schedtrace" -> "(*internal/runtime/atomic.Int32).Load";
          "runtime.schedtrace" -> "(*internal/runtime/atomic.Int32).Load";
          "runtime.schedtrace" -> "(*internal/runtime/atomic.Uint32).Load";
          "runtime.schedtrace" -> "(runtime.guintptr).ptr";
          "runtime.schedtrace" -> "(runtime.muintptr).ptr";
          "runtime.schedtrace" -> "(runtime.puintptr).ptr";
          "runtime.schedtrace" -> "internal/runtime/atomic.Load";
          "runtime.schedtrace" -> "internal/runtime/atomic.Load";
          "runtime.schedtrace" -> "runtime.forEachG";
          "runtime.schedtrace" -> "runtime.lock";
          "runtime.schedtrace" -> "runtime.mcount";
          "runtime.schedtrace" -> "runtime.nanotime";
          "runtime.schedtrace" -> "runtime.unlock";
          "runtime.schedtrace" -> "runtime.unlock";
          "runtime.schedtrace$1" -> "(runtime.muintptr).ptr";
          "runtime.schedtrace$1" -> "(runtime.waitReason).String";
          "runtime.schedtrace$1" -> "runtime.readgstatus";
          "runtime.schedule" -> "(*internal/runtime/atomic.Bool).Load";
          "runtime.schedule" -> "(*runtime.gQueue).pushBack";
          "runtime.schedule" -> "(*runtime.m).clearAllpSnapshot";
          "runtime.schedule" -> "(runtime.guintptr).ptr";
          "runtime.schedule" -> "(runtime.puintptr).ptr";
          "runtime.schedule" -> "runtime.execute";
          "runtime.schedule" -> "runtime.execute";
          "runtime.schedule" -> "runtime.findRunnable";
          "runtime.schedule" -> "runtime.getg";
          "runtime.schedule" -> "runtime.lock";
          "runtime.schedule" -> "runtime.lock";
          "runtime.schedule" -> "runtime.lock";
          "runtime.schedule" -> "runtime.resetspinning";
          "runtime.schedule" -> "runtime.schedEnabled";
          "runtime.schedule" -> "runtime.schedEnabled";
          "runtime.schedule" -> "runtime.startlockedm";
          "runtime.schedule" -> "runtime.stoplockedm";
          "runtime.schedule" -> "runtime.throw";
          "runtime.schedule" -> "runtime.throw";
          "runtime.schedule" -> "runtime.throw";
          "runtime.schedule" -> "runtime.unlock";
          "runtime.schedule" -> "runtime.unlock";
          "runtime.schedule" -> "runtime.wakep";
          "runtime.semacquire" -> "runtime.semacquire1";
          "runtime.semacquire1" -> "(*internal/runtime/atomic.Uint32).Add";
          "runtime.semacquire1" -> "(*internal/runtime/atomic.Uint32).Add";
          "runtime.semacquire1" -> "(*runtime.semTable).rootFor";
          "runtime.semacquire1" -> "(*runtime.semaRoot).queue";
          "runtime.semacquire1" -> "runtime.acquireSudog";
          "runtime.semacquire1" -> "runtime.blockevent";
          "runtime.semacquire1" -> "runtime.cansemacquire";
          "runtime.semacquire1" -> "runtime.cansemacquire";
          "runtime.semacquire1" -> "runtime.cansemacquire";
          "runtime.semacquire1" -> "runtime.cputicks";
          "runtime.semacquire1" -> "runtime.cputicks";
          "runtime.semacquire1" -> "runtime.getg";
          "runtime.semacquire1" -> "runtime.goparkunlock";
          "runtime.semacquire1" -> "runtime.lockWithRank";
          "runtime.semacquire1" -> "runtime.releaseSudog";
          "runtime.semacquire1" -> "runtime.throw";
          "runtime.semacquire1" -> "runtime.unlock";
          "runtime.semacreate" -> "runtime.pthread_cond_init";
          "runtime.semacreate" -> "runtime.pthread_mutex_init";
          "runtime.semacreate" -> "runtime.throw";
          "runtime.semacreate" -> "runtime.throw";
          "runtime.semasleep" -> "(*runtime.timespec).setNsec";
          "runtime.semasleep" -> "runtime.getg";
          "runtime.semasleep" -> "runtime.nanotime";
          "runtime.semasleep" -> "runtime.nanotime";
          "runtime.semasleep" -> "runtime.pthread_cond_timedwait_relative_np";
          "runtime.semasleep" -> "runtime.pthread_cond_wait";
          "runtime.semasleep" -> "runtime.pthread_mutex_lock";
          "runtime.semasleep" -> "runtime.pthread_mutex_unlock";
          "runtime.semasleep" -> "runtime.pthread_mutex_unlock";
          "runtime.semasleep" -> "runtime.pthread_mutex_unlock";
          "runtime.semasleep" -> "runtime.throw";
          "runtime.semawakeup" -> "runtime.getg";
          "runtime.semawakeup" -> "runtime.pthread_cond_signal";
          "runtime.semawakeup" -> "runtime.pthread_mutex_lock";
          "runtime.semawakeup" -> "runtime.pthread_mutex_unlock";
          "runtime.semawakeup" -> "runtime.throw";
          "runtime.semrelease" -> "runtime.semrelease1";
          "runtime.semrelease1" -> "(*internal/runtime/atomic.Uint32).Add";
          "runtime.semrelease1" -> "(*internal/runtime/atomic.Uint32).Load";
          "runtime.semrelease1" -> "(*internal/runtime/atomic.Uint32).Load";
          "runtime.semrelease1" -> "(*runtime.semTable).rootFor";
          "runtime.semrelease1" -> "(*runtime.semaRoot).dequeue";
          "runtime.semrelease1" -> "internal/runtime/atomic.Xadd";
          "runtime.semrelease1" -> "runtime.cansemacquire";
          "runtime.semrelease1" -> "runtime.getg";
          "runtime.semrelease1" -> "runtime.goyield";
          "runtime.semrelease1" -> "runtime.lockWithRank";
          "runtime.semrelease1" -> "runtime.mutexevent";
          "runtime.semrelease1" -> "runtime.readyWithTime";
          "runtime.semrelease1" -> "runtime.throw";
          "runtime.semrelease1" -> "runtime.unlock";
          "runtime.semrelease1" -> "runtime.unlock";
          "runtime.setCheckmark" -> "(runtime.arenaIdx).l1";
          "runtime.setCheckmark" -> "(runtime.arenaIdx).l2";
          "runtime.setCheckmark" -> "(runtime.markBits).isMarked";
          "runtime.setCheckmark" -> "internal/runtime/atomic.Load8";
          "runtime.setCheckmark" -> "internal/runtime/atomic.Or8";
          "runtime.setCheckmark" -> "runtime.arenaIndex";
          "runtime.setCheckmark" -> "runtime.gcDumpObject";
          "runtime.setCheckmark" -> "runtime.gcDumpObject";
          "runtime.setCheckmark" -> "runtime.getg";
          "runtime.setCheckmark" -> "runtime.printlock";
          "runtime.setCheckmark" -> "runtime.throw";
          "runtime.setGCPhase" -> "internal/runtime/atomic.Store";
          "runtime.setGNoWB" -> "(*runtime.guintptr).set";
          "runtime.setMNoWB" -> "(*runtime.muintptr).set";
          "runtime.setThreadCPUProfiler" -> "runtime.setThreadCPUProfilerHz";
          "runtime.setThreadCPUProfilerHz" -> "runtime.getg";
          "runtime.setprofilebucket" -> "(*runtime.fixalloc).alloc";
          "runtime.setprofilebucket" -> "runtime.addspecial";
          "runtime.setprofilebucket" -> "runtime.lock";
          "runtime.setprofilebucket" -> "runtime.throw";
          "runtime.setprofilebucket" -> "runtime.unlock";
          "runtime.setsig" -> "internal/abi.FuncPCABI0";
          "runtime.setsig" -> "internal/abi.FuncPCABI0";
          "runtime.setsig" -> "internal/abi.FuncPCABIInternal";
          "runtime.setsig" -> "runtime.sigaction";
          "runtime.shade" -> "(runtime.puintptr).ptr";
          "runtime.shade" -> "runtime.findObject";
          "runtime.shade" -> "runtime.getg";
          "runtime.shade" -> "runtime.greyobject";
          "runtime.shouldPushSigpanic" -> "(runtime.funcInfo).valid";
          "runtime.shouldPushSigpanic" -> "(runtime.funcInfo).valid";
          "runtime.shouldPushSigpanic" -> "runtime.findfunc";
          "runtime.shouldPushSigpanic" -> "runtime.findfunc";
          "runtime.showframe" -> "(runtime.guintptr).ptr";
          "runtime.showframe" -> "runtime.getg";
          "runtime.showframe" -> "runtime.showfuncinfo";
          "runtime.showfuncinfo" -> "(runtime.srcFunc).name";
          "runtime.showfuncinfo" -> "internal/bytealg.IndexByteString";
          "runtime.showfuncinfo" -> "internal/stringslite.HasPrefix";
          "runtime.showfuncinfo" -> "runtime.elideWrapperCalling";
          "runtime.showfuncinfo" -> "runtime.gotraceback";
          "runtime.showfuncinfo" -> "runtime.isExportedRuntime";
          "runtime.shrinkstack" -> "(runtime.funcInfo).valid";
          "runtime.shrinkstack" -> "runtime.copystack";
          "runtime.shrinkstack" -> "runtime.findfunc";
          "runtime.shrinkstack" -> "runtime.getg";
          "runtime.shrinkstack" -> "runtime.getg";
          "runtime.shrinkstack" -> "runtime.getg";
          "runtime.shrinkstack" -> "runtime.getg";
          "runtime.shrinkstack" -> "runtime.isShrinkStackSafe";
          "runtime.shrinkstack" -> "runtime.readgstatus";
          "runtime.shrinkstack" -> "runtime.throw";
          "runtime.shrinkstack" -> "runtime.throw";
          "runtime.shrinkstack" -> "runtime.throw";
          "runtime.shrinkstack" -> "runtime.throw";
          "runtime.sigNoteWakeup" -> "runtime.write";
          "runtime.sigaction" -> "internal/abi.FuncPCABI0";
          "runtime.sigaction" -> "runtime.KeepAlive";
          "runtime.sigaction" -> "runtime.KeepAlive";
          "runtime.sigaction" -> "runtime.libcCall";
          "runtime.sighandler" -> "(*internal/runtime/atomic.Int32).Add";
          "runtime.sighandler" -> "(*internal/runtime/atomic.Int32).CompareAndSwap";
          "runtime.sighandler" -> "(*internal/runtime/atomic.Int32).Load";
          "runtime.sighandler" -> "(*internal/runtime/atomic.Int32).Load";
          "runtime.sighandler" -> "(*internal/runtime/atomic.Int32).Load";
          "runtime.sighandler" -> "(*internal/runtime/atomic.Int32).Load";
          "runtime.sighandler" -> "(*internal/runtime/atomic.Int32).Load";
          "runtime.sighandler" -> "(*internal/runtime/atomic.Int32).Load";
          "runtime.sighandler" -> "(*internal/runtime/atomic.Int32).Load";
          "runtime.sighandler" -> "(*internal/runtime/atomic.Int32).Load";
          "runtime.sighandler" -> "(*internal/runtime/atomic.Int32).Load";
          "runtime.sighandler" -> "(*internal/runtime/atomic.Uint32).Load";
          "runtime.sighandler" -> "(*internal/runtime/atomic.Uint32).Load";
          "runtime.sighandler" -> "(*runtime.guintptr).set";
          "runtime.sighandler" -> "(*runtime.sigctxt).fault";
          "runtime.sighandler" -> "(*runtime.sigctxt).preparePanic";
          "runtime.sighandler" -> "(*runtime.sigctxt).sigFromSeccomp";
          "runtime.sighandler" -> "(*runtime.sigctxt).sigFromUser";
          "runtime.sighandler" -> "(*runtime.sigctxt).sigFromUser";
          "runtime.sighandler" -> "(*runtime.sigctxt).sigFromUser";
          "runtime.sighandler" -> "(*runtime.sigctxt).sigFromUser";
          "runtime.sighandler" -> "(*runtime.sigctxt).sigcode";
          "runtime.sighandler" -> "(*runtime.sigctxt).siglr";
          "runtime.sighandler" -> "(*runtime.sigctxt).siglr";
          "runtime.sighandler" -> "(*runtime.sigctxt).sigpc";
          "runtime.sighandler" -> "(*runtime.sigctxt).sigpc";
          "runtime.sighandler" -> "(*runtime.sigctxt).sigpc";
          "runtime.sighandler" -> "(*runtime.sigctxt).sigpc";
          "runtime.sighandler" -> "(*runtime.sigctxt).sigsp";
          "runtime.sighandler" -> "(*runtime.sigctxt).sigsp";
          "runtime.sighandler" -> "internal/runtime/atomic.Load";
          "runtime.sighandler" -> "runtime.crash";
          "runtime.sighandler" -> "runtime.dieFromSignal";
          "runtime.sighandler" -> "runtime.doSigPreempt";
          "runtime.sighandler" -> "runtime.dumpregs";
          "runtime.sighandler" -> "runtime.exit";
          "runtime.sighandler" -> "runtime.fatalsignal";
          "runtime.sighandler" -> "runtime.getg";
          "runtime.sighandler" -> "runtime.goroutineheader";
          "runtime.sighandler" -> "runtime.goroutineheader";
          "runtime.sighandler" -> "runtime.gotraceback";
          "runtime.sighandler" -> "runtime.isAbortPC";
          "runtime.sighandler" -> "runtime.mcount";
          "runtime.sighandler" -> "runtime.mcount";
          "runtime.sighandler" -> "runtime.noescape";
          "runtime.sighandler" -> "runtime.printDebugLog";
          "runtime.sighandler" -> "runtime.printDebugLog";
          "runtime.sighandler" -> "runtime.raiseproc";
          "runtime.sighandler" -> "runtime.readgstatus";
          "runtime.sighandler" -> "runtime.runPerThreadSyscall";
          "runtime.sighandler" -> "runtime.signal_ignored";
          "runtime.sighandler" -> "runtime.sigprof";
          "runtime.sighandler" -> "runtime.sigsend";
          "runtime.sighandler" -> "runtime.startpanic_m";
          "runtime.sighandler" -> "runtime.traceback";
          "runtime.sighandler" -> "runtime.tracebackothers";
          "runtime.sighandler" -> "runtime.tracebacktrap";
          "runtime.sighandler" -> "runtime.usleep";
          "runtime.sighandler" -> "runtime.usleep";
          "runtime.sighandler" -> "runtime.validSIGPROF";
          "runtime.signalM" -> "runtime.pthread_kill";
          "runtime.signal_ignored" -> "internal/runtime/atomic.Load";
          "runtime.sigpanic" -> "runtime.canpanic";
          "runtime.sigpanic" -> "runtime.getg";
          "runtime.sigpanic" -> "runtime.inUserArenaChunk";
          "runtime.sigpanic" -> "runtime.panicdivide";
          "runtime.sigpanic" -> "runtime.panicfloat";
          "runtime.sigpanic" -> "runtime.panicmem";
          "runtime.sigpanic" -> "runtime.panicmem";
          "runtime.sigpanic" -> "runtime.panicmemAddr";
          "runtime.sigpanic" -> "runtime.panicmemAddr";
          "runtime.sigpanic" -> "runtime.panicoverflow";
          "runtime.sigpanic" -> "runtime.throw";
          "runtime.sigpanic" -> "runtime.throw";
          "runtime.sigpanic" -> "runtime.throw";
          "runtime.sigpanic" -> "runtime.throw";
          "runtime.sigprocmask" -> "internal/abi.FuncPCABI0";
          "runtime.sigprocmask" -> "runtime.KeepAlive";
          "runtime.sigprocmask" -> "runtime.KeepAlive";
          "runtime.sigprocmask" -> "runtime.libcCall";
          "runtime.sigprof" -> "(*internal/runtime/atomic.Int32).Load";
          "runtime.sigprof" -> "(*internal/runtime/atomic.Int32).Load";
          "runtime.sigprof" -> "(*internal/runtime/atomic.Uint32).Load";
          "runtime.sigprof" -> "(*runtime.cpuProfile).add";
          "runtime.sigprof" -> "(*runtime.unwinder).initAt";
          "runtime.sigprof" -> "(*runtime.unwinder).initAt";
          "runtime.sigprof" -> "(*runtime.unwinder).initAt";
          "runtime.sigprof" -> "(*runtime.unwinder).initAt";
          "runtime.sigprof" -> "(runtime.funcInfo).valid";
          "runtime.sigprof" -> "(runtime.guintptr).ptr";
          "runtime.sigprof" -> "(runtime.puintptr).ptr";
          "runtime.sigprof" -> "internal/abi.FuncPCABIInternal";
          "runtime.sigprof" -> "internal/abi.FuncPCABIInternal";
          "runtime.sigprof" -> "internal/abi.FuncPCABIInternal";
          "runtime.sigprof" -> "internal/abi.FuncPCABIInternal";
          "runtime.sigprof" -> "internal/stringslite.HasPrefix";
          "runtime.sigprof" -> "runtime.findfunc";
          "runtime.sigprof" -> "runtime.funcname";
          "runtime.sigprof" -> "runtime.getg";
          "runtime.sigprof" -> "runtime.getg";
          "runtime.sigprof" -> "runtime.inVDSOPage";
          "runtime.sigprof" -> "runtime.traceCPUSample";
          "runtime.sigprof" -> "runtime.tracebackPCs";
          "runtime.sigprof" -> "runtime.usesLibcall";
          "runtime.sigsend" -> "(*internal/runtime/atomic.Uint32).Add";
          "runtime.sigsend" -> "(*internal/runtime/atomic.Uint32).Add";
          "runtime.sigsend" -> "(*internal/runtime/atomic.Uint32).Add";
          "runtime.sigsend" -> "(*internal/runtime/atomic.Uint32).Add";
          "runtime.sigsend" -> "(*internal/runtime/atomic.Uint32).CompareAndSwap";
          "runtime.sigsend" -> "(*internal/runtime/atomic.Uint32).CompareAndSwap";
          "runtime.sigsend" -> "(*internal/runtime/atomic.Uint32).Load";
          "runtime.sigsend" -> "internal/runtime/atomic.Cas";
          "runtime.sigsend" -> "internal/runtime/atomic.Load";
          "runtime.sigsend" -> "runtime.notewakeup";
          "runtime.sigsend" -> "runtime.sigNoteWakeup";
          "runtime.sigsend" -> "runtime.throw";
          "runtime.slicebytetostringtmp" -> "internal/abi.FuncPCABIInternal";
          "runtime.slicebytetostringtmp" -> "internal/runtime/sys.GetCallerPC";
          "runtime.slicebytetostringtmp" -> "runtime.asanread";
          "runtime.slicebytetostringtmp" -> "runtime.msanread";
          "runtime.slicebytetostringtmp" -> "runtime.racereadrangepc";
          "runtime.spanHasNoSpecials" -> "(*runtime.mspan).base";
          "runtime.spanHasNoSpecials" -> "(*runtime.mspan).base";
          "runtime.spanHasNoSpecials" -> "(runtime.arenaIdx).l1";
          "runtime.spanHasNoSpecials" -> "(runtime.arenaIdx).l2";
          "runtime.spanHasNoSpecials" -> "internal/runtime/atomic.And8";
          "runtime.spanHasNoSpecials" -> "runtime.arenaIndex";
          "runtime.spanHasSpecials" -> "(*runtime.mspan).base";
          "runtime.spanHasSpecials" -> "(*runtime.mspan).base";
          "runtime.spanHasSpecials" -> "(runtime.arenaIdx).l1";
          "runtime.spanHasSpecials" -> "(runtime.arenaIdx).l2";
          "runtime.spanHasSpecials" -> "internal/runtime/atomic.Or8";
          "runtime.spanHasSpecials" -> "runtime.arenaIndex";
          "runtime.spanOf" -> "(runtime.arenaIdx).l1";
          "runtime.spanOf" -> "(runtime.arenaIdx).l1";
          "runtime.spanOf" -> "(runtime.arenaIdx).l2";
          "runtime.spanOf" -> "(runtime.arenaIdx).l2";
          "runtime.spanOf" -> "runtime.arenaIndex";
          "runtime.spanOfHeap" -> "(*runtime.mSpanStateBox).get";
          "runtime.spanOfHeap" -> "(*runtime.mspan).base";
          "runtime.spanOfHeap" -> "runtime.spanOf";
          "runtime.spanOfUnchecked" -> "(runtime.arenaIdx).l1";
          "runtime.spanOfUnchecked" -> "(runtime.arenaIdx).l2";
          "runtime.spanOfUnchecked" -> "runtime.arenaIndex";
          "runtime.stackalloc" -> "(*runtime.mSpanList).isEmpty";
          "runtime.stackalloc" -> "(*runtime.mSpanList).remove";
          "runtime.stackalloc" -> "(*runtime.mheap).allocManual";
          "runtime.stackalloc" -> "(*runtime.mspan).base";
          "runtime.stackalloc" -> "(runtime.gclinkptr).ptr";
          "runtime.stackalloc" -> "(runtime.gclinkptr).ptr";
          "runtime.stackalloc" -> "(runtime.puintptr).ptr";
          "runtime.stackalloc" -> "(runtime.traceLocker).GoroutineStackAlloc";
          "runtime.stackalloc" -> "(runtime.traceLocker).ok";
          "runtime.stackalloc" -> "runtime.alignUp";
          "runtime.stackalloc" -> "runtime.asanunpoison";
          "runtime.stackalloc" -> "runtime.getg";
          "runtime.stackalloc" -> "runtime.lock";
          "runtime.stackalloc" -> "runtime.lock";
          "runtime.stackalloc" -> "runtime.lockWithRankMayAcquire";
          "runtime.stackalloc" -> "runtime.msanmalloc";
          "runtime.stackalloc" -> "runtime.osStackAlloc";
          "runtime.stackalloc" -> "runtime.racemalloc";
          "runtime.stackalloc" -> "runtime.stackcacherefill";
          "runtime.stackalloc" -> "runtime.stacklog2";
          "runtime.stackalloc" -> "runtime.stackpoolalloc";
          "runtime.stackalloc" -> "runtime.sysAlloc";
          "runtime.stackalloc" -> "runtime.throw";
          "runtime.stackalloc" -> "runtime.throw";
          "runtime.stackalloc" -> "runtime.throw";
          "runtime.stackalloc" -> "runtime.throw";
          "runtime.stackalloc" -> "runtime.traceAcquire";
          "runtime.stackalloc" -> "runtime.traceAllocFreeEnabled";
          "runtime.stackalloc" -> "runtime.traceRelease";
          "runtime.stackalloc" -> "runtime.unlock";
          "runtime.stackalloc" -> "runtime.unlock";
          "runtime.stackcache_clear" -> "(runtime.gclinkptr).ptr";
          "runtime.stackcache_clear" -> "(runtime.gclinkptr).ptr";
          "runtime.stackcache_clear" -> "runtime.lock";
          "runtime.stackcache_clear" -> "runtime.stackpoolfree";
          "runtime.stackcache_clear" -> "runtime.unlock";
          "runtime.stackcacherefill" -> "(runtime.gclinkptr).ptr";
          "runtime.stackcacherefill" -> "runtime.lock";
          "runtime.stackcacherefill" -> "runtime.stackpoolalloc";
          "runtime.stackcacherefill" -> "runtime.unlock";
          "runtime.stackcacherelease" -> "(runtime.gclinkptr).ptr";
          "runtime.stackcacherelease" -> "runtime.lock";
          "runtime.stackcacherelease" -> "runtime.stackpoolfree";
          "runtime.stackcacherelease" -> "runtime.unlock";
          "runtime.stackfree" -> "(*runtime.mSpanList).insert";
          "runtime.stackfree" -> "(*runtime.mSpanStateBox).get";
          "runtime.stackfree" -> "(*runtime.mheap).freeManual";
          "runtime.stackfree" -> "(*runtime.mspan).base";
          "runtime.stackfree" -> "(runtime.gclinkptr).ptr";
          "runtime.stackfree" -> "(runtime.puintptr).ptr";
          "runtime.stackfree" -> "(runtime.traceLocker).GoroutineStackFree";
          "runtime.stackfree" -> "(runtime.traceLocker).ok";
          "runtime.stackfree" -> "runtime.asanpoison";
          "runtime.stackfree" -> "runtime.getg";
          "runtime.stackfree" -> "runtime.lock";
          "runtime.stackfree" -> "runtime.lock";
          "runtime.stackfree" -> "runtime.memclrNoHeapPointers";
          "runtime.stackfree" -> "runtime.msanfree";
          "runtime.stackfree" -> "runtime.osStackFree";
          "runtime.stackfree" -> "runtime.spanOfUnchecked";
          "runtime.stackfree" -> "runtime.stackcacherelease";
          "runtime.stackfree" -> "runtime.stacklog2";
          "runtime.stackfree" -> "runtime.stackpoolfree";
          "runtime.stackfree" -> "runtime.sysFault";
          "runtime.stackfree" -> "runtime.sysFree";
          "runtime.stackfree" -> "runtime.throw";
          "runtime.stackfree" -> "runtime.throw";
          "runtime.stackfree" -> "runtime.throw";
          "runtime.stackfree" -> "runtime.traceAcquire";
          "runtime.stackfree" -> "runtime.traceAllocFreeEnabled";
          "runtime.stackfree" -> "runtime.traceRelease";
          "runtime.stackfree" -> "runtime.unlock";
          "runtime.stackfree" -> "runtime.unlock";
          "runtime.stackmapdata" -> "runtime.addb";
          "runtime.stackmapdata" -> "runtime.throw";
          "runtime.stackpoolalloc" -> "(*runtime.mSpanList).insert";
          "runtime.stackpoolalloc" -> "(*runtime.mSpanList).remove";
          "runtime.stackpoolalloc" -> "(*runtime.mheap).allocManual";
          "runtime.stackpoolalloc" -> "(*runtime.mspan).base";
          "runtime.stackpoolalloc" -> "(runtime.gclinkptr).ptr";
          "runtime.stackpoolalloc" -> "(runtime.gclinkptr).ptr";
          "runtime.stackpoolalloc" -> "(runtime.gclinkptr).ptr";
          "runtime.stackpoolalloc" -> "(runtime.gclinkptr).ptr";
          "runtime.stackpoolalloc" -> "(runtime.gclinkptr).ptr";
          "runtime.stackpoolalloc" -> "runtime.lockWithRankMayAcquire";
          "runtime.stackpoolalloc" -> "runtime.osStackAlloc";
          "runtime.stackpoolalloc" -> "runtime.throw";
          "runtime.stackpoolalloc" -> "runtime.throw";
          "runtime.stackpoolalloc" -> "runtime.throw";
          "runtime.stackpoolalloc" -> "runtime.throw";
          "runtime.stackpoolfree" -> "(*runtime.mSpanList).insert";
          "runtime.stackpoolfree" -> "(*runtime.mSpanList).remove";
          "runtime.stackpoolfree" -> "(*runtime.mSpanStateBox).get";
          "runtime.stackpoolfree" -> "(*runtime.mheap).freeManual";
          "runtime.stackpoolfree" -> "(runtime.gclinkptr).ptr";
          "runtime.stackpoolfree" -> "(runtime.gclinkptr).ptr";
          "runtime.stackpoolfree" -> "runtime.osStackFree";
          "runtime.stackpoolfree" -> "runtime.spanOfUnchecked";
          "runtime.stackpoolfree" -> "runtime.throw";
          "runtime.startCheckmarks" -> "(runtime.arenaIdx).l1";
          "runtime.startCheckmarks" -> "(runtime.arenaIdx).l2";
          "runtime.startCheckmarks" -> "runtime.assertWorldStopped";
          "runtime.startCheckmarks" -> "runtime.persistentalloc";
          "runtime.startCheckmarks" -> "runtime.throw";
          "runtime.startTheWorld" -> "runtime.acquirem";
          "runtime.startTheWorld" -> "runtime.releasem";
          "runtime.startTheWorld" -> "runtime.semrelease1";
          "runtime.startTheWorld" -> "runtime.systemstack";
          "runtime.startTheWorld$1" -> "runtime.startTheWorldWithSema";
          "runtime.startTheWorldGC" -> "runtime.semrelease";
          "runtime.startTheWorldGC" -> "runtime.startTheWorld";
          "runtime.startTheWorldWithSema" -> "(*internal/runtime/atomic.Bool).Load";
          "runtime.startTheWorldWithSema" -> "(*internal/runtime/atomic.Bool).Store";
          "runtime.startTheWorldWithSema" -> "(*internal/runtime/atomic.Bool).Store";
          "runtime.startTheWorldWithSema" -> "(*runtime.puintptr).set";
          "runtime.startTheWorldWithSema" -> "(*runtime.timeHistogram).record";
          "runtime.startTheWorldWithSema" -> "(*runtime.timeHistogram).record";
          "runtime.startTheWorldWithSema" -> "(runtime.muintptr).ptr";
          "runtime.startTheWorldWithSema" -> "(runtime.puintptr).ptr";
          "runtime.startTheWorldWithSema" -> "(runtime.stwReason).isGC";
          "runtime.startTheWorldWithSema" -> "(runtime.traceLocker).STWDone";
          "runtime.startTheWorldWithSema" -> "(runtime.traceLocker).ok";
          "runtime.startTheWorldWithSema" -> "runtime.acquirem";
          "runtime.startTheWorldWithSema" -> "runtime.assertWorldStopped";
          "runtime.startTheWorldWithSema" -> "runtime.injectglist";
          "runtime.startTheWorldWithSema" -> "runtime.lock";
          "runtime.startTheWorldWithSema" -> "runtime.nanotime";
          "runtime.startTheWorldWithSema" -> "runtime.netpoll";
          "runtime.startTheWorldWithSema" -> "runtime.netpollAdjustWaiters";
          "runtime.startTheWorldWithSema" -> "runtime.netpollinited";
          "runtime.startTheWorldWithSema" -> "runtime.newm";
          "runtime.startTheWorldWithSema" -> "runtime.notewakeup";
          "runtime.startTheWorldWithSema" -> "runtime.notewakeup";
          "runtime.startTheWorldWithSema" -> "runtime.procresize";
          "runtime.startTheWorldWithSema" -> "runtime.releasem";
          "runtime.startTheWorldWithSema" -> "runtime.throw";
          "runtime.startTheWorldWithSema" -> "runtime.traceAcquire";
          "runtime.startTheWorldWithSema" -> "runtime.traceRelease";
          "runtime.startTheWorldWithSema" -> "runtime.unlock";
          "runtime.startTheWorldWithSema" -> "runtime.wakep";
          "runtime.startTheWorldWithSema" -> "runtime.worldStarted";
          "runtime.startlockedm" -> "(*runtime.puintptr).set";
          "runtime.startlockedm" -> "(runtime.muintptr).ptr";
          "runtime.startlockedm" -> "runtime.getg";
          "runtime.startlockedm" -> "runtime.incidlelocked";
          "runtime.startlockedm" -> "runtime.notewakeup";
          "runtime.startlockedm" -> "runtime.releasep";
          "runtime.startlockedm" -> "runtime.stopm";
          "runtime.startlockedm" -> "runtime.throw";
          "runtime.startlockedm" -> "runtime.throw";
          "runtime.startm" -> "(*runtime.puintptr).set";
          "runtime.startm" -> "runtime.acquirem";
          "runtime.startm" -> "runtime.lock";
          "runtime.startm" -> "runtime.lock";
          "runtime.startm" -> "runtime.mReserveID";
          "runtime.startm" -> "runtime.mget";
          "runtime.startm" -> "runtime.newm";
          "runtime.startm" -> "runtime.notewakeup";
          "runtime.startm" -> "runtime.pidleget";
          "runtime.startm" -> "runtime.releasem";
          "runtime.startm" -> "runtime.releasem";
          "runtime.startm" -> "runtime.releasem";
          "runtime.startm" -> "runtime.runqempty";
          "runtime.startm" -> "runtime.throw";
          "runtime.startm" -> "runtime.throw";
          "runtime.startm" -> "runtime.throw";
          "runtime.startm" -> "runtime.throw";
          "runtime.startm" -> "runtime.unlock";
          "runtime.startm" -> "runtime.unlock";
          "runtime.startm" -> "runtime.unlock";
          "runtime.startpanic_m" -> "(*internal/runtime/atomic.Uint32).Add";
          "runtime.startpanic_m" -> "runtime.exit";
          "runtime.startpanic_m" -> "runtime.exit";
          "runtime.startpanic_m" -> "runtime.freezetheworld";
          "runtime.startpanic_m" -> "runtime.getg";
          "runtime.startpanic_m" -> "runtime.lock";
          "runtime.startpanic_m" -> "runtime.schedtrace";
          "runtime.stealWork" -> "(*internal/runtime/atomic.Bool).Load";
          "runtime.stealWork" -> "(*runtime.randomEnum).done";
          "runtime.stealWork" -> "(*runtime.randomEnum).next";
          "runtime.stealWork" -> "(*runtime.randomEnum).position";
          "runtime.stealWork" -> "(*runtime.randomEnum).position";
          "runtime.stealWork" -> "(*runtime.randomEnum).position";
          "runtime.stealWork" -> "(*runtime.randomOrder).start";
          "runtime.stealWork" -> "(*runtime.timers).check";
          "runtime.stealWork" -> "(runtime.pMask).read";
          "runtime.stealWork" -> "(runtime.pMask).read";
          "runtime.stealWork" -> "(runtime.puintptr).ptr";
          "runtime.stealWork" -> "runtime.cheaprand";
          "runtime.stealWork" -> "runtime.getg";
          "runtime.stealWork" -> "runtime.runqget";
          "runtime.stealWork" -> "runtime.runqsteal";
          "runtime.step" -> "runtime.readvarint";
          "runtime.step" -> "runtime.readvarint";
          "runtime.stkbucket" -> "(*internal/runtime/atomic.UnsafePointer).Load";
          "runtime.stkbucket" -> "(*internal/runtime/atomic.UnsafePointer).Load";
          "runtime.stkbucket" -> "(*internal/runtime/atomic.UnsafePointer).Load";
          "runtime.stkbucket" -> "(*internal/runtime/atomic.UnsafePointer).Load";
          "runtime.stkbucket" -> "(*internal/runtime/atomic.UnsafePointer).Load";
          "runtime.stkbucket" -> "(*internal/runtime/atomic.UnsafePointer).Load";
          "runtime.stkbucket" -> "(*internal/runtime/atomic.UnsafePointer).StoreNoWB";
          "runtime.stkbucket" -> "(*internal/runtime/atomic.UnsafePointer).StoreNoWB";
          "runtime.stkbucket" -> "(*internal/runtime/atomic.UnsafePointer).StoreNoWB";
          "runtime.stkbucket" -> "(*runtime.bucket).stk";
          "runtime.stkbucket" -> "(*runtime.bucket).stk";
          "runtime.stkbucket" -> "(*runtime.bucket).stk";
          "runtime.stkbucket" -> "runtime.eqslice";
          "runtime.stkbucket" -> "runtime.eqslice";
          "runtime.stkbucket" -> "runtime.lock";
          "runtime.stkbucket" -> "runtime.lock";
          "runtime.stkbucket" -> "runtime.newBucket";
          "runtime.stkbucket" -> "runtime.sysAlloc";
          "runtime.stkbucket" -> "runtime.throw";
          "runtime.stkbucket" -> "runtime.unlock";
          "runtime.stkbucket" -> "runtime.unlock";
          "runtime.stkbucket" -> "runtime.unlock";
          "runtime.stopTheWorld" -> "(runtime.stwReason).String";
          "runtime.stopTheWorld" -> "runtime.getg";
          "runtime.stopTheWorld" -> "runtime.semacquire";
          "runtime.stopTheWorld" -> "runtime.systemstack";
          "runtime.stopTheWorld$1" -> "runtime.stopTheWorldWithSema";
          "runtime.stopTheWorldGC" -> "runtime.semacquire";
          "runtime.stopTheWorldGC" -> "runtime.stopTheWorld";
          "runtime.stopTheWorldWithSema" -> "(*internal/runtime/atomic.Bool).Load";
          "runtime.stopTheWorldWithSema" -> "(*internal/runtime/atomic.Bool).Store";
          "runtime.stopTheWorldWithSema" -> "(*runtime.timeHistogram).record";
          "runtime.stopTheWorldWithSema" -> "(*runtime.timeHistogram).record";
          "runtime.stopTheWorldWithSema" -> "(runtime.puintptr).ptr";
          "runtime.stopTheWorldWithSema" -> "(runtime.puintptr).ptr";
          "runtime.stopTheWorldWithSema" -> "(runtime.stwReason).isGC";
          "runtime.stopTheWorldWithSema" -> "(runtime.traceLocker).ProcSteal";
          "runtime.stopTheWorldWithSema" -> "(runtime.traceLocker).STWStart";
          "runtime.stopTheWorldWithSema" -> "(runtime.traceLocker).ok";
          "runtime.stopTheWorldWithSema" -> "(runtime.traceLocker).ok";
          "runtime.stopTheWorldWithSema" -> "(runtime.traceLocker).ok";
          "runtime.stopTheWorldWithSema" -> "internal/runtime/atomic.Cas";
          "runtime.stopTheWorldWithSema" -> "runtime.casGToWaitingForSuspendG";
          "runtime.stopTheWorldWithSema" -> "runtime.casgstatus";
          "runtime.stopTheWorldWithSema" -> "runtime.getg";
          "runtime.stopTheWorldWithSema" -> "runtime.getg";
          "runtime.stopTheWorldWithSema" -> "runtime.getg";
          "runtime.stopTheWorldWithSema" -> "runtime.lock";
          "runtime.stopTheWorldWithSema" -> "runtime.lock";
          "runtime.stopTheWorldWithSema" -> "runtime.lock";
          "runtime.stopTheWorldWithSema" -> "runtime.nanotime";
          "runtime.stopTheWorldWithSema" -> "runtime.nanotime";
          "runtime.stopTheWorldWithSema" -> "runtime.nanotime";
          "runtime.stopTheWorldWithSema" -> "runtime.nanotime";
          "runtime.stopTheWorldWithSema" -> "runtime.nanotime";
          "runtime.stopTheWorldWithSema" -> "runtime.noteclear";
          "runtime.stopTheWorldWithSema" -> "runtime.notetsleep";
          "runtime.stopTheWorldWithSema" -> "runtime.pidleget";
          "runtime.stopTheWorldWithSema" -> "runtime.preemptall";
          "runtime.stopTheWorldWithSema" -> "runtime.preemptall";
          "runtime.stopTheWorldWithSema" -> "runtime.throw";
          "runtime.stopTheWorldWithSema" -> "runtime.throw";
          "runtime.stopTheWorldWithSema" -> "runtime.traceAcquire";
          "runtime.stopTheWorldWithSema" -> "runtime.traceAcquire";
          "runtime.stopTheWorldWithSema" -> "runtime.traceRelease";
          "runtime.stopTheWorldWithSema" -> "runtime.traceRelease";
          "runtime.stopTheWorldWithSema" -> "runtime.unlock";
          "runtime.stopTheWorldWithSema" -> "runtime.worldStopped";
          "runtime.stoplockedm" -> "(runtime.guintptr).ptr";
          "runtime.stoplockedm" -> "(runtime.guintptr).ptr";
          "runtime.stoplockedm" -> "(runtime.guintptr).ptr";
          "runtime.stoplockedm" -> "(runtime.muintptr).ptr";
          "runtime.stoplockedm" -> "(runtime.puintptr).ptr";
          "runtime.stoplockedm" -> "runtime.acquirep";
          "runtime.stoplockedm" -> "runtime.dumpgstatus";
          "runtime.stoplockedm" -> "runtime.getg";
          "runtime.stoplockedm" -> "runtime.handoffp";
          "runtime.stoplockedm" -> "runtime.incidlelocked";
          "runtime.stoplockedm" -> "runtime.mPark";
          "runtime.stoplockedm" -> "runtime.readgstatus";
          "runtime.stoplockedm" -> "runtime.releasep";
          "runtime.stoplockedm" -> "runtime.throw";
          "runtime.stoplockedm" -> "runtime.throw";
          "runtime.stopm" -> "(runtime.puintptr).ptr";
          "runtime.stopm" -> "runtime.acquirep";
          "runtime.stopm" -> "runtime.getg";
          "runtime.stopm" -> "runtime.lock";
          "runtime.stopm" -> "runtime.mPark";
          "runtime.stopm" -> "runtime.mput";
          "runtime.stopm" -> "runtime.throw";
          "runtime.stopm" -> "runtime.throw";
          "runtime.stopm" -> "runtime.throw";
          "runtime.stopm" -> "runtime.unlock";
          "runtime.suspendG" -> "(*internal/runtime/atomic.Uint32).Load";
          "runtime.suspendG" -> "(*internal/runtime/atomic.Uint32).Load";
          "runtime.suspendG" -> "runtime.casGFromPreempted";
          "runtime.suspendG" -> "runtime.casfrom_Gscanstatus";
          "runtime.suspendG" -> "runtime.castogscanstatus";
          "runtime.suspendG" -> "runtime.castogscanstatus";
          "runtime.suspendG" -> "runtime.dumpgstatus";
          "runtime.suspendG" -> "runtime.getg";
          "runtime.suspendG" -> "runtime.nanotime";
          "runtime.suspendG" -> "runtime.nanotime";
          "runtime.suspendG" -> "runtime.nanotime";
          "runtime.suspendG" -> "runtime.nanotime";
          "runtime.suspendG" -> "runtime.osyield";
          "runtime.suspendG" -> "runtime.preemptM";
          "runtime.suspendG" -> "runtime.procyield";
          "runtime.suspendG" -> "runtime.readgstatus";
          "runtime.suspendG" -> "runtime.readgstatus";
          "runtime.suspendG" -> "runtime.throw";
          "runtime.suspendG" -> "runtime.throw";
          "runtime.sweepone" -> "(*internal/runtime/atomic.Uintptr).Add";
          "runtime.sweepone" -> "(*runtime.activeSweep).begin";
          "runtime.sweepone" -> "(*runtime.activeSweep).end";
          "runtime.sweepone" -> "(*runtime.activeSweep).markDrained";
          "runtime.sweepone" -> "(*runtime.mSpanStateBox).get";
          "runtime.sweepone" -> "(*runtime.mheap).nextSpanForSweep";
          "runtime.sweepone" -> "(*runtime.scavengerState).ready";
          "runtime.sweepone" -> "(*runtime.sweepLocked).sweep";
          "runtime.sweepone" -> "(*runtime.sweepLocker).tryAcquire";
          "runtime.sweepone" -> "runtime.getg";
          "runtime.sweepone" -> "runtime.systemstack";
          "runtime.sweepone" -> "runtime.throw";
          "runtime.sweepone$1" -> "(*internal/runtime/atomic.Uintptr).Add";
          "runtime.sweepone$1" -> "(*internal/runtime/atomic.Uintptr).Add";
          "runtime.sweepone$1" -> "(*internal/runtime/atomic.Uintptr).Load";
          "runtime.sweepone$1" -> "(*internal/runtime/atomic.Uintptr).Load";
          "runtime.sweepone$1" -> "runtime.lock";
          "runtime.sweepone$1" -> "runtime.printScavTrace";
          "runtime.sweepone$1" -> "runtime.unlock";
          "runtime.syncadjustsudogs" -> "runtime.adjustsudogs";
          "runtime.syncadjustsudogs" -> "runtime.lockWithRank";
          "runtime.syncadjustsudogs" -> "runtime.memmove";
          "runtime.syncadjustsudogs" -> "runtime.unlock";
          "runtime.sysAlloc" -> "(*internal/runtime/atomic.Uint64).Add";
          "runtime.sysAlloc" -> "(*runtime.sysMemStat).add";
          "runtime.sysAlloc" -> "runtime.sysAllocOS";
          "runtime.sysAllocOS" -> "runtime.mmap";
          "runtime.sysFault" -> "(*internal/runtime/atomic.Uint64).Add";
          "runtime.sysFault" -> "runtime.sysFaultOS";
          "runtime.sysFaultOS" -> "runtime.mmap";
          "runtime.sysFree" -> "(*internal/runtime/atomic.Uint64).Add";
          "runtime.sysFree" -> "(*runtime.sysMemStat).add";
          "runtime.sysFree" -> "runtime.sysFreeOS";
          "runtime.sysFreeOS" -> "runtime.munmap";
          "runtime.sysHugePage" -> "runtime.sysHugePageOS";
          "runtime.sysMap" -> "(*runtime.sysMemStat).add";
          "runtime.sysMap" -> "runtime.sysMapOS";
          "runtime.sysMapOS" -> "runtime.mmap";
          "runtime.sysMapOS" -> "runtime.throw";
          "runtime.sysMapOS" -> "runtime.throw";
          "runtime.sysNoHugePage" -> "runtime.sysNoHugePageOS";
          "runtime.sysReserve" -> "runtime.sysReserveOS";
          "runtime.sysReserveAligned" -> "runtime.alignUp";
          "runtime.sysReserveAligned" -> "runtime.alignUp";
          "runtime.sysReserveAligned" -> "runtime.sysFreeOS";
          "runtime.sysReserveAligned" -> "runtime.sysFreeOS";
          "runtime.sysReserveAligned" -> "runtime.sysFreeOS";
          "runtime.sysReserveAligned" -> "runtime.sysFreeOS";
          "runtime.sysReserveAligned" -> "runtime.sysReserve";
          "runtime.sysReserveAligned" -> "runtime.sysReserve";
          "runtime.sysReserveAligned" -> "runtime.sysReserveAlignedSbrk";
          "runtime.sysReserveAligned" -> "runtime.throw";
          "runtime.sysReserveAligned" -> "runtime.throw";
          "runtime.sysReserveOS" -> "runtime.mmap";
          "runtime.sysUnused" -> "(*internal/runtime/atomic.Uint64).Add";
          "runtime.sysUnused" -> "runtime.sysUnusedOS";
          "runtime.sysUnusedOS" -> "runtime.madvise";
          "runtime.sysUsed" -> "(*internal/runtime/atomic.Uint64).Add";
          "runtime.sysUsed" -> "runtime.sysUsedOS";
          "runtime.sysUsedOS" -> "runtime.madvise";
          "runtime.taggedPointerPack" -> "runtime.throw";
          "runtime.throw" -> "runtime.fatalthrow";
          "runtime.throw" -> "runtime.systemstack";
          "runtime.throw$1" -> "runtime.printindented";
          "runtime.timeSleepUntil" -> "(*runtime.timers).wakeTime";
          "runtime.timeSleepUntil" -> "runtime.lock";
          "runtime.timeSleepUntil" -> "runtime.unlock";
          "runtime.time_now" -> "runtime.nanotime";
          "runtime.time_now" -> "runtime.walltime";
          "runtime.traceAcquire" -> "runtime.traceAcquireEnabled";
          "runtime.traceAcquire" -> "runtime.traceEnabled";
          "runtime.traceAcquireEnabled" -> "(*internal/runtime/atomic.Uintptr).Add";
          "runtime.traceAcquireEnabled" -> "(*internal/runtime/atomic.Uintptr).Add";
          "runtime.traceAcquireEnabled" -> "(*internal/runtime/atomic.Uintptr).Load";
          "runtime.traceAcquireEnabled" -> "(*internal/runtime/atomic.Uintptr).Load";
          "runtime.traceAcquireEnabled" -> "(*internal/runtime/atomic.Uintptr).Load";
          "runtime.traceAcquireEnabled" -> "runtime.acquirem";
          "runtime.traceAcquireEnabled" -> "runtime.lockRankMayTraceFlush";
          "runtime.traceAcquireEnabled" -> "runtime.releasem";
          "runtime.traceAcquireEnabled" -> "runtime.throw";
          "runtime.traceBufFlush" -> "(*internal/runtime/atomic.Bool).Load";
          "runtime.traceBufFlush" -> "(*internal/runtime/atomic.Bool).Store";
          "runtime.traceBufFlush" -> "(*runtime.traceBuf).varintAt";
          "runtime.traceBufFlush" -> "(*runtime.traceBufQueue).push";
          "runtime.traceBufFlush" -> "runtime.assertLockHeld";
          "runtime.traceCPUSample" -> "(*internal/runtime/atomic.Pointer[runtime.profBuf]).Load[runtime.profBuf]";
          "runtime.traceCPUSample" -> "(*internal/runtime/atomic.Uint32).CompareAndSwap";
          "runtime.traceCPUSample" -> "(*internal/runtime/atomic.Uint32).Store";
          "runtime.traceCPUSample" -> "(*internal/runtime/atomic.Uintptr).Add";
          "runtime.traceCPUSample" -> "(*internal/runtime/atomic.Uintptr).Add";
          "runtime.traceCPUSample" -> "(*internal/runtime/atomic.Uintptr).Add";
          "runtime.traceCPUSample" -> "(*internal/runtime/atomic.Uintptr).Load";
          "runtime.traceCPUSample" -> "(*internal/runtime/atomic.Uintptr).Load";
          "runtime.traceCPUSample" -> "(*runtime.profBuf).write";
          "runtime.traceCPUSample" -> "runtime.osyield";
          "runtime.traceCPUSample" -> "runtime.traceClockNow";
          "runtime.traceCPUSample" -> "runtime.traceEnabled";
          "runtime.traceClockNow" -> "runtime.cputicks";
          "runtime.traceClockNow" -> "runtime.nanotime";
          "runtime.traceCompressStackSize" -> "internal/runtime/sys.Len64";
          "runtime.traceCompressStackSize" -> "runtime.throw";
          "runtime.traceExitedSyscall" -> "(*internal/runtime/atomic.Int32).Add";
          "runtime.traceExitingSyscall" -> "(*internal/runtime/atomic.Int32).Add";
          "runtime.traceReader" -> "(*internal/runtime/atomic.Pointer[runtime.g]).CompareAndSwapNoWB[runtime.g]";
          "runtime.traceReader" -> "runtime.traceReaderAvailable";
          "runtime.traceReaderAvailable" -> "(*internal/runtime/atomic.Bool).Load";
          "runtime.traceReaderAvailable" -> "(*internal/runtime/atomic.Bool).Load";
          "runtime.traceReaderAvailable" -> "(*internal/runtime/atomic.Pointer[runtime.g]).Load[runtime.g]";
          "runtime.traceReaderAvailable" -> "(*internal/runtime/atomic.Uintptr).Load";
          "runtime.traceReaderAvailable" -> "(*internal/runtime/atomic.Uintptr).Load";
          "runtime.traceRelease" -> "(*internal/runtime/atomic.Uintptr).Add";
          "runtime.traceRelease" -> "runtime.releasem";
          "runtime.traceRelease" -> "runtime.throw";
          "runtime.traceShuttingDown" -> "(*internal/runtime/atomic.Bool).Load";
          "runtime.traceSpanID" -> "(*runtime.mspan).base";
          "runtime.traceSpanTypeAndClass" -> "(*runtime.mSpanStateBox).get";
          "runtime.traceStack" -> "(*runtime.m).hasCgoOnStack";
          "runtime.traceStack" -> "(*runtime.traceStackTable).put";
          "runtime.traceStack" -> "(runtime.muintptr).ptr";
          "runtime.traceStack" -> "runtime.callers";
          "runtime.traceStack" -> "runtime.fpTracebackPCs";
          "runtime.traceStack" -> "runtime.fpTracebackPCs";
          "runtime.traceStack" -> "runtime.fpTracebackPCs";
          "runtime.traceStack" -> "runtime.gcallers";
          "runtime.traceStack" -> "runtime.getfp";
          "runtime.traceStack" -> "runtime.getg";
          "runtime.traceStack" -> "runtime.getg";
          "runtime.traceStack" -> "runtime.getg";
          "runtime.traceStack" -> "runtime.getg";
          "runtime.traceStack" -> "runtime.goStatusToTraceGoStatus";
          "runtime.traceStack" -> "runtime.readgstatus";
          "runtime.traceStack" -> "runtime.throw";
          "runtime.traceStack" -> "runtime.tracefpunwindoff";
          "runtime.traceThreadDestroy" -> "(*internal/runtime/atomic.Uintptr).Add";
          "runtime.traceThreadDestroy" -> "(*internal/runtime/atomic.Uintptr).Add";
          "runtime.traceThreadDestroy" -> "runtime.assertLockHeld";
          "runtime.traceThreadDestroy" -> "runtime.systemstack";
          "runtime.traceThreadDestroy" -> "runtime.throw";
          "runtime.traceThreadDestroy" -> "runtime.throw";
          "runtime.traceThreadDestroy$1" -> "runtime.lock";
          "runtime.traceThreadDestroy$1" -> "runtime.traceBufFlush";
          "runtime.traceThreadDestroy$1" -> "runtime.unlock";
          "runtime.traceback" -> "runtime.traceback1";
          "runtime.traceback1" -> "(*internal/runtime/atomic.Uint32).Store";
          "runtime.traceback1" -> "(*internal/runtime/atomic.Uint32).Store";
          "runtime.traceback1" -> "runtime.printAncestorTraceback";
          "runtime.traceback1" -> "runtime.printCgoTraceback";
          "runtime.traceback1" -> "runtime.printcreatedby";
          "runtime.traceback1" -> "runtime.readgstatus";
          "runtime.traceback1" -> "runtime.traceback1$1";
          "runtime.traceback1" -> "runtime.traceback1$1";
          "runtime.traceback1$1" -> "(*runtime.unwinder).initAt";
          "runtime.traceback1$1" -> "runtime.traceback2";
          "runtime.traceback1$1" -> "runtime.traceback2";
          "runtime.traceback1$1" -> "runtime.traceback2";
          "runtime.traceback1$1" -> "runtime.traceback2";
          "runtime.traceback2" -> "(*runtime.inlineUnwinder).fileLine";
          "runtime.traceback2" -> "(*runtime.inlineUnwinder).isInlined";
          "runtime.traceback2" -> "(*runtime.inlineUnwinder).isInlined";
          "runtime.traceback2" -> "(*runtime.inlineUnwinder).next";
          "runtime.traceback2" -> "(*runtime.inlineUnwinder).srcFunc";
          "runtime.traceback2" -> "(*runtime.unwinder).cgoCallers";
          "runtime.traceback2" -> "(*runtime.unwinder).next";
          "runtime.traceback2" -> "(*runtime.unwinder).symPC";
          "runtime.traceback2" -> "(*runtime.unwinder).symPC";
          "runtime.traceback2" -> "(*runtime.unwinder).valid";
          "runtime.traceback2" -> "(runtime.funcInfo).entry";
          "runtime.traceback2" -> "(runtime.funcInfo).entry";
          "runtime.traceback2" -> "(runtime.guintptr).ptr";
          "runtime.traceback2" -> "(runtime.inlineFrame).valid";
          "runtime.traceback2" -> "(runtime.srcFunc).name";
          "runtime.traceback2" -> "runtime.callCgoSymbolizer";
          "runtime.traceback2" -> "runtime.gotraceback";
          "runtime.traceback2" -> "runtime.newInlineUnwinder";
          "runtime.traceback2" -> "runtime.printArgs";
          "runtime.traceback2" -> "runtime.printFuncName";
          "runtime.traceback2" -> "runtime.printOneCgoTraceback";
          "runtime.traceback2" -> "runtime.showframe";
          "runtime.traceback2" -> "runtime.traceback2$1";
          "runtime.traceback2" -> "runtime.traceback2$1";
          "runtime.tracebackHexdump" -> "runtime.hexdumpWords";
          "runtime.tracebackPCs" -> "(*runtime.inlineUnwinder).next";
          "runtime.tracebackPCs" -> "(*runtime.inlineUnwinder).srcFunc";
          "runtime.tracebackPCs" -> "(*runtime.unwinder).cgoCallers";
          "runtime.tracebackPCs" -> "(*runtime.unwinder).next";
          "runtime.tracebackPCs" -> "(*runtime.unwinder).symPC";
          "runtime.tracebackPCs" -> "(*runtime.unwinder).valid";
          "runtime.tracebackPCs" -> "(runtime.inlineFrame).valid";
          "runtime.tracebackPCs" -> "runtime.elideWrapperCalling";
          "runtime.tracebackPCs" -> "runtime.newInlineUnwinder";
          "runtime.tracebackothers" -> "runtime.forEachGRace";
          "runtime.tracebackothers" -> "runtime.getg";
          "runtime.tracebackothers" -> "runtime.goroutineheader";
          "runtime.tracebackothers" -> "runtime.gotraceback";
          "runtime.tracebackothers" -> "runtime.traceback";
          "runtime.tracebackothers$1" -> "runtime.getg";
          "runtime.tracebackothers$1" -> "runtime.goroutineheader";
          "runtime.tracebackothers$1" -> "runtime.isSystemGoroutine";
          "runtime.tracebackothers$1" -> "runtime.printcreatedby";
          "runtime.tracebackothers$1" -> "runtime.readgstatus";
          "runtime.tracebackothers$1" -> "runtime.readgstatus";
          "runtime.tracebackothers$1" -> "runtime.traceback";
          "runtime.tracebacktrap" -> "(runtime.guintptr).ptr";
          "runtime.tracebacktrap" -> "runtime.traceback1";
          "runtime.tracebacktrap" -> "runtime.traceback1";
          "runtime.tryRecordGoroutineProfile" -> "(*runtime.goroutineProfileStateHolder).CompareAndSwap";
          "runtime.tryRecordGoroutineProfile" -> "(*runtime.goroutineProfileStateHolder).Load";
          "runtime.tryRecordGoroutineProfile" -> "(*runtime.goroutineProfileStateHolder).Store";
          "runtime.tryRecordGoroutineProfile" -> "(*runtime.mLockProfile).captureStack$1";
          "runtime.tryRecordGoroutineProfile" -> "(*runtime.mheap).alloc$1";
          "runtime.tryRecordGoroutineProfile" -> "(*runtime.mheap).freeSpan$1";
          "runtime.tryRecordGoroutineProfile" -> "(*runtime.mspan).setUserArenaChunkToFault$1";
          "runtime.tryRecordGoroutineProfile" -> "(*runtime.p).destroy$1";
          "runtime.tryRecordGoroutineProfile" -> "(*runtime.pageAlloc).scavenge$1";
          "runtime.tryRecordGoroutineProfile" -> "(*runtime.rwmutex).rlock$1";
          "runtime.tryRecordGoroutineProfile" -> "(*runtime.sweepLocked).sweep$1";
          "runtime.tryRecordGoroutineProfile" -> "(*runtime.traceStringTable).put$1";
          "runtime.tryRecordGoroutineProfile" -> "(runtime.traceWriter).refill$1";
          "runtime.tryRecordGoroutineProfile" -> "internal/poll.runtime_pollServerInit";
          "runtime.tryRecordGoroutineProfile" -> "reflect.embeddedIfaceMethStub";
          "runtime.tryRecordGoroutineProfile" -> "reflect.makeFuncStub";
          "runtime.tryRecordGoroutineProfile" -> "reflect.methodValueCall";
          "runtime.tryRecordGoroutineProfile" -> "runtime.SetFinalizer$1";
          "runtime.tryRecordGoroutineProfile" -> "runtime.SetFinalizer$2";
          "runtime.tryRecordGoroutineProfile" -> "runtime._ExternalCode";
          "runtime.tryRecordGoroutineProfile" -> "runtime._GC";
          "runtime.tryRecordGoroutineProfile" -> "runtime._LostContendedRuntimeLock";
          "runtime.tryRecordGoroutineProfile" -> "runtime._LostExternalCode";
          "runtime.tryRecordGoroutineProfile" -> "runtime._LostSIGPROFDuringAtomic64";
          "runtime.tryRecordGoroutineProfile" -> "runtime._System";
          "runtime.tryRecordGoroutineProfile" -> "runtime._VDSO";
          "runtime.tryRecordGoroutineProfile" -> "runtime.acquirem";
          "runtime.tryRecordGoroutineProfile" -> "runtime.allocm$1";
          "runtime.tryRecordGoroutineProfile" -> "runtime.allocmcache$1";
          "runtime.tryRecordGoroutineProfile" -> "runtime.asyncPreempt";
          "runtime.tryRecordGoroutineProfile" -> "runtime.callers$1";
          "runtime.tryRecordGoroutineProfile" -> "runtime.casgstatus$1";
          "runtime.tryRecordGoroutineProfile" -> "runtime.casgstatus$2";
          "runtime.tryRecordGoroutineProfile" -> "runtime.casgstatus$3";
          "runtime.tryRecordGoroutineProfile" -> "runtime.cgoCheckPtrWrite$1";
          "runtime.tryRecordGoroutineProfile" -> "runtime.cgoSigtramp";
          "runtime.tryRecordGoroutineProfile" -> "runtime.doRecordGoroutineProfile";
          "runtime.tryRecordGoroutineProfile" -> "runtime.doRecordGoroutineProfile$1";
          "runtime.tryRecordGoroutineProfile" -> "runtime.entersyscall_gcwait";
          "runtime.tryRecordGoroutineProfile" -> "runtime.entersyscall_sysmon";
          "runtime.tryRecordGoroutineProfile" -> "runtime.exit_trampoline";
          "runtime.tryRecordGoroutineProfile" -> "runtime.exitsyscall$1";
          "runtime.tryRecordGoroutineProfile" -> "runtime.exitsyscall$2";
          "runtime.tryRecordGoroutineProfile" -> "runtime.exitsyscallfast$1";
          "runtime.tryRecordGoroutineProfile" -> "runtime.exitsyscallfast_reacquired$1";
          "runtime.tryRecordGoroutineProfile" -> "runtime.fatal$1";
          "runtime.tryRecordGoroutineProfile" -> "runtime.fatalthrow$1";
          "runtime.tryRecordGoroutineProfile" -> "runtime.fcntl_trampoline";
          "runtime.tryRecordGoroutineProfile" -> "runtime.forEachP$1";
          "runtime.tryRecordGoroutineProfile" -> "runtime.freeSomeWbufs$1";
          "runtime.tryRecordGoroutineProfile" -> "runtime.freeStackSpans";
          "runtime.tryRecordGoroutineProfile" -> "runtime.freemcache$1";
          "runtime.tryRecordGoroutineProfile" -> "runtime.gcAssistAlloc$1";
          "runtime.tryRecordGoroutineProfile" -> "runtime.gcAssistAlloc$2";
          "runtime.tryRecordGoroutineProfile" -> "runtime.gcBgMarkWorker$2";
          "runtime.tryRecordGoroutineProfile" -> "runtime.gcControllerCommit";
          "runtime.tryRecordGoroutineProfile" -> "runtime.gcMarkDone$2";
          "runtime.tryRecordGoroutineProfile" -> "runtime.gcMarkDone$3";
          "runtime.tryRecordGoroutineProfile" -> "runtime.gcMarkDone$4";
          "runtime.tryRecordGoroutineProfile" -> "runtime.gcMarkTermination$1";
          "runtime.tryRecordGoroutineProfile" -> "runtime.gcMarkTermination$2";
          "runtime.tryRecordGoroutineProfile" -> "runtime.gcMarkTermination$3";
          "runtime.tryRecordGoroutineProfile" -> "runtime.gcMarkTermination$4$1";
          "runtime.tryRecordGoroutineProfile" -> "runtime.gcMarkTermination$5";
          "runtime.tryRecordGoroutineProfile" -> "runtime.gcResetMarkState";
          "runtime.tryRecordGoroutineProfile" -> "runtime.gcStart$1";
          "runtime.tryRecordGoroutineProfile" -> "runtime.gcStart$2";
          "runtime.tryRecordGoroutineProfile" -> "runtime.gcStart$3";
          "runtime.tryRecordGoroutineProfile" -> "runtime.gcStart$4";
          "runtime.tryRecordGoroutineProfile" -> "runtime.getGCMaskOnDemand$1";
          "runtime.tryRecordGoroutineProfile" -> "runtime.getempty$1";
          "runtime.tryRecordGoroutineProfile" -> "runtime.goready$1";
          "runtime.tryRecordGoroutineProfile" -> "runtime.kevent_trampoline";
          "runtime.tryRecordGoroutineProfile" -> "runtime.kqueue_trampoline";
          "runtime.tryRecordGoroutineProfile" -> "runtime.mProf_Malloc$1";
          "runtime.tryRecordGoroutineProfile" -> "runtime.madvise_trampoline";
          "runtime.tryRecordGoroutineProfile" -> "runtime.malg$1";
          "runtime.tryRecordGoroutineProfile" -> "runtime.markroot$1";
          "runtime.tryRecordGoroutineProfile" -> "runtime.markrootFreeGStacks";
          "runtime.tryRecordGoroutineProfile" -> "runtime.mlock_trampoline";
          "runtime.tryRecordGoroutineProfile" -> "runtime.mmap_trampoline";
          "runtime.tryRecordGoroutineProfile" -> "runtime.mspinning";
          "runtime.tryRecordGoroutineProfile" -> "runtime.mstart";
          "runtime.tryRecordGoroutineProfile" -> "runtime.mstart_stub";
          "runtime.tryRecordGoroutineProfile" -> "runtime.munmap_trampoline";
          "runtime.tryRecordGoroutineProfile" -> "runtime.nanotime_trampoline";
          "runtime.tryRecordGoroutineProfile" -> "runtime.osyield";
          "runtime.tryRecordGoroutineProfile" -> "runtime.persistentalloc$1";
          "runtime.tryRecordGoroutineProfile" -> "runtime.printArgs$3";
          "runtime.tryRecordGoroutineProfile" -> "runtime.pthread_attr_getstacksize_trampoline";
          "runtime.tryRecordGoroutineProfile" -> "runtime.pthread_attr_init_trampoline";
          "runtime.tryRecordGoroutineProfile" -> "runtime.pthread_attr_setdetachstate_trampoline";
          "runtime.tryRecordGoroutineProfile" -> "runtime.pthread_cond_init_trampoline";
          "runtime.tryRecordGoroutineProfile" -> "runtime.pthread_cond_signal_trampoline";
          "runtime.tryRecordGoroutineProfile" -> "runtime.pthread_cond_timedwait_relative_np_trampoline";
          "runtime.tryRecordGoroutineProfile" -> "runtime.pthread_cond_wait_trampoline";
          "runtime.tryRecordGoroutineProfile" -> "runtime.pthread_create_trampoline";
          "runtime.tryRecordGoroutineProfile" -> "runtime.pthread_kill_trampoline";
          "runtime.tryRecordGoroutineProfile" -> "runtime.pthread_mutex_init_trampoline";
          "runtime.tryRecordGoroutineProfile" -> "runtime.pthread_mutex_lock_trampoline";
          "runtime.tryRecordGoroutineProfile" -> "runtime.pthread_mutex_unlock_trampoline";
          "runtime.tryRecordGoroutineProfile" -> "runtime.raise_trampoline";
          "runtime.tryRecordGoroutineProfile" -> "runtime.raiseproc_trampoline";
          "runtime.tryRecordGoroutineProfile" -> "runtime.readgstatus";
          "runtime.tryRecordGoroutineProfile" -> "runtime.reentersyscall$1";
          "runtime.tryRecordGoroutineProfile" -> "runtime.reentersyscall$2";
          "runtime.tryRecordGoroutineProfile" -> "runtime.reentersyscall$3";
          "runtime.tryRecordGoroutineProfile" -> "runtime.releasem";
          "runtime.tryRecordGoroutineProfile" -> "runtime.runSafePointFn";
          "runtime.tryRecordGoroutineProfile" -> "runtime.sigaction_trampoline";
          "runtime.tryRecordGoroutineProfile" -> "runtime.sigpanic";
          "runtime.tryRecordGoroutineProfile" -> "runtime.sigprocmask_trampoline";
          "runtime.tryRecordGoroutineProfile" -> "runtime.sigtramp";
          "runtime.tryRecordGoroutineProfile" -> "runtime.startTheWorld$1";
          "runtime.tryRecordGoroutineProfile" -> "runtime.stopTheWorld$1";
          "runtime.tryRecordGoroutineProfile" -> "runtime.sweepone$1";
          "runtime.tryRecordGoroutineProfile" -> "runtime.throw$1";
          "runtime.tryRecordGoroutineProfile" -> "runtime.traceThreadDestroy$1";
          "runtime.tryRecordGoroutineProfile" -> "runtime.unreachableMethod";
          "runtime.tryRecordGoroutineProfile" -> "runtime.usleep_trampoline";
          "runtime.tryRecordGoroutineProfile" -> "runtime.walltime_trampoline";
          "runtime.tryRecordGoroutineProfile" -> "runtime.wbBufFlush$1";
          "runtime.tryRecordGoroutineProfile" -> "runtime.wirep$1";
          "runtime.tryRecordGoroutineProfile" -> "runtime.wirep$2";
          "runtime.tryRecordGoroutineProfile" -> "runtime.write_trampoline";
          "runtime.tryRecordGoroutineProfile" -> "syscall.copyenv";
          "runtime.tryRecordGoroutineProfile" -> "syscall.libc_close_trampoline";
          "runtime.tryRecordGoroutineProfile" -> "syscall.libc_closedir_trampoline";
          "runtime.tryRecordGoroutineProfile" -> "syscall.libc_dup_trampoline";
          "runtime.tryRecordGoroutineProfile" -> "syscall.libc_fchdir_trampoline";
          "runtime.tryRecordGoroutineProfile" -> "syscall.libc_fchmod_trampoline";
          "runtime.tryRecordGoroutineProfile" -> "syscall.libc_fchown_trampoline";
          "runtime.tryRecordGoroutineProfile" -> "syscall.libc_fcntl_trampoline";
          "runtime.tryRecordGoroutineProfile" -> "syscall.libc_fdopendir_trampoline";
          "runtime.tryRecordGoroutineProfile" -> "syscall.libc_fstat_trampoline";
          "runtime.tryRecordGoroutineProfile" -> "syscall.libc_fsync_trampoline";
          "runtime.tryRecordGoroutineProfile" -> "syscall.libc_ftruncate_trampoline";
          "runtime.tryRecordGoroutineProfile" -> "syscall.libc_getsockopt_trampoline";
          "runtime.tryRecordGoroutineProfile" -> "syscall.libc_lseek_trampoline";
          "runtime.tryRecordGoroutineProfile" -> "syscall.libc_open_trampoline";
          "runtime.tryRecordGoroutineProfile" -> "syscall.libc_openat_trampoline";
          "runtime.tryRecordGoroutineProfile" -> "syscall.libc_pread_trampoline";
          "runtime.tryRecordGoroutineProfile" -> "syscall.libc_pwrite_trampoline";
          "runtime.tryRecordGoroutineProfile" -> "syscall.libc_read_trampoline";
          "runtime.tryRecordGoroutineProfile" -> "syscall.libc_readdir_r_trampoline";
          "runtime.tryRecordGoroutineProfile" -> "syscall.libc_recvfrom_trampoline";
          "runtime.tryRecordGoroutineProfile" -> "syscall.libc_recvmsg_trampoline";
          "runtime.tryRecordGoroutineProfile" -> "syscall.libc_sendmsg_trampoline";
          "runtime.tryRecordGoroutineProfile" -> "syscall.libc_sendto_trampoline";
          "runtime.tryRecordGoroutineProfile" -> "syscall.libc_setsockopt_trampoline";
          "runtime.tryRecordGoroutineProfile" -> "syscall.libc_shutdown_trampoline";
          "runtime.tryRecordGoroutineProfile" -> "syscall.libc_write_trampoline";
          "runtime.tryRecordGoroutineProfile" -> "time.FixedZone$1";
          "runtime.tryRecordGoroutineProfile" -> "time.initLocal";
          "runtime.tryRecordGoroutineProfileWB" -> "(runtime.puintptr).ptr";
          "runtime.tryRecordGoroutineProfileWB" -> "runtime.getg";
          "runtime.tryRecordGoroutineProfileWB" -> "runtime.throw";
          "runtime.tryRecordGoroutineProfileWB" -> "runtime.tryRecordGoroutineProfile";
          "runtime.trygetfull" -> "(*runtime.lfstack).pop";
          "runtime.trygetfull" -> "(*runtime.workbuf).checknonempty";
          "runtime.unblocksig" -> "runtime.sigaddset";
          "runtime.unblocksig" -> "runtime.sigprocmask";
          "runtime.unlock" -> "runtime.unlockWithRank";
          "runtime.unlock2" -> "(*runtime.mLockProfile).recordUnlock";
          "runtime.unlock2" -> "internal/runtime/atomic.Xchg8";
          "runtime.unlock2" -> "runtime.getg";
          "runtime.unlock2" -> "runtime.key8";
          "runtime.unlock2" -> "runtime.throw";
          "runtime.unlock2" -> "runtime.throw";
          "runtime.unlock2" -> "runtime.unlock2Wake";
          "runtime.unlock2Wake" -> "(runtime.muintptr).ptr";
          "runtime.unlock2Wake" -> "(runtime.muintptr).ptr";
          "runtime.unlock2Wake" -> "internal/runtime/atomic.Casuintptr";
          "runtime.unlock2Wake" -> "internal/runtime/atomic.Casuintptr";
          "runtime.unlock2Wake" -> "internal/runtime/atomic.Loaduintptr";
          "runtime.unlock2Wake" -> "internal/runtime/atomic.Loaduintptr";
          "runtime.unlock2Wake" -> "internal/runtime/atomic.Loaduintptr";
          "runtime.unlock2Wake" -> "runtime.cheaprandn";
          "runtime.unlock2Wake" -> "runtime.mutexPreferLowLatency";
          "runtime.unlock2Wake" -> "runtime.mutexPreferLowLatency";
          "runtime.unlock2Wake" -> "runtime.mutexWaitListHead";
          "runtime.unlock2Wake" -> "runtime.semawakeup";
          "runtime.unlockWithRank" -> "runtime.unlock2";
          "runtime.unreachableMethod" -> "runtime.throw";
          "runtime.usleep" -> "internal/abi.FuncPCABI0";
          "runtime.usleep" -> "runtime.libcCall";
          "runtime.usleep_no_g" -> "internal/abi.FuncPCABI0";
          "runtime.usleep_no_g" -> "runtime.asmcgocall_no_g";
          "runtime.wakeNetPoller" -> "(*internal/runtime/atomic.Int64).Load";
          "runtime.wakeNetPoller" -> "(*internal/runtime/atomic.Int64).Load";
          "runtime.wakeNetPoller" -> "runtime.netpollBreak";
          "runtime.wakeNetPoller" -> "runtime.wakep";
          "runtime.wakeNetpoll" -> "runtime.kevent";
          "runtime.wakeNetpoll" -> "runtime.throw";
          "runtime.wakefing" -> "(*internal/runtime/atomic.Uint32).CompareAndSwap";
          "runtime.wakep" -> "(*internal/runtime/atomic.Int32).Add";
          "runtime.wakep" -> "(*internal/runtime/atomic.Int32).CompareAndSwap";
          "runtime.wakep" -> "(*internal/runtime/atomic.Int32).Load";
          "runtime.wakep" -> "runtime.acquirem";
          "runtime.wakep" -> "runtime.lock";
          "runtime.wakep" -> "runtime.pidlegetSpinning";
          "runtime.wakep" -> "runtime.releasem";
          "runtime.wakep" -> "runtime.releasem";
          "runtime.wakep" -> "runtime.startm";
          "runtime.wakep" -> "runtime.throw";
          "runtime.wakep" -> "runtime.unlock";
          "runtime.wakep" -> "runtime.unlock";
          "runtime.walltime" -> "internal/abi.FuncPCABI0";
          "runtime.walltime" -> "runtime.libcCall";
          "runtime.wantAsyncPreempt" -> "(runtime.puintptr).ptr";
          "runtime.wantAsyncPreempt" -> "runtime.readgstatus";
          "runtime.wbBufFlush" -> "(*runtime.wbBuf).discard";
          "runtime.wbBufFlush" -> "(runtime.puintptr).ptr";
          "runtime.wbBufFlush" -> "runtime.getg";
          "runtime.wbBufFlush" -> "runtime.getg";
          "runtime.wbBufFlush" -> "runtime.systemstack";
          "runtime.wbBufFlush$1" -> "(runtime.puintptr).ptr";
          "runtime.wbBufFlush$1" -> "runtime.getg";
          "runtime.wbBufFlush$1" -> "runtime.wbBufFlush1";
          "runtime.wbBufFlush1" -> "(*runtime.gcWork).putBatch";
          "runtime.wbBufFlush1" -> "(*runtime.mspan).base";
          "runtime.wbBufFlush1" -> "(*runtime.mspan).markBitsForIndex";
          "runtime.wbBufFlush1" -> "(*runtime.wbBuf).reset";
          "runtime.wbBufFlush1" -> "(*runtime.wbBuf).reset";
          "runtime.wbBufFlush1" -> "(runtime.markBits).isMarked";
          "runtime.wbBufFlush1" -> "(runtime.markBits).setMarked";
          "runtime.wbBufFlush1" -> "(runtime.spanClass).noscan";
          "runtime.wbBufFlush1" -> "internal/runtime/atomic.Or8";
          "runtime.wbBufFlush1" -> "runtime.findObject";
          "runtime.wbBufFlush1" -> "runtime.pageIndexOf";
          "runtime.wbBufFlush1" -> "runtime.shade";
          "runtime.wirep" -> "(*runtime.muintptr).set";
          "runtime.wirep" -> "(*runtime.puintptr).set";
          "runtime.wirep" -> "runtime.getg";
          "runtime.wirep" -> "runtime.systemstack";
          "runtime.wirep" -> "runtime.systemstack";
          "runtime.wirep$1" -> "runtime.throw";
          "runtime.wirep$2" -> "(runtime.muintptr).ptr";
          "runtime.wirep$2" -> "runtime.throw";
          "runtime.write" -> "runtime.noescape";
          "runtime.write" -> "runtime.write1";
          "runtime.write1" -> "internal/abi.FuncPCABI0";
          "runtime.write1" -> "runtime.KeepAlive";
          "runtime.write1" -> "runtime.libcCall";
          "runtime.writeErr" -> "runtime.writeErrData";
          "runtime.writeErrData" -> "(*internal/runtime/atomic.Uint32).Load";
          "runtime.writeErrData" -> "(*internal/runtime/atomic.Uintptr).Load";
          "runtime.writeErrData" -> "runtime.getg";
          "runtime.writeErrData" -> "runtime.write";
          "runtime.writeErrData" -> "runtime.write";
          "runtime.writeErrStr" -> "runtime.writeErrData";
          "slices.SortStableFunc[internal/fmtsort.SortedMap internal/fmtsort.KeyValue]" -> "slices.stableCmpFunc[internal/fmtsort.KeyValue]";
          "slices.insertionSortCmpFunc[internal/fmtsort.KeyValue]" -> "internal/fmtsort.Sort$1";
          "slices.rotateCmpFunc[internal/fmtsort.KeyValue]" -> "slices.swapRangeCmpFunc[internal/fmtsort.KeyValue]";
          "slices.rotateCmpFunc[internal/fmtsort.KeyValue]" -> "slices.swapRangeCmpFunc[internal/fmtsort.KeyValue]";
          "slices.rotateCmpFunc[internal/fmtsort.KeyValue]" -> "slices.swapRangeCmpFunc[internal/fmtsort.KeyValue]";
          "slices.stableCmpFunc[internal/fmtsort.KeyValue]" -> "slices.insertionSortCmpFunc[internal/fmtsort.KeyValue]";
          "slices.stableCmpFunc[internal/fmtsort.KeyValue]" -> "slices.insertionSortCmpFunc[internal/fmtsort.KeyValue]";
          "slices.stableCmpFunc[internal/fmtsort.KeyValue]" -> "slices.symMergeCmpFunc[internal/fmtsort.KeyValue]";
          "slices.stableCmpFunc[internal/fmtsort.KeyValue]" -> "slices.symMergeCmpFunc[internal/fmtsort.KeyValue]";
          "slices.symMergeCmpFunc[internal/fmtsort.KeyValue]" -> "internal/fmtsort.Sort$1";
          "slices.symMergeCmpFunc[internal/fmtsort.KeyValue]" -> "internal/fmtsort.Sort$1";
          "slices.symMergeCmpFunc[internal/fmtsort.KeyValue]" -> "internal/fmtsort.Sort$1";
          "slices.symMergeCmpFunc[internal/fmtsort.KeyValue]" -> "slices.rotateCmpFunc[internal/fmtsort.KeyValue]";
          "slices.symMergeCmpFunc[internal/fmtsort.KeyValue]" -> "slices.symMergeCmpFunc[internal/fmtsort.KeyValue]";
          "slices.symMergeCmpFunc[internal/fmtsort.KeyValue]" -> "slices.symMergeCmpFunc[internal/fmtsort.KeyValue]";
          "strconv.AppendFloat" -> "strconv.genericFtoa";
          "strconv.AppendQuote" -> "strconv.appendQuotedWith";
          "strconv.AppendQuoteRune" -> "strconv.appendQuotedRuneWith";
          "strconv.AppendQuoteRuneToASCII" -> "strconv.appendQuotedRuneWith";
          "strconv.AppendQuoteToASCII" -> "strconv.appendQuotedWith";
          "strconv.CanBackquote" -> "unicode/utf8.DecodeRuneInString";
          "strconv.FormatInt" -> "strconv.formatBits";
          "strconv.FormatInt" -> "strconv.small";
          "strconv.IsPrint" -> "strconv.bsearch[[]uint16 uint16]";
          "strconv.IsPrint" -> "strconv.bsearch[[]uint16 uint16]";
          "strconv.IsPrint" -> "strconv.bsearch[[]uint16 uint16]";
          "strconv.IsPrint" -> "strconv.bsearch[[]uint32 uint32]";
          "strconv.Itoa" -> "strconv.FormatInt";
          "strconv.Quote" -> "strconv.quoteWith";
          "strconv.Unquote" -> "strconv.unquote";
          "strconv.UnquoteChar" -> "strconv.unhex";
          "strconv.UnquoteChar" -> "unicode/utf8.DecodeRuneInString";
          "strconv.UnquoteChar" -> "unicode/utf8.ValidRune";
          "strconv.appendEscapedRune" -> "strconv.IsPrint";
          "strconv.appendEscapedRune" -> "strconv.IsPrint";
          "strconv.appendEscapedRune" -> "strconv.isInGraphicList";
          "strconv.appendEscapedRune" -> "unicode/utf8.AppendRune";
          "strconv.appendEscapedRune" -> "unicode/utf8.ValidRune";
          "strconv.appendQuotedRuneWith" -> "strconv.appendEscapedRune";
          "strconv.appendQuotedRuneWith" -> "unicode/utf8.ValidRune";
          "strconv.appendQuotedWith" -> "strconv.appendEscapedRune";
          "strconv.appendQuotedWith" -> "unicode/utf8.DecodeRuneInString";
          "strconv.bigFtoa" -> "(*strconv.decimal).Assign";
          "strconv.bigFtoa" -> "(*strconv.decimal).Round";
          "strconv.bigFtoa" -> "(*strconv.decimal).Round";
          "strconv.bigFtoa" -> "(*strconv.decimal).Round";
          "strconv.bigFtoa" -> "(*strconv.decimal).Shift";
          "strconv.bigFtoa" -> "strconv.formatDigits";
          "strconv.bigFtoa" -> "strconv.roundShortest";
          "strconv.contains" -> "strconv.index";
          "strconv.divmod1e9" -> "math/bits.Mul64";
          "strconv.fmtB" -> "strconv.formatBits";
          "strconv.fmtB" -> "strconv.formatBits";
          "strconv.fmtX" -> "strconv.lower";
          "strconv.formatBits" -> "math/bits.TrailingZeros";
          "strconv.formatBits" -> "strconv.isPowerOfTwo";
          "strconv.formatDigits" -> "strconv.fmtE";
          "strconv.formatDigits" -> "strconv.fmtE";
          "strconv.formatDigits" -> "strconv.fmtF";
          "strconv.formatDigits" -> "strconv.fmtF";
          "strconv.genericFtoa" -> "math.Float32bits";
          "strconv.genericFtoa" -> "math.Float64bits";
          "strconv.genericFtoa" -> "strconv.bigFtoa";
          "strconv.genericFtoa" -> "strconv.bigFtoa";
          "strconv.genericFtoa" -> "strconv.fmtB";
          "strconv.genericFtoa" -> "strconv.fmtX";
          "strconv.genericFtoa" -> "strconv.formatDigits";
          "strconv.genericFtoa" -> "strconv.ryuFtoaFixed32";
          "strconv.genericFtoa" -> "strconv.ryuFtoaFixed64";
          "strconv.genericFtoa" -> "strconv.ryuFtoaShortest";
          "strconv.index" -> "internal/bytealg.IndexByteString";
          "strconv.isInGraphicList" -> "strconv.bsearch[[]uint16 uint16]";
          "strconv.leftShift" -> "strconv.prefixIsLessThan";
          "strconv.leftShift" -> "strconv.trim";
          "strconv.mult128bitPow10" -> "math/bits.Add64";
          "strconv.mult128bitPow10" -> "math/bits.Mul64";
          "strconv.mult128bitPow10" -> "math/bits.Mul64";
          "strconv.mult128bitPow10" -> "strconv.mulByLog10Log2";
          "strconv.mult64bitPow10" -> "math/bits.Mul64";
          "strconv.mult64bitPow10" -> "strconv.mulByLog10Log2";
          "strconv.quoteWith" -> "strconv.appendQuotedWith";
          "strconv.rightShift" -> "strconv.trim";
          "strconv.roundShortest" -> "(*strconv.decimal).Assign";
          "strconv.roundShortest" -> "(*strconv.decimal).Assign";
          "strconv.roundShortest" -> "(*strconv.decimal).Round";
          "strconv.roundShortest" -> "(*strconv.decimal).RoundDown";
          "strconv.roundShortest" -> "(*strconv.decimal).RoundUp";
          "strconv.roundShortest" -> "(*strconv.decimal).Shift";
          "strconv.roundShortest" -> "(*strconv.decimal).Shift";
          "strconv.ryuDigits" -> "strconv.divmod1e9";
          "strconv.ryuDigits" -> "strconv.divmod1e9";
          "strconv.ryuDigits" -> "strconv.divmod1e9";
          "strconv.ryuDigits" -> "strconv.ryuDigits32";
          "strconv.ryuDigits" -> "strconv.ryuDigits32";
          "strconv.ryuDigits" -> "strconv.ryuDigits32";
          "strconv.ryuFtoaFixed32" -> "math/bits.Len32";
          "strconv.ryuFtoaFixed32" -> "strconv.divisibleByPower5";
          "strconv.ryuFtoaFixed32" -> "strconv.formatDecimal";
          "strconv.ryuFtoaFixed32" -> "strconv.mulByLog2Log10";
          "strconv.ryuFtoaFixed32" -> "strconv.mult64bitPow10";
          "strconv.ryuFtoaFixed64" -> "math/bits.Len64";
          "strconv.ryuFtoaFixed64" -> "strconv.divisibleByPower5";
          "strconv.ryuFtoaFixed64" -> "strconv.formatDecimal";
          "strconv.ryuFtoaFixed64" -> "strconv.mulByLog2Log10";
          "strconv.ryuFtoaFixed64" -> "strconv.mult128bitPow10";
          "strconv.ryuFtoaShortest" -> "math/bits.TrailingZeros64";
          "strconv.ryuFtoaShortest" -> "strconv.computeBounds";
          "strconv.ryuFtoaShortest" -> "strconv.divisibleByPower5";
          "strconv.ryuFtoaShortest" -> "strconv.divisibleByPower5";
          "strconv.ryuFtoaShortest" -> "strconv.divisibleByPower5";
          "strconv.ryuFtoaShortest" -> "strconv.mulByLog2Log10";
          "strconv.ryuFtoaShortest" -> "strconv.mult128bitPow10";
          "strconv.ryuFtoaShortest" -> "strconv.mult128bitPow10";
          "strconv.ryuFtoaShortest" -> "strconv.mult128bitPow10";
          "strconv.ryuFtoaShortest" -> "strconv.mult64bitPow10";
          "strconv.ryuFtoaShortest" -> "strconv.mult64bitPow10";
          "strconv.ryuFtoaShortest" -> "strconv.mult64bitPow10";
          "strconv.ryuFtoaShortest" -> "strconv.ryuDigits";
          "strconv.ryuFtoaShortest" -> "strconv.ryuDigits";
          "strconv.ryuFtoaShortest" -> "strconv.ryuDigits";
          "strconv.unquote" -> "strconv.UnquoteChar";
          "strconv.unquote" -> "strconv.contains";
          "strconv.unquote" -> "strconv.contains";
          "strconv.unquote" -> "strconv.contains";
          "strconv.unquote" -> "strconv.index";
          "strconv.unquote" -> "unicode/utf8.AppendRune";
          "strconv.unquote" -> "unicode/utf8.DecodeRuneInString";
          "strconv.unquote" -> "unicode/utf8.ValidString";
          "syscall.BytePtrFromString" -> "syscall.ByteSliceFromString";
          "syscall.ByteSliceFromString" -> "internal/bytealg.IndexByteString";
          "syscall.Close" -> "internal/abi.FuncPCABI0";
          "syscall.Close" -> "syscall.errnoErr";
          "syscall.Close" -> "syscall.syscall";
          "syscall.CloseOnExec" -> "syscall.fcntl";
          "syscall.Dup" -> "internal/abi.FuncPCABI0";
          "syscall.Dup" -> "syscall.errnoErr";
          "syscall.Dup" -> "syscall.syscall";
          "syscall.Fchdir" -> "internal/abi.FuncPCABI0";
          "syscall.Fchdir" -> "syscall.errnoErr";
          "syscall.Fchdir" -> "syscall.syscall";
          "syscall.Fchmod" -> "internal/abi.FuncPCABI0";
          "syscall.Fchmod" -> "syscall.errnoErr";
          "syscall.Fchmod" -> "syscall.syscall";
          "syscall.Fchown" -> "internal/abi.FuncPCABI0";
          "syscall.Fchown" -> "syscall.errnoErr";
          "syscall.Fchown" -> "syscall.syscall";
          "syscall.Fstat" -> "internal/abi.FuncPCABI0";
          "syscall.Fstat" -> "syscall.errnoErr";
          "syscall.Fstat" -> "syscall.syscall";
          "syscall.Fsync" -> "internal/abi.FuncPCABI0";
          "syscall.Fsync" -> "syscall.errnoErr";
          "syscall.Fsync" -> "syscall.syscall";
          "syscall.Ftruncate" -> "internal/abi.FuncPCABI0";
          "syscall.Ftruncate" -> "syscall.errnoErr";
          "syscall.Ftruncate" -> "syscall.syscall";
          "syscall.Getdirentries" -> "syscall.Close";
          "syscall.Getdirentries" -> "syscall.Seek";
          "syscall.Getdirentries" -> "syscall.Seek";
          "syscall.Getdirentries" -> "syscall.closedir";
          "syscall.Getdirentries" -> "syscall.errnoErr";
          "syscall.Getdirentries" -> "syscall.fdopendir";
          "syscall.Getdirentries" -> "syscall.openat";
          "syscall.Getdirentries" -> "syscall.readdir_r";
          "syscall.Getenv" -> "(*sync.Once).Do";
          "syscall.Getenv" -> "(*sync.RWMutex).RLock";
          "syscall.Getenv" -> "(*sync.RWMutex).RUnlock";
          "syscall.GetsockoptInt" -> "syscall.getsockopt";
          "syscall.Open" -> "internal/abi.FuncPCABI0";
          "syscall.Open" -> "syscall.BytePtrFromString";
          "syscall.Open" -> "syscall.errnoErr";
          "syscall.Open" -> "syscall.syscall";
          "syscall.Pread" -> "internal/asan.Write";
          "syscall.Pread" -> "internal/msan.Write";
          "syscall.Pread" -> "internal/race.Acquire";
          "syscall.Pread" -> "internal/race.WriteRange";
          "syscall.Pread" -> "syscall.pread";
          "syscall.Pwrite" -> "internal/asan.Read";
          "syscall.Pwrite" -> "internal/msan.Read";
          "syscall.Pwrite" -> "internal/race.ReadRange";
          "syscall.Pwrite" -> "internal/race.ReleaseMerge";
          "syscall.Pwrite" -> "syscall.pwrite";
          "syscall.Read" -> "internal/asan.Write";
          "syscall.Read" -> "internal/msan.Write";
          "syscall.Read" -> "internal/race.Acquire";
          "syscall.Read" -> "internal/race.WriteRange";
          "syscall.Read" -> "syscall.read";
          "syscall.ReadDirent" -> "syscall.Getdirentries";
          "syscall.Recvfrom" -> "syscall.anyToSockaddr";
          "syscall.Recvfrom" -> "syscall.recvfrom";
          "syscall.Recvmsg" -> "syscall.anyToSockaddr";
          "syscall.Recvmsg" -> "syscall.recvmsgRaw";
          "syscall.Seek" -> "internal/abi.FuncPCABI0";
          "syscall.Seek" -> "syscall.errnoErr";
          "syscall.Seek" -> "syscall.syscallX";
          "syscall.SendmsgN" -> "(*syscall.SockaddrDatalink).sockaddr";
          "syscall.SendmsgN" -> "(*syscall.SockaddrInet4).sockaddr";
          "syscall.SendmsgN" -> "(*syscall.SockaddrInet6).sockaddr";
          "syscall.SendmsgN" -> "(*syscall.SockaddrUnix).sockaddr";
          "syscall.SendmsgN" -> "syscall.sendmsgN";
          "syscall.Sendto" -> "(*syscall.SockaddrDatalink).sockaddr";
          "syscall.Sendto" -> "(*syscall.SockaddrInet4).sockaddr";
          "syscall.Sendto" -> "(*syscall.SockaddrInet6).sockaddr";
          "syscall.Sendto" -> "(*syscall.SockaddrUnix).sockaddr";
          "syscall.Sendto" -> "syscall.sendto";
          "syscall.SetNonblock" -> "syscall.fcntl";
          "syscall.SetNonblock" -> "syscall.fcntl";
          "syscall.SetsockoptByte" -> "syscall.setsockopt";
          "syscall.SetsockoptIPMreq" -> "syscall.setsockopt";
          "syscall.SetsockoptIPv6Mreq" -> "syscall.setsockopt";
          "syscall.SetsockoptInet4Addr" -> "syscall.setsockopt";
          "syscall.SetsockoptInt" -> "syscall.setsockopt";
          "syscall.SetsockoptLinger" -> "syscall.setsockopt";
          "syscall.Shutdown" -> "internal/abi.FuncPCABI0";
          "syscall.Shutdown" -> "syscall.errnoErr";
          "syscall.Shutdown" -> "syscall.syscall";
          "syscall.Write" -> "internal/asan.Read";
          "syscall.Write" -> "internal/msan.Read";
          "syscall.Write" -> "internal/race.ReadRange";
          "syscall.Write" -> "internal/race.ReleaseMerge";
          "syscall.Write" -> "syscall.errnoErr";
          "syscall.Write" -> "syscall.faketimeWrite";
          "syscall.Write" -> "syscall.write";
          "syscall.closedir" -> "internal/abi.FuncPCABI0";
          "syscall.closedir" -> "syscall.errnoErr";
          "syscall.closedir" -> "syscall.syscall";
          "syscall.fcntl" -> "internal/abi.FuncPCABI0";
          "syscall.fcntl" -> "syscall.errnoErr";
          "syscall.fcntl" -> "syscall.syscall";
          "syscall.fdopendir" -> "internal/abi.FuncPCABI0";
          "syscall.fdopendir" -> "syscall.errnoErr";
          "syscall.fdopendir" -> "syscall.syscallPtr";
          "syscall.getsockopt" -> "internal/abi.FuncPCABI0";
          "syscall.getsockopt" -> "syscall.errnoErr";
          "syscall.getsockopt" -> "syscall.syscall6";
          "syscall.openat" -> "internal/abi.FuncPCABI0";
          "syscall.openat" -> "syscall.BytePtrFromString";
          "syscall.openat" -> "syscall.errnoErr";
          "syscall.openat" -> "syscall.syscall6";
          "syscall.pread" -> "internal/abi.FuncPCABI0";
          "syscall.pread" -> "syscall.errnoErr";
          "syscall.pread" -> "syscall.syscall6";
          "syscall.pwrite" -> "internal/abi.FuncPCABI0";
          "syscall.pwrite" -> "syscall.errnoErr";
          "syscall.pwrite" -> "syscall.syscall6";
          "syscall.read" -> "internal/abi.FuncPCABI0";
          "syscall.read" -> "syscall.errnoErr";
          "syscall.read" -> "syscall.syscall";
          "syscall.readdir_r" -> "internal/abi.FuncPCABI0";
          "syscall.readdir_r" -> "syscall.syscall";
          "syscall.recvfrom" -> "internal/abi.FuncPCABI0";
          "syscall.recvfrom" -> "syscall.errnoErr";
          "syscall.recvfrom" -> "syscall.syscall6";
          "syscall.recvmsg" -> "internal/abi.FuncPCABI0";
          "syscall.recvmsg" -> "syscall.errnoErr";
          "syscall.recvmsg" -> "syscall.syscall";
          "syscall.recvmsgRaw" -> "(*syscall.Iovec).SetLen";
          "syscall.recvmsgRaw" -> "(*syscall.Iovec).SetLen";
          "syscall.recvmsgRaw" -> "(*syscall.Msghdr).SetControllen";
          "syscall.recvmsgRaw" -> "syscall.recvmsg";
          "syscall.sendmsg" -> "internal/abi.FuncPCABI0";
          "syscall.sendmsg" -> "syscall.errnoErr";
          "syscall.sendmsg" -> "syscall.syscall";
          "syscall.sendmsgN" -> "(*syscall.Iovec).SetLen";
          "syscall.sendmsgN" -> "(*syscall.Iovec).SetLen";
          "syscall.sendmsgN" -> "(*syscall.Msghdr).SetControllen";
          "syscall.sendmsgN" -> "syscall.sendmsg";
          "syscall.sendto" -> "internal/abi.FuncPCABI0";
          "syscall.sendto" -> "syscall.errnoErr";
          "syscall.sendto" -> "syscall.syscall6";
          "syscall.setsockopt" -> "internal/abi.FuncPCABI0";
          "syscall.setsockopt" -> "syscall.errnoErr";
          "syscall.setsockopt" -> "syscall.syscall6";
          "syscall.write" -> "internal/abi.FuncPCABI0";
          "syscall.write" -> "syscall.errnoErr";
          "syscall.write" -> "syscall.syscall";
          "time.Date" -> "(*time.Location).lookup";
          "time.Date" -> "(*time.Location).lookup";
          "time.Date" -> "(*time.Time).setLoc";
          "time.Date" -> "time.dateToAbsDays";
          "time.Date" -> "time.norm";
          "time.Date" -> "time.norm";
          "time.Date" -> "time.norm";
          "time.Date" -> "time.norm";
          "time.Date" -> "time.norm";
          "time.Date" -> "time.unixTime";
          "time.FixedZone" -> "(*sync.Once).Do";
          "time.FixedZone" -> "time.fixedZone";
          "time.FixedZone$1" -> "time.fixedZone";
          "time.LoadLocationFromTZData" -> "(*time.dataIO).big4";
          "time.LoadLocationFromTZData" -> "(*time.dataIO).big4";
          "time.LoadLocationFromTZData" -> "(*time.dataIO).big4";
          "time.LoadLocationFromTZData" -> "(*time.dataIO).big4";
          "time.LoadLocationFromTZData" -> "(*time.dataIO).big8";
          "time.LoadLocationFromTZData" -> "(*time.dataIO).byte";
          "time.LoadLocationFromTZData" -> "(*time.dataIO).byte";
          "time.LoadLocationFromTZData" -> "(*time.dataIO).read";
          "time.LoadLocationFromTZData" -> "(*time.dataIO).read";
          "time.LoadLocationFromTZData" -> "(*time.dataIO).read";
          "time.LoadLocationFromTZData" -> "(*time.dataIO).read";
          "time.LoadLocationFromTZData" -> "(*time.dataIO).read";
          "time.LoadLocationFromTZData" -> "(*time.dataIO).read";
          "time.LoadLocationFromTZData" -> "(*time.dataIO).read";
          "time.LoadLocationFromTZData" -> "(*time.dataIO).read";
          "time.LoadLocationFromTZData" -> "(*time.dataIO).read";
          "time.LoadLocationFromTZData" -> "(*time.dataIO).read";
          "time.LoadLocationFromTZData" -> "(*time.dataIO).rest";
          "time.LoadLocationFromTZData" -> "time.byteString";
          "time.LoadLocationFromTZData" -> "time.findZone";
          "time.LoadLocationFromTZData" -> "time.runtimeNow";
          "time.LoadLocationFromTZData" -> "time.tzset";
          "time.Now" -> "time.runtimeNow";
          "time.Parse" -> "time.parse";
          "time.Parse" -> "time.parseRFC3339[string]";
          "time.Unix" -> "time.unixTime";
          "time.Until" -> "(time.Time).Sub";
          "time.Until" -> "time.Now";
          "time.Until" -> "time.runtimeNano";
          "time.Until" -> "time.subMono";
          "time.appendInt" -> "time.appendInt$1";
          "time.appendInt" -> "time.appendInt$1";
          "time.appendInt" -> "time.appendInt$1";
          "time.appendInt" -> "time.appendInt$1";
          "time.appendInt" -> "time.appendInt$1";
          "time.appendInt" -> "time.appendInt$1";
          "time.appendInt" -> "time.appendInt$1";
          "time.appendInt" -> "time.appendInt$1";
          "time.appendNano" -> "time.appendInt";
          "time.appendNano" -> "time.digitsLen";
          "time.appendNano" -> "time.separator";
          "time.atoi[[]byte]" -> "time.leadingInt[[]byte]";
          "time.atoi[string]" -> "time.leadingInt[string]";
          "time.byteString" -> "internal/bytealg.IndexByte";
          "time.closefd" -> "syscall.Close";
          "time.daysIn" -> "time.isLeap";
          "time.div" -> "(*time.Time).nsec";
          "time.div" -> "(*time.Time).sec";
          "time.getnum" -> "time.isDigit[string]";
          "time.getnum" -> "time.isDigit[string]";
          "time.getnum3" -> "time.isDigit[string]";
          "time.initLocal" -> "syscall.Getenv";
          "time.initLocal" -> "time.loadLocation";
          "time.initLocal" -> "time.loadLocation";
          "time.initLocal" -> "time.loadLocation";
          "time.loadLocation" -> "errors.New";
          "time.loadLocation" -> "runtime.GOROOT";
          "time.loadLocation" -> "time.LoadLocationFromTZData";
          "time.loadLocation" -> "time.LoadLocationFromTZData";
          "time.loadLocation" -> "time.LoadLocationFromTZData";
          "time.loadLocation" -> "time.gorootZoneSource";
          "time.loadLocation" -> "time.loadTzinfo";
          "time.loadLocation" -> "time.loadTzinfo";
          "time.loadTzinfo" -> "time.loadTzinfoFromDirOrZip";
          "time.loadTzinfoFromDirOrZip" -> "time.loadTzinfoFromZip";
          "time.loadTzinfoFromDirOrZip" -> "time.readFile";
          "time.loadTzinfoFromZip" -> "errors.New";
          "time.loadTzinfoFromZip" -> "errors.New";
          "time.loadTzinfoFromZip" -> "errors.New";
          "time.loadTzinfoFromZip" -> "errors.New";
          "time.loadTzinfoFromZip" -> "errors.New";
          "time.loadTzinfoFromZip" -> "time.closefd";
          "time.loadTzinfoFromZip" -> "time.get2";
          "time.loadTzinfoFromZip" -> "time.get2";
          "time.loadTzinfoFromZip" -> "time.get2";
          "time.loadTzinfoFromZip" -> "time.get2";
          "time.loadTzinfoFromZip" -> "time.get2";
          "time.loadTzinfoFromZip" -> "time.get2";
          "time.loadTzinfoFromZip" -> "time.get2";
          "time.loadTzinfoFromZip" -> "time.get2";
          "time.loadTzinfoFromZip" -> "time.get4";
          "time.loadTzinfoFromZip" -> "time.get4";
          "time.loadTzinfoFromZip" -> "time.get4";
          "time.loadTzinfoFromZip" -> "time.get4";
          "time.loadTzinfoFromZip" -> "time.get4";
          "time.loadTzinfoFromZip" -> "time.get4";
          "time.loadTzinfoFromZip" -> "time.get4";
          "time.loadTzinfoFromZip" -> "time.open";
          "time.loadTzinfoFromZip" -> "time.preadn";
          "time.loadTzinfoFromZip" -> "time.preadn";
          "time.loadTzinfoFromZip" -> "time.preadn";
          "time.loadTzinfoFromZip" -> "time.preadn";
          "time.lookup" -> "time.match";
          "time.newParseError" -> "internal/stringslite.Clone";
          "time.newParseError" -> "internal/stringslite.Clone";
          "time.nextStdChunk" -> "time.isDigit[string]";
          "time.nextStdChunk" -> "time.startsWithLowerCase";
          "time.nextStdChunk" -> "time.startsWithLowerCase";
          "time.nextStdChunk" -> "time.stdFracSecond";
          "time.open" -> "syscall.Open";
          "time.parse" -> "(*time.Location).lookup";
          "time.parse" -> "(*time.Location).lookupName";
          "time.parse" -> "(*time.Time).addSec";
          "time.parse" -> "(*time.Time).addSec";
          "time.parse" -> "(*time.Time).setLoc";
          "time.parse" -> "(*time.Time).setLoc";
          "time.parse" -> "(*time.Time).setLoc";
          "time.parse" -> "(*time.Time).setLoc";
          "time.parse" -> "(*time.Time).unixSec";
          "time.parse" -> "(*time.Time).unixSec";
          "time.parse" -> "internal/stringslite.Clone";
          "time.parse" -> "internal/stringslite.Clone";
          "time.parse" -> "time.Date";
          "time.parse" -> "time.Date";
          "time.parse" -> "time.Date";
          "time.parse" -> "time.Date";
          "time.parse" -> "time.FixedZone";
          "time.parse" -> "time.FixedZone";
          "time.parse" -> "time.atoi[string]";
          "time.parse" -> "time.atoi[string]";
          "time.parse" -> "time.atoi[string]";
          "time.parse" -> "time.commaOrPeriod";
          "time.parse" -> "time.commaOrPeriod";
          "time.parse" -> "time.daysBefore";
          "time.parse" -> "time.daysBefore";
          "time.parse" -> "time.daysIn";
          "time.parse" -> "time.digitsLen";
          "time.parse" -> "time.getnum";
          "time.parse" -> "time.getnum";
          "time.parse" -> "time.getnum";
          "time.parse" -> "time.getnum";
          "time.parse" -> "time.getnum";
          "time.parse" -> "time.getnum";
          "time.parse" -> "time.getnum";
          "time.parse" -> "time.getnum";
          "time.parse" -> "time.getnum";
          "time.parse" -> "time.getnum3";
          "time.parse" -> "time.isDigit[string]";
          "time.parse" -> "time.isDigit[string]";
          "time.parse" -> "time.isDigit[string]";
          "time.parse" -> "time.isLeap";
          "time.parse" -> "time.lookup";
          "time.parse" -> "time.lookup";
          "time.parse" -> "time.lookup";
          "time.parse" -> "time.lookup";
          "time.parse" -> "time.newParseError";
          "time.parse" -> "time.newParseError";
          "time.parse" -> "time.newParseError";
          "time.parse" -> "time.newParseError";
          "time.parse" -> "time.newParseError";
          "time.parse" -> "time.newParseError";
          "time.parse" -> "time.newParseError";
          "time.parse" -> "time.newParseError";
          "time.parse" -> "time.nextStdChunk";
          "time.parse" -> "time.nextStdChunk";
          "time.parse" -> "time.parseNanoseconds[string]";
          "time.parse" -> "time.parseNanoseconds[string]";
          "time.parse" -> "time.parseNanoseconds[string]";
          "time.parse" -> "time.parseTimeZone";
          "time.parse" -> "time.quote";
          "time.parse" -> "time.skip";
          "time.parseGMT" -> "time.parseSignedOffset";
          "time.parseNanoseconds[[]byte]" -> "time.atoi[[]byte]";
          "time.parseNanoseconds[[]byte]" -> "time.commaOrPeriod";
          "time.parseNanoseconds[string]" -> "time.atoi[string]";
          "time.parseNanoseconds[string]" -> "time.commaOrPeriod";
          "time.parseRFC3339[[]byte]" -> "(*time.Location).lookup";
          "time.parseRFC3339[[]byte]" -> "(*time.Time).addSec";
          "time.parseRFC3339[[]byte]" -> "(*time.Time).setLoc";
          "time.parseRFC3339[[]byte]" -> "(*time.Time).setLoc";
          "time.parseRFC3339[[]byte]" -> "(*time.Time).unixSec";
          "time.parseRFC3339[[]byte]" -> "time.Date";
          "time.parseRFC3339[[]byte]" -> "time.FixedZone";
          "time.parseRFC3339[[]byte]" -> "time.daysIn";
          "time.parseRFC3339[[]byte]" -> "time.isDigit[[]byte]";
          "time.parseRFC3339[[]byte]" -> "time.isDigit[[]byte]";
          "time.parseRFC3339[[]byte]" -> "time.parseNanoseconds[[]byte]";
          "time.parseRFC3339[[]byte]" -> "time.parseRFC3339[[]byte]$1";
          "time.parseRFC3339[[]byte]" -> "time.parseRFC3339[[]byte]$1";
          "time.parseRFC3339[[]byte]" -> "time.parseRFC3339[[]byte]$1";
          "time.parseRFC3339[[]byte]" -> "time.parseRFC3339[[]byte]$1";
          "time.parseRFC3339[[]byte]" -> "time.parseRFC3339[[]byte]$1";
          "time.parseRFC3339[[]byte]" -> "time.parseRFC3339[[]byte]$1";
          "time.parseRFC3339[[]byte]" -> "time.parseRFC3339[[]byte]$1";
          "time.parseRFC3339[[]byte]" -> "time.parseRFC3339[[]byte]$1";
          "time.parseRFC3339[string]" -> "(*time.Location).lookup";
          "time.parseRFC3339[string]" -> "(*time.Time).addSec";
          "time.parseRFC3339[string]" -> "(*time.Time).setLoc";
          "time.parseRFC3339[string]" -> "(*time.Time).setLoc";
          "time.parseRFC3339[string]" -> "(*time.Time).unixSec";
          "time.parseRFC3339[string]" -> "time.Date";
          "time.parseRFC3339[string]" -> "time.FixedZone";
          "time.parseRFC3339[string]" -> "time.daysIn";
          "time.parseRFC3339[string]" -> "time.isDigit[string]";
          "time.parseRFC3339[string]" -> "time.isDigit[string]";
          "time.parseRFC3339[string]" -> "time.parseNanoseconds[string]";
          "time.parseRFC3339[string]" -> "time.parseRFC3339[string]$1";
          "time.parseRFC3339[string]" -> "time.parseRFC3339[string]$1";
          "time.parseRFC3339[string]" -> "time.parseRFC3339[string]$1";
          "time.parseRFC3339[string]" -> "time.parseRFC3339[string]$1";
          "time.parseRFC3339[string]" -> "time.parseRFC3339[string]$1";
          "time.parseRFC3339[string]" -> "time.parseRFC3339[string]$1";
          "time.parseRFC3339[string]" -> "time.parseRFC3339[string]$1";
          "time.parseRFC3339[string]" -> "time.parseRFC3339[string]$1";
          "time.parseSignedOffset" -> "time.leadingInt[string]";
          "time.parseStrictRFC3339" -> "time.Parse";
          "time.parseStrictRFC3339" -> "time.parseRFC3339[[]byte]";
          "time.parseStrictRFC3339" -> "time.parseStrictRFC3339$1";
          "time.parseStrictRFC3339" -> "time.parseStrictRFC3339$1";
          "time.parseTimeZone" -> "time.parseGMT";
          "time.parseTimeZone" -> "time.parseSignedOffset";
          "time.preadn" -> "errors.New";
          "time.preadn" -> "syscall.Read";
          "time.preadn" -> "syscall.Seek";
          "time.read" -> "syscall.Read";
          "time.readFile" -> "time.closefd";
          "time.readFile" -> "time.open";
          "time.readFile" -> "time.read";
          "time.skip" -> "time.cutspace";
          "time.skip" -> "time.cutspace";
          "time.tzruleTime" -> "time.daysBefore";
          "time.tzruleTime" -> "time.daysIn";
          "time.tzruleTime" -> "time.isLeap";
          "time.tzruleTime" -> "time.isLeap";
          "time.tzset" -> "(time.absDays).yearYday";
          "time.tzset" -> "(time.absSeconds).days";
          "time.tzset" -> "time.tzruleTime";
          "time.tzset" -> "time.tzruleTime";
          "time.tzset" -> "time.tzsetName";
          "time.tzset" -> "time.tzsetName";
          "time.tzset" -> "time.tzsetOffset";
          "time.tzset" -> "time.tzsetOffset";
          "time.tzset" -> "time.tzsetRule";
          "time.tzset" -> "time.tzsetRule";
          "time.tzsetOffset" -> "time.tzsetNum";
          "time.tzsetOffset" -> "time.tzsetNum";
          "time.tzsetOffset" -> "time.tzsetNum";
          "time.tzsetRule" -> "time.tzsetNum";
          "time.tzsetRule" -> "time.tzsetNum";
          "time.tzsetRule" -> "time.tzsetNum";
          "time.tzsetRule" -> "time.tzsetNum";
          "time.tzsetRule" -> "time.tzsetNum";
          "time.tzsetRule" -> "time.tzsetOffset";
          "unicode.IsDigit" -> "unicode.isExcludingLatin";
          "unicode.IsLetter" -> "unicode.isExcludingLatin";
          "unicode.isExcludingLatin" -> "unicode.is16";
          "unicode.isExcludingLatin" -> "unicode.is32";
          "unicode/utf8.AppendRune" -> "unicode/utf8.appendRuneNonASCII";
          "unicode/utf8.EncodeRune" -> "unicode/utf8.encodeRuneNonASCII";
          "unicode/utf8.RuneCount" -> "unicode/utf8.RuneCountInString";
        }
        
        Incremental RTA:
        digraph {
          "(*fmt.buffer).writeRune" -> "unicode/utf8.AppendRune";
          "(*fmt.fmt).fmtBoolean" -> "(*fmt.fmt).padString";
          "(*fmt.fmt).fmtBoolean" -> "(*fmt.fmt).padString";
          "(*fmt.fmt).fmtBs" -> "(*fmt.fmt).pad";
          "(*fmt.fmt).fmtBs" -> "(*fmt.fmt).truncate";
          "(*fmt.fmt).fmtBx" -> "(*fmt.fmt).fmtSbx";
          "(*fmt.fmt).fmtC" -> "(*fmt.fmt).pad";
          "(*fmt.fmt).fmtC" -> "unicode/utf8.AppendRune";
          "(*fmt.fmt).fmtFloat" -> "(*fmt.buffer).write";
          "(*fmt.fmt).fmtFloat" -> "(*fmt.buffer).writeByte";
          "(*fmt.fmt).fmtFloat" -> "(*fmt.fmt).pad";
          "(*fmt.fmt).fmtFloat" -> "(*fmt.fmt).pad";
          "(*fmt.fmt).fmtFloat" -> "(*fmt.fmt).pad";
          "(*fmt.fmt).fmtFloat" -> "(*fmt.fmt).writePadding";
          "(*fmt.fmt).fmtFloat" -> "strconv.AppendFloat";
          "(*fmt.fmt).fmtInteger" -> "(*fmt.fmt).pad";
          "(*fmt.fmt).fmtInteger" -> "(*fmt.fmt).writePadding";
          "(*fmt.fmt).fmtQ" -> "(*fmt.fmt).pad";
          "(*fmt.fmt).fmtQ" -> "(*fmt.fmt).pad";
          "(*fmt.fmt).fmtQ" -> "(*fmt.fmt).padString";
          "(*fmt.fmt).fmtQ" -> "(*fmt.fmt).truncateString";
          "(*fmt.fmt).fmtQ" -> "strconv.AppendQuote";
          "(*fmt.fmt).fmtQ" -> "strconv.AppendQuoteToASCII";
          "(*fmt.fmt).fmtQ" -> "strconv.CanBackquote";
          "(*fmt.fmt).fmtQc" -> "(*fmt.fmt).pad";
          "(*fmt.fmt).fmtQc" -> "(*fmt.fmt).pad";
          "(*fmt.fmt).fmtQc" -> "strconv.AppendQuoteRune";
          "(*fmt.fmt).fmtQc" -> "strconv.AppendQuoteRuneToASCII";
          "(*fmt.fmt).fmtS" -> "(*fmt.fmt).padString";
          "(*fmt.fmt).fmtS" -> "(*fmt.fmt).truncateString";
          "(*fmt.fmt).fmtSbx" -> "(*fmt.fmt).writePadding";
          "(*fmt.fmt).fmtSbx" -> "(*fmt.fmt).writePadding";
          "(*fmt.fmt).fmtSbx" -> "(*fmt.fmt).writePadding";
          "(*fmt.fmt).fmtSx" -> "(*fmt.fmt).fmtSbx";
          "(*fmt.fmt).fmtUnicode" -> "(*fmt.fmt).pad";
          "(*fmt.fmt).fmtUnicode" -> "strconv.IsPrint";
          "(*fmt.fmt).fmtUnicode" -> "unicode/utf8.EncodeRune";
          "(*fmt.fmt).fmtUnicode" -> "unicode/utf8.RuneLen";
          "(*fmt.fmt).init" -> "(*fmt.fmt).clearflags";
          "(*fmt.fmt).pad" -> "(*fmt.buffer).write";
          "(*fmt.fmt).pad" -> "(*fmt.buffer).write";
          "(*fmt.fmt).pad" -> "(*fmt.buffer).write";
          "(*fmt.fmt).pad" -> "(*fmt.fmt).writePadding";
          "(*fmt.fmt).pad" -> "(*fmt.fmt).writePadding";
          "(*fmt.fmt).pad" -> "unicode/utf8.RuneCount";
          "(*fmt.fmt).padString" -> "(*fmt.buffer).writeString";
          "(*fmt.fmt).padString" -> "(*fmt.buffer).writeString";
          "(*fmt.fmt).padString" -> "(*fmt.buffer).writeString";
          "(*fmt.fmt).padString" -> "(*fmt.fmt).writePadding";
          "(*fmt.fmt).padString" -> "(*fmt.fmt).writePadding";
          "(*fmt.fmt).padString" -> "unicode/utf8.RuneCountInString";
          "(*fmt.fmt).truncate" -> "unicode/utf8.DecodeRune";
          "(*fmt.pp).Write" -> "(*fmt.buffer).write";
          "(*fmt.pp).WriteString" -> "(*fmt.buffer).writeString";
          "(*fmt.pp).badVerb" -> "(*fmt.buffer).writeByte";
          "(*fmt.pp).badVerb" -> "(*fmt.buffer).writeByte";
          "(*fmt.pp).badVerb" -> "(*fmt.buffer).writeByte";
          "(*fmt.pp).badVerb" -> "(*fmt.buffer).writeByte";
          "(*fmt.pp).badVerb" -> "(*fmt.buffer).writeRune";
          "(*fmt.pp).badVerb" -> "(*fmt.buffer).writeString";
          "(*fmt.pp).badVerb" -> "(*fmt.buffer).writeString";
          "(*fmt.pp).badVerb" -> "(*fmt.buffer).writeString";
          "(*fmt.pp).badVerb" -> "(*fmt.buffer).writeString";
          "(*fmt.pp).badVerb" -> "(*fmt.pp).printArg";
          "(*fmt.pp).badVerb" -> "(*fmt.pp).printValue";
          "(*fmt.pp).badVerb" -> "(*reflect.rtype).String";
          "(*fmt.pp).badVerb" -> "(*reflect.rtype).String";
          "(*fmt.pp).badVerb" -> "(reflect.Value).IsValid";
          "(*fmt.pp).badVerb" -> "(reflect.Value).Type";
          "(*fmt.pp).badVerb" -> "reflect.TypeOf";
          "(*fmt.pp).catchPanic" -> "(*fmt.buffer).writeByte";
          "(*fmt.pp).catchPanic" -> "(*fmt.buffer).writeRune";
          "(*fmt.pp).catchPanic" -> "(*fmt.buffer).writeString";
          "(*fmt.pp).catchPanic" -> "(*fmt.buffer).writeString";
          "(*fmt.pp).catchPanic" -> "(*fmt.buffer).writeString";
          "(*fmt.pp).catchPanic" -> "(*fmt.buffer).writeString";
          "(*fmt.pp).catchPanic" -> "(*fmt.buffer).writeString";
          "(*fmt.pp).catchPanic" -> "(*fmt.fmt).clearflags";
          "(*fmt.pp).catchPanic" -> "(*fmt.pp).printArg";
          "(*fmt.pp).catchPanic" -> "(reflect.Value).IsNil";
          "(*fmt.pp).catchPanic" -> "(reflect.Value).Kind";
          "(*fmt.pp).catchPanic" -> "reflect.ValueOf";
          "(*fmt.pp).doPrintln" -> "(*fmt.buffer).writeByte";
          "(*fmt.pp).doPrintln" -> "(*fmt.buffer).writeByte";
          "(*fmt.pp).doPrintln" -> "(*fmt.pp).printArg";
          "(*fmt.pp).fmt0x64" -> "(*fmt.fmt).fmtInteger";
          "(*fmt.pp).fmtBool" -> "(*fmt.fmt).fmtBoolean";
          "(*fmt.pp).fmtBool" -> "(*fmt.pp).badVerb";
          "(*fmt.pp).fmtBytes" -> "(*fmt.buffer).writeByte";
          "(*fmt.pp).fmtBytes" -> "(*fmt.buffer).writeByte";
          "(*fmt.pp).fmtBytes" -> "(*fmt.buffer).writeByte";
          "(*fmt.pp).fmtBytes" -> "(*fmt.buffer).writeByte";
          "(*fmt.pp).fmtBytes" -> "(*fmt.buffer).writeByte";
          "(*fmt.pp).fmtBytes" -> "(*fmt.buffer).writeString";
          "(*fmt.pp).fmtBytes" -> "(*fmt.buffer).writeString";
          "(*fmt.pp).fmtBytes" -> "(*fmt.buffer).writeString";
          "(*fmt.pp).fmtBytes" -> "(*fmt.fmt).fmtBs";
          "(*fmt.pp).fmtBytes" -> "(*fmt.fmt).fmtBx";
          "(*fmt.pp).fmtBytes" -> "(*fmt.fmt).fmtBx";
          "(*fmt.pp).fmtBytes" -> "(*fmt.fmt).fmtInteger";
          "(*fmt.pp).fmtBytes" -> "(*fmt.fmt).fmtQ";
          "(*fmt.pp).fmtBytes" -> "(*fmt.pp).fmt0x64";
          "(*fmt.pp).fmtBytes" -> "(*fmt.pp).printValue";
          "(*fmt.pp).fmtBytes" -> "reflect.ValueOf";
          "(*fmt.pp).fmtComplex" -> "(*fmt.buffer).writeByte";
          "(*fmt.pp).fmtComplex" -> "(*fmt.buffer).writeString";
          "(*fmt.pp).fmtComplex" -> "(*fmt.pp).badVerb";
          "(*fmt.pp).fmtComplex" -> "(*fmt.pp).fmtFloat";
          "(*fmt.pp).fmtComplex" -> "(*fmt.pp).fmtFloat";
          "(*fmt.pp).fmtFloat" -> "(*fmt.fmt).fmtFloat";
          "(*fmt.pp).fmtFloat" -> "(*fmt.fmt).fmtFloat";
          "(*fmt.pp).fmtFloat" -> "(*fmt.fmt).fmtFloat";
          "(*fmt.pp).fmtFloat" -> "(*fmt.fmt).fmtFloat";
          "(*fmt.pp).fmtFloat" -> "(*fmt.pp).badVerb";
          "(*fmt.pp).fmtInteger" -> "(*fmt.fmt).fmtC";
          "(*fmt.pp).fmtInteger" -> "(*fmt.fmt).fmtInteger";
          "(*fmt.pp).fmtInteger" -> "(*fmt.fmt).fmtInteger";
          "(*fmt.pp).fmtInteger" -> "(*fmt.fmt).fmtInteger";
          "(*fmt.pp).fmtInteger" -> "(*fmt.fmt).fmtInteger";
          "(*fmt.pp).fmtInteger" -> "(*fmt.fmt).fmtInteger";
          "(*fmt.pp).fmtInteger" -> "(*fmt.fmt).fmtInteger";
          "(*fmt.pp).fmtInteger" -> "(*fmt.fmt).fmtQc";
          "(*fmt.pp).fmtInteger" -> "(*fmt.fmt).fmtUnicode";
          "(*fmt.pp).fmtInteger" -> "(*fmt.pp).badVerb";
          "(*fmt.pp).fmtInteger" -> "(*fmt.pp).fmt0x64";
          "(*fmt.pp).fmtPointer" -> "(*fmt.buffer).writeByte";
          "(*fmt.pp).fmtPointer" -> "(*fmt.buffer).writeByte";
          "(*fmt.pp).fmtPointer" -> "(*fmt.buffer).writeString";
          "(*fmt.pp).fmtPointer" -> "(*fmt.buffer).writeString";
          "(*fmt.pp).fmtPointer" -> "(*fmt.buffer).writeString";
          "(*fmt.pp).fmtPointer" -> "(*fmt.fmt).padString";
          "(*fmt.pp).fmtPointer" -> "(*fmt.pp).badVerb";
          "(*fmt.pp).fmtPointer" -> "(*fmt.pp).badVerb";
          "(*fmt.pp).fmtPointer" -> "(*fmt.pp).fmt0x64";
          "(*fmt.pp).fmtPointer" -> "(*fmt.pp).fmt0x64";
          "(*fmt.pp).fmtPointer" -> "(*fmt.pp).fmt0x64";
          "(*fmt.pp).fmtPointer" -> "(*fmt.pp).fmtInteger";
          "(*fmt.pp).fmtPointer" -> "(*reflect.rtype).String";
          "(*fmt.pp).fmtPointer" -> "(reflect.Value).Kind";
          "(*fmt.pp).fmtPointer" -> "(reflect.Value).Type";
          "(*fmt.pp).fmtPointer" -> "(reflect.Value).UnsafePointer";
          "(*fmt.pp).fmtString" -> "(*fmt.fmt).fmtQ";
          "(*fmt.pp).fmtString" -> "(*fmt.fmt).fmtQ";
          "(*fmt.pp).fmtString" -> "(*fmt.fmt).fmtS";
          "(*fmt.pp).fmtString" -> "(*fmt.fmt).fmtS";
          "(*fmt.pp).fmtString" -> "(*fmt.fmt).fmtSx";
          "(*fmt.pp).fmtString" -> "(*fmt.fmt).fmtSx";
          "(*fmt.pp).fmtString" -> "(*fmt.pp).badVerb";
          "(*fmt.pp).free" -> "(*sync.Pool).Put";
          "(*fmt.pp).handleMethods" -> "(*errors.errorString).Error";
          "(*fmt.pp).handleMethods" -> "(*fmt.fmt).fmtS";
          "(*fmt.pp).handleMethods" -> "(*fmt.pp).badVerb";
          "(*fmt.pp).handleMethods" -> "(*fmt.pp).catchPanic";
          "(*fmt.pp).handleMethods" -> "(*fmt.pp).catchPanic";
          "(*fmt.pp).handleMethods" -> "(*fmt.pp).catchPanic";
          "(*fmt.pp).handleMethods" -> "(*fmt.pp).catchPanic";
          "(*fmt.pp).handleMethods" -> "(*fmt.pp).fmtString";
          "(*fmt.pp).handleMethods" -> "(*fmt.pp).fmtString";
          "(*fmt.pp).handleMethods" -> "(*io/fs.PathError).Error";
          "(*fmt.pp).handleMethods" -> "(*os.unixDirent).String";
          "(*fmt.pp).handleMethods" -> "(*reflect.ValueError).Error";
          "(*fmt.pp).handleMethods" -> "(*reflect.rtype).String";
          "(*fmt.pp).handleMethods" -> "(*runtime.TypeAssertionError).Error";
          "(*fmt.pp).handleMethods" -> "(*time.Location).String";
          "(*fmt.pp).handleMethods" -> "(*time.ParseError).Error";
          "(*fmt.pp).handleMethods" -> "(internal/abi.Kind).String";
          "(*fmt.pp).handleMethods" -> "(internal/poll.errNetClosing).Error";
          "(*fmt.pp).handleMethods" -> "(internal/reflectlite.rtype).String";
          "(*fmt.pp).handleMethods" -> "(io/fs.FileMode).String";
          "(*fmt.pp).handleMethods" -> "(reflect.ChanDir).String";
          "(*fmt.pp).handleMethods" -> "(reflect.Kind).String";
          "(*fmt.pp).handleMethods" -> "(reflect.Value).String";
          "(*fmt.pp).handleMethods" -> "(runtime.errorAddressString).Error";
          "(*fmt.pp).handleMethods" -> "(runtime.errorString).Error";
          "(*fmt.pp).handleMethods" -> "(runtime.lockRank).String";
          "(*fmt.pp).handleMethods" -> "(runtime.waitReason).String";
          "(*fmt.pp).handleMethods" -> "(syscall.Errno).Error";
          "(*fmt.pp).handleMethods" -> "(time.Duration).String";
          "(*fmt.pp).handleMethods" -> "(time.Month).String";
          "(*fmt.pp).handleMethods" -> "(time.Time).GoString";
          "(*fmt.pp).handleMethods" -> "(time.Time).String";
          "(*fmt.pp).handleMethods" -> "(time.Weekday).String";
          "(*fmt.pp).handleMethods" -> "(time.fileSizeError).Error";
          "(*fmt.pp).printArg" -> "(*fmt.fmt).fmtS";
          "(*fmt.pp).printArg" -> "(*fmt.fmt).padString";
          "(*fmt.pp).printArg" -> "(*fmt.pp).badVerb";
          "(*fmt.pp).printArg" -> "(*fmt.pp).fmtBool";
          "(*fmt.pp).printArg" -> "(*fmt.pp).fmtBytes";
          "(*fmt.pp).printArg" -> "(*fmt.pp).fmtComplex";
          "(*fmt.pp).printArg" -> "(*fmt.pp).fmtComplex";
          "(*fmt.pp).printArg" -> "(*fmt.pp).fmtFloat";
          "(*fmt.pp).printArg" -> "(*fmt.pp).fmtFloat";
          "(*fmt.pp).printArg" -> "(*fmt.pp).fmtInteger";
          "(*fmt.pp).printArg" -> "(*fmt.pp).fmtInteger";
          "(*fmt.pp).printArg" -> "(*fmt.pp).fmtInteger";
          "(*fmt.pp).printArg" -> "(*fmt.pp).fmtInteger";
          "(*fmt.pp).printArg" -> "(*fmt.pp).fmtInteger";
          "(*fmt.pp).printArg" -> "(*fmt.pp).fmtInteger";
          "(*fmt.pp).printArg" -> "(*fmt.pp).fmtInteger";
          "(*fmt.pp).printArg" -> "(*fmt.pp).fmtInteger";
          "(*fmt.pp).printArg" -> "(*fmt.pp).fmtInteger";
          "(*fmt.pp).printArg" -> "(*fmt.pp).fmtInteger";
          "(*fmt.pp).printArg" -> "(*fmt.pp).fmtInteger";
          "(*fmt.pp).printArg" -> "(*fmt.pp).fmtPointer";
          "(*fmt.pp).printArg" -> "(*fmt.pp).fmtString";
          "(*fmt.pp).printArg" -> "(*fmt.pp).handleMethods";
          "(*fmt.pp).printArg" -> "(*fmt.pp).handleMethods";
          "(*fmt.pp).printArg" -> "(*fmt.pp).printValue";
          "(*fmt.pp).printArg" -> "(*fmt.pp).printValue";
          "(*fmt.pp).printArg" -> "(*reflect.rtype).String";
          "(*fmt.pp).printArg" -> "(reflect.Value).CanInterface";
          "(*fmt.pp).printArg" -> "(reflect.Value).Interface";
          "(*fmt.pp).printArg" -> "(reflect.Value).IsValid";
          "(*fmt.pp).printArg" -> "reflect.TypeOf";
          "(*fmt.pp).printArg" -> "reflect.ValueOf";
          "(*fmt.pp).printArg" -> "reflect.ValueOf";
          "(*fmt.pp).printValue" -> "(*fmt.buffer).writeByte";
          "(*fmt.pp).printValue" -> "(*fmt.buffer).writeByte";
          "(*fmt.pp).printValue" -> "(*fmt.buffer).writeByte";
          "(*fmt.pp).printValue" -> "(*fmt.buffer).writeByte";
          "(*fmt.pp).printValue" -> "(*fmt.buffer).writeByte";
          "(*fmt.pp).printValue" -> "(*fmt.buffer).writeByte";
          "(*fmt.pp).printValue" -> "(*fmt.buffer).writeByte";
          "(*fmt.pp).printValue" -> "(*fmt.buffer).writeByte";
          "(*fmt.pp).printValue" -> "(*fmt.buffer).writeByte";
          "(*fmt.pp).printValue" -> "(*fmt.buffer).writeByte";
          "(*fmt.pp).printValue" -> "(*fmt.buffer).writeByte";
          "(*fmt.pp).printValue" -> "(*fmt.buffer).writeByte";
          "(*fmt.pp).printValue" -> "(*fmt.buffer).writeByte";
          "(*fmt.pp).printValue" -> "(*fmt.buffer).writeByte";
          "(*fmt.pp).printValue" -> "(*fmt.buffer).writeByte";
          "(*fmt.pp).printValue" -> "(*fmt.buffer).writeString";
          "(*fmt.pp).printValue" -> "(*fmt.buffer).writeString";
          "(*fmt.pp).printValue" -> "(*fmt.buffer).writeString";
          "(*fmt.pp).printValue" -> "(*fmt.buffer).writeString";
          "(*fmt.pp).printValue" -> "(*fmt.buffer).writeString";
          "(*fmt.pp).printValue" -> "(*fmt.buffer).writeString";
          "(*fmt.pp).printValue" -> "(*fmt.buffer).writeString";
          "(*fmt.pp).printValue" -> "(*fmt.buffer).writeString";
          "(*fmt.pp).printValue" -> "(*fmt.buffer).writeString";
          "(*fmt.pp).printValue" -> "(*fmt.buffer).writeString";
          "(*fmt.pp).printValue" -> "(*fmt.buffer).writeString";
          "(*fmt.pp).printValue" -> "(*fmt.buffer).writeString";
          "(*fmt.pp).printValue" -> "(*fmt.buffer).writeString";
          "(*fmt.pp).printValue" -> "(*fmt.buffer).writeString";
          "(*fmt.pp).printValue" -> "(*fmt.buffer).writeString";
          "(*fmt.pp).printValue" -> "(*fmt.pp).badVerb";
          "(*fmt.pp).printValue" -> "(*fmt.pp).fmtBool";
          "(*fmt.pp).printValue" -> "(*fmt.pp).fmtBytes";
          "(*fmt.pp).printValue" -> "(*fmt.pp).fmtComplex";
          "(*fmt.pp).printValue" -> "(*fmt.pp).fmtComplex";
          "(*fmt.pp).printValue" -> "(*fmt.pp).fmtFloat";
          "(*fmt.pp).printValue" -> "(*fmt.pp).fmtFloat";
          "(*fmt.pp).printValue" -> "(*fmt.pp).fmtInteger";
          "(*fmt.pp).printValue" -> "(*fmt.pp).fmtInteger";
          "(*fmt.pp).printValue" -> "(*fmt.pp).fmtPointer";
          "(*fmt.pp).printValue" -> "(*fmt.pp).fmtString";
          "(*fmt.pp).printValue" -> "(*fmt.pp).handleMethods";
          "(*fmt.pp).printValue" -> "(*fmt.pp).printValue";
          "(*fmt.pp).printValue" -> "(*fmt.pp).printValue";
          "(*fmt.pp).printValue" -> "(*fmt.pp).printValue";
          "(*fmt.pp).printValue" -> "(*fmt.pp).printValue";
          "(*fmt.pp).printValue" -> "(*fmt.pp).printValue";
          "(*fmt.pp).printValue" -> "(*fmt.pp).printValue";
          "(*fmt.pp).printValue" -> "(*fmt.pp).printValue";
          "(*fmt.pp).printValue" -> "(*fmt.pp).unknownType";
          "(*fmt.pp).printValue" -> "(*reflect.rtype).Elem";
          "(*fmt.pp).printValue" -> "(*reflect.rtype).Field";
          "(*fmt.pp).printValue" -> "(*reflect.rtype).Kind";
          "(*fmt.pp).printValue" -> "(*reflect.rtype).String";
          "(*fmt.pp).printValue" -> "(*reflect.rtype).String";
          "(*fmt.pp).printValue" -> "(*reflect.rtype).String";
          "(*fmt.pp).printValue" -> "(*reflect.rtype).String";
          "(*fmt.pp).printValue" -> "(*reflect.rtype).String";
          "(*fmt.pp).printValue" -> "(reflect.Value).Bool";
          "(*fmt.pp).printValue" -> "(reflect.Value).Bytes";
          "(*fmt.pp).printValue" -> "(reflect.Value).CanAddr";
          "(*fmt.pp).printValue" -> "(reflect.Value).CanInterface";
          "(*fmt.pp).printValue" -> "(reflect.Value).Complex";
          "(*fmt.pp).printValue" -> "(reflect.Value).Complex";
          "(*fmt.pp).printValue" -> "(reflect.Value).Elem";
          "(*fmt.pp).printValue" -> "(reflect.Value).Elem";
          "(*fmt.pp).printValue" -> "(reflect.Value).Float";
          "(*fmt.pp).printValue" -> "(reflect.Value).Float";
          "(*fmt.pp).printValue" -> "(reflect.Value).Index";
          "(*fmt.pp).printValue" -> "(reflect.Value).Index";
          "(*fmt.pp).printValue" -> "(reflect.Value).Index";
          "(*fmt.pp).printValue" -> "(reflect.Value).Int";
          "(*fmt.pp).printValue" -> "(reflect.Value).Interface";
          "(*fmt.pp).printValue" -> "(reflect.Value).IsNil";
          "(*fmt.pp).printValue" -> "(reflect.Value).IsNil";
          "(*fmt.pp).printValue" -> "(reflect.Value).IsValid";
          "(*fmt.pp).printValue" -> "(reflect.Value).IsValid";
          "(*fmt.pp).printValue" -> "(reflect.Value).Kind";
          "(*fmt.pp).printValue" -> "(reflect.Value).Kind";
          "(*fmt.pp).printValue" -> "(reflect.Value).Kind";
          "(*fmt.pp).printValue" -> "(reflect.Value).Kind";
          "(*fmt.pp).printValue" -> "(reflect.Value).Len";
          "(*fmt.pp).printValue" -> "(reflect.Value).Len";
          "(*fmt.pp).printValue" -> "(reflect.Value).Len";
          "(*fmt.pp).printValue" -> "(reflect.Value).NumField";
          "(*fmt.pp).printValue" -> "(reflect.Value).String";
          "(*fmt.pp).printValue" -> "(reflect.Value).Type";
          "(*fmt.pp).printValue" -> "(reflect.Value).Type";
          "(*fmt.pp).printValue" -> "(reflect.Value).Type";
          "(*fmt.pp).printValue" -> "(reflect.Value).Type";
          "(*fmt.pp).printValue" -> "(reflect.Value).Type";
          "(*fmt.pp).printValue" -> "(reflect.Value).Type";
          "(*fmt.pp).printValue" -> "(reflect.Value).Uint";
          "(*fmt.pp).printValue" -> "(reflect.Value).Uint";
          "(*fmt.pp).printValue" -> "(reflect.Value).UnsafePointer";
          "(*fmt.pp).printValue" -> "fmt.getField";
          "(*fmt.pp).printValue" -> "internal/fmtsort.Sort";
          "(*fmt.pp).unknownType" -> "(*fmt.buffer).writeByte";
          "(*fmt.pp).unknownType" -> "(*fmt.buffer).writeByte";
          "(*fmt.pp).unknownType" -> "(*fmt.buffer).writeString";
          "(*fmt.pp).unknownType" -> "(*fmt.buffer).writeString";
          "(*fmt.pp).unknownType" -> "(*reflect.rtype).String";
          "(*fmt.pp).unknownType" -> "(reflect.Value).IsValid";
          "(*fmt.pp).unknownType" -> "(reflect.Value).Type";
          "(*internal/abi.FuncType).In" -> "(*internal/abi.FuncType).InSlice";
          "(*internal/abi.FuncType).InSlice" -> "internal/abi.addChecked";
          "(*internal/abi.FuncType).Out" -> "(*internal/abi.FuncType).OutSlice";
          "(*internal/abi.FuncType).OutSlice" -> "(*internal/abi.FuncType).NumOut";
          "(*internal/abi.FuncType).OutSlice" -> "internal/abi.addChecked";
          "(*internal/abi.StructField).Embedded" -> "(internal/abi.Name).IsEmbedded";
          "(*internal/abi.Type).ArrayType" -> "(*internal/abi.Type).Kind";
          "(*internal/abi.Type).ChanDir" -> "(*internal/abi.Type).Kind";
          "(*internal/abi.Type).Elem" -> "(*internal/abi.Type).Kind";
          "(*internal/abi.Type).ExportedMethods" -> "(*internal/abi.Type).Uncommon";
          "(*internal/abi.Type).ExportedMethods" -> "(*internal/abi.UncommonType).ExportedMethods";
          "(*internal/abi.Type).FuncType" -> "(*internal/abi.Type).Kind";
          "(*internal/abi.Type).InterfaceType" -> "(*internal/abi.Type).Kind";
          "(*internal/abi.Type).Key" -> "(*internal/abi.Type).Kind";
          "(*internal/abi.Type).Len" -> "(*internal/abi.Type).Kind";
          "(*internal/abi.Type).MapType" -> "(*internal/abi.Type).Kind";
          "(*internal/abi.Type).NumMethod" -> "(*internal/abi.InterfaceType).NumMethod";
          "(*internal/abi.Type).NumMethod" -> "(*internal/abi.Type).ExportedMethods";
          "(*internal/abi.Type).NumMethod" -> "(*internal/abi.Type).Kind";
          "(*internal/abi.Type).StructType" -> "(*internal/abi.Type).Kind";
          "(*internal/abi.Type).Uncommon" -> "(*internal/abi.Type).Kind";
          "(*internal/abi.UncommonType).ExportedMethods" -> "internal/abi.addChecked";
          "(*internal/abi.UncommonType).Methods" -> "internal/abi.addChecked";
          "(*internal/chacha8rand.State).Init" -> "(*internal/chacha8rand.State).Init64";
          "(*internal/chacha8rand.State).Init" -> "internal/byteorder.LEUint64";
          "(*internal/chacha8rand.State).Init" -> "internal/byteorder.LEUint64";
          "(*internal/chacha8rand.State).Init" -> "internal/byteorder.LEUint64";
          "(*internal/chacha8rand.State).Init" -> "internal/byteorder.LEUint64";
          "(*internal/chacha8rand.State).Init64" -> "internal/chacha8rand.block";
          "(*internal/chacha8rand.State).Refill" -> "internal/chacha8rand.block";
          "(*internal/chacha8rand.State).Reseed" -> "(*internal/chacha8rand.State).Init64";
          "(*internal/chacha8rand.State).Reseed" -> "(*internal/chacha8rand.State).Next";
          "(*internal/chacha8rand.State).Reseed" -> "(*internal/chacha8rand.State).Refill";
          "(*internal/poll.FD).Accept" -> "(*internal/poll.FD).readLock";
          "(*internal/poll.FD).Accept" -> "(*internal/poll.FD).readUnlock";
          "(*internal/poll.FD).Accept" -> "(*internal/poll.pollDesc).pollable";
          "(*internal/poll.FD).Accept" -> "(*internal/poll.pollDesc).prepareRead";
          "(*internal/poll.FD).Accept" -> "(*internal/poll.pollDesc).waitRead";
          "(*internal/poll.FD).Accept" -> "internal/poll.accept";
          "(*internal/poll.FD).Close" -> "(*internal/poll.FD).decref";
          "(*internal/poll.FD).Close" -> "(*internal/poll.fdMutex).increfAndClose";
          "(*internal/poll.FD).Close" -> "(*internal/poll.pollDesc).evict";
          "(*internal/poll.FD).Close" -> "internal/poll.errClosing";
          "(*internal/poll.FD).Close" -> "internal/poll.runtime_Semacquire";
          "(*internal/poll.FD).Dup" -> "(*internal/poll.FD).decref";
          "(*internal/poll.FD).Dup" -> "(*internal/poll.FD).incref";
          "(*internal/poll.FD).Dup" -> "internal/poll.DupCloseOnExec";
          "(*internal/poll.FD).Fchdir" -> "(*internal/poll.FD).decref";
          "(*internal/poll.FD).Fchdir" -> "(*internal/poll.FD).incref";
          "(*internal/poll.FD).Fchdir" -> "syscall.Fchdir";
          "(*internal/poll.FD).Fchmod" -> "(*internal/poll.FD).decref";
          "(*internal/poll.FD).Fchmod" -> "(*internal/poll.FD).incref";
          "(*internal/poll.FD).Fchmod" -> "internal/poll.ignoringEINTR";
          "(*internal/poll.FD).Fchown" -> "(*internal/poll.FD).decref";
          "(*internal/poll.FD).Fchown" -> "(*internal/poll.FD).incref";
          "(*internal/poll.FD).Fchown" -> "internal/poll.ignoringEINTR";
          "(*internal/poll.FD).Fstat" -> "(*internal/poll.FD).decref";
          "(*internal/poll.FD).Fstat" -> "(*internal/poll.FD).incref";
          "(*internal/poll.FD).Fstat" -> "internal/poll.ignoringEINTR";
          "(*internal/poll.FD).Fsync" -> "(*internal/poll.FD).decref";
          "(*internal/poll.FD).Fsync" -> "(*internal/poll.FD).incref";
          "(*internal/poll.FD).Fsync" -> "internal/poll.ignoringEINTR";
          "(*internal/poll.FD).Ftruncate" -> "(*internal/poll.FD).decref";
          "(*internal/poll.FD).Ftruncate" -> "(*internal/poll.FD).incref";
          "(*internal/poll.FD).Ftruncate" -> "internal/poll.ignoringEINTR";
          "(*internal/poll.FD).GetsockoptInt" -> "(*internal/poll.FD).decref";
          "(*internal/poll.FD).GetsockoptInt" -> "(*internal/poll.FD).incref";
          "(*internal/poll.FD).GetsockoptInt" -> "syscall.GetsockoptInt";
          "(*internal/poll.FD).Init" -> "(*internal/poll.SysFile).init";
          "(*internal/poll.FD).Init" -> "(*internal/poll.pollDesc).init";
          "(*internal/poll.FD).OpenDir" -> "(*internal/poll.FD).Dup";
          "(*internal/poll.FD).OpenDir" -> "internal/poll.fdopendir";
          "(*internal/poll.FD).OpenDir" -> "syscall.Close";
          "(*internal/poll.FD).Pread" -> "(*internal/poll.FD).decref";
          "(*internal/poll.FD).Pread" -> "(*internal/poll.FD).eofError";
          "(*internal/poll.FD).Pread" -> "(*internal/poll.FD).incref";
          "(*internal/poll.FD).Pread" -> "syscall.Pread";
          "(*internal/poll.FD).Pwrite" -> "(*internal/poll.FD).decref";
          "(*internal/poll.FD).Pwrite" -> "(*internal/poll.FD).incref";
          "(*internal/poll.FD).Pwrite" -> "syscall.Pwrite";
          "(*internal/poll.FD).RawControl" -> "(*internal/poll.FD).decref";
          "(*internal/poll.FD).RawControl" -> "(*internal/poll.FD).incref";
          "(*internal/poll.FD).RawRead" -> "(*internal/poll.FD).readLock";
          "(*internal/poll.FD).RawRead" -> "(*internal/poll.FD).readUnlock";
          "(*internal/poll.FD).RawRead" -> "(*internal/poll.pollDesc).prepareRead";
          "(*internal/poll.FD).RawRead" -> "(*internal/poll.pollDesc).waitRead";
          "(*internal/poll.FD).RawWrite" -> "(*internal/poll.FD).writeLock";
          "(*internal/poll.FD).RawWrite" -> "(*internal/poll.FD).writeUnlock";
          "(*internal/poll.FD).RawWrite" -> "(*internal/poll.pollDesc).prepareWrite";
          "(*internal/poll.FD).RawWrite" -> "(*internal/poll.pollDesc).waitWrite";
          "(*internal/poll.FD).Read" -> "(*internal/poll.FD).eofError";
          "(*internal/poll.FD).Read" -> "(*internal/poll.FD).readLock";
          "(*internal/poll.FD).Read" -> "(*internal/poll.FD).readUnlock";
          "(*internal/poll.FD).Read" -> "(*internal/poll.pollDesc).pollable";
          "(*internal/poll.FD).Read" -> "(*internal/poll.pollDesc).prepareRead";
          "(*internal/poll.FD).Read" -> "(*internal/poll.pollDesc).waitRead";
          "(*internal/poll.FD).Read" -> "internal/poll.ignoringEINTRIO";
          "(*internal/poll.FD).ReadDirent" -> "(*internal/poll.FD).decref";
          "(*internal/poll.FD).ReadDirent" -> "(*internal/poll.FD).incref";
          "(*internal/poll.FD).ReadDirent" -> "(*internal/poll.pollDesc).pollable";
          "(*internal/poll.FD).ReadDirent" -> "(*internal/poll.pollDesc).waitRead";
          "(*internal/poll.FD).ReadDirent" -> "internal/poll.ignoringEINTRIO";
          "(*internal/poll.FD).ReadFrom" -> "(*internal/poll.FD).eofError";
          "(*internal/poll.FD).ReadFrom" -> "(*internal/poll.FD).readLock";
          "(*internal/poll.FD).ReadFrom" -> "(*internal/poll.FD).readUnlock";
          "(*internal/poll.FD).ReadFrom" -> "(*internal/poll.pollDesc).pollable";
          "(*internal/poll.FD).ReadFrom" -> "(*internal/poll.pollDesc).prepareRead";
          "(*internal/poll.FD).ReadFrom" -> "(*internal/poll.pollDesc).waitRead";
          "(*internal/poll.FD).ReadFrom" -> "syscall.Recvfrom";
          "(*internal/poll.FD).ReadFromInet4" -> "(*internal/poll.FD).eofError";
          "(*internal/poll.FD).ReadFromInet4" -> "(*internal/poll.FD).readLock";
          "(*internal/poll.FD).ReadFromInet4" -> "(*internal/poll.FD).readUnlock";
          "(*internal/poll.FD).ReadFromInet4" -> "(*internal/poll.pollDesc).pollable";
          "(*internal/poll.FD).ReadFromInet4" -> "(*internal/poll.pollDesc).prepareRead";
          "(*internal/poll.FD).ReadFromInet4" -> "(*internal/poll.pollDesc).waitRead";
          "(*internal/poll.FD).ReadFromInet4" -> "internal/syscall/unix.RecvfromInet4";
          "(*internal/poll.FD).ReadFromInet6" -> "(*internal/poll.FD).eofError";
          "(*internal/poll.FD).ReadFromInet6" -> "(*internal/poll.FD).readLock";
          "(*internal/poll.FD).ReadFromInet6" -> "(*internal/poll.FD).readUnlock";
          "(*internal/poll.FD).ReadFromInet6" -> "(*internal/poll.pollDesc).pollable";
          "(*internal/poll.FD).ReadFromInet6" -> "(*internal/poll.pollDesc).prepareRead";
          "(*internal/poll.FD).ReadFromInet6" -> "(*internal/poll.pollDesc).waitRead";
          "(*internal/poll.FD).ReadFromInet6" -> "internal/syscall/unix.RecvfromInet6";
          "(*internal/poll.FD).ReadMsg" -> "(*internal/poll.FD).eofError";
          "(*internal/poll.FD).ReadMsg" -> "(*internal/poll.FD).readLock";
          "(*internal/poll.FD).ReadMsg" -> "(*internal/poll.FD).readUnlock";
          "(*internal/poll.FD).ReadMsg" -> "(*internal/poll.pollDesc).pollable";
          "(*internal/poll.FD).ReadMsg" -> "(*internal/poll.pollDesc).prepareRead";
          "(*internal/poll.FD).ReadMsg" -> "(*internal/poll.pollDesc).waitRead";
          "(*internal/poll.FD).ReadMsg" -> "syscall.Recvmsg";
          "(*internal/poll.FD).ReadMsgInet4" -> "(*internal/poll.FD).eofError";
          "(*internal/poll.FD).ReadMsgInet4" -> "(*internal/poll.FD).readLock";
          "(*internal/poll.FD).ReadMsgInet4" -> "(*internal/poll.FD).readUnlock";
          "(*internal/poll.FD).ReadMsgInet4" -> "(*internal/poll.pollDesc).pollable";
          "(*internal/poll.FD).ReadMsgInet4" -> "(*internal/poll.pollDesc).prepareRead";
          "(*internal/poll.FD).ReadMsgInet4" -> "(*internal/poll.pollDesc).waitRead";
          "(*internal/poll.FD).ReadMsgInet4" -> "internal/syscall/unix.RecvmsgInet4";
          "(*internal/poll.FD).ReadMsgInet6" -> "(*internal/poll.FD).eofError";
          "(*internal/poll.FD).ReadMsgInet6" -> "(*internal/poll.FD).readLock";
          "(*internal/poll.FD).ReadMsgInet6" -> "(*internal/poll.FD).readUnlock";
          "(*internal/poll.FD).ReadMsgInet6" -> "(*internal/poll.pollDesc).pollable";
          "(*internal/poll.FD).ReadMsgInet6" -> "(*internal/poll.pollDesc).prepareRead";
          "(*internal/poll.FD).ReadMsgInet6" -> "(*internal/poll.pollDesc).waitRead";
          "(*internal/poll.FD).ReadMsgInet6" -> "internal/syscall/unix.RecvmsgInet6";
          "(*internal/poll.FD).Seek" -> "(*internal/poll.FD).decref";
          "(*internal/poll.FD).Seek" -> "(*internal/poll.FD).incref";
          "(*internal/poll.FD).Seek" -> "syscall.Seek";
          "(*internal/poll.FD).SetBlocking" -> "(*internal/poll.FD).decref";
          "(*internal/poll.FD).SetBlocking" -> "(*internal/poll.FD).incref";
          "(*internal/poll.FD).SetBlocking" -> "sync/atomic.StoreUint32";
          "(*internal/poll.FD).SetBlocking" -> "syscall.SetNonblock";
          "(*internal/poll.FD).SetDeadline" -> "internal/poll.setDeadlineImpl";
          "(*internal/poll.FD).SetReadDeadline" -> "internal/poll.setDeadlineImpl";
          "(*internal/poll.FD).SetWriteDeadline" -> "internal/poll.setDeadlineImpl";
          "(*internal/poll.FD).SetsockoptByte" -> "(*internal/poll.FD).decref";
          "(*internal/poll.FD).SetsockoptByte" -> "(*internal/poll.FD).incref";
          "(*internal/poll.FD).SetsockoptByte" -> "syscall.SetsockoptByte";
          "(*internal/poll.FD).SetsockoptIPMreq" -> "(*internal/poll.FD).decref";
          "(*internal/poll.FD).SetsockoptIPMreq" -> "(*internal/poll.FD).incref";
          "(*internal/poll.FD).SetsockoptIPMreq" -> "syscall.SetsockoptIPMreq";
          "(*internal/poll.FD).SetsockoptIPv6Mreq" -> "(*internal/poll.FD).decref";
          "(*internal/poll.FD).SetsockoptIPv6Mreq" -> "(*internal/poll.FD).incref";
          "(*internal/poll.FD).SetsockoptIPv6Mreq" -> "syscall.SetsockoptIPv6Mreq";
          "(*internal/poll.FD).SetsockoptInet4Addr" -> "(*internal/poll.FD).decref";
          "(*internal/poll.FD).SetsockoptInet4Addr" -> "(*internal/poll.FD).incref";
          "(*internal/poll.FD).SetsockoptInet4Addr" -> "syscall.SetsockoptInet4Addr";
          "(*internal/poll.FD).SetsockoptInt" -> "(*internal/poll.FD).decref";
          "(*internal/poll.FD).SetsockoptInt" -> "(*internal/poll.FD).incref";
          "(*internal/poll.FD).SetsockoptInt" -> "syscall.SetsockoptInt";
          "(*internal/poll.FD).SetsockoptLinger" -> "(*internal/poll.FD).decref";
          "(*internal/poll.FD).SetsockoptLinger" -> "(*internal/poll.FD).incref";
          "(*internal/poll.FD).SetsockoptLinger" -> "syscall.SetsockoptLinger";
          "(*internal/poll.FD).Shutdown" -> "(*internal/poll.FD).decref";
          "(*internal/poll.FD).Shutdown" -> "(*internal/poll.FD).incref";
          "(*internal/poll.FD).Shutdown" -> "syscall.Shutdown";
          "(*internal/poll.FD).WaitWrite" -> "(*internal/poll.pollDesc).waitWrite";
          "(*internal/poll.FD).Write" -> "(*internal/poll.FD).writeLock";
          "(*internal/poll.FD).Write" -> "(*internal/poll.FD).writeUnlock";
          "(*internal/poll.FD).Write" -> "(*internal/poll.pollDesc).pollable";
          "(*internal/poll.FD).Write" -> "(*internal/poll.pollDesc).prepareWrite";
          "(*internal/poll.FD).Write" -> "(*internal/poll.pollDesc).waitWrite";
          "(*internal/poll.FD).Write" -> "internal/itoa.Itoa";
          "(*internal/poll.FD).Write" -> "internal/itoa.Itoa";
          "(*internal/poll.FD).Write" -> "internal/poll.ignoringEINTRIO";
          "(*internal/poll.FD).WriteMsg" -> "(*internal/poll.FD).writeLock";
          "(*internal/poll.FD).WriteMsg" -> "(*internal/poll.FD).writeUnlock";
          "(*internal/poll.FD).WriteMsg" -> "(*internal/poll.pollDesc).pollable";
          "(*internal/poll.FD).WriteMsg" -> "(*internal/poll.pollDesc).prepareWrite";
          "(*internal/poll.FD).WriteMsg" -> "(*internal/poll.pollDesc).waitWrite";
          "(*internal/poll.FD).WriteMsg" -> "syscall.SendmsgN";
          "(*internal/poll.FD).WriteMsgInet4" -> "(*internal/poll.FD).writeLock";
          "(*internal/poll.FD).WriteMsgInet4" -> "(*internal/poll.FD).writeUnlock";
          "(*internal/poll.FD).WriteMsgInet4" -> "(*internal/poll.pollDesc).pollable";
          "(*internal/poll.FD).WriteMsgInet4" -> "(*internal/poll.pollDesc).prepareWrite";
          "(*internal/poll.FD).WriteMsgInet4" -> "(*internal/poll.pollDesc).waitWrite";
          "(*internal/poll.FD).WriteMsgInet4" -> "internal/syscall/unix.SendmsgNInet4";
          "(*internal/poll.FD).WriteMsgInet6" -> "(*internal/poll.FD).writeLock";
          "(*internal/poll.FD).WriteMsgInet6" -> "(*internal/poll.FD).writeUnlock";
          "(*internal/poll.FD).WriteMsgInet6" -> "(*internal/poll.pollDesc).pollable";
          "(*internal/poll.FD).WriteMsgInet6" -> "(*internal/poll.pollDesc).prepareWrite";
          "(*internal/poll.FD).WriteMsgInet6" -> "(*internal/poll.pollDesc).waitWrite";
          "(*internal/poll.FD).WriteMsgInet6" -> "internal/syscall/unix.SendmsgNInet6";
          "(*internal/poll.FD).WriteOnce" -> "(*internal/poll.FD).writeLock";
          "(*internal/poll.FD).WriteOnce" -> "(*internal/poll.FD).writeUnlock";
          "(*internal/poll.FD).WriteOnce" -> "internal/poll.ignoringEINTRIO";
          "(*internal/poll.FD).WriteTo" -> "(*internal/poll.FD).writeLock";
          "(*internal/poll.FD).WriteTo" -> "(*internal/poll.FD).writeUnlock";
          "(*internal/poll.FD).WriteTo" -> "(*internal/poll.pollDesc).pollable";
          "(*internal/poll.FD).WriteTo" -> "(*internal/poll.pollDesc).prepareWrite";
          "(*internal/poll.FD).WriteTo" -> "(*internal/poll.pollDesc).waitWrite";
          "(*internal/poll.FD).WriteTo" -> "syscall.Sendto";
          "(*internal/poll.FD).WriteToInet4" -> "(*internal/poll.FD).writeLock";
          "(*internal/poll.FD).WriteToInet4" -> "(*internal/poll.FD).writeUnlock";
          "(*internal/poll.FD).WriteToInet4" -> "(*internal/poll.pollDesc).pollable";
          "(*internal/poll.FD).WriteToInet4" -> "(*internal/poll.pollDesc).prepareWrite";
          "(*internal/poll.FD).WriteToInet4" -> "(*internal/poll.pollDesc).waitWrite";
          "(*internal/poll.FD).WriteToInet4" -> "internal/syscall/unix.SendtoInet4";
          "(*internal/poll.FD).WriteToInet6" -> "(*internal/poll.FD).writeLock";
          "(*internal/poll.FD).WriteToInet6" -> "(*internal/poll.FD).writeUnlock";
          "(*internal/poll.FD).WriteToInet6" -> "(*internal/poll.pollDesc).pollable";
          "(*internal/poll.FD).WriteToInet6" -> "(*internal/poll.pollDesc).prepareWrite";
          "(*internal/poll.FD).WriteToInet6" -> "(*internal/poll.pollDesc).waitWrite";
          "(*internal/poll.FD).WriteToInet6" -> "internal/syscall/unix.SendtoInet6";
          "(*internal/poll.FD).Writev" -> "(*internal/poll.FD).writeLock";
          "(*internal/poll.FD).Writev" -> "(*internal/poll.FD).writeUnlock";
          "(*internal/poll.FD).Writev" -> "(*internal/poll.pollDesc).prepareWrite";
          "(*internal/poll.FD).Writev" -> "(*internal/poll.pollDesc).waitWrite";
          "(*internal/poll.FD).Writev" -> "(*syscall.Iovec).SetLen";
          "(*internal/poll.FD).Writev" -> "(*syscall.Iovec).SetLen";
          "(*internal/poll.FD).Writev" -> "internal/poll.consume";
          "(*internal/poll.FD).Writev" -> "internal/poll.newIovecWithBase";
          "(*internal/poll.FD).Writev" -> "internal/poll.writev";
          "(*internal/poll.FD).decref" -> "(*internal/poll.FD).destroy";
          "(*internal/poll.FD).decref" -> "(*internal/poll.fdMutex).decref";
          "(*internal/poll.FD).destroy" -> "(*internal/poll.SysFile).destroy";
          "(*internal/poll.FD).destroy" -> "(*internal/poll.pollDesc).close";
          "(*internal/poll.FD).destroy" -> "internal/poll.runtime_Semrelease";
          "(*internal/poll.FD).incref" -> "(*internal/poll.fdMutex).incref";
          "(*internal/poll.FD).incref" -> "internal/poll.errClosing";
          "(*internal/poll.FD).readLock" -> "(*internal/poll.fdMutex).rwlock";
          "(*internal/poll.FD).readLock" -> "internal/poll.errClosing";
          "(*internal/poll.FD).readUnlock" -> "(*internal/poll.FD).destroy";
          "(*internal/poll.FD).readUnlock" -> "(*internal/poll.fdMutex).rwunlock";
          "(*internal/poll.FD).writeLock" -> "(*internal/poll.fdMutex).rwlock";
          "(*internal/poll.FD).writeLock" -> "internal/poll.errClosing";
          "(*internal/poll.FD).writeUnlock" -> "(*internal/poll.FD).destroy";
          "(*internal/poll.FD).writeUnlock" -> "(*internal/poll.fdMutex).rwunlock";
          "(*internal/poll.fdMutex).decref" -> "sync/atomic.CompareAndSwapUint64";
          "(*internal/poll.fdMutex).decref" -> "sync/atomic.LoadUint64";
          "(*internal/poll.fdMutex).incref" -> "sync/atomic.CompareAndSwapUint64";
          "(*internal/poll.fdMutex).incref" -> "sync/atomic.LoadUint64";
          "(*internal/poll.fdMutex).increfAndClose" -> "internal/poll.runtime_Semrelease";
          "(*internal/poll.fdMutex).increfAndClose" -> "internal/poll.runtime_Semrelease";
          "(*internal/poll.fdMutex).increfAndClose" -> "sync/atomic.CompareAndSwapUint64";
          "(*internal/poll.fdMutex).increfAndClose" -> "sync/atomic.LoadUint64";
          "(*internal/poll.fdMutex).rwlock" -> "internal/poll.runtime_Semacquire";
          "(*internal/poll.fdMutex).rwlock" -> "sync/atomic.CompareAndSwapUint64";
          "(*internal/poll.fdMutex).rwlock" -> "sync/atomic.LoadUint64";
          "(*internal/poll.fdMutex).rwunlock" -> "internal/poll.runtime_Semrelease";
          "(*internal/poll.fdMutex).rwunlock" -> "sync/atomic.CompareAndSwapUint64";
          "(*internal/poll.fdMutex).rwunlock" -> "sync/atomic.LoadUint64";
          "(*internal/poll.pollDesc).close" -> "internal/poll.runtime_pollClose";
          "(*internal/poll.pollDesc).evict" -> "internal/poll.runtime_pollUnblock";
          "(*internal/poll.pollDesc).init" -> "(*sync.Once).Do";
          "(*internal/poll.pollDesc).init" -> "internal/poll.errnoErr";
          "(*internal/poll.pollDesc).init" -> "internal/poll.runtime_pollOpen";
          "(*internal/poll.pollDesc).prepare" -> "internal/poll.convertErr";
          "(*internal/poll.pollDesc).prepare" -> "internal/poll.runtime_pollReset";
          "(*internal/poll.pollDesc).prepareRead" -> "(*internal/poll.pollDesc).prepare";
          "(*internal/poll.pollDesc).prepareWrite" -> "(*internal/poll.pollDesc).prepare";
          "(*internal/poll.pollDesc).wait" -> "errors.New";
          "(*internal/poll.pollDesc).wait" -> "internal/poll.convertErr";
          "(*internal/poll.pollDesc).wait" -> "internal/poll.runtime_pollWait";
          "(*internal/poll.pollDesc).waitRead" -> "(*internal/poll.pollDesc).wait";
          "(*internal/poll.pollDesc).waitWrite" -> "(*internal/poll.pollDesc).wait";
          "(*internal/runtime/atomic.Bool).Load" -> "(*internal/runtime/atomic.Uint8).Load";
          "(*internal/runtime/atomic.Bool).Store" -> "(*internal/runtime/atomic.Uint8).Store";
          "(*internal/runtime/atomic.Float64).Load" -> "(*internal/runtime/atomic.Uint64).Load";
          "(*internal/runtime/atomic.Float64).Store" -> "(*internal/runtime/atomic.Uint64).Store";
          "(*internal/runtime/atomic.Int32).Add" -> "internal/runtime/atomic.Xaddint32";
          "(*internal/runtime/atomic.Int32).CompareAndSwap" -> "internal/runtime/atomic.Casint32";
          "(*internal/runtime/atomic.Int32).Load" -> "internal/runtime/atomic.Loadint32";
          "(*internal/runtime/atomic.Int32).Store" -> "internal/runtime/atomic.Storeint32";
          "(*internal/runtime/atomic.Int32).Swap" -> "internal/runtime/atomic.Xchgint32";
          "(*internal/runtime/atomic.Int64).Add" -> "internal/runtime/atomic.Xaddint64";
          "(*internal/runtime/atomic.Int64).CompareAndSwap" -> "internal/runtime/atomic.Casint64";
          "(*internal/runtime/atomic.Int64).Load" -> "internal/runtime/atomic.Loadint64";
          "(*internal/runtime/atomic.Int64).Store" -> "internal/runtime/atomic.Storeint64";
          "(*internal/runtime/atomic.Int64).Swap" -> "internal/runtime/atomic.Xchgint64";
          "(*internal/runtime/atomic.Uint32).Add" -> "internal/runtime/atomic.Xadd";
          "(*internal/runtime/atomic.Uint32).And" -> "internal/runtime/atomic.And";
          "(*internal/runtime/atomic.Uint32).CompareAndSwap" -> "internal/runtime/atomic.Cas";
          "(*internal/runtime/atomic.Uint32).CompareAndSwapRelease" -> "internal/runtime/atomic.CasRel";
          "(*internal/runtime/atomic.Uint32).Load" -> "internal/runtime/atomic.Load";
          "(*internal/runtime/atomic.Uint32).LoadAcquire" -> "internal/runtime/atomic.LoadAcq";
          "(*internal/runtime/atomic.Uint32).Or" -> "internal/runtime/atomic.Or";
          "(*internal/runtime/atomic.Uint32).Store" -> "internal/runtime/atomic.Store";
          "(*internal/runtime/atomic.Uint32).StoreRelease" -> "internal/runtime/atomic.StoreRel";
          "(*internal/runtime/atomic.Uint32).Swap" -> "internal/runtime/atomic.Xchg";
          "(*internal/runtime/atomic.Uint64).Add" -> "internal/runtime/atomic.Xadd64";
          "(*internal/runtime/atomic.Uint64).CompareAndSwap" -> "internal/runtime/atomic.Cas64";
          "(*internal/runtime/atomic.Uint64).Load" -> "internal/runtime/atomic.Load64";
          "(*internal/runtime/atomic.Uint64).LoadAcquire" -> "internal/runtime/atomic.LoadAcq64";
          "(*internal/runtime/atomic.Uint64).Store" -> "internal/runtime/atomic.Store64";
          "(*internal/runtime/atomic.Uint64).StoreRelease" -> "internal/runtime/atomic.StoreRel64";
          "(*internal/runtime/atomic.Uint64).Swap" -> "internal/runtime/atomic.Xchg64";
          "(*internal/runtime/atomic.Uint8).And" -> "internal/runtime/atomic.And8";
          "(*internal/runtime/atomic.Uint8).Load" -> "internal/runtime/atomic.Load8";
          "(*internal/runtime/atomic.Uint8).Or" -> "internal/runtime/atomic.Or8";
          "(*internal/runtime/atomic.Uint8).Store" -> "internal/runtime/atomic.Store8";
          "(*internal/runtime/atomic.Uintptr).Add" -> "internal/runtime/atomic.Xadduintptr";
          "(*internal/runtime/atomic.Uintptr).CompareAndSwap" -> "internal/runtime/atomic.Casuintptr";
          "(*internal/runtime/atomic.Uintptr).Load" -> "internal/runtime/atomic.Loaduintptr";
          "(*internal/runtime/atomic.Uintptr).LoadAcquire" -> "internal/runtime/atomic.LoadAcquintptr";
          "(*internal/runtime/atomic.Uintptr).Store" -> "internal/runtime/atomic.Storeuintptr";
          "(*internal/runtime/atomic.Uintptr).StoreRelease" -> "internal/runtime/atomic.StoreReluintptr";
          "(*internal/runtime/atomic.Uintptr).Swap" -> "internal/runtime/atomic.Xchguintptr";
          "(*internal/runtime/atomic.UnsafePointer).CompareAndSwap" -> "internal/runtime/atomic.casPointer";
          "(*internal/runtime/atomic.UnsafePointer).CompareAndSwapNoWB" -> "internal/runtime/atomic.Casp1";
          "(*internal/runtime/atomic.UnsafePointer).Load" -> "internal/runtime/atomic.Loadp";
          "(*internal/runtime/atomic.UnsafePointer).Store" -> "internal/runtime/atomic.storePointer";
          "(*internal/runtime/atomic.UnsafePointer).StoreNoWB" -> "internal/runtime/atomic.StorepNoWB";
          "(*internal/runtime/maps.Iter).Init" -> "internal/runtime/maps.rand";
          "(*internal/runtime/maps.Iter).Init" -> "internal/runtime/maps.rand";
          "(*internal/runtime/maps.Iter).Next" -> "(*internal/abi.SwissMapType).IndirectElem";
          "(*internal/runtime/maps.Iter).Next" -> "(*internal/abi.SwissMapType).IndirectElem";
          "(*internal/runtime/maps.Iter).Next" -> "(*internal/abi.SwissMapType).IndirectElem";
          "(*internal/runtime/maps.Iter).Next" -> "(*internal/abi.SwissMapType).IndirectElem";
          "(*internal/runtime/maps.Iter).Next" -> "(*internal/abi.SwissMapType).IndirectKey";
          "(*internal/runtime/maps.Iter).Next" -> "(*internal/abi.SwissMapType).IndirectKey";
          "(*internal/runtime/maps.Iter).Next" -> "(*internal/abi.SwissMapType).IndirectKey";
          "(*internal/runtime/maps.Iter).Next" -> "(*internal/runtime/maps.Iter).grownKeyElem";
          "(*internal/runtime/maps.Iter).Next" -> "(*internal/runtime/maps.Iter).grownKeyElem";
          "(*internal/runtime/maps.Iter).Next" -> "(*internal/runtime/maps.Iter).nextDirIdx";
          "(*internal/runtime/maps.Iter).Next" -> "(*internal/runtime/maps.Map).directoryAt";
          "(*internal/runtime/maps.Iter).Next" -> "(*internal/runtime/maps.Map).getWithKey";
          "(*internal/runtime/maps.Iter).Next" -> "(*internal/runtime/maps.ctrlGroup).get";
          "(*internal/runtime/maps.Iter).Next" -> "(*internal/runtime/maps.ctrlGroup).get";
          "(*internal/runtime/maps.Iter).Next" -> "(*internal/runtime/maps.groupReference).ctrls";
          "(*internal/runtime/maps.Iter).Next" -> "(*internal/runtime/maps.groupReference).ctrls";
          "(*internal/runtime/maps.Iter).Next" -> "(*internal/runtime/maps.groupReference).ctrls";
          "(*internal/runtime/maps.Iter).Next" -> "(*internal/runtime/maps.groupReference).elem";
          "(*internal/runtime/maps.Iter).Next" -> "(*internal/runtime/maps.groupReference).elem";
          "(*internal/runtime/maps.Iter).Next" -> "(*internal/runtime/maps.groupReference).elem";
          "(*internal/runtime/maps.Iter).Next" -> "(*internal/runtime/maps.groupReference).elem";
          "(*internal/runtime/maps.Iter).Next" -> "(*internal/runtime/maps.groupReference).key";
          "(*internal/runtime/maps.Iter).Next" -> "(*internal/runtime/maps.groupReference).key";
          "(*internal/runtime/maps.Iter).Next" -> "(*internal/runtime/maps.groupReference).key";
          "(*internal/runtime/maps.Iter).Next" -> "(*internal/runtime/maps.groupsReference).group";
          "(*internal/runtime/maps.Iter).Next" -> "(*internal/runtime/maps.groupsReference).group";
          "(*internal/runtime/maps.Iter).Next" -> "(internal/runtime/maps.bitset).first";
          "(*internal/runtime/maps.Iter).Next" -> "(internal/runtime/maps.bitset).first";
          "(*internal/runtime/maps.Iter).Next" -> "(internal/runtime/maps.bitset).first";
          "(*internal/runtime/maps.Iter).Next" -> "(internal/runtime/maps.bitset).removeBelow";
          "(*internal/runtime/maps.Iter).Next" -> "(internal/runtime/maps.bitset).removeFirst";
          "(*internal/runtime/maps.Iter).Next" -> "(internal/runtime/maps.bitset).removeFirst";
          "(*internal/runtime/maps.Iter).Next" -> "(internal/runtime/maps.ctrlGroup).matchFull";
          "(*internal/runtime/maps.Iter).Next" -> "internal/runtime/maps.fatal";
          "(*internal/runtime/maps.Iter).grownKeyElem" -> "(*internal/abi.SwissMapType).IndirectElem";
          "(*internal/runtime/maps.Iter).grownKeyElem" -> "(*internal/runtime/maps.Map).getWithKey";
          "(*internal/runtime/maps.Iter).grownKeyElem" -> "(*internal/runtime/maps.groupReference).elem";
          "(*internal/runtime/maps.Map).Clear" -> "(*internal/runtime/maps.Map).Used";
          "(*internal/runtime/maps.Map).Clear" -> "(*internal/runtime/maps.Map).clearSmall";
          "(*internal/runtime/maps.Map).Clear" -> "(*internal/runtime/maps.Map).directoryAt";
          "(*internal/runtime/maps.Map).Clear" -> "(*internal/runtime/maps.table).Clear";
          "(*internal/runtime/maps.Map).Clear" -> "internal/runtime/maps.fatal";
          "(*internal/runtime/maps.Map).Clear" -> "internal/runtime/maps.fatal";
          "(*internal/runtime/maps.Map).Clear" -> "internal/runtime/maps.rand";
          "(*internal/runtime/maps.Map).Delete" -> "(*internal/runtime/maps.Map).Used";
          "(*internal/runtime/maps.Map).Delete" -> "(*internal/runtime/maps.Map).deleteSmall";
          "(*internal/runtime/maps.Map).Delete" -> "(*internal/runtime/maps.Map).directoryAt";
          "(*internal/runtime/maps.Map).Delete" -> "(*internal/runtime/maps.Map).directoryIndex";
          "(*internal/runtime/maps.Map).Delete" -> "(*internal/runtime/maps.table).Delete";
          "(*internal/runtime/maps.Map).Delete" -> "internal/runtime/maps.fatal";
          "(*internal/runtime/maps.Map).Delete" -> "internal/runtime/maps.fatal";
          "(*internal/runtime/maps.Map).Delete" -> "internal/runtime/maps.mapKeyError";
          "(*internal/runtime/maps.Map).Delete" -> "internal/runtime/maps.rand";
          "(*internal/runtime/maps.Map).Get" -> "(*internal/runtime/maps.Map).getWithoutKey";
          "(*internal/runtime/maps.Map).Put" -> "(*internal/runtime/maps.Map).PutSlot";
          "(*internal/runtime/maps.Map).Put" -> "internal/runtime/maps.typedmemmove";
          "(*internal/runtime/maps.Map).PutSlot" -> "(*internal/runtime/maps.Map).directoryAt";
          "(*internal/runtime/maps.Map).PutSlot" -> "(*internal/runtime/maps.Map).directoryIndex";
          "(*internal/runtime/maps.Map).PutSlot" -> "(*internal/runtime/maps.Map).growToSmall";
          "(*internal/runtime/maps.Map).PutSlot" -> "(*internal/runtime/maps.Map).growToTable";
          "(*internal/runtime/maps.Map).PutSlot" -> "(*internal/runtime/maps.Map).putSlotSmall";
          "(*internal/runtime/maps.Map).PutSlot" -> "(*internal/runtime/maps.table).PutSlot";
          "(*internal/runtime/maps.Map).PutSlot" -> "internal/runtime/maps.fatal";
          "(*internal/runtime/maps.Map).PutSlot" -> "internal/runtime/maps.fatal";
          "(*internal/runtime/maps.Map).PutSlot" -> "internal/runtime/maps.fatal";
          "(*internal/runtime/maps.Map).clearSmall" -> "(*internal/runtime/maps.ctrlGroup).setEmpty";
          "(*internal/runtime/maps.Map).clearSmall" -> "(*internal/runtime/maps.groupReference).ctrls";
          "(*internal/runtime/maps.Map).clearSmall" -> "internal/runtime/maps.typedmemclr";
          "(*internal/runtime/maps.Map).deleteSmall" -> "(*internal/abi.SwissMapType).IndirectElem";
          "(*internal/runtime/maps.Map).deleteSmall" -> "(*internal/abi.SwissMapType).IndirectKey";
          "(*internal/runtime/maps.Map).deleteSmall" -> "(*internal/abi.SwissMapType).IndirectKey";
          "(*internal/runtime/maps.Map).deleteSmall" -> "(*internal/abi.Type).Pointers";
          "(*internal/runtime/maps.Map).deleteSmall" -> "(*internal/runtime/maps.ctrlGroup).set";
          "(*internal/runtime/maps.Map).deleteSmall" -> "(*internal/runtime/maps.groupReference).ctrls";
          "(*internal/runtime/maps.Map).deleteSmall" -> "(*internal/runtime/maps.groupReference).ctrls";
          "(*internal/runtime/maps.Map).deleteSmall" -> "(*internal/runtime/maps.groupReference).elem";
          "(*internal/runtime/maps.Map).deleteSmall" -> "(*internal/runtime/maps.groupReference).key";
          "(*internal/runtime/maps.Map).deleteSmall" -> "(internal/runtime/maps.bitset).first";
          "(*internal/runtime/maps.Map).deleteSmall" -> "(internal/runtime/maps.bitset).removeFirst";
          "(*internal/runtime/maps.Map).deleteSmall" -> "(internal/runtime/maps.ctrlGroup).matchH2";
          "(*internal/runtime/maps.Map).deleteSmall" -> "internal/runtime/maps.h2";
          "(*internal/runtime/maps.Map).deleteSmall" -> "internal/runtime/maps.typedmemclr";
          "(*internal/runtime/maps.Map).deleteSmall" -> "internal/runtime/maps.typedmemclr";
          "(*internal/runtime/maps.Map).getWithKey" -> "(*internal/runtime/maps.Map).Used";
          "(*internal/runtime/maps.Map).getWithKey" -> "(*internal/runtime/maps.Map).directoryAt";
          "(*internal/runtime/maps.Map).getWithKey" -> "(*internal/runtime/maps.Map).directoryIndex";
          "(*internal/runtime/maps.Map).getWithKey" -> "(*internal/runtime/maps.Map).getWithKeySmall";
          "(*internal/runtime/maps.Map).getWithKey" -> "(*internal/runtime/maps.table).getWithKey";
          "(*internal/runtime/maps.Map).getWithKey" -> "internal/runtime/maps.fatal";
          "(*internal/runtime/maps.Map).getWithKeySmall" -> "(*internal/abi.SwissMapType).IndirectElem";
          "(*internal/runtime/maps.Map).getWithKeySmall" -> "(*internal/abi.SwissMapType).IndirectKey";
          "(*internal/runtime/maps.Map).getWithKeySmall" -> "(*internal/runtime/maps.groupReference).ctrls";
          "(*internal/runtime/maps.Map).getWithKeySmall" -> "(*internal/runtime/maps.groupReference).elem";
          "(*internal/runtime/maps.Map).getWithKeySmall" -> "(*internal/runtime/maps.groupReference).key";
          "(*internal/runtime/maps.Map).getWithKeySmall" -> "internal/runtime/maps.h2";
          "(*internal/runtime/maps.Map).getWithoutKey" -> "(*internal/runtime/maps.Map).Used";
          "(*internal/runtime/maps.Map).getWithoutKey" -> "(*internal/runtime/maps.Map).directoryAt";
          "(*internal/runtime/maps.Map).getWithoutKey" -> "(*internal/runtime/maps.Map).directoryIndex";
          "(*internal/runtime/maps.Map).getWithoutKey" -> "(*internal/runtime/maps.Map).getWithKeySmall";
          "(*internal/runtime/maps.Map).getWithoutKey" -> "(*internal/runtime/maps.table).getWithoutKey";
          "(*internal/runtime/maps.Map).getWithoutKey" -> "internal/runtime/maps.fatal";
          "(*internal/runtime/maps.Map).growToSmall" -> "(*internal/runtime/maps.ctrlGroup).setEmpty";
          "(*internal/runtime/maps.Map).growToSmall" -> "(*internal/runtime/maps.groupReference).ctrls";
          "(*internal/runtime/maps.Map).growToSmall" -> "internal/runtime/maps.newGroups";
          "(*internal/runtime/maps.Map).growToTable" -> "(*internal/abi.SwissMapType).IndirectElem";
          "(*internal/runtime/maps.Map).growToTable" -> "(*internal/abi.SwissMapType).IndirectKey";
          "(*internal/runtime/maps.Map).growToTable" -> "(*internal/runtime/maps.ctrlGroup).get";
          "(*internal/runtime/maps.Map).growToTable" -> "(*internal/runtime/maps.groupReference).ctrls";
          "(*internal/runtime/maps.Map).growToTable" -> "(*internal/runtime/maps.groupReference).elem";
          "(*internal/runtime/maps.Map).growToTable" -> "(*internal/runtime/maps.groupReference).key";
          "(*internal/runtime/maps.Map).growToTable" -> "(*internal/runtime/maps.table).uncheckedPutSlot";
          "(*internal/runtime/maps.Map).growToTable" -> "internal/runtime/maps.depthToShift";
          "(*internal/runtime/maps.Map).growToTable" -> "internal/runtime/maps.newTable";
          "(*internal/runtime/maps.Map).installTableSplit" -> "(*internal/runtime/maps.Map).directoryAt";
          "(*internal/runtime/maps.Map).installTableSplit" -> "(*internal/runtime/maps.Map).replaceTable";
          "(*internal/runtime/maps.Map).installTableSplit" -> "(*internal/runtime/maps.Map).replaceTable";
          "(*internal/runtime/maps.Map).putSlotSmall" -> "(*internal/abi.SwissMapType).IndirectElem";
          "(*internal/runtime/maps.Map).putSlotSmall" -> "(*internal/abi.SwissMapType).IndirectElem";
          "(*internal/runtime/maps.Map).putSlotSmall" -> "(*internal/abi.SwissMapType).IndirectKey";
          "(*internal/runtime/maps.Map).putSlotSmall" -> "(*internal/abi.SwissMapType).IndirectKey";
          "(*internal/runtime/maps.Map).putSlotSmall" -> "(*internal/abi.SwissMapType).NeedKeyUpdate";
          "(*internal/runtime/maps.Map).putSlotSmall" -> "(*internal/runtime/maps.ctrlGroup).set";
          "(*internal/runtime/maps.Map).putSlotSmall" -> "(*internal/runtime/maps.groupReference).ctrls";
          "(*internal/runtime/maps.Map).putSlotSmall" -> "(*internal/runtime/maps.groupReference).ctrls";
          "(*internal/runtime/maps.Map).putSlotSmall" -> "(*internal/runtime/maps.groupReference).ctrls";
          "(*internal/runtime/maps.Map).putSlotSmall" -> "(*internal/runtime/maps.groupReference).elem";
          "(*internal/runtime/maps.Map).putSlotSmall" -> "(*internal/runtime/maps.groupReference).elem";
          "(*internal/runtime/maps.Map).putSlotSmall" -> "(*internal/runtime/maps.groupReference).key";
          "(*internal/runtime/maps.Map).putSlotSmall" -> "(*internal/runtime/maps.groupReference).key";
          "(*internal/runtime/maps.Map).putSlotSmall" -> "(internal/runtime/maps.bitset).first";
          "(*internal/runtime/maps.Map).putSlotSmall" -> "(internal/runtime/maps.bitset).first";
          "(*internal/runtime/maps.Map).putSlotSmall" -> "(internal/runtime/maps.bitset).removeFirst";
          "(*internal/runtime/maps.Map).putSlotSmall" -> "(internal/runtime/maps.ctrlGroup).matchEmptyOrDeleted";
          "(*internal/runtime/maps.Map).putSlotSmall" -> "(internal/runtime/maps.ctrlGroup).matchH2";
          "(*internal/runtime/maps.Map).putSlotSmall" -> "internal/runtime/maps.fatal";
          "(*internal/runtime/maps.Map).putSlotSmall" -> "internal/runtime/maps.h2";
          "(*internal/runtime/maps.Map).putSlotSmall" -> "internal/runtime/maps.h2";
          "(*internal/runtime/maps.Map).putSlotSmall" -> "internal/runtime/maps.newobject";
          "(*internal/runtime/maps.Map).putSlotSmall" -> "internal/runtime/maps.newobject";
          "(*internal/runtime/maps.Map).putSlotSmall" -> "internal/runtime/maps.typedmemmove";
          "(*internal/runtime/maps.Map).putSlotSmall" -> "internal/runtime/maps.typedmemmove";
          "(*internal/runtime/maps.Map).replaceTable" -> "(*internal/runtime/maps.Map).directorySet";
          "(*internal/runtime/maps.table).Clear" -> "(*internal/runtime/maps.ctrlGroup).setEmpty";
          "(*internal/runtime/maps.table).Clear" -> "(*internal/runtime/maps.groupReference).ctrls";
          "(*internal/runtime/maps.table).Clear" -> "(*internal/runtime/maps.groupsReference).group";
          "(*internal/runtime/maps.table).Clear" -> "(*internal/runtime/maps.table).resetGrowthLeft";
          "(*internal/runtime/maps.table).Clear" -> "internal/runtime/maps.typedmemclr";
          "(*internal/runtime/maps.table).Delete" -> "(*internal/abi.SwissMapType).IndirectElem";
          "(*internal/runtime/maps.table).Delete" -> "(*internal/abi.SwissMapType).IndirectKey";
          "(*internal/runtime/maps.table).Delete" -> "(*internal/abi.SwissMapType).IndirectKey";
          "(*internal/runtime/maps.table).Delete" -> "(*internal/abi.Type).Pointers";
          "(*internal/runtime/maps.table).Delete" -> "(*internal/runtime/maps.ctrlGroup).set";
          "(*internal/runtime/maps.table).Delete" -> "(*internal/runtime/maps.ctrlGroup).set";
          "(*internal/runtime/maps.table).Delete" -> "(*internal/runtime/maps.groupReference).ctrls";
          "(*internal/runtime/maps.table).Delete" -> "(*internal/runtime/maps.groupReference).ctrls";
          "(*internal/runtime/maps.table).Delete" -> "(*internal/runtime/maps.groupReference).ctrls";
          "(*internal/runtime/maps.table).Delete" -> "(*internal/runtime/maps.groupReference).ctrls";
          "(*internal/runtime/maps.table).Delete" -> "(*internal/runtime/maps.groupReference).ctrls";
          "(*internal/runtime/maps.table).Delete" -> "(*internal/runtime/maps.groupReference).elem";
          "(*internal/runtime/maps.table).Delete" -> "(*internal/runtime/maps.groupReference).key";
          "(*internal/runtime/maps.table).Delete" -> "(*internal/runtime/maps.groupsReference).group";
          "(*internal/runtime/maps.table).Delete" -> "(*internal/runtime/maps.table).checkInvariants";
          "(*internal/runtime/maps.table).Delete" -> "(internal/runtime/maps.bitset).first";
          "(*internal/runtime/maps.table).Delete" -> "(internal/runtime/maps.bitset).removeFirst";
          "(*internal/runtime/maps.table).Delete" -> "(internal/runtime/maps.ctrlGroup).matchEmpty";
          "(*internal/runtime/maps.table).Delete" -> "(internal/runtime/maps.ctrlGroup).matchEmpty";
          "(*internal/runtime/maps.table).Delete" -> "(internal/runtime/maps.ctrlGroup).matchH2";
          "(*internal/runtime/maps.table).Delete" -> "(internal/runtime/maps.probeSeq).next";
          "(*internal/runtime/maps.table).Delete" -> "internal/runtime/maps.h1";
          "(*internal/runtime/maps.table).Delete" -> "internal/runtime/maps.h2";
          "(*internal/runtime/maps.table).Delete" -> "internal/runtime/maps.makeProbeSeq";
          "(*internal/runtime/maps.table).Delete" -> "internal/runtime/maps.typedmemclr";
          "(*internal/runtime/maps.table).Delete" -> "internal/runtime/maps.typedmemclr";
          "(*internal/runtime/maps.table).Get" -> "(*internal/runtime/maps.table).getWithKey";
          "(*internal/runtime/maps.table).Print" -> "(*internal/runtime/maps.ctrlGroup).get";
          "(*internal/runtime/maps.table).Print" -> "(*internal/runtime/maps.groupReference).ctrls";
          "(*internal/runtime/maps.table).Print" -> "(*internal/runtime/maps.groupReference).elem";
          "(*internal/runtime/maps.table).Print" -> "(*internal/runtime/maps.groupReference).key";
          "(*internal/runtime/maps.table).Print" -> "(*internal/runtime/maps.groupsReference).group";
          "(*internal/runtime/maps.table).Print" -> "internal/runtime/maps.dump";
          "(*internal/runtime/maps.table).Print" -> "internal/runtime/maps.dump";
          "(*internal/runtime/maps.table).PutSlot" -> "(*internal/abi.SwissMapType).IndirectElem";
          "(*internal/runtime/maps.table).PutSlot" -> "(*internal/abi.SwissMapType).IndirectElem";
          "(*internal/runtime/maps.table).PutSlot" -> "(*internal/abi.SwissMapType).IndirectKey";
          "(*internal/runtime/maps.table).PutSlot" -> "(*internal/abi.SwissMapType).IndirectKey";
          "(*internal/runtime/maps.table).PutSlot" -> "(*internal/abi.SwissMapType).NeedKeyUpdate";
          "(*internal/runtime/maps.table).PutSlot" -> "(*internal/runtime/maps.ctrlGroup).get";
          "(*internal/runtime/maps.table).PutSlot" -> "(*internal/runtime/maps.ctrlGroup).set";
          "(*internal/runtime/maps.table).PutSlot" -> "(*internal/runtime/maps.groupReference).ctrls";
          "(*internal/runtime/maps.table).PutSlot" -> "(*internal/runtime/maps.groupReference).ctrls";
          "(*internal/runtime/maps.table).PutSlot" -> "(*internal/runtime/maps.groupReference).ctrls";
          "(*internal/runtime/maps.table).PutSlot" -> "(*internal/runtime/maps.groupReference).ctrls";
          "(*internal/runtime/maps.table).PutSlot" -> "(*internal/runtime/maps.groupReference).elem";
          "(*internal/runtime/maps.table).PutSlot" -> "(*internal/runtime/maps.groupReference).elem";
          "(*internal/runtime/maps.table).PutSlot" -> "(*internal/runtime/maps.groupReference).key";
          "(*internal/runtime/maps.table).PutSlot" -> "(*internal/runtime/maps.groupReference).key";
          "(*internal/runtime/maps.table).PutSlot" -> "(*internal/runtime/maps.groupsReference).group";
          "(*internal/runtime/maps.table).PutSlot" -> "(*internal/runtime/maps.table).checkInvariants";
          "(*internal/runtime/maps.table).PutSlot" -> "(*internal/runtime/maps.table).checkInvariants";
          "(*internal/runtime/maps.table).PutSlot" -> "(*internal/runtime/maps.table).rehash";
          "(*internal/runtime/maps.table).PutSlot" -> "(internal/runtime/maps.bitset).first";
          "(*internal/runtime/maps.table).PutSlot" -> "(internal/runtime/maps.bitset).first";
          "(*internal/runtime/maps.table).PutSlot" -> "(internal/runtime/maps.bitset).removeFirst";
          "(*internal/runtime/maps.table).PutSlot" -> "(internal/runtime/maps.ctrlGroup).matchEmptyOrDeleted";
          "(*internal/runtime/maps.table).PutSlot" -> "(internal/runtime/maps.ctrlGroup).matchH2";
          "(*internal/runtime/maps.table).PutSlot" -> "(internal/runtime/maps.probeSeq).next";
          "(*internal/runtime/maps.table).PutSlot" -> "internal/runtime/maps.h1";
          "(*internal/runtime/maps.table).PutSlot" -> "internal/runtime/maps.h2";
          "(*internal/runtime/maps.table).PutSlot" -> "internal/runtime/maps.h2";
          "(*internal/runtime/maps.table).PutSlot" -> "internal/runtime/maps.makeProbeSeq";
          "(*internal/runtime/maps.table).PutSlot" -> "internal/runtime/maps.newobject";
          "(*internal/runtime/maps.table).PutSlot" -> "internal/runtime/maps.newobject";
          "(*internal/runtime/maps.table).PutSlot" -> "internal/runtime/maps.typedmemmove";
          "(*internal/runtime/maps.table).PutSlot" -> "internal/runtime/maps.typedmemmove";
          "(*internal/runtime/maps.table).checkInvariants" -> "(*internal/abi.SwissMapType).IndirectKey";
          "(*internal/runtime/maps.table).checkInvariants" -> "(*internal/runtime/maps.ctrlGroup).get";
          "(*internal/runtime/maps.table).checkInvariants" -> "(*internal/runtime/maps.groupReference).ctrls";
          "(*internal/runtime/maps.table).checkInvariants" -> "(*internal/runtime/maps.groupReference).key";
          "(*internal/runtime/maps.table).checkInvariants" -> "(*internal/runtime/maps.groupsReference).group";
          "(*internal/runtime/maps.table).checkInvariants" -> "(*internal/runtime/maps.table).Get";
          "(*internal/runtime/maps.table).checkInvariants" -> "(*internal/runtime/maps.table).Print";
          "(*internal/runtime/maps.table).checkInvariants" -> "(*internal/runtime/maps.table).Print";
          "(*internal/runtime/maps.table).checkInvariants" -> "(*internal/runtime/maps.table).Print";
          "(*internal/runtime/maps.table).checkInvariants" -> "(*internal/runtime/maps.table).Print";
          "(*internal/runtime/maps.table).checkInvariants" -> "(*internal/runtime/maps.table).Print";
          "(*internal/runtime/maps.table).checkInvariants" -> "(*internal/runtime/maps.table).tombstones";
          "(*internal/runtime/maps.table).checkInvariants" -> "(*internal/runtime/maps.table).tombstones";
          "(*internal/runtime/maps.table).checkInvariants" -> "internal/runtime/maps.dump";
          "(*internal/runtime/maps.table).checkInvariants" -> "internal/runtime/maps.h1";
          "(*internal/runtime/maps.table).checkInvariants" -> "internal/runtime/maps.h2";
          "(*internal/runtime/maps.table).getWithKey" -> "(*internal/abi.SwissMapType).IndirectElem";
          "(*internal/runtime/maps.table).getWithKey" -> "(*internal/abi.SwissMapType).IndirectKey";
          "(*internal/runtime/maps.table).getWithKey" -> "(*internal/runtime/maps.groupReference).ctrls";
          "(*internal/runtime/maps.table).getWithKey" -> "(*internal/runtime/maps.groupReference).ctrls";
          "(*internal/runtime/maps.table).getWithKey" -> "(*internal/runtime/maps.groupReference).elem";
          "(*internal/runtime/maps.table).getWithKey" -> "(*internal/runtime/maps.groupReference).key";
          "(*internal/runtime/maps.table).getWithKey" -> "(*internal/runtime/maps.groupsReference).group";
          "(*internal/runtime/maps.table).getWithKey" -> "(internal/runtime/maps.bitset).first";
          "(*internal/runtime/maps.table).getWithKey" -> "(internal/runtime/maps.bitset).removeFirst";
          "(*internal/runtime/maps.table).getWithKey" -> "(internal/runtime/maps.ctrlGroup).matchEmpty";
          "(*internal/runtime/maps.table).getWithKey" -> "(internal/runtime/maps.ctrlGroup).matchH2";
          "(*internal/runtime/maps.table).getWithKey" -> "(internal/runtime/maps.probeSeq).next";
          "(*internal/runtime/maps.table).getWithKey" -> "internal/runtime/maps.h1";
          "(*internal/runtime/maps.table).getWithKey" -> "internal/runtime/maps.h2";
          "(*internal/runtime/maps.table).getWithKey" -> "internal/runtime/maps.makeProbeSeq";
          "(*internal/runtime/maps.table).getWithoutKey" -> "(*internal/abi.SwissMapType).IndirectElem";
          "(*internal/runtime/maps.table).getWithoutKey" -> "(*internal/abi.SwissMapType).IndirectKey";
          "(*internal/runtime/maps.table).getWithoutKey" -> "(*internal/runtime/maps.groupReference).ctrls";
          "(*internal/runtime/maps.table).getWithoutKey" -> "(*internal/runtime/maps.groupReference).ctrls";
          "(*internal/runtime/maps.table).getWithoutKey" -> "(*internal/runtime/maps.groupReference).elem";
          "(*internal/runtime/maps.table).getWithoutKey" -> "(*internal/runtime/maps.groupReference).key";
          "(*internal/runtime/maps.table).getWithoutKey" -> "(*internal/runtime/maps.groupsReference).group";
          "(*internal/runtime/maps.table).getWithoutKey" -> "(internal/runtime/maps.bitset).first";
          "(*internal/runtime/maps.table).getWithoutKey" -> "(internal/runtime/maps.bitset).removeFirst";
          "(*internal/runtime/maps.table).getWithoutKey" -> "(internal/runtime/maps.ctrlGroup).matchEmpty";
          "(*internal/runtime/maps.table).getWithoutKey" -> "(internal/runtime/maps.ctrlGroup).matchH2";
          "(*internal/runtime/maps.table).getWithoutKey" -> "(internal/runtime/maps.probeSeq).next";
          "(*internal/runtime/maps.table).getWithoutKey" -> "internal/runtime/maps.h1";
          "(*internal/runtime/maps.table).getWithoutKey" -> "internal/runtime/maps.h2";
          "(*internal/runtime/maps.table).getWithoutKey" -> "internal/runtime/maps.makeProbeSeq";
          "(*internal/runtime/maps.table).grow" -> "(*internal/abi.SwissMapType).IndirectElem";
          "(*internal/runtime/maps.table).grow" -> "(*internal/abi.SwissMapType).IndirectKey";
          "(*internal/runtime/maps.table).grow" -> "(*internal/runtime/maps.Map).replaceTable";
          "(*internal/runtime/maps.table).grow" -> "(*internal/runtime/maps.ctrlGroup).get";
          "(*internal/runtime/maps.table).grow" -> "(*internal/runtime/maps.groupReference).ctrls";
          "(*internal/runtime/maps.table).grow" -> "(*internal/runtime/maps.groupReference).elem";
          "(*internal/runtime/maps.table).grow" -> "(*internal/runtime/maps.groupReference).key";
          "(*internal/runtime/maps.table).grow" -> "(*internal/runtime/maps.groupsReference).group";
          "(*internal/runtime/maps.table).grow" -> "(*internal/runtime/maps.table).checkInvariants";
          "(*internal/runtime/maps.table).grow" -> "(*internal/runtime/maps.table).uncheckedPutSlot";
          "(*internal/runtime/maps.table).grow" -> "internal/runtime/maps.newTable";
          "(*internal/runtime/maps.table).rehash" -> "(*internal/runtime/maps.table).grow";
          "(*internal/runtime/maps.table).rehash" -> "(*internal/runtime/maps.table).split";
          "(*internal/runtime/maps.table).reset" -> "(*internal/runtime/maps.ctrlGroup).setEmpty";
          "(*internal/runtime/maps.table).reset" -> "(*internal/runtime/maps.groupReference).ctrls";
          "(*internal/runtime/maps.table).reset" -> "(*internal/runtime/maps.groupsReference).group";
          "(*internal/runtime/maps.table).reset" -> "(*internal/runtime/maps.table).resetGrowthLeft";
          "(*internal/runtime/maps.table).reset" -> "internal/runtime/maps.newGroups";
          "(*internal/runtime/maps.table).split" -> "(*internal/abi.SwissMapType).IndirectElem";
          "(*internal/runtime/maps.table).split" -> "(*internal/abi.SwissMapType).IndirectKey";
          "(*internal/runtime/maps.table).split" -> "(*internal/runtime/maps.Map).installTableSplit";
          "(*internal/runtime/maps.table).split" -> "(*internal/runtime/maps.ctrlGroup).get";
          "(*internal/runtime/maps.table).split" -> "(*internal/runtime/maps.groupReference).ctrls";
          "(*internal/runtime/maps.table).split" -> "(*internal/runtime/maps.groupReference).elem";
          "(*internal/runtime/maps.table).split" -> "(*internal/runtime/maps.groupReference).key";
          "(*internal/runtime/maps.table).split" -> "(*internal/runtime/maps.groupsReference).group";
          "(*internal/runtime/maps.table).split" -> "(*internal/runtime/maps.table).uncheckedPutSlot";
          "(*internal/runtime/maps.table).split" -> "internal/runtime/maps.localDepthMask";
          "(*internal/runtime/maps.table).split" -> "internal/runtime/maps.newTable";
          "(*internal/runtime/maps.table).split" -> "internal/runtime/maps.newTable";
          "(*internal/runtime/maps.table).uncheckedPutSlot" -> "(*internal/abi.SwissMapType).IndirectElem";
          "(*internal/runtime/maps.table).uncheckedPutSlot" -> "(*internal/abi.SwissMapType).IndirectKey";
          "(*internal/runtime/maps.table).uncheckedPutSlot" -> "(*internal/runtime/maps.ctrlGroup).set";
          "(*internal/runtime/maps.table).uncheckedPutSlot" -> "(*internal/runtime/maps.groupReference).ctrls";
          "(*internal/runtime/maps.table).uncheckedPutSlot" -> "(*internal/runtime/maps.groupReference).ctrls";
          "(*internal/runtime/maps.table).uncheckedPutSlot" -> "(*internal/runtime/maps.groupReference).elem";
          "(*internal/runtime/maps.table).uncheckedPutSlot" -> "(*internal/runtime/maps.groupReference).key";
          "(*internal/runtime/maps.table).uncheckedPutSlot" -> "(*internal/runtime/maps.groupsReference).group";
          "(*internal/runtime/maps.table).uncheckedPutSlot" -> "(internal/runtime/maps.bitset).first";
          "(*internal/runtime/maps.table).uncheckedPutSlot" -> "(internal/runtime/maps.ctrlGroup).matchEmptyOrDeleted";
          "(*internal/runtime/maps.table).uncheckedPutSlot" -> "(internal/runtime/maps.probeSeq).next";
          "(*internal/runtime/maps.table).uncheckedPutSlot" -> "internal/runtime/maps.h1";
          "(*internal/runtime/maps.table).uncheckedPutSlot" -> "internal/runtime/maps.h2";
          "(*internal/runtime/maps.table).uncheckedPutSlot" -> "internal/runtime/maps.makeProbeSeq";
          "(*internal/runtime/maps.table).uncheckedPutSlot" -> "internal/runtime/maps.typedmemmove";
          "(*internal/runtime/maps.table).uncheckedPutSlot" -> "internal/runtime/maps.typedmemmove";
          "(*internal/sync.Mutex).Lock" -> "(*internal/sync.Mutex).lockSlow";
          "(*internal/sync.Mutex).Lock" -> "internal/race.Acquire";
          "(*internal/sync.Mutex).Lock" -> "sync/atomic.CompareAndSwapInt32";
          "(*internal/sync.Mutex).Unlock" -> "(*internal/sync.Mutex).unlockSlow";
          "(*internal/sync.Mutex).Unlock" -> "internal/race.Release";
          "(*internal/sync.Mutex).Unlock" -> "sync/atomic.AddInt32";
          "(*internal/sync.Mutex).lockSlow" -> "internal/race.Acquire";
          "(*internal/sync.Mutex).lockSlow" -> "internal/sync.runtime_SemacquireMutex";
          "(*internal/sync.Mutex).lockSlow" -> "internal/sync.runtime_canSpin";
          "(*internal/sync.Mutex).lockSlow" -> "internal/sync.runtime_doSpin";
          "(*internal/sync.Mutex).lockSlow" -> "internal/sync.runtime_nanotime";
          "(*internal/sync.Mutex).lockSlow" -> "internal/sync.runtime_nanotime";
          "(*internal/sync.Mutex).lockSlow" -> "internal/sync.throw";
          "(*internal/sync.Mutex).lockSlow" -> "internal/sync.throw";
          "(*internal/sync.Mutex).lockSlow" -> "sync/atomic.AddInt32";
          "(*internal/sync.Mutex).lockSlow" -> "sync/atomic.CompareAndSwapInt32";
          "(*internal/sync.Mutex).lockSlow" -> "sync/atomic.CompareAndSwapInt32";
          "(*internal/sync.Mutex).unlockSlow" -> "internal/sync.fatal";
          "(*internal/sync.Mutex).unlockSlow" -> "internal/sync.runtime_Semrelease";
          "(*internal/sync.Mutex).unlockSlow" -> "internal/sync.runtime_Semrelease";
          "(*internal/sync.Mutex).unlockSlow" -> "sync/atomic.CompareAndSwapInt32";
          "(*io/fs.PathError).Error" -> "(*errors.errorString).Error";
          "(*io/fs.PathError).Error" -> "(*io/fs.PathError).Error";
          "(*io/fs.PathError).Error" -> "(*reflect.ValueError).Error";
          "(*io/fs.PathError).Error" -> "(*runtime.TypeAssertionError).Error";
          "(*io/fs.PathError).Error" -> "(*time.ParseError).Error";
          "(*io/fs.PathError).Error" -> "(internal/poll.errNetClosing).Error";
          "(*io/fs.PathError).Error" -> "(runtime.errorAddressString).Error";
          "(*io/fs.PathError).Error" -> "(runtime.errorString).Error";
          "(*io/fs.PathError).Error" -> "(syscall.Errno).Error";
          "(*io/fs.PathError).Error" -> "(time.fileSizeError).Error";
          "(*io/fs.PathError).Timeout" -> "(*io/fs.PathError).Timeout";
          "(*io/fs.PathError).Timeout" -> "(internal/poll.errNetClosing).Timeout";
          "(*io/fs.PathError).Timeout" -> "(syscall.Errno).Timeout";
          "(*os.File).Chdir" -> "(*internal/poll.FD).Fchdir";
          "(*os.File).Chdir" -> "(*os.File).checkValid";
          "(*os.File).Chdir" -> "(*os.File).wrapErr";
          "(*os.File).Chmod" -> "(*os.File).chmod";
          "(*os.File).Chown" -> "(*internal/poll.FD).Fchown";
          "(*os.File).Chown" -> "(*os.File).checkValid";
          "(*os.File).Chown" -> "(*os.File).wrapErr";
          "(*os.File).Close" -> "(*os.file).close";
          "(*os.File).Fd" -> "(*internal/poll.FD).SetBlocking";
          "(*os.File).Read" -> "(*os.File).checkValid";
          "(*os.File).Read" -> "(*os.File).read";
          "(*os.File).Read" -> "(*os.File).wrapErr";
          "(*os.File).ReadAt" -> "(*os.File).checkValid";
          "(*os.File).ReadAt" -> "(*os.File).pread";
          "(*os.File).ReadAt" -> "(*os.File).wrapErr";
          "(*os.File).ReadAt" -> "errors.New";
          "(*os.File).ReadDir" -> "(*os.File).readdir";
          "(*os.File).ReadFrom" -> "(*os.File).checkValid";
          "(*os.File).ReadFrom" -> "(*os.File).readFrom";
          "(*os.File).ReadFrom" -> "(*os.File).wrapErr";
          "(*os.File).ReadFrom" -> "os.genericReadFrom";
          "(*os.File).Readdir" -> "(*os.File).readdir";
          "(*os.File).Readdirnames" -> "(*os.File).readdir";
          "(*os.File).Seek" -> "(*os.File).checkValid";
          "(*os.File).Seek" -> "(*os.File).seek";
          "(*os.File).Seek" -> "(*os.File).wrapErr";
          "(*os.File).SetDeadline" -> "(*os.File).setDeadline";
          "(*os.File).SetReadDeadline" -> "(*os.File).setReadDeadline";
          "(*os.File).SetWriteDeadline" -> "(*os.File).setWriteDeadline";
          "(*os.File).Stat" -> "(*internal/poll.FD).Fstat";
          "(*os.File).Stat" -> "(*os.File).wrapErr";
          "(*os.File).Stat" -> "os.fillFileStatFromSys";
          "(*os.File).Sync" -> "(*internal/poll.FD).Fsync";
          "(*os.File).Sync" -> "(*os.File).checkValid";
          "(*os.File).Sync" -> "(*os.File).wrapErr";
          "(*os.File).SyscallConn" -> "(*os.File).checkValid";
          "(*os.File).SyscallConn" -> "os.newRawConn";
          "(*os.File).Truncate" -> "(*internal/poll.FD).Ftruncate";
          "(*os.File).Truncate" -> "(*os.File).checkValid";
          "(*os.File).Truncate" -> "(*os.File).wrapErr";
          "(*os.File).Write" -> "(*os.File).checkValid";
          "(*os.File).Write" -> "(*os.File).wrapErr";
          "(*os.File).Write" -> "(*os.File).write";
          "(*os.File).Write" -> "os.epipecheck";
          "(*os.File).WriteAt" -> "(*os.File).checkValid";
          "(*os.File).WriteAt" -> "(*os.File).pwrite";
          "(*os.File).WriteAt" -> "(*os.File).wrapErr";
          "(*os.File).WriteAt" -> "errors.New";
          "(*os.File).WriteString" -> "(*os.File).Write";
          "(*os.File).WriteTo" -> "(*os.File).checkValid";
          "(*os.File).WriteTo" -> "(*os.File).wrapErr";
          "(*os.File).WriteTo" -> "(*os.File).writeTo";
          "(*os.File).WriteTo" -> "os.genericWriteTo";
          "(*os.File).chmod" -> "(*internal/poll.FD).Fchmod";
          "(*os.File).chmod" -> "(*os.File).checkValid";
          "(*os.File).chmod" -> "(*os.File).wrapErr";
          "(*os.File).chmod" -> "os.syscallMode";
          "(*os.File).pread" -> "(*internal/poll.FD).Pread";
          "(*os.File).pread" -> "runtime.KeepAlive";
          "(*os.File).pwrite" -> "(*internal/poll.FD).Pwrite";
          "(*os.File).pwrite" -> "runtime.KeepAlive";
          "(*os.File).read" -> "(*internal/poll.FD).Read";
          "(*os.File).read" -> "runtime.KeepAlive";
          "(*os.File).readdir" -> "(*internal/poll.FD).OpenDir";
          "(*os.File).readdir" -> "(*os.dirInfo).close";
          "(*os.File).readdir" -> "os.IsNotExist";
          "(*os.File).readdir" -> "os.IsNotExist";
          "(*os.File).readdir" -> "os.dtToType";
          "(*os.File).readdir" -> "os.newUnixDirent";
          "(*os.File).readdir" -> "os.readdir_r";
          "(*os.File).readdir" -> "runtime.KeepAlive";
          "(*os.File).seek" -> "(*internal/poll.FD).Seek";
          "(*os.File).seek" -> "(*os.dirInfo).close";
          "(*os.File).seek" -> "runtime.KeepAlive";
          "(*os.File).setDeadline" -> "(*internal/poll.FD).SetDeadline";
          "(*os.File).setDeadline" -> "(*os.File).checkValid";
          "(*os.File).setReadDeadline" -> "(*internal/poll.FD).SetReadDeadline";
          "(*os.File).setReadDeadline" -> "(*os.File).checkValid";
          "(*os.File).setWriteDeadline" -> "(*internal/poll.FD).SetWriteDeadline";
          "(*os.File).setWriteDeadline" -> "(*os.File).checkValid";
          "(*os.File).wrapErr" -> "(*errors.errorString).Error";
          "(*os.File).wrapErr" -> "(*io/fs.PathError).Error";
          "(*os.File).wrapErr" -> "(*reflect.ValueError).Error";
          "(*os.File).wrapErr" -> "(*runtime.TypeAssertionError).Error";
          "(*os.File).wrapErr" -> "(*time.ParseError).Error";
          "(*os.File).wrapErr" -> "(internal/poll.errNetClosing).Error";
          "(*os.File).wrapErr" -> "(runtime.errorAddressString).Error";
          "(*os.File).wrapErr" -> "(runtime.errorString).Error";
          "(*os.File).wrapErr" -> "(syscall.Errno).Error";
          "(*os.File).wrapErr" -> "(time.fileSizeError).Error";
          "(*os.File).wrapErr" -> "errors.Is";
          "(*os.File).write" -> "(*internal/poll.FD).Write";
          "(*os.File).write" -> "runtime.KeepAlive";
          "(*os.dirInfo).close" -> "os.closedir";
          "(*os.file).close" -> "(*internal/poll.FD).Close";
          "(*os.file).close" -> "(*os.dirInfo).close";
          "(*os.file).close" -> "runtime.SetFinalizer";
          "(*os.fileStat).IsDir" -> "(*os.fileStat).Mode";
          "(*os.fileStat).IsDir" -> "(io/fs.FileMode).IsDir";
          "(*os.rawConn).Control" -> "(*internal/poll.FD).RawControl";
          "(*os.rawConn).Control" -> "(*os.File).checkValid";
          "(*os.rawConn).Control" -> "runtime.KeepAlive";
          "(*os.rawConn).Read" -> "(*internal/poll.FD).RawRead";
          "(*os.rawConn).Read" -> "(*os.File).checkValid";
          "(*os.rawConn).Read" -> "runtime.KeepAlive";
          "(*os.rawConn).Write" -> "(*internal/poll.FD).RawWrite";
          "(*os.rawConn).Write" -> "(*os.File).checkValid";
          "(*os.rawConn).Write" -> "runtime.KeepAlive";
          "(*os.unixDirent).IsDir" -> "(io/fs.FileMode).IsDir";
          "(*os.unixDirent).String" -> "io/fs.FormatDirEntry";
          "(*reflect.MapIter).Key" -> "(*internal/abi.Type).Kind";
          "(*reflect.MapIter).Key" -> "(*internal/runtime/maps.Iter).Initialized";
          "(*reflect.MapIter).Key" -> "(*internal/runtime/maps.Iter).Key";
          "(*reflect.MapIter).Key" -> "(reflect.Value).typ";
          "(*reflect.MapIter).Key" -> "(reflect.flag).ro";
          "(*reflect.MapIter).Key" -> "reflect.copyVal";
          "(*reflect.MapIter).Next" -> "(*internal/runtime/maps.Iter).Initialized";
          "(*reflect.MapIter).Next" -> "(*internal/runtime/maps.Iter).Key";
          "(*reflect.MapIter).Next" -> "(*internal/runtime/maps.Iter).Key";
          "(*reflect.MapIter).Next" -> "(reflect.Value).IsValid";
          "(*reflect.MapIter).Next" -> "(reflect.Value).pointer";
          "(*reflect.MapIter).Next" -> "(reflect.Value).typ";
          "(*reflect.MapIter).Next" -> "reflect.mapIterNext";
          "(*reflect.MapIter).Next" -> "reflect.mapIterStart";
          "(*reflect.MapIter).Reset" -> "(reflect.Value).IsValid";
          "(*reflect.MapIter).Reset" -> "(reflect.flag).mustBe";
          "(*reflect.MapIter).Value" -> "(*internal/abi.Type).Kind";
          "(*reflect.MapIter).Value" -> "(*internal/runtime/maps.Iter).Elem";
          "(*reflect.MapIter).Value" -> "(*internal/runtime/maps.Iter).Initialized";
          "(*reflect.MapIter).Value" -> "(reflect.Value).typ";
          "(*reflect.MapIter).Value" -> "(reflect.flag).ro";
          "(*reflect.MapIter).Value" -> "reflect.copyVal";
          "(*reflect.ValueError).Error" -> "(reflect.Kind).String";
          "(*reflect.abiDesc).dump" -> "(*reflect.abiSeq).dump";
          "(*reflect.abiDesc).dump" -> "(*reflect.abiSeq).dump";
          "(*reflect.abiDesc).dump" -> "reflect.dumpPtrBitMap";
          "(*reflect.abiDesc).dump" -> "reflect.dumpPtrBitMap";
          "(*reflect.abiSeq).addArg" -> "(*internal/abi.Type).Align";
          "(*reflect.abiSeq).addArg" -> "(*internal/abi.Type).Align";
          "(*reflect.abiSeq).addArg" -> "(*internal/abi.Type).Size";
          "(*reflect.abiSeq).addArg" -> "(*internal/abi.Type).Size";
          "(*reflect.abiSeq).addArg" -> "(*reflect.abiSeq).regAssign";
          "(*reflect.abiSeq).addArg" -> "(*reflect.abiSeq).stackAssign";
          "(*reflect.abiSeq).addArg" -> "reflect.align";
          "(*reflect.abiSeq).addRcvr" -> "(*internal/abi.Type).IfaceIndir";
          "(*reflect.abiSeq).addRcvr" -> "(*internal/abi.Type).Pointers";
          "(*reflect.abiSeq).addRcvr" -> "(*reflect.abiSeq).assignIntN";
          "(*reflect.abiSeq).addRcvr" -> "(*reflect.abiSeq).assignIntN";
          "(*reflect.abiSeq).addRcvr" -> "(*reflect.abiSeq).stackAssign";
          "(*reflect.abiSeq).regAssign" -> "(*internal/abi.Type).Kind";
          "(*reflect.abiSeq).regAssign" -> "(*internal/abi.Type).Kind";
          "(*reflect.abiSeq).regAssign" -> "(*internal/abi.Type).Size";
          "(*reflect.abiSeq).regAssign" -> "(*internal/abi.Type).Size";
          "(*reflect.abiSeq).regAssign" -> "(*internal/abi.Type).Size";
          "(*reflect.abiSeq).regAssign" -> "(*reflect.abiSeq).assignFloatN";
          "(*reflect.abiSeq).regAssign" -> "(*reflect.abiSeq).assignFloatN";
          "(*reflect.abiSeq).regAssign" -> "(*reflect.abiSeq).assignFloatN";
          "(*reflect.abiSeq).regAssign" -> "(*reflect.abiSeq).assignIntN";
          "(*reflect.abiSeq).regAssign" -> "(*reflect.abiSeq).assignIntN";
          "(*reflect.abiSeq).regAssign" -> "(*reflect.abiSeq).assignIntN";
          "(*reflect.abiSeq).regAssign" -> "(*reflect.abiSeq).assignIntN";
          "(*reflect.abiSeq).regAssign" -> "(*reflect.abiSeq).assignIntN";
          "(*reflect.abiSeq).regAssign" -> "(*reflect.abiSeq).assignIntN";
          "(*reflect.abiSeq).regAssign" -> "(*reflect.abiSeq).assignIntN";
          "(*reflect.abiSeq).regAssign" -> "(*reflect.abiSeq).regAssign";
          "(*reflect.abiSeq).regAssign" -> "(*reflect.abiSeq).regAssign";
          "(*reflect.abiSeq).stackAssign" -> "reflect.align";
          "(*reflect.interfaceType).Method" -> "(*reflect.interfaceType).nameOff";
          "(*reflect.interfaceType).Method" -> "(*reflect.interfaceType).typeOff";
          "(*reflect.interfaceType).Method" -> "(internal/abi.Name).IsExported";
          "(*reflect.interfaceType).Method" -> "(internal/abi.Name).Name";
          "(*reflect.interfaceType).Method" -> "(internal/abi.Name).Name";
          "(*reflect.interfaceType).Method" -> "reflect.pkgPath";
          "(*reflect.interfaceType).Method" -> "reflect.toType";
          "(*reflect.interfaceType).MethodByName" -> "(*reflect.interfaceType).Method";
          "(*reflect.interfaceType).MethodByName" -> "(*reflect.interfaceType).nameOff";
          "(*reflect.interfaceType).MethodByName" -> "(internal/abi.Name).Name";
          "(*reflect.interfaceType).nameOff" -> "(*reflect.rtype).nameOff";
          "(*reflect.interfaceType).nameOff" -> "reflect.toRType";
          "(*reflect.interfaceType).typeOff" -> "(*reflect.rtype).typeOff";
          "(*reflect.interfaceType).typeOff" -> "reflect.toRType";
          "(*reflect.rtype).Align" -> "(*internal/abi.Type).Align";
          "(*reflect.rtype).AssignableTo" -> "(*reflect.rtype).common";
          "(*reflect.rtype).AssignableTo" -> "(*reflect.rtype).common";
          "(*reflect.rtype).AssignableTo" -> "(*reflect.rtype).common";
          "(*reflect.rtype).AssignableTo" -> "reflect.directlyAssignable";
          "(*reflect.rtype).AssignableTo" -> "reflect.implements";
          "(*reflect.rtype).Bits" -> "(*reflect.rtype).Kind";
          "(*reflect.rtype).Bits" -> "(*reflect.rtype).String";
          "(*reflect.rtype).CanSeq" -> "(*reflect.rtype).Elem";
          "(*reflect.rtype).CanSeq" -> "(*reflect.rtype).Kind";
          "(*reflect.rtype).CanSeq" -> "(*reflect.rtype).Kind";
          "(*reflect.rtype).CanSeq" -> "reflect.canRangeFunc";
          "(*reflect.rtype).CanSeq2" -> "(*reflect.rtype).Elem";
          "(*reflect.rtype).CanSeq2" -> "(*reflect.rtype).Kind";
          "(*reflect.rtype).CanSeq2" -> "(*reflect.rtype).Kind";
          "(*reflect.rtype).CanSeq2" -> "reflect.canRangeFunc2";
          "(*reflect.rtype).ChanDir" -> "(*reflect.rtype).Kind";
          "(*reflect.rtype).ChanDir" -> "(*reflect.rtype).String";
          "(*reflect.rtype).ConvertibleTo" -> "(*reflect.rtype).common";
          "(*reflect.rtype).ConvertibleTo" -> "(*reflect.rtype).common";
          "(*reflect.rtype).ConvertibleTo" -> "reflect.convertOp";
          "(*reflect.rtype).Elem" -> "(*reflect.rtype).common";
          "(*reflect.rtype).Elem" -> "reflect.elem";
          "(*reflect.rtype).Elem" -> "reflect.toType";
          "(*reflect.rtype).Field" -> "(*reflect.rtype).Kind";
          "(*reflect.rtype).Field" -> "(*reflect.rtype).String";
          "(*reflect.rtype).Field" -> "(*reflect.structType).Field";
          "(*reflect.rtype).FieldAlign" -> "(*internal/abi.Type).FieldAlign";
          "(*reflect.rtype).FieldByIndex" -> "(*reflect.rtype).Kind";
          "(*reflect.rtype).FieldByIndex" -> "(*reflect.rtype).String";
          "(*reflect.rtype).FieldByIndex" -> "(*reflect.structType).FieldByIndex";
          "(*reflect.rtype).FieldByName" -> "(*reflect.rtype).Kind";
          "(*reflect.rtype).FieldByName" -> "(*reflect.rtype).String";
          "(*reflect.rtype).FieldByName" -> "(*reflect.structType).FieldByName";
          "(*reflect.rtype).FieldByNameFunc" -> "(*reflect.rtype).Kind";
          "(*reflect.rtype).FieldByNameFunc" -> "(*reflect.rtype).String";
          "(*reflect.rtype).FieldByNameFunc" -> "(*reflect.structType).FieldByNameFunc";
          "(*reflect.rtype).Implements" -> "(*reflect.rtype).Kind";
          "(*reflect.rtype).Implements" -> "(*reflect.rtype).common";
          "(*reflect.rtype).Implements" -> "(*reflect.rtype).common";
          "(*reflect.rtype).Implements" -> "reflect.implements";
          "(*reflect.rtype).In" -> "(*internal/abi.FuncType).InSlice";
          "(*reflect.rtype).In" -> "(*reflect.rtype).Kind";
          "(*reflect.rtype).In" -> "(*reflect.rtype).String";
          "(*reflect.rtype).In" -> "reflect.toType";
          "(*reflect.rtype).IsVariadic" -> "(*internal/abi.FuncType).IsVariadic";
          "(*reflect.rtype).IsVariadic" -> "(*reflect.rtype).Kind";
          "(*reflect.rtype).IsVariadic" -> "(*reflect.rtype).String";
          "(*reflect.rtype).Key" -> "(*reflect.rtype).Kind";
          "(*reflect.rtype).Key" -> "(*reflect.rtype).String";
          "(*reflect.rtype).Key" -> "reflect.toType";
          "(*reflect.rtype).Kind" -> "(*internal/abi.Type).Kind";
          "(*reflect.rtype).Len" -> "(*reflect.rtype).Kind";
          "(*reflect.rtype).Len" -> "(*reflect.rtype).String";
          "(*reflect.rtype).Method" -> "(*internal/abi.FuncType).InSlice";
          "(*reflect.rtype).Method" -> "(*internal/abi.FuncType).IsVariadic";
          "(*reflect.rtype).Method" -> "(*internal/abi.FuncType).NumIn";
          "(*reflect.rtype).Method" -> "(*internal/abi.FuncType).NumOut";
          "(*reflect.rtype).Method" -> "(*internal/abi.FuncType).OutSlice";
          "(*reflect.rtype).Method" -> "(*reflect.interfaceType).Method";
          "(*reflect.rtype).Method" -> "(*reflect.rtype).Kind";
          "(*reflect.rtype).Method" -> "(*reflect.rtype).exportedMethods";
          "(*reflect.rtype).Method" -> "(*reflect.rtype).nameOff";
          "(*reflect.rtype).Method" -> "(*reflect.rtype).textOff";
          "(*reflect.rtype).Method" -> "(*reflect.rtype).typeOff";
          "(*reflect.rtype).Method" -> "(internal/abi.Name).Name";
          "(*reflect.rtype).Method" -> "reflect.FuncOf";
          "(*reflect.rtype).Method" -> "reflect.toRType";
          "(*reflect.rtype).Method" -> "reflect.toRType";
          "(*reflect.rtype).MethodByName" -> "(*internal/abi.UncommonType).ExportedMethods";
          "(*reflect.rtype).MethodByName" -> "(*reflect.interfaceType).MethodByName";
          "(*reflect.rtype).MethodByName" -> "(*reflect.rtype).Kind";
          "(*reflect.rtype).MethodByName" -> "(*reflect.rtype).Method";
          "(*reflect.rtype).MethodByName" -> "(*reflect.rtype).nameOff";
          "(*reflect.rtype).MethodByName" -> "(*reflect.rtype).nameOff";
          "(*reflect.rtype).MethodByName" -> "(*reflect.rtype).uncommon";
          "(*reflect.rtype).MethodByName" -> "(internal/abi.Name).Name";
          "(*reflect.rtype).MethodByName" -> "(internal/abi.Name).Name";
          "(*reflect.rtype).Name" -> "(*internal/abi.Type).HasName";
          "(*reflect.rtype).Name" -> "(*reflect.rtype).String";
          "(*reflect.rtype).NumField" -> "(*reflect.rtype).Kind";
          "(*reflect.rtype).NumField" -> "(*reflect.rtype).String";
          "(*reflect.rtype).NumIn" -> "(*internal/abi.FuncType).NumIn";
          "(*reflect.rtype).NumIn" -> "(*reflect.rtype).Kind";
          "(*reflect.rtype).NumIn" -> "(*reflect.rtype).String";
          "(*reflect.rtype).NumMethod" -> "(*reflect.interfaceType).NumMethod";
          "(*reflect.rtype).NumMethod" -> "(*reflect.rtype).Kind";
          "(*reflect.rtype).NumMethod" -> "(*reflect.rtype).exportedMethods";
          "(*reflect.rtype).NumOut" -> "(*internal/abi.FuncType).NumOut";
          "(*reflect.rtype).NumOut" -> "(*reflect.rtype).Kind";
          "(*reflect.rtype).NumOut" -> "(*reflect.rtype).String";
          "(*reflect.rtype).Out" -> "(*internal/abi.FuncType).OutSlice";
          "(*reflect.rtype).Out" -> "(*reflect.rtype).Kind";
          "(*reflect.rtype).Out" -> "(*reflect.rtype).String";
          "(*reflect.rtype).Out" -> "reflect.toType";
          "(*reflect.rtype).OverflowComplex" -> "(*reflect.rtype).Kind";
          "(*reflect.rtype).OverflowComplex" -> "(*reflect.rtype).String";
          "(*reflect.rtype).OverflowComplex" -> "reflect.overflowFloat32";
          "(*reflect.rtype).OverflowComplex" -> "reflect.overflowFloat32";
          "(*reflect.rtype).OverflowFloat" -> "(*reflect.rtype).Kind";
          "(*reflect.rtype).OverflowFloat" -> "(*reflect.rtype).String";
          "(*reflect.rtype).OverflowFloat" -> "reflect.overflowFloat32";
          "(*reflect.rtype).OverflowInt" -> "(*reflect.rtype).Kind";
          "(*reflect.rtype).OverflowInt" -> "(*reflect.rtype).Size";
          "(*reflect.rtype).OverflowInt" -> "(*reflect.rtype).String";
          "(*reflect.rtype).OverflowUint" -> "(*reflect.rtype).Kind";
          "(*reflect.rtype).OverflowUint" -> "(*reflect.rtype).Size";
          "(*reflect.rtype).OverflowUint" -> "(*reflect.rtype).String";
          "(*reflect.rtype).PkgPath" -> "(*reflect.rtype).nameOff";
          "(*reflect.rtype).PkgPath" -> "(*reflect.rtype).uncommon";
          "(*reflect.rtype).PkgPath" -> "(internal/abi.Name).Name";
          "(*reflect.rtype).Size" -> "(*internal/abi.Type).Size";
          "(*reflect.rtype).String" -> "(*reflect.rtype).nameOff";
          "(*reflect.rtype).String" -> "(internal/abi.Name).Name";
          "(*reflect.rtype).exportedMethods" -> "(*internal/abi.UncommonType).ExportedMethods";
          "(*reflect.rtype).exportedMethods" -> "(*reflect.rtype).uncommon";
          "(*reflect.rtype).nameOff" -> "reflect.resolveNameOff";
          "(*reflect.rtype).ptrTo" -> "(*reflect.rtype).String";
          "(*reflect.rtype).ptrTo" -> "(*reflect.rtype).typeOff";
          "(*reflect.rtype).ptrTo" -> "(*sync.Map).Load";
          "(*reflect.rtype).ptrTo" -> "(*sync.Map).LoadOrStore";
          "(*reflect.rtype).ptrTo" -> "(*sync.Map).LoadOrStore";
          "(*reflect.rtype).ptrTo" -> "reflect.fnv1";
          "(*reflect.rtype).ptrTo" -> "reflect.newName";
          "(*reflect.rtype).ptrTo" -> "reflect.resolveReflectName";
          "(*reflect.rtype).ptrTo" -> "reflect.typesByString";
          "(*reflect.rtype).textOff" -> "reflect.resolveTextOff";
          "(*reflect.rtype).typeOff" -> "reflect.resolveTypeOff";
          "(*reflect.rtype).uncommon" -> "(*internal/abi.Type).Uncommon";
          "(*reflect.structType).Field" -> "(*internal/abi.StructField).Embedded";
          "(*reflect.structType).Field" -> "(internal/abi.Name).IsExported";
          "(*reflect.structType).Field" -> "(internal/abi.Name).Name";
          "(*reflect.structType).Field" -> "(internal/abi.Name).Name";
          "(*reflect.structType).Field" -> "(internal/abi.Name).Tag";
          "(*reflect.structType).Field" -> "reflect.getStaticuint64s";
          "(*reflect.structType).Field" -> "reflect.toType";
          "(*reflect.structType).FieldByIndex" -> "(*reflect.rtype).Elem";
          "(*reflect.structType).FieldByIndex" -> "(*reflect.rtype).Elem";
          "(*reflect.structType).FieldByIndex" -> "(*reflect.rtype).Field";
          "(*reflect.structType).FieldByIndex" -> "(*reflect.rtype).Kind";
          "(*reflect.structType).FieldByIndex" -> "(*reflect.rtype).Kind";
          "(*reflect.structType).FieldByIndex" -> "reflect.toType";
          "(*reflect.structType).FieldByName" -> "(*internal/abi.StructField).Embedded";
          "(*reflect.structType).FieldByName" -> "(*reflect.structType).Field";
          "(*reflect.structType).FieldByName" -> "(*reflect.structType).FieldByNameFunc";
          "(*reflect.structType).FieldByName" -> "(internal/abi.Name).Name";
          "(*reflect.structType).FieldByNameFunc" -> "(*internal/abi.StructField).Embedded";
          "(*reflect.structType).FieldByNameFunc" -> "(*internal/abi.Type).Elem";
          "(*reflect.structType).FieldByNameFunc" -> "(*internal/abi.Type).Kind";
          "(*reflect.structType).FieldByNameFunc" -> "(*internal/abi.Type).Kind";
          "(*reflect.structType).FieldByNameFunc" -> "(*reflect.structType).Field";
          "(*reflect.structType).FieldByNameFunc" -> "(internal/abi.Name).Name";
          "(*runtime.Frames).Next" -> "(*runtime.Func).Entry";
          "(*runtime.Frames).Next" -> "(*runtime.inlineUnwinder).isInlined";
          "(*runtime.Frames).Next" -> "(*runtime.inlineUnwinder).next";
          "(*runtime.Frames).Next" -> "(*runtime.inlineUnwinder).next";
          "(*runtime.Frames).Next" -> "(*runtime.inlineUnwinder).srcFunc";
          "(*runtime.Frames).Next" -> "(*runtime.inlineUnwinder).srcFunc";
          "(*runtime.Frames).Next" -> "(runtime.funcInfo)._Func";
          "(*runtime.Frames).Next" -> "(runtime.funcInfo).valid";
          "(*runtime.Frames).Next" -> "(runtime.funcInfo).valid";
          "(*runtime.Frames).Next" -> "(runtime.inlineFrame).valid";
          "(*runtime.Frames).Next" -> "(runtime.srcFunc).name";
          "(*runtime.Frames).Next" -> "runtime.elideWrapperCalling";
          "(*runtime.Frames).Next" -> "runtime.expandCgoFrames";
          "(*runtime.Frames).Next" -> "runtime.findfunc";
          "(*runtime.Frames).Next" -> "runtime.funcNameForPrint";
          "(*runtime.Frames).Next" -> "runtime.funcline1";
          "(*runtime.Frames).Next" -> "runtime.newInlineUnwinder";
          "(*runtime.Func).Entry" -> "(*runtime.Func).raw";
          "(*runtime.Func).Entry" -> "(*runtime._func).funcInfo";
          "(*runtime.Func).Entry" -> "(*runtime._func).isInlined";
          "(*runtime.Func).Entry" -> "(runtime.funcInfo).entry";
          "(*runtime.TypeAssertionError).Error" -> "(runtime.rtype).pkgpath";
          "(*runtime.TypeAssertionError).Error" -> "(runtime.rtype).pkgpath";
          "(*runtime.TypeAssertionError).Error" -> "(runtime.rtype).string";
          "(*runtime.TypeAssertionError).Error" -> "(runtime.rtype).string";
          "(*runtime.TypeAssertionError).Error" -> "(runtime.rtype).string";
          "(*runtime.TypeAssertionError).Error" -> "runtime.toRType";
          "(*runtime.TypeAssertionError).Error" -> "runtime.toRType";
          "(*runtime.TypeAssertionError).Error" -> "runtime.toRType";
          "(*runtime.TypeAssertionError).Error" -> "runtime.toRType";
          "(*runtime.TypeAssertionError).Error" -> "runtime.toRType";
          "(*runtime.activeSweep).begin" -> "(*internal/runtime/atomic.Uint32).CompareAndSwap";
          "(*runtime.activeSweep).begin" -> "(*internal/runtime/atomic.Uint32).Load";
          "(*runtime.activeSweep).end" -> "(*internal/runtime/atomic.Uint32).CompareAndSwap";
          "(*runtime.activeSweep).end" -> "(*internal/runtime/atomic.Uint32).Load";
          "(*runtime.activeSweep).end" -> "(*internal/runtime/atomic.Uint64).Load";
          "(*runtime.activeSweep).end" -> "(*internal/runtime/atomic.Uint64).Load";
          "(*runtime.activeSweep).end" -> "runtime.throw";
          "(*runtime.activeSweep).end" -> "runtime.throw";
          "(*runtime.activeSweep).isDone" -> "(*internal/runtime/atomic.Uint32).Load";
          "(*runtime.activeSweep).markDrained" -> "(*internal/runtime/atomic.Uint32).CompareAndSwap";
          "(*runtime.activeSweep).markDrained" -> "(*internal/runtime/atomic.Uint32).Load";
          "(*runtime.activeSweep).reset" -> "(*internal/runtime/atomic.Uint32).Store";
          "(*runtime.activeSweep).reset" -> "runtime.assertWorldStopped";
          "(*runtime.activeSweep).sweepers" -> "(*internal/runtime/atomic.Uint32).Load";
          "(*runtime.addrRanges).add" -> "(*runtime.addrRanges).findSucc";
          "(*runtime.addrRanges).add" -> "(runtime.addrRange).size";
          "(*runtime.addrRanges).add" -> "(runtime.addrRange).size";
          "(*runtime.addrRanges).add" -> "(runtime.offAddr).addr";
          "(*runtime.addrRanges).add" -> "(runtime.offAddr).addr";
          "(*runtime.addrRanges).add" -> "(runtime.offAddr).addr";
          "(*runtime.addrRanges).add" -> "(runtime.offAddr).equal";
          "(*runtime.addrRanges).add" -> "(runtime.offAddr).equal";
          "(*runtime.addrRanges).add" -> "runtime.persistentalloc";
          "(*runtime.addrRanges).add" -> "runtime.throw";
          "(*runtime.addrRanges).cloneInto" -> "runtime.persistentalloc";
          "(*runtime.addrRanges).findAddrGreaterEqual" -> "(*runtime.addrRanges).findSucc";
          "(*runtime.addrRanges).findAddrGreaterEqual" -> "(runtime.addrRange).contains";
          "(*runtime.addrRanges).findAddrGreaterEqual" -> "(runtime.offAddr).addr";
          "(*runtime.addrRanges).findAddrGreaterEqual" -> "(runtime.offAddr).addr";
          "(*runtime.addrRanges).findSucc" -> "(runtime.addrRange).contains";
          "(*runtime.addrRanges).findSucc" -> "(runtime.offAddr).addr";
          "(*runtime.addrRanges).findSucc" -> "(runtime.offAddr).lessThan";
          "(*runtime.addrRanges).findSucc" -> "(runtime.offAddr).lessThan";
          "(*runtime.atomicHeadTailIndex).cas" -> "(*internal/runtime/atomic.Uint64).CompareAndSwap";
          "(*runtime.atomicHeadTailIndex).incTail" -> "(*internal/runtime/atomic.Uint64).Add";
          "(*runtime.atomicHeadTailIndex).incTail" -> "(runtime.headTailIndex).head";
          "(*runtime.atomicHeadTailIndex).incTail" -> "(runtime.headTailIndex).tail";
          "(*runtime.atomicHeadTailIndex).incTail" -> "(runtime.headTailIndex).tail";
          "(*runtime.atomicHeadTailIndex).incTail" -> "runtime.throw";
          "(*runtime.atomicHeadTailIndex).load" -> "(*internal/runtime/atomic.Uint64).Load";
          "(*runtime.atomicHeadTailIndex).reset" -> "(*internal/runtime/atomic.Uint64).Store";
          "(*runtime.atomicMSpanPointer).Load" -> "(*internal/runtime/atomic.UnsafePointer).Load";
          "(*runtime.atomicMSpanPointer).StoreNoWB" -> "(*internal/runtime/atomic.UnsafePointer).StoreNoWB";
          "(*runtime.atomicOffAddr).Clear" -> "(*internal/runtime/atomic.Int64).CompareAndSwap";
          "(*runtime.atomicOffAddr).Clear" -> "(*internal/runtime/atomic.Int64).Load";
          "(*runtime.atomicOffAddr).Clear" -> "(runtime.offAddr).addr";
          "(*runtime.atomicOffAddr).Load" -> "(*internal/runtime/atomic.Int64).Load";
          "(*runtime.atomicOffAddr).StoreMarked" -> "(*internal/runtime/atomic.Int64).Store";
          "(*runtime.atomicOffAddr).StoreMin" -> "(*internal/runtime/atomic.Int64).CompareAndSwap";
          "(*runtime.atomicOffAddr).StoreMin" -> "(*internal/runtime/atomic.Int64).Load";
          "(*runtime.atomicOffAddr).StoreUnmark" -> "(*internal/runtime/atomic.Int64).CompareAndSwap";
          "(*runtime.atomicScavChunkData).load" -> "(*internal/runtime/atomic.Uint64).Load";
          "(*runtime.atomicScavChunkData).load" -> "runtime.unpackScavChunkData";
          "(*runtime.atomicScavChunkData).store" -> "(*internal/runtime/atomic.Uint64).Store";
          "(*runtime.atomicScavChunkData).store" -> "(runtime.scavChunkData).pack";
          "(*runtime.atomicSpanSetSpinePointer).Load" -> "(*internal/runtime/atomic.UnsafePointer).Load";
          "(*runtime.atomicSpanSetSpinePointer).StoreNoWB" -> "(*internal/runtime/atomic.UnsafePointer).StoreNoWB";
          "(*runtime.bitvector).ptrbit" -> "runtime.addb";
          "(*runtime.bucket).bp" -> "runtime.add";
          "(*runtime.bucket).bp" -> "runtime.throw";
          "(*runtime.bucket).mp" -> "runtime.add";
          "(*runtime.bucket).mp" -> "runtime.throw";
          "(*runtime.bucket).stk" -> "runtime.add";
          "(*runtime.bucket).stk" -> "runtime.throw";
          "(*runtime.consistentHeapStats).acquire" -> "(*internal/runtime/atomic.Uint32).Add";
          "(*runtime.consistentHeapStats).acquire" -> "(*internal/runtime/atomic.Uint32).Load";
          "(*runtime.consistentHeapStats).acquire" -> "(runtime.puintptr).ptr";
          "(*runtime.consistentHeapStats).acquire" -> "runtime.getg";
          "(*runtime.consistentHeapStats).acquire" -> "runtime.lock";
          "(*runtime.consistentHeapStats).acquire" -> "runtime.throw";
          "(*runtime.consistentHeapStats).release" -> "(*internal/runtime/atomic.Uint32).Add";
          "(*runtime.consistentHeapStats).release" -> "(runtime.puintptr).ptr";
          "(*runtime.consistentHeapStats).release" -> "runtime.getg";
          "(*runtime.consistentHeapStats).release" -> "runtime.throw";
          "(*runtime.consistentHeapStats).release" -> "runtime.unlock";
          "(*runtime.cpuProfile).add" -> "(*internal/runtime/atomic.Int32).Load";
          "(*runtime.cpuProfile).add" -> "(*internal/runtime/atomic.Uint32).CompareAndSwap";
          "(*runtime.cpuProfile).add" -> "(*internal/runtime/atomic.Uint32).Store";
          "(*runtime.cpuProfile).add" -> "(*runtime.cpuProfile).addExtra";
          "(*runtime.cpuProfile).add" -> "(*runtime.profBuf).write";
          "(*runtime.cpuProfile).add" -> "runtime.nanotime";
          "(*runtime.cpuProfile).add" -> "runtime.osyield";
          "(*runtime.cpuProfile).addExtra" -> "(*runtime.profBuf).write";
          "(*runtime.cpuProfile).addExtra" -> "(*runtime.profBuf).write";
          "(*runtime.cpuProfile).addExtra" -> "(*runtime.profBuf).write";
          "(*runtime.cpuProfile).addExtra" -> "internal/abi.FuncPCABIInternal";
          "(*runtime.cpuProfile).addExtra" -> "internal/abi.FuncPCABIInternal";
          "(*runtime.cpuProfile).addExtra" -> "internal/abi.FuncPCABIInternal";
          "(*runtime.cpuProfile).addExtra" -> "internal/abi.FuncPCABIInternal";
          "(*runtime.cpuStats).accumulate" -> "(*internal/runtime/atomic.Int64).Load";
          "(*runtime.cpuStats).accumulate" -> "(*internal/runtime/atomic.Int64).Load";
          "(*runtime.cpuStats).accumulate" -> "(*internal/runtime/atomic.Int64).Load";
          "(*runtime.cpuStats).accumulate" -> "(*internal/runtime/atomic.Int64).Load";
          "(*runtime.cpuStats).accumulate" -> "(*internal/runtime/atomic.Int64).Load";
          "(*runtime.cpuStats).accumulate" -> "(*internal/runtime/atomic.Int64).Load";
          "(*runtime.cpuStats).accumulate" -> "(*internal/runtime/atomic.Int64).Load";
          "(*runtime.debugLogReader).header" -> "(*runtime.debugLogReader).readUint16LEAt";
          "(*runtime.debugLogReader).header" -> "(*runtime.debugLogReader).uvarint";
          "(*runtime.debugLogReader).header" -> "(*runtime.debugLogReader).uvarint";
          "(*runtime.debugLogReader).header" -> "(*runtime.debugLogReader).varint";
          "(*runtime.debugLogReader).peek" -> "(*runtime.debugLogReader).readUint16LEAt";
          "(*runtime.debugLogReader).peek" -> "(*runtime.debugLogReader).readUint64LEAt";
          "(*runtime.debugLogReader).peek" -> "(*runtime.debugLogReader).readUint64LEAt";
          "(*runtime.debugLogReader).printVal" -> "(*runtime.debugLogReader).uvarint";
          "(*runtime.debugLogReader).printVal" -> "(*runtime.debugLogReader).uvarint";
          "(*runtime.debugLogReader).printVal" -> "(*runtime.debugLogReader).uvarint";
          "(*runtime.debugLogReader).printVal" -> "(*runtime.debugLogReader).uvarint";
          "(*runtime.debugLogReader).printVal" -> "(*runtime.debugLogReader).uvarint";
          "(*runtime.debugLogReader).printVal" -> "(*runtime.debugLogReader).uvarint";
          "(*runtime.debugLogReader).printVal" -> "(*runtime.debugLogReader).uvarint";
          "(*runtime.debugLogReader).printVal" -> "(*runtime.debugLogReader).uvarint";
          "(*runtime.debugLogReader).printVal" -> "(*runtime.debugLogReader).uvarint";
          "(*runtime.debugLogReader).printVal" -> "(*runtime.debugLogReader).varint";
          "(*runtime.debugLogReader).printVal" -> "runtime.gwrite";
          "(*runtime.debugLogReader).printVal" -> "runtime.printDebugLogPC";
          "(*runtime.debugLogReader).printVal" -> "runtime.printDebugLogPC";
          "(*runtime.debugLogReader).varint" -> "(*runtime.debugLogReader).uvarint";
          "(*runtime.fixalloc).alloc" -> "runtime.memclrNoHeapPointers";
          "(*runtime.fixalloc).alloc" -> "runtime.persistentalloc";
          "(*runtime.fixalloc).alloc" -> "runtime.throw";
          "(*runtime.gList).pop" -> "(runtime.guintptr).ptr";
          "(*runtime.gList).push" -> "(*runtime.guintptr).set";
          "(*runtime.gList).pushAll" -> "(*runtime.gQueue).empty";
          "(*runtime.gList).pushAll" -> "(runtime.guintptr).ptr";
          "(*runtime.gQueue).pop" -> "(runtime.guintptr).ptr";
          "(*runtime.gQueue).push" -> "(*runtime.guintptr).set";
          "(*runtime.gQueue).push" -> "(*runtime.guintptr).set";
          "(*runtime.gQueue).pushBack" -> "(*runtime.guintptr).set";
          "(*runtime.gQueue).pushBack" -> "(*runtime.guintptr).set";
          "(*runtime.gQueue).pushBack" -> "(*runtime.guintptr).set";
          "(*runtime.gQueue).pushBack" -> "(runtime.guintptr).ptr";
          "(*runtime.gQueue).pushBackAll" -> "(runtime.guintptr).ptr";
          "(*runtime.gQueue).pushBackAll" -> "(runtime.guintptr).ptr";
          "(*runtime.gcBits).bitp" -> "(*runtime.gcBits).bytep";
          "(*runtime.gcBits).bytep" -> "runtime.addb";
          "(*runtime.gcBitsArena).tryAlloc" -> "internal/runtime/atomic.Loaduintptr";
          "(*runtime.gcBitsArena).tryAlloc" -> "internal/runtime/atomic.Xadduintptr";
          "(*runtime.gcCPULimiterState).accumulate" -> "(*internal/runtime/atomic.Bool).Store";
          "(*runtime.gcCPULimiterState).accumulate" -> "(*internal/runtime/atomic.Bool).Store";
          "(*runtime.gcCPULimiterState).accumulate" -> "(*internal/runtime/atomic.Uint32).Store";
          "(*runtime.gcCPULimiterState).addAssistTime" -> "(*internal/runtime/atomic.Int64).Add";
          "(*runtime.gcCPULimiterState).addIdleTime" -> "(*internal/runtime/atomic.Int64).Add";
          "(*runtime.gcCPULimiterState).finishGCTransition" -> "(*internal/runtime/atomic.Int64).Load";
          "(*runtime.gcCPULimiterState).finishGCTransition" -> "(*internal/runtime/atomic.Int64).Store";
          "(*runtime.gcCPULimiterState).finishGCTransition" -> "(*runtime.gcCPULimiterState).accumulate";
          "(*runtime.gcCPULimiterState).finishGCTransition" -> "(*runtime.gcCPULimiterState).unlock";
          "(*runtime.gcCPULimiterState).finishGCTransition" -> "runtime.throw";
          "(*runtime.gcCPULimiterState).limiting" -> "(*internal/runtime/atomic.Bool).Load";
          "(*runtime.gcCPULimiterState).needUpdate" -> "(*internal/runtime/atomic.Int64).Load";
          "(*runtime.gcCPULimiterState).resetCapacity" -> "(*internal/runtime/atomic.Bool).Store";
          "(*runtime.gcCPULimiterState).resetCapacity" -> "(*internal/runtime/atomic.Bool).Store";
          "(*runtime.gcCPULimiterState).resetCapacity" -> "(*internal/runtime/atomic.Uint32).Store";
          "(*runtime.gcCPULimiterState).resetCapacity" -> "(*runtime.gcCPULimiterState).tryLock";
          "(*runtime.gcCPULimiterState).resetCapacity" -> "(*runtime.gcCPULimiterState).unlock";
          "(*runtime.gcCPULimiterState).resetCapacity" -> "(*runtime.gcCPULimiterState).updateLocked";
          "(*runtime.gcCPULimiterState).resetCapacity" -> "runtime.throw";
          "(*runtime.gcCPULimiterState).startGCTransition" -> "(*runtime.gcCPULimiterState).tryLock";
          "(*runtime.gcCPULimiterState).startGCTransition" -> "(*runtime.gcCPULimiterState).updateLocked";
          "(*runtime.gcCPULimiterState).startGCTransition" -> "runtime.throw";
          "(*runtime.gcCPULimiterState).startGCTransition" -> "runtime.throw";
          "(*runtime.gcCPULimiterState).tryLock" -> "(*internal/runtime/atomic.Uint32).CompareAndSwap";
          "(*runtime.gcCPULimiterState).unlock" -> "(*internal/runtime/atomic.Uint32).Swap";
          "(*runtime.gcCPULimiterState).unlock" -> "runtime.throw";
          "(*runtime.gcCPULimiterState).update" -> "(*runtime.gcCPULimiterState).tryLock";
          "(*runtime.gcCPULimiterState).update" -> "(*runtime.gcCPULimiterState).unlock";
          "(*runtime.gcCPULimiterState).update" -> "(*runtime.gcCPULimiterState).updateLocked";
          "(*runtime.gcCPULimiterState).update" -> "runtime.throw";
          "(*runtime.gcCPULimiterState).updateLocked" -> "(*internal/runtime/atomic.Int64).Add";
          "(*runtime.gcCPULimiterState).updateLocked" -> "(*internal/runtime/atomic.Int64).Add";
          "(*runtime.gcCPULimiterState).updateLocked" -> "(*internal/runtime/atomic.Int64).Add";
          "(*runtime.gcCPULimiterState).updateLocked" -> "(*internal/runtime/atomic.Int64).Load";
          "(*runtime.gcCPULimiterState).updateLocked" -> "(*internal/runtime/atomic.Int64).Load";
          "(*runtime.gcCPULimiterState).updateLocked" -> "(*internal/runtime/atomic.Int64).Load";
          "(*runtime.gcCPULimiterState).updateLocked" -> "(*internal/runtime/atomic.Int64).Store";
          "(*runtime.gcCPULimiterState).updateLocked" -> "(*runtime.gcCPULimiterState).accumulate";
          "(*runtime.gcCPULimiterState).updateLocked" -> "(*runtime.limiterEvent).consume";
          "(*runtime.gcCPULimiterState).updateLocked" -> "runtime.acquirem";
          "(*runtime.gcCPULimiterState).updateLocked" -> "runtime.releasem";
          "(*runtime.gcCPULimiterState).updateLocked" -> "runtime.throw";
          "(*runtime.gcControllerState).addIdleMarkWorker" -> "(*internal/runtime/atomic.Uint64).CompareAndSwap";
          "(*runtime.gcControllerState).addIdleMarkWorker" -> "(*internal/runtime/atomic.Uint64).Load";
          "(*runtime.gcControllerState).addIdleMarkWorker" -> "runtime.throw";
          "(*runtime.gcControllerState).addScannableStack" -> "(*internal/runtime/atomic.Uint64).Add";
          "(*runtime.gcControllerState).addScannableStack" -> "(*internal/runtime/atomic.Uint64).Add";
          "(*runtime.gcControllerState).commit" -> "(*internal/runtime/atomic.Int32).Load";
          "(*runtime.gcControllerState).commit" -> "(*internal/runtime/atomic.Uint64).Load";
          "(*runtime.gcControllerState).commit" -> "(*internal/runtime/atomic.Uint64).Load";
          "(*runtime.gcControllerState).commit" -> "(*internal/runtime/atomic.Uint64).Load";
          "(*runtime.gcControllerState).commit" -> "(*internal/runtime/atomic.Uint64).Load";
          "(*runtime.gcControllerState).commit" -> "(*internal/runtime/atomic.Uint64).Load";
          "(*runtime.gcControllerState).commit" -> "(*internal/runtime/atomic.Uint64).Store";
          "(*runtime.gcControllerState).commit" -> "(*internal/runtime/atomic.Uint64).Store";
          "(*runtime.gcControllerState).commit" -> "(*internal/runtime/atomic.Uint64).Store";
          "(*runtime.gcControllerState).commit" -> "(*internal/runtime/atomic.Uint64).Store";
          "(*runtime.gcControllerState).commit" -> "runtime.assertWorldStoppedOrLockHeld";
          "(*runtime.gcControllerState).endCycle" -> "(*internal/runtime/atomic.Int64).Load";
          "(*runtime.gcControllerState).endCycle" -> "(*internal/runtime/atomic.Int64).Load";
          "(*runtime.gcControllerState).endCycle" -> "(*internal/runtime/atomic.Int64).Load";
          "(*runtime.gcControllerState).endCycle" -> "(*internal/runtime/atomic.Int64).Load";
          "(*runtime.gcControllerState).endCycle" -> "(*internal/runtime/atomic.Int64).Load";
          "(*runtime.gcControllerState).endCycle" -> "(*internal/runtime/atomic.Int64).Load";
          "(*runtime.gcControllerState).endCycle" -> "(*internal/runtime/atomic.Int64).Load";
          "(*runtime.gcControllerState).endCycle" -> "(*internal/runtime/atomic.Int64).Load";
          "(*runtime.gcControllerState).endCycle" -> "(*internal/runtime/atomic.Uint64).Load";
          "(*runtime.gcControllerState).endCycle" -> "(*internal/runtime/atomic.Uint64).Load";
          "(*runtime.gcControllerState).endCycle" -> "(*internal/runtime/atomic.Uint64).Load";
          "(*runtime.gcControllerState).endCycle" -> "(*internal/runtime/atomic.Uint64).Load";
          "(*runtime.gcControllerState).endCycle" -> "(*internal/runtime/atomic.Uint64).Load";
          "(*runtime.gcControllerState).endCycle" -> "(*runtime.gcControllerState).heapGoal";
          "(*runtime.gcControllerState).endCycle" -> "runtime.printlock";
          "(*runtime.gcControllerState).endCycle" -> "runtime.printunlock";
          "(*runtime.gcControllerState).enlistWorker" -> "(*internal/runtime/atomic.Int64).Load";
          "(*runtime.gcControllerState).enlistWorker" -> "(runtime.puintptr).ptr";
          "(*runtime.gcControllerState).enlistWorker" -> "runtime.cheaprandn";
          "(*runtime.gcControllerState).enlistWorker" -> "runtime.getg";
          "(*runtime.gcControllerState).enlistWorker" -> "runtime.preemptone";
          "(*runtime.gcControllerState).findRunnableGCWorker" -> "(*internal/runtime/atomic.Int64).Load";
          "(*runtime.gcControllerState).findRunnableGCWorker" -> "(*runtime.gcCPULimiterState).needUpdate";
          "(*runtime.gcControllerState).findRunnableGCWorker" -> "(*runtime.gcCPULimiterState).update";
          "(*runtime.gcControllerState).findRunnableGCWorker" -> "(*runtime.lfstack).pop";
          "(*runtime.gcControllerState).findRunnableGCWorker" -> "(*runtime.lfstack).push";
          "(*runtime.gcControllerState).findRunnableGCWorker" -> "(*runtime.lfstack).push";
          "(*runtime.gcControllerState).findRunnableGCWorker" -> "(runtime.guintptr).ptr";
          "(*runtime.gcControllerState).findRunnableGCWorker" -> "(runtime.traceLocker).GoUnpark";
          "(*runtime.gcControllerState).findRunnableGCWorker" -> "(runtime.traceLocker).ok";
          "(*runtime.gcControllerState).findRunnableGCWorker" -> "runtime.casgstatus";
          "(*runtime.gcControllerState).findRunnableGCWorker" -> "runtime.gcMarkWorkAvailable";
          "(*runtime.gcControllerState).findRunnableGCWorker" -> "runtime.nanotime";
          "(*runtime.gcControllerState).findRunnableGCWorker" -> "runtime.throw";
          "(*runtime.gcControllerState).findRunnableGCWorker" -> "runtime.traceAcquire";
          "(*runtime.gcControllerState).findRunnableGCWorker" -> "runtime.traceRelease";
          "(*runtime.gcControllerState).heapGoal" -> "(*runtime.gcControllerState).heapGoalInternal";
          "(*runtime.gcControllerState).heapGoalInternal" -> "(*internal/runtime/atomic.Uint64).Load";
          "(*runtime.gcControllerState).heapGoalInternal" -> "(*internal/runtime/atomic.Uint64).Load";
          "(*runtime.gcControllerState).heapGoalInternal" -> "(*runtime.gcControllerState).memoryLimitHeapGoal";
          "(*runtime.gcControllerState).markWorkerStop" -> "(*internal/runtime/atomic.Int64).Add";
          "(*runtime.gcControllerState).markWorkerStop" -> "(*internal/runtime/atomic.Int64).Add";
          "(*runtime.gcControllerState).markWorkerStop" -> "(*internal/runtime/atomic.Int64).Add";
          "(*runtime.gcControllerState).markWorkerStop" -> "(*internal/runtime/atomic.Int64).Add";
          "(*runtime.gcControllerState).markWorkerStop" -> "(*runtime.gcControllerState).removeIdleMarkWorker";
          "(*runtime.gcControllerState).markWorkerStop" -> "runtime.throw";
          "(*runtime.gcControllerState).memoryLimitHeapGoal" -> "(*internal/runtime/atomic.Int64).Load";
          "(*runtime.gcControllerState).memoryLimitHeapGoal" -> "(*internal/runtime/atomic.Uint64).Load";
          "(*runtime.gcControllerState).memoryLimitHeapGoal" -> "(*internal/runtime/atomic.Uint64).Load";
          "(*runtime.gcControllerState).memoryLimitHeapGoal" -> "(*internal/runtime/atomic.Uint64).Load";
          "(*runtime.gcControllerState).memoryLimitHeapGoal" -> "(*runtime.sysMemStat).load";
          "(*runtime.gcControllerState).needIdleMarkWorker" -> "(*internal/runtime/atomic.Uint64).Load";
          "(*runtime.gcControllerState).removeIdleMarkWorker" -> "(*internal/runtime/atomic.Uint64).CompareAndSwap";
          "(*runtime.gcControllerState).removeIdleMarkWorker" -> "(*internal/runtime/atomic.Uint64).Load";
          "(*runtime.gcControllerState).removeIdleMarkWorker" -> "runtime.throw";
          "(*runtime.gcControllerState).resetLive" -> "(*internal/runtime/atomic.Int64).Load";
          "(*runtime.gcControllerState).resetLive" -> "(*internal/runtime/atomic.Int64).Load";
          "(*runtime.gcControllerState).resetLive" -> "(*internal/runtime/atomic.Int64).Load";
          "(*runtime.gcControllerState).resetLive" -> "(*internal/runtime/atomic.Uint64).Store";
          "(*runtime.gcControllerState).resetLive" -> "(*internal/runtime/atomic.Uint64).Store";
          "(*runtime.gcControllerState).resetLive" -> "(*internal/runtime/atomic.Uint64).Store";
          "(*runtime.gcControllerState).resetLive" -> "(runtime.traceLocker).HeapAlloc";
          "(*runtime.gcControllerState).resetLive" -> "(runtime.traceLocker).ok";
          "(*runtime.gcControllerState).resetLive" -> "runtime.traceAcquire";
          "(*runtime.gcControllerState).resetLive" -> "runtime.traceRelease";
          "(*runtime.gcControllerState).revise" -> "(*internal/runtime/atomic.Float64).Store";
          "(*runtime.gcControllerState).revise" -> "(*internal/runtime/atomic.Float64).Store";
          "(*runtime.gcControllerState).revise" -> "(*internal/runtime/atomic.Int32).Load";
          "(*runtime.gcControllerState).revise" -> "(*internal/runtime/atomic.Int64).Load";
          "(*runtime.gcControllerState).revise" -> "(*internal/runtime/atomic.Int64).Load";
          "(*runtime.gcControllerState).revise" -> "(*internal/runtime/atomic.Int64).Load";
          "(*runtime.gcControllerState).revise" -> "(*internal/runtime/atomic.Uint64).Load";
          "(*runtime.gcControllerState).revise" -> "(*internal/runtime/atomic.Uint64).Load";
          "(*runtime.gcControllerState).revise" -> "(*internal/runtime/atomic.Uint64).Load";
          "(*runtime.gcControllerState).revise" -> "(*internal/runtime/atomic.Uint64).Load";
          "(*runtime.gcControllerState).revise" -> "(*internal/runtime/atomic.Uint64).Load";
          "(*runtime.gcControllerState).revise" -> "(*internal/runtime/atomic.Uint64).Load";
          "(*runtime.gcControllerState).revise" -> "(*runtime.gcControllerState).heapGoal";
          "(*runtime.gcControllerState).setMaxIdleMarkWorkers" -> "(*internal/runtime/atomic.Uint64).CompareAndSwap";
          "(*runtime.gcControllerState).setMaxIdleMarkWorkers" -> "(*internal/runtime/atomic.Uint64).Load";
          "(*runtime.gcControllerState).setMaxIdleMarkWorkers" -> "runtime.throw";
          "(*runtime.gcControllerState).startCycle" -> "(*internal/runtime/atomic.Float64).Load";
          "(*runtime.gcControllerState).startCycle" -> "(*internal/runtime/atomic.Int64).Store";
          "(*runtime.gcControllerState).startCycle" -> "(*internal/runtime/atomic.Int64).Store";
          "(*runtime.gcControllerState).startCycle" -> "(*internal/runtime/atomic.Int64).Store";
          "(*runtime.gcControllerState).startCycle" -> "(*internal/runtime/atomic.Int64).Store";
          "(*runtime.gcControllerState).startCycle" -> "(*internal/runtime/atomic.Int64).Store";
          "(*runtime.gcControllerState).startCycle" -> "(*internal/runtime/atomic.Int64).Store";
          "(*runtime.gcControllerState).startCycle" -> "(*internal/runtime/atomic.Int64).Store";
          "(*runtime.gcControllerState).startCycle" -> "(*internal/runtime/atomic.Int64).Store";
          "(*runtime.gcControllerState).startCycle" -> "(*internal/runtime/atomic.Int64).Store";
          "(*runtime.gcControllerState).startCycle" -> "(*internal/runtime/atomic.Uint64).Load";
          "(*runtime.gcControllerState).startCycle" -> "(*internal/runtime/atomic.Uint64).Load";
          "(*runtime.gcControllerState).startCycle" -> "(*runtime.gcControllerState).heapGoal";
          "(*runtime.gcControllerState).startCycle" -> "(*runtime.gcControllerState).revise";
          "(*runtime.gcControllerState).startCycle" -> "(*runtime.gcControllerState).setMaxIdleMarkWorkers";
          "(*runtime.gcControllerState).startCycle" -> "(*runtime.gcControllerState).setMaxIdleMarkWorkers";
          "(*runtime.gcControllerState).startCycle" -> "(*runtime.gcControllerState).setMaxIdleMarkWorkers";
          "(*runtime.gcControllerState).trigger" -> "(*internal/runtime/atomic.Uint64).Load";
          "(*runtime.gcControllerState).trigger" -> "(*runtime.gcControllerState).heapGoalInternal";
          "(*runtime.gcControllerState).trigger" -> "runtime.throw";
          "(*runtime.gcControllerState).update" -> "(*internal/runtime/atomic.Uint64).Add";
          "(*runtime.gcControllerState).update" -> "(*internal/runtime/atomic.Uint64).Add";
          "(*runtime.gcControllerState).update" -> "(*runtime.gcControllerState).revise";
          "(*runtime.gcControllerState).update" -> "(runtime.traceLocker).HeapAlloc";
          "(*runtime.gcControllerState).update" -> "(runtime.traceLocker).ok";
          "(*runtime.gcControllerState).update" -> "runtime.traceAcquire";
          "(*runtime.gcControllerState).update" -> "runtime.traceRelease";
          "(*runtime.gcWork).balance" -> "(*runtime.gcControllerState).enlistWorker";
          "(*runtime.gcWork).balance" -> "runtime.getempty";
          "(*runtime.gcWork).balance" -> "runtime.handoff";
          "(*runtime.gcWork).balance" -> "runtime.putfull";
          "(*runtime.gcWork).dispose" -> "(*internal/runtime/atomic.Int64).Add";
          "(*runtime.gcWork).dispose" -> "internal/runtime/atomic.Xadd64";
          "(*runtime.gcWork).dispose" -> "runtime.putempty";
          "(*runtime.gcWork).dispose" -> "runtime.putempty";
          "(*runtime.gcWork).dispose" -> "runtime.putfull";
          "(*runtime.gcWork).dispose" -> "runtime.putfull";
          "(*runtime.gcWork).init" -> "runtime.getempty";
          "(*runtime.gcWork).init" -> "runtime.getempty";
          "(*runtime.gcWork).init" -> "runtime.trygetfull";
          "(*runtime.gcWork).put" -> "(*runtime.gcControllerState).enlistWorker";
          "(*runtime.gcWork).put" -> "(*runtime.gcWork).init";
          "(*runtime.gcWork).put" -> "runtime.getempty";
          "(*runtime.gcWork).put" -> "runtime.lockWithRankMayAcquire";
          "(*runtime.gcWork).put" -> "runtime.lockWithRankMayAcquire";
          "(*runtime.gcWork).put" -> "runtime.putfull";
          "(*runtime.gcWork).putBatch" -> "(*runtime.gcControllerState).enlistWorker";
          "(*runtime.gcWork).putBatch" -> "(*runtime.gcWork).init";
          "(*runtime.gcWork).putBatch" -> "runtime.getempty";
          "(*runtime.gcWork).putBatch" -> "runtime.putfull";
          "(*runtime.gcWork).tryGet" -> "(*runtime.gcWork).init";
          "(*runtime.gcWork).tryGet" -> "runtime.putempty";
          "(*runtime.gcWork).tryGet" -> "runtime.trygetfull";
          "(*runtime.goroutineProfileStateHolder).CompareAndSwap" -> "(*internal/runtime/atomic.Uint32).CompareAndSwap";
          "(*runtime.goroutineProfileStateHolder).Load" -> "(*internal/runtime/atomic.Uint32).Load";
          "(*runtime.goroutineProfileStateHolder).Store" -> "(*internal/runtime/atomic.Uint32).Store";
          "(*runtime.guintptr).cas" -> "internal/runtime/atomic.Casuintptr";
          "(*runtime.inlineUnwinder).fileLine" -> "runtime.funcline1";
          "(*runtime.inlineUnwinder).next" -> "(*runtime.inlineUnwinder).resolveInternal";
          "(*runtime.inlineUnwinder).next" -> "(runtime.funcInfo).entry";
          "(*runtime.inlineUnwinder).resolveInternal" -> "runtime.pcdatavalue1";
          "(*runtime.inlineUnwinder).srcFunc" -> "(runtime.funcInfo).srcFunc";
          "(*runtime.itabTableType).add" -> "internal/runtime/atomic.StorepNoWB";
          "(*runtime.itabTableType).add" -> "runtime.add";
          "(*runtime.itabTableType).add" -> "runtime.itabHashFunc";
          "(*runtime.itabTableType).find" -> "internal/runtime/atomic.Loadp";
          "(*runtime.itabTableType).find" -> "runtime.add";
          "(*runtime.itabTableType).find" -> "runtime.itabHashFunc";
          "(*runtime.lfstack).empty" -> "internal/runtime/atomic.Load64";
          "(*runtime.lfstack).pop" -> "internal/runtime/atomic.Cas64";
          "(*runtime.lfstack).pop" -> "internal/runtime/atomic.Load64";
          "(*runtime.lfstack).pop" -> "internal/runtime/atomic.Load64";
          "(*runtime.lfstack).pop" -> "runtime.lfstackUnpack";
          "(*runtime.lfstack).push" -> "internal/runtime/atomic.Cas64";
          "(*runtime.lfstack).push" -> "internal/runtime/atomic.Load64";
          "(*runtime.lfstack).push" -> "runtime.lfstackPack";
          "(*runtime.lfstack).push" -> "runtime.lfstackUnpack";
          "(*runtime.lfstack).push" -> "runtime.throw";
          "(*runtime.limiterEvent).consume" -> "(*internal/runtime/atomic.Uint64).CompareAndSwap";
          "(*runtime.limiterEvent).consume" -> "(*internal/runtime/atomic.Uint64).Load";
          "(*runtime.limiterEvent).consume" -> "(runtime.limiterEventStamp).duration";
          "(*runtime.limiterEvent).consume" -> "(runtime.limiterEventStamp).typ";
          "(*runtime.limiterEvent).consume" -> "runtime.makeLimiterEventStamp";
          "(*runtime.limiterEvent).start" -> "(*internal/runtime/atomic.Uint64).Load";
          "(*runtime.limiterEvent).start" -> "(*internal/runtime/atomic.Uint64).Store";
          "(*runtime.limiterEvent).start" -> "(runtime.limiterEventStamp).typ";
          "(*runtime.limiterEvent).start" -> "runtime.makeLimiterEventStamp";
          "(*runtime.limiterEvent).stop" -> "(*internal/runtime/atomic.Int64).Add";
          "(*runtime.limiterEvent).stop" -> "(*internal/runtime/atomic.Uint64).CompareAndSwap";
          "(*runtime.limiterEvent).stop" -> "(*internal/runtime/atomic.Uint64).Load";
          "(*runtime.limiterEvent).stop" -> "(*runtime.gcCPULimiterState).addAssistTime";
          "(*runtime.limiterEvent).stop" -> "(*runtime.gcCPULimiterState).addIdleTime";
          "(*runtime.limiterEvent).stop" -> "(*runtime.gcCPULimiterState).addIdleTime";
          "(*runtime.limiterEvent).stop" -> "(runtime.limiterEventStamp).duration";
          "(*runtime.limiterEvent).stop" -> "(runtime.limiterEventStamp).typ";
          "(*runtime.limiterEvent).stop" -> "(runtime.limiterEventStamp).typ";
          "(*runtime.limiterEvent).stop" -> "runtime.throw";
          "(*runtime.limiterEvent).stop" -> "runtime.throw";
          "(*runtime.linearAlloc).alloc" -> "runtime.alignUp";
          "(*runtime.linearAlloc).alloc" -> "runtime.alignUp";
          "(*runtime.linearAlloc).alloc" -> "runtime.sysMap";
          "(*runtime.linearAlloc).alloc" -> "runtime.sysUsed";
          "(*runtime.lockTimer).begin" -> "internal/runtime/atomic.Load64";
          "(*runtime.lockTimer).begin" -> "runtime.cheaprand";
          "(*runtime.lockTimer).begin" -> "runtime.cheaprand";
          "(*runtime.lockTimer).begin" -> "runtime.cputicks";
          "(*runtime.lockTimer).begin" -> "runtime.nanotime";
          "(*runtime.lockTimer).end" -> "(*internal/runtime/atomic.Int64).Add";
          "(*runtime.lockTimer).end" -> "(*runtime.mLockProfile).recordLock";
          "(*runtime.lockTimer).end" -> "runtime.cputicks";
          "(*runtime.lockTimer).end" -> "runtime.getg";
          "(*runtime.lockTimer).end" -> "runtime.nanotime";
          "(*runtime.m).becomeSpinning" -> "(*internal/runtime/atomic.Int32).Add";
          "(*runtime.m).becomeSpinning" -> "(*internal/runtime/atomic.Uint32).Store";
          "(*runtime.mLockProfile).captureStack" -> "(*internal/runtime/atomic.Int32).Load";
          "(*runtime.mLockProfile).captureStack" -> "internal/abi.FuncPCABIInternal";
          "(*runtime.mLockProfile).captureStack" -> "internal/runtime/sys.GetCallerPC";
          "(*runtime.mLockProfile).captureStack" -> "internal/runtime/sys.GetCallerSP";
          "(*runtime.mLockProfile).captureStack" -> "runtime.getg";
          "(*runtime.mLockProfile).captureStack" -> "runtime.systemstack";
          "(*runtime.mLockProfile).recordLock" -> "runtime.cheaprand64";
          "(*runtime.mLockProfile).recordLock" -> "runtime.cheaprand64";
          "(*runtime.mLockProfile).recordUnlock" -> "(*runtime.mLockProfile).captureStack";
          "(*runtime.mLockProfile).recordUnlock" -> "(*runtime.mLockProfile).store";
          "(*runtime.mLockProfile).recordUnlock" -> "runtime.getg";
          "(*runtime.mLockProfile).store" -> "internal/abi.FuncPCABIInternal";
          "(*runtime.mLockProfile).store" -> "internal/runtime/atomic.Load64";
          "(*runtime.mLockProfile).store" -> "runtime.acquirem";
          "(*runtime.mLockProfile).store" -> "runtime.releasem";
          "(*runtime.mLockProfile).store" -> "runtime.saveBlockEventStack";
          "(*runtime.mLockProfile).store" -> "runtime.saveBlockEventStack";
          "(*runtime.mProfCycleHolder).increment" -> "(*internal/runtime/atomic.Uint32).CompareAndSwap";
          "(*runtime.mProfCycleHolder).increment" -> "(*internal/runtime/atomic.Uint32).Load";
          "(*runtime.mProfCycleHolder).read" -> "(*internal/runtime/atomic.Uint32).Load";
          "(*runtime.mProfCycleHolder).setFlushed" -> "(*internal/runtime/atomic.Uint32).CompareAndSwap";
          "(*runtime.mProfCycleHolder).setFlushed" -> "(*internal/runtime/atomic.Uint32).Load";
          "(*runtime.mSpanList).insert" -> "runtime.throw";
          "(*runtime.mSpanList).remove" -> "runtime.throw";
          "(*runtime.mSpanList).takeAll" -> "(*runtime.mSpanList).isEmpty";
          "(*runtime.mSpanList).takeAll" -> "(*runtime.mSpanList).isEmpty";
          "(*runtime.mSpanStateBox).get" -> "(*internal/runtime/atomic.Uint8).Load";
          "(*runtime.mSpanStateBox).set" -> "(*internal/runtime/atomic.Uint8).Store";
          "(*runtime.mcache).allocLarge" -> "(*internal/runtime/atomic.Uint64).Add";
          "(*runtime.mcache).allocLarge" -> "(*runtime.consistentHeapStats).acquire";
          "(*runtime.mcache).allocLarge" -> "(*runtime.consistentHeapStats).release";
          "(*runtime.mcache).allocLarge" -> "(*runtime.gcControllerState).update";
          "(*runtime.mcache).allocLarge" -> "(*runtime.mcentral).fullSwept";
          "(*runtime.mcache).allocLarge" -> "(*runtime.mheap).alloc";
          "(*runtime.mcache).allocLarge" -> "(*runtime.mspan).base";
          "(*runtime.mcache).allocLarge" -> "(*runtime.mspan).initHeapBits";
          "(*runtime.mcache).allocLarge" -> "(*runtime.spanSet).push";
          "(*runtime.mcache).allocLarge" -> "internal/runtime/atomic.Xadd64";
          "(*runtime.mcache).allocLarge" -> "internal/runtime/atomic.Xadd64";
          "(*runtime.mcache).allocLarge" -> "runtime.deductSweepCredit";
          "(*runtime.mcache).allocLarge" -> "runtime.makeSpanClass";
          "(*runtime.mcache).allocLarge" -> "runtime.throw";
          "(*runtime.mcache).allocLarge" -> "runtime.throw";
          "(*runtime.mcache).nextFree" -> "(*runtime.mcache).refill";
          "(*runtime.mcache).nextFree" -> "(*runtime.mspan).base";
          "(*runtime.mcache).nextFree" -> "(*runtime.mspan).nextFreeIndex";
          "(*runtime.mcache).nextFree" -> "(*runtime.mspan).nextFreeIndex";
          "(*runtime.mcache).nextFree" -> "runtime.throw";
          "(*runtime.mcache).nextFree" -> "runtime.throw";
          "(*runtime.mcache).nextFree" -> "runtime.throw";
          "(*runtime.mcache).prepareForSweep" -> "(*internal/runtime/atomic.Uint32).Load";
          "(*runtime.mcache).prepareForSweep" -> "(*internal/runtime/atomic.Uint32).Store";
          "(*runtime.mcache).prepareForSweep" -> "(*runtime.mcache).releaseAll";
          "(*runtime.mcache).prepareForSweep" -> "runtime.stackcache_clear";
          "(*runtime.mcache).prepareForSweep" -> "runtime.throw";
          "(*runtime.mcache).refill" -> "(*internal/runtime/atomic.Uint64).Add";
          "(*runtime.mcache).refill" -> "(*runtime.consistentHeapStats).acquire";
          "(*runtime.mcache).refill" -> "(*runtime.consistentHeapStats).release";
          "(*runtime.mcache).refill" -> "(*runtime.gcControllerState).update";
          "(*runtime.mcache).refill" -> "(*runtime.mcentral).cacheSpan";
          "(*runtime.mcache).refill" -> "(*runtime.mcentral).uncacheSpan";
          "(*runtime.mcache).refill" -> "(runtime.spanClass).sizeclass";
          "(*runtime.mcache).refill" -> "internal/runtime/atomic.Xadd64";
          "(*runtime.mcache).refill" -> "internal/runtime/atomic.Xadd64";
          "(*runtime.mcache).refill" -> "runtime.throw";
          "(*runtime.mcache).refill" -> "runtime.throw";
          "(*runtime.mcache).refill" -> "runtime.throw";
          "(*runtime.mcache).refill" -> "runtime.throw";
          "(*runtime.mcache).releaseAll" -> "(*internal/runtime/atomic.Uint64).Add";
          "(*runtime.mcache).releaseAll" -> "(*runtime.consistentHeapStats).acquire";
          "(*runtime.mcache).releaseAll" -> "(*runtime.consistentHeapStats).acquire";
          "(*runtime.mcache).releaseAll" -> "(*runtime.consistentHeapStats).release";
          "(*runtime.mcache).releaseAll" -> "(*runtime.consistentHeapStats).release";
          "(*runtime.mcache).releaseAll" -> "(*runtime.gcControllerState).update";
          "(*runtime.mcache).releaseAll" -> "(*runtime.mcentral).uncacheSpan";
          "(*runtime.mcache).releaseAll" -> "(runtime.spanClass).sizeclass";
          "(*runtime.mcache).releaseAll" -> "internal/runtime/atomic.Xadd64";
          "(*runtime.mcache).releaseAll" -> "internal/runtime/atomic.Xadd64";
          "(*runtime.mcentral).cacheSpan" -> "(*runtime.activeSweep).begin";
          "(*runtime.mcentral).cacheSpan" -> "(*runtime.activeSweep).end";
          "(*runtime.mcentral).cacheSpan" -> "(*runtime.activeSweep).end";
          "(*runtime.mcentral).cacheSpan" -> "(*runtime.activeSweep).end";
          "(*runtime.mcentral).cacheSpan" -> "(*runtime.mcentral).fullSwept";
          "(*runtime.mcentral).cacheSpan" -> "(*runtime.mcentral).fullUnswept";
          "(*runtime.mcentral).cacheSpan" -> "(*runtime.mcentral).grow";
          "(*runtime.mcentral).cacheSpan" -> "(*runtime.mcentral).partialSwept";
          "(*runtime.mcentral).cacheSpan" -> "(*runtime.mcentral).partialUnswept";
          "(*runtime.mcentral).cacheSpan" -> "(*runtime.mspan).nextFreeIndex";
          "(*runtime.mcentral).cacheSpan" -> "(*runtime.mspan).refillAllocCache";
          "(*runtime.mcentral).cacheSpan" -> "(*runtime.spanSet).pop";
          "(*runtime.mcentral).cacheSpan" -> "(*runtime.spanSet).pop";
          "(*runtime.mcentral).cacheSpan" -> "(*runtime.spanSet).pop";
          "(*runtime.mcentral).cacheSpan" -> "(*runtime.spanSet).push";
          "(*runtime.mcentral).cacheSpan" -> "(*runtime.sweepLocked).sweep";
          "(*runtime.mcentral).cacheSpan" -> "(*runtime.sweepLocked).sweep";
          "(*runtime.mcentral).cacheSpan" -> "(*runtime.sweepLocker).tryAcquire";
          "(*runtime.mcentral).cacheSpan" -> "(*runtime.sweepLocker).tryAcquire";
          "(*runtime.mcentral).cacheSpan" -> "(runtime.spanClass).sizeclass";
          "(*runtime.mcentral).cacheSpan" -> "(runtime.traceLocker).GCSweepDone";
          "(*runtime.mcentral).cacheSpan" -> "(runtime.traceLocker).GCSweepDone";
          "(*runtime.mcentral).cacheSpan" -> "(runtime.traceLocker).GCSweepStart";
          "(*runtime.mcentral).cacheSpan" -> "(runtime.traceLocker).ok";
          "(*runtime.mcentral).cacheSpan" -> "(runtime.traceLocker).ok";
          "(*runtime.mcentral).cacheSpan" -> "(runtime.traceLocker).ok";
          "(*runtime.mcentral).cacheSpan" -> "runtime.deductSweepCredit";
          "(*runtime.mcentral).cacheSpan" -> "runtime.throw";
          "(*runtime.mcentral).cacheSpan" -> "runtime.traceAcquire";
          "(*runtime.mcentral).cacheSpan" -> "runtime.traceAcquire";
          "(*runtime.mcentral).cacheSpan" -> "runtime.traceAcquire";
          "(*runtime.mcentral).cacheSpan" -> "runtime.traceRelease";
          "(*runtime.mcentral).cacheSpan" -> "runtime.traceRelease";
          "(*runtime.mcentral).cacheSpan" -> "runtime.traceRelease";
          "(*runtime.mcentral).grow" -> "(*runtime.mheap).alloc";
          "(*runtime.mcentral).grow" -> "(*runtime.mspan).initHeapBits";
          "(*runtime.mcentral).grow" -> "(runtime.spanClass).sizeclass";
          "(*runtime.mcentral).uncacheSpan" -> "(*runtime.mcentral).fullSwept";
          "(*runtime.mcentral).uncacheSpan" -> "(*runtime.mcentral).partialSwept";
          "(*runtime.mcentral).uncacheSpan" -> "(*runtime.spanSet).push";
          "(*runtime.mcentral).uncacheSpan" -> "(*runtime.spanSet).push";
          "(*runtime.mcentral).uncacheSpan" -> "(*runtime.sweepLocked).sweep";
          "(*runtime.mcentral).uncacheSpan" -> "internal/runtime/atomic.Store";
          "(*runtime.mcentral).uncacheSpan" -> "internal/runtime/atomic.Store";
          "(*runtime.mcentral).uncacheSpan" -> "runtime.throw";
          "(*runtime.mheap).alloc" -> "runtime.systemstack";
          "(*runtime.mheap).allocMSpanLocked" -> "(*runtime.fixalloc).alloc";
          "(*runtime.mheap).allocMSpanLocked" -> "(*runtime.fixalloc).alloc";
          "(*runtime.mheap).allocMSpanLocked" -> "(runtime.puintptr).ptr";
          "(*runtime.mheap).allocMSpanLocked" -> "runtime.assertLockHeld";
          "(*runtime.mheap).allocMSpanLocked" -> "runtime.getg";
          "(*runtime.mheap).allocManual" -> "(*runtime.mheap).allocSpan";
          "(*runtime.mheap).allocManual" -> "(runtime.spanAllocType).manual";
          "(*runtime.mheap).allocManual" -> "runtime.throw";
          "(*runtime.mheap).allocNeedsZero" -> "(runtime.arenaIdx).l1";
          "(*runtime.mheap).allocNeedsZero" -> "(runtime.arenaIdx).l2";
          "(*runtime.mheap).allocNeedsZero" -> "internal/runtime/atomic.Casuintptr";
          "(*runtime.mheap).allocNeedsZero" -> "internal/runtime/atomic.Loaduintptr";
          "(*runtime.mheap).allocNeedsZero" -> "internal/runtime/atomic.Loaduintptr";
          "(*runtime.mheap).allocNeedsZero" -> "runtime.arenaIndex";
          "(*runtime.mheap).allocNeedsZero" -> "runtime.throw";
          "(*runtime.mheap).allocSpan" -> "(*internal/runtime/atomic.Int64).Add";
          "(*runtime.mheap).allocSpan" -> "(*internal/runtime/atomic.Int64).Load";
          "(*runtime.mheap).allocSpan" -> "(*internal/runtime/atomic.Uint64).Load";
          "(*runtime.mheap).allocSpan" -> "(*internal/runtime/atomic.Uint64).Load";
          "(*runtime.mheap).allocSpan" -> "(*internal/runtime/atomic.Uintptr).Add";
          "(*runtime.mheap).allocSpan" -> "(*runtime.consistentHeapStats).acquire";
          "(*runtime.mheap).allocSpan" -> "(*runtime.consistentHeapStats).release";
          "(*runtime.mheap).allocSpan" -> "(*runtime.gcCPULimiterState).limiting";
          "(*runtime.mheap).allocSpan" -> "(*runtime.limiterEvent).start";
          "(*runtime.mheap).allocSpan" -> "(*runtime.limiterEvent).stop";
          "(*runtime.mheap).allocSpan" -> "(*runtime.mheap).allocMSpanLocked";
          "(*runtime.mheap).allocSpan" -> "(*runtime.mheap).grow";
          "(*runtime.mheap).allocSpan" -> "(*runtime.mheap).grow";
          "(*runtime.mheap).allocSpan" -> "(*runtime.mheap).initSpan";
          "(*runtime.mheap).allocSpan" -> "(*runtime.mheap).tryAllocMSpan";
          "(*runtime.mheap).allocSpan" -> "(*runtime.pageAlloc).alloc";
          "(*runtime.mheap).allocSpan" -> "(*runtime.pageAlloc).alloc";
          "(*runtime.mheap).allocSpan" -> "(*runtime.pageAlloc).allocRange";
          "(*runtime.mheap).allocSpan" -> "(*runtime.pageAlloc).allocToCache";
          "(*runtime.mheap).allocSpan" -> "(*runtime.pageAlloc).find";
          "(*runtime.mheap).allocSpan" -> "(*runtime.pageAlloc).find";
          "(*runtime.mheap).allocSpan" -> "(*runtime.pageAlloc).scavenge";
          "(*runtime.mheap).allocSpan" -> "(*runtime.pageCache).alloc";
          "(*runtime.mheap).allocSpan" -> "(*runtime.pageCache).empty";
          "(*runtime.mheap).allocSpan" -> "(*runtime.sysMemStat).add";
          "(*runtime.mheap).allocSpan" -> "(*runtime.sysMemStat).add";
          "(*runtime.mheap).allocSpan" -> "(*runtime.sysMemStat).add";
          "(*runtime.mheap).allocSpan" -> "(runtime.puintptr).ptr";
          "(*runtime.mheap).allocSpan" -> "(runtime.traceLocker).SpanAlloc";
          "(*runtime.mheap).allocSpan" -> "(runtime.traceLocker).ok";
          "(*runtime.mheap).allocSpan" -> "internal/runtime/atomic.Xaddint64";
          "(*runtime.mheap).allocSpan" -> "internal/runtime/atomic.Xaddint64";
          "(*runtime.mheap).allocSpan" -> "internal/runtime/atomic.Xaddint64";
          "(*runtime.mheap).allocSpan" -> "internal/runtime/atomic.Xaddint64";
          "(*runtime.mheap).allocSpan" -> "internal/runtime/atomic.Xaddint64";
          "(*runtime.mheap).allocSpan" -> "internal/runtime/atomic.Xaddint64";
          "(*runtime.mheap).allocSpan" -> "runtime.alignUp";
          "(*runtime.mheap).allocSpan" -> "runtime.getg";
          "(*runtime.mheap).allocSpan" -> "runtime.heapRetained";
          "(*runtime.mheap).allocSpan" -> "runtime.lock";
          "(*runtime.mheap).allocSpan" -> "runtime.lock";
          "(*runtime.mheap).allocSpan" -> "runtime.nanotime";
          "(*runtime.mheap).allocSpan" -> "runtime.nanotime";
          "(*runtime.mheap).allocSpan" -> "runtime.sysUsed";
          "(*runtime.mheap).allocSpan" -> "runtime.throw";
          "(*runtime.mheap).allocSpan" -> "runtime.throw";
          "(*runtime.mheap).allocSpan" -> "runtime.traceAcquire";
          "(*runtime.mheap).allocSpan" -> "runtime.traceAllocFreeEnabled";
          "(*runtime.mheap).allocSpan" -> "runtime.traceRelease";
          "(*runtime.mheap).allocSpan" -> "runtime.unlock";
          "(*runtime.mheap).allocSpan" -> "runtime.unlock";
          "(*runtime.mheap).allocSpan" -> "runtime.unlock";
          "(*runtime.mheap).allocSpan" -> "runtime.unlock";
          "(*runtime.mheap).enableMetadataHugePages" -> "(*runtime.pageAlloc).enableChunkHugePages";
          "(*runtime.mheap).enableMetadataHugePages" -> "internal/runtime/atomic.Loadp";
          "(*runtime.mheap).enableMetadataHugePages" -> "runtime.lock";
          "(*runtime.mheap).enableMetadataHugePages" -> "runtime.sysHugePage";
          "(*runtime.mheap).enableMetadataHugePages" -> "runtime.unlock";
          "(*runtime.mheap).enableMetadataHugePages" -> "runtime.unlock";
          "(*runtime.mheap).freeMSpanLocked" -> "(*runtime.fixalloc).free";
          "(*runtime.mheap).freeMSpanLocked" -> "(runtime.puintptr).ptr";
          "(*runtime.mheap).freeMSpanLocked" -> "runtime.assertLockHeld";
          "(*runtime.mheap).freeMSpanLocked" -> "runtime.getg";
          "(*runtime.mheap).freeManual" -> "(*runtime.mheap).freeSpanLocked";
          "(*runtime.mheap).freeManual" -> "(runtime.traceLocker).SpanFree";
          "(*runtime.mheap).freeManual" -> "(runtime.traceLocker).ok";
          "(*runtime.mheap).freeManual" -> "runtime.lock";
          "(*runtime.mheap).freeManual" -> "runtime.traceAcquire";
          "(*runtime.mheap).freeManual" -> "runtime.traceAllocFreeEnabled";
          "(*runtime.mheap).freeManual" -> "runtime.traceRelease";
          "(*runtime.mheap).freeManual" -> "runtime.unlock";
          "(*runtime.mheap).freeSpan" -> "runtime.systemstack";
          "(*runtime.mheap).freeSpanLocked" -> "(*internal/runtime/atomic.Uintptr).Add";
          "(*runtime.mheap).freeSpanLocked" -> "(*runtime.consistentHeapStats).acquire";
          "(*runtime.mheap).freeSpanLocked" -> "(*runtime.consistentHeapStats).release";
          "(*runtime.mheap).freeSpanLocked" -> "(*runtime.mSpanStateBox).get";
          "(*runtime.mheap).freeSpanLocked" -> "(*runtime.mSpanStateBox).set";
          "(*runtime.mheap).freeSpanLocked" -> "(*runtime.mheap).freeMSpanLocked";
          "(*runtime.mheap).freeSpanLocked" -> "(*runtime.mspan).base";
          "(*runtime.mheap).freeSpanLocked" -> "(*runtime.mspan).base";
          "(*runtime.mheap).freeSpanLocked" -> "(*runtime.mspan).base";
          "(*runtime.mheap).freeSpanLocked" -> "(*runtime.pageAlloc).free";
          "(*runtime.mheap).freeSpanLocked" -> "(*runtime.sysMemStat).add";
          "(*runtime.mheap).freeSpanLocked" -> "(*runtime.sysMemStat).add";
          "(*runtime.mheap).freeSpanLocked" -> "internal/runtime/atomic.And8";
          "(*runtime.mheap).freeSpanLocked" -> "internal/runtime/atomic.Xaddint64";
          "(*runtime.mheap).freeSpanLocked" -> "internal/runtime/atomic.Xaddint64";
          "(*runtime.mheap).freeSpanLocked" -> "internal/runtime/atomic.Xaddint64";
          "(*runtime.mheap).freeSpanLocked" -> "internal/runtime/atomic.Xaddint64";
          "(*runtime.mheap).freeSpanLocked" -> "runtime.assertLockHeld";
          "(*runtime.mheap).freeSpanLocked" -> "runtime.pageIndexOf";
          "(*runtime.mheap).freeSpanLocked" -> "runtime.throw";
          "(*runtime.mheap).freeSpanLocked" -> "runtime.throw";
          "(*runtime.mheap).freeSpanLocked" -> "runtime.throw";
          "(*runtime.mheap).freeSpanLocked" -> "runtime.throw";
          "(*runtime.mheap).grow" -> "(*runtime.consistentHeapStats).acquire";
          "(*runtime.mheap).grow" -> "(*runtime.consistentHeapStats).acquire";
          "(*runtime.mheap).grow" -> "(*runtime.consistentHeapStats).release";
          "(*runtime.mheap).grow" -> "(*runtime.consistentHeapStats).release";
          "(*runtime.mheap).grow" -> "(*runtime.mheap).sysAlloc";
          "(*runtime.mheap).grow" -> "(*runtime.pageAlloc).grow";
          "(*runtime.mheap).grow" -> "(*runtime.pageAlloc).grow";
          "(*runtime.mheap).grow" -> "(*runtime.sysMemStat).load";
          "(*runtime.mheap).grow" -> "(*runtime.sysMemStat).load";
          "(*runtime.mheap).grow" -> "(*runtime.sysMemStat).load";
          "(*runtime.mheap).grow" -> "internal/runtime/atomic.Xaddint64";
          "(*runtime.mheap).grow" -> "internal/runtime/atomic.Xaddint64";
          "(*runtime.mheap).grow" -> "runtime.alignUp";
          "(*runtime.mheap).grow" -> "runtime.alignUp";
          "(*runtime.mheap).grow" -> "runtime.alignUp";
          "(*runtime.mheap).grow" -> "runtime.assertLockHeld";
          "(*runtime.mheap).grow" -> "runtime.sysMap";
          "(*runtime.mheap).grow" -> "runtime.sysMap";
          "(*runtime.mheap).initSpan" -> "(*internal/runtime/atomic.Uintptr).Add";
          "(*runtime.mheap).initSpan" -> "(*runtime.mSpanStateBox).set";
          "(*runtime.mheap).initSpan" -> "(*runtime.mSpanStateBox).set";
          "(*runtime.mheap).initSpan" -> "(*runtime.mheap).allocNeedsZero";
          "(*runtime.mheap).initSpan" -> "(*runtime.mheap).setSpans";
          "(*runtime.mheap).initSpan" -> "(*runtime.mspan).base";
          "(*runtime.mheap).initSpan" -> "(*runtime.mspan).base";
          "(*runtime.mheap).initSpan" -> "(*runtime.mspan).base";
          "(*runtime.mheap).initSpan" -> "(*runtime.mspan).init";
          "(*runtime.mheap).initSpan" -> "(runtime.spanAllocType).manual";
          "(*runtime.mheap).initSpan" -> "(runtime.spanAllocType).manual";
          "(*runtime.mheap).initSpan" -> "(runtime.spanClass).noscan";
          "(*runtime.mheap).initSpan" -> "(runtime.spanClass).sizeclass";
          "(*runtime.mheap).initSpan" -> "internal/runtime/atomic.Or8";
          "(*runtime.mheap).initSpan" -> "internal/runtime/atomic.Store";
          "(*runtime.mheap).initSpan" -> "runtime.heapBitsInSpan";
          "(*runtime.mheap).initSpan" -> "runtime.newAllocBits";
          "(*runtime.mheap).initSpan" -> "runtime.newMarkBits";
          "(*runtime.mheap).initSpan" -> "runtime.pageIndexOf";
          "(*runtime.mheap).initSpan" -> "runtime.publicationBarrier";
          "(*runtime.mheap).nextSpanForSweep" -> "(*runtime.mcentral).fullUnswept";
          "(*runtime.mheap).nextSpanForSweep" -> "(*runtime.mcentral).partialUnswept";
          "(*runtime.mheap).nextSpanForSweep" -> "(*runtime.spanSet).pop";
          "(*runtime.mheap).nextSpanForSweep" -> "(*runtime.spanSet).pop";
          "(*runtime.mheap).nextSpanForSweep" -> "(*runtime.sweepClass).load";
          "(*runtime.mheap).nextSpanForSweep" -> "(*runtime.sweepClass).update";
          "(*runtime.mheap).nextSpanForSweep" -> "(*runtime.sweepClass).update";
          "(*runtime.mheap).nextSpanForSweep" -> "(runtime.sweepClass).split";
          "(*runtime.mheap).reclaim" -> "(*internal/runtime/atomic.Uint64).Add";
          "(*runtime.mheap).reclaim" -> "(*internal/runtime/atomic.Uint64).Load";
          "(*runtime.mheap).reclaim" -> "(*internal/runtime/atomic.Uint64).Store";
          "(*runtime.mheap).reclaim" -> "(*internal/runtime/atomic.Uintptr).Add";
          "(*runtime.mheap).reclaim" -> "(*internal/runtime/atomic.Uintptr).CompareAndSwap";
          "(*runtime.mheap).reclaim" -> "(*internal/runtime/atomic.Uintptr).Load";
          "(*runtime.mheap).reclaim" -> "(*runtime.mheap).reclaimChunk";
          "(*runtime.mheap).reclaim" -> "(runtime.traceLocker).GCSweepDone";
          "(*runtime.mheap).reclaim" -> "(runtime.traceLocker).GCSweepStart";
          "(*runtime.mheap).reclaim" -> "(runtime.traceLocker).ok";
          "(*runtime.mheap).reclaim" -> "(runtime.traceLocker).ok";
          "(*runtime.mheap).reclaim" -> "runtime.acquirem";
          "(*runtime.mheap).reclaim" -> "runtime.lock";
          "(*runtime.mheap).reclaim" -> "runtime.releasem";
          "(*runtime.mheap).reclaim" -> "runtime.traceAcquire";
          "(*runtime.mheap).reclaim" -> "runtime.traceAcquire";
          "(*runtime.mheap).reclaim" -> "runtime.traceRelease";
          "(*runtime.mheap).reclaim" -> "runtime.traceRelease";
          "(*runtime.mheap).reclaim" -> "runtime.unlock";
          "(*runtime.mheap).reclaimChunk" -> "(*runtime.activeSweep).begin";
          "(*runtime.mheap).reclaimChunk" -> "(*runtime.activeSweep).end";
          "(*runtime.mheap).reclaimChunk" -> "(*runtime.sweepLocked).sweep";
          "(*runtime.mheap).reclaimChunk" -> "(*runtime.sweepLocker).tryAcquire";
          "(*runtime.mheap).reclaimChunk" -> "(runtime.arenaIdx).l1";
          "(*runtime.mheap).reclaimChunk" -> "(runtime.arenaIdx).l2";
          "(*runtime.mheap).reclaimChunk" -> "(runtime.traceLocker).GCSweepSpan";
          "(*runtime.mheap).reclaimChunk" -> "(runtime.traceLocker).ok";
          "(*runtime.mheap).reclaimChunk" -> "internal/runtime/atomic.Load8";
          "(*runtime.mheap).reclaimChunk" -> "internal/runtime/atomic.Load8";
          "(*runtime.mheap).reclaimChunk" -> "runtime.assertLockHeld";
          "(*runtime.mheap).reclaimChunk" -> "runtime.assertLockHeld";
          "(*runtime.mheap).reclaimChunk" -> "runtime.lock";
          "(*runtime.mheap).reclaimChunk" -> "runtime.lock";
          "(*runtime.mheap).reclaimChunk" -> "runtime.traceAcquire";
          "(*runtime.mheap).reclaimChunk" -> "runtime.traceRelease";
          "(*runtime.mheap).reclaimChunk" -> "runtime.unlock";
          "(*runtime.mheap).reclaimChunk" -> "runtime.unlock";
          "(*runtime.mheap).setSpans" -> "(runtime.arenaIdx).l1";
          "(*runtime.mheap).setSpans" -> "(runtime.arenaIdx).l1";
          "(*runtime.mheap).setSpans" -> "(runtime.arenaIdx).l2";
          "(*runtime.mheap).setSpans" -> "(runtime.arenaIdx).l2";
          "(*runtime.mheap).setSpans" -> "runtime.arenaIndex";
          "(*runtime.mheap).setSpans" -> "runtime.arenaIndex";
          "(*runtime.mheap).sysAlloc" -> "(*runtime.fixalloc).alloc";
          "(*runtime.mheap).sysAlloc" -> "(*runtime.fixalloc).alloc";
          "(*runtime.mheap).sysAlloc" -> "(*runtime.fixalloc).free";
          "(*runtime.mheap).sysAlloc" -> "(*runtime.linearAlloc).alloc";
          "(*runtime.mheap).sysAlloc" -> "(*runtime.linearAlloc).alloc";
          "(*runtime.mheap).sysAlloc" -> "(runtime.arenaIdx).l1";
          "(*runtime.mheap).sysAlloc" -> "(runtime.arenaIdx).l1";
          "(*runtime.mheap).sysAlloc" -> "(runtime.arenaIdx).l2";
          "(*runtime.mheap).sysAlloc" -> "(runtime.arenaIdx).l2";
          "(*runtime.mheap).sysAlloc" -> "internal/runtime/atomic.StorepNoWB";
          "(*runtime.mheap).sysAlloc" -> "internal/runtime/atomic.StorepNoWB";
          "(*runtime.mheap).sysAlloc" -> "runtime.alignUp";
          "(*runtime.mheap).sysAlloc" -> "runtime.arenaIndex";
          "(*runtime.mheap).sysAlloc" -> "runtime.arenaIndex";
          "(*runtime.mheap).sysAlloc" -> "runtime.arenaIndex";
          "(*runtime.mheap).sysAlloc" -> "runtime.arenaIndex";
          "(*runtime.mheap).sysAlloc" -> "runtime.arenaIndex";
          "(*runtime.mheap).sysAlloc" -> "runtime.assertLockHeld";
          "(*runtime.mheap).sysAlloc" -> "runtime.persistentalloc";
          "(*runtime.mheap).sysAlloc" -> "runtime.persistentalloc";
          "(*runtime.mheap).sysAlloc" -> "runtime.racemapshadow";
          "(*runtime.mheap).sysAlloc" -> "runtime.sysAllocOS";
          "(*runtime.mheap).sysAlloc" -> "runtime.sysFreeOS";
          "(*runtime.mheap).sysAlloc" -> "runtime.sysHugePage";
          "(*runtime.mheap).sysAlloc" -> "runtime.sysNoHugePage";
          "(*runtime.mheap).sysAlloc" -> "runtime.sysReserve";
          "(*runtime.mheap).sysAlloc" -> "runtime.sysReserveAligned";
          "(*runtime.mheap).sysAlloc" -> "runtime.throw";
          "(*runtime.mheap).sysAlloc" -> "runtime.throw";
          "(*runtime.mheap).sysAlloc" -> "runtime.throw";
          "(*runtime.mheap).sysAlloc" -> "runtime.throw";
          "(*runtime.mheap).sysAlloc" -> "runtime.throw";
          "(*runtime.mheap).sysAlloc" -> "runtime.throw";
          "(*runtime.mheap).sysAlloc" -> "runtime.throw";
          "(*runtime.mheap).tryAllocMSpan" -> "(runtime.puintptr).ptr";
          "(*runtime.mheap).tryAllocMSpan" -> "runtime.getg";
          "(*runtime.moduledata).funcName" -> "runtime.gostringnocopy";
          "(*runtime.moduledata).textAddr" -> "runtime.throw";
          "(*runtime.mspan).allocBitsForIndex" -> "(*runtime.gcBits).bitp";
          "(*runtime.mspan).countAlloc" -> "(*runtime.gcBits).bytep";
          "(*runtime.mspan).countAlloc" -> "internal/runtime/sys.OnesCount64";
          "(*runtime.mspan).countAlloc" -> "runtime.divRoundUp";
          "(*runtime.mspan).divideByElemSize" -> "runtime.throw";
          "(*runtime.mspan).ensureSwept" -> "(*runtime.activeSweep).begin";
          "(*runtime.mspan).ensureSwept" -> "(*runtime.activeSweep).end";
          "(*runtime.mspan).ensureSwept" -> "(*runtime.activeSweep).end";
          "(*runtime.mspan).ensureSwept" -> "(*runtime.sweepLocked).sweep";
          "(*runtime.mspan).ensureSwept" -> "(*runtime.sweepLocker).tryAcquire";
          "(*runtime.mspan).ensureSwept" -> "internal/runtime/atomic.Load";
          "(*runtime.mspan).ensureSwept" -> "runtime.getg";
          "(*runtime.mspan).ensureSwept" -> "runtime.osyield";
          "(*runtime.mspan).ensureSwept" -> "runtime.throw";
          "(*runtime.mspan).getPinnerBits" -> "internal/runtime/atomic.Loadp";
          "(*runtime.mspan).heapBits" -> "(*runtime.mspan).base";
          "(*runtime.mspan).heapBits" -> "(*runtime.mspan).base";
          "(*runtime.mspan).heapBits" -> "(runtime.spanClass).noscan";
          "(*runtime.mspan).heapBits" -> "runtime.heapBitsSlice";
          "(*runtime.mspan).heapBits" -> "runtime.heapBitsSlice";
          "(*runtime.mspan).heapBits" -> "runtime.throw";
          "(*runtime.mspan).heapBits" -> "runtime.throw";
          "(*runtime.mspan).heapBitsSmallForAddr" -> "(*runtime.mspan).base";
          "(*runtime.mspan).heapBitsSmallForAddr" -> "(*runtime.mspan).base";
          "(*runtime.mspan).heapBitsSmallForAddr" -> "(*runtime.mspan).base";
          "(*runtime.mspan).heapBitsSmallForAddr" -> "runtime.addb";
          "(*runtime.mspan).heapBitsSmallForAddr" -> "runtime.addb";
          "(*runtime.mspan).init" -> "(*runtime.mSpanStateBox).set";
          "(*runtime.mspan).init" -> "runtime.lockInit";
          "(*runtime.mspan).initHeapBits" -> "(*runtime.mspan).heapBits";
          "(*runtime.mspan).initHeapBits" -> "(*runtime.mspan).heapBits";
          "(*runtime.mspan).initHeapBits" -> "(runtime.spanClass).noscan";
          "(*runtime.mspan).initHeapBits" -> "(runtime.spanClass).noscan";
          "(*runtime.mspan).initHeapBits" -> "(runtime.spanClass).sizeclass";
          "(*runtime.mspan).initHeapBits" -> "runtime.heapBitsInSpan";
          "(*runtime.mspan).isFree" -> "(*runtime.gcBits).bitp";
          "(*runtime.mspan).markBitsForIndex" -> "(*runtime.gcBits).bitp";
          "(*runtime.mspan).newPinnerBits" -> "runtime.newMarkBits";
          "(*runtime.mspan).nextFreeIndex" -> "(*runtime.mspan).refillAllocCache";
          "(*runtime.mspan).nextFreeIndex" -> "(*runtime.mspan).refillAllocCache";
          "(*runtime.mspan).nextFreeIndex" -> "internal/runtime/sys.TrailingZeros64";
          "(*runtime.mspan).nextFreeIndex" -> "internal/runtime/sys.TrailingZeros64";
          "(*runtime.mspan).nextFreeIndex" -> "runtime.throw";
          "(*runtime.mspan).objBase" -> "(*runtime.mspan).base";
          "(*runtime.mspan).objBase" -> "(*runtime.mspan).objIndex";
          "(*runtime.mspan).objIndex" -> "(*runtime.mspan).base";
          "(*runtime.mspan).objIndex" -> "(*runtime.mspan).divideByElemSize";
          "(*runtime.mspan).pinnerBitSize" -> "runtime.divRoundUp";
          "(*runtime.mspan).refillAllocCache" -> "(*runtime.gcBits).bytep";
          "(*runtime.mspan).refreshPinnerBits" -> "(*runtime.mspan).getPinnerBits";
          "(*runtime.mspan).refreshPinnerBits" -> "(*runtime.mspan).newPinnerBits";
          "(*runtime.mspan).refreshPinnerBits" -> "(*runtime.mspan).pinnerBitSize";
          "(*runtime.mspan).refreshPinnerBits" -> "(*runtime.mspan).setPinnerBits";
          "(*runtime.mspan).refreshPinnerBits" -> "(*runtime.mspan).setPinnerBits";
          "(*runtime.mspan).refreshPinnerBits" -> "runtime.alignUp";
          "(*runtime.mspan).refreshPinnerBits" -> "runtime.memmove";
          "(*runtime.mspan).reportZombies" -> "(*runtime.markBits).advance";
          "(*runtime.mspan).reportZombies" -> "(*runtime.markBits).advance";
          "(*runtime.mspan).reportZombies" -> "(*runtime.mspan).allocBitsForIndex";
          "(*runtime.mspan).reportZombies" -> "(*runtime.mspan).base";
          "(*runtime.mspan).reportZombies" -> "(*runtime.mspan).markBitsForBase";
          "(*runtime.mspan).reportZombies" -> "(runtime.markBits).isMarked";
          "(*runtime.mspan).reportZombies" -> "(runtime.markBits).isMarked";
          "(*runtime.mspan).reportZombies" -> "(runtime.markBits).isMarked";
          "(*runtime.mspan).reportZombies" -> "runtime.hexdumpWords";
          "(*runtime.mspan).reportZombies" -> "runtime.printlock";
          "(*runtime.mspan).reportZombies" -> "runtime.throw";
          "(*runtime.mspan).setPinnerBits" -> "runtime.atomicstorep";
          "(*runtime.mspan).setUserArenaChunkToFault" -> "(*internal/runtime/atomic.Uint64).Add";
          "(*runtime.mspan).setUserArenaChunkToFault" -> "(*runtime.consistentHeapStats).acquire";
          "(*runtime.mspan).setUserArenaChunkToFault" -> "(*runtime.consistentHeapStats).release";
          "(*runtime.mspan).setUserArenaChunkToFault" -> "(*runtime.gcControllerState).update";
          "(*runtime.mspan).setUserArenaChunkToFault" -> "(*runtime.mspan).base";
          "(*runtime.mspan).setUserArenaChunkToFault" -> "(*runtime.mspan).base";
          "(*runtime.mspan).setUserArenaChunkToFault" -> "(*runtime.sysMemStat).add";
          "(*runtime.mspan).setUserArenaChunkToFault" -> "internal/runtime/atomic.Xadd64";
          "(*runtime.mspan).setUserArenaChunkToFault" -> "internal/runtime/atomic.Xadd64";
          "(*runtime.mspan).setUserArenaChunkToFault" -> "internal/runtime/atomic.Xaddint64";
          "(*runtime.mspan).setUserArenaChunkToFault" -> "internal/runtime/atomic.Xaddint64";
          "(*runtime.mspan).setUserArenaChunkToFault" -> "runtime.makeSpanClass";
          "(*runtime.mspan).setUserArenaChunkToFault" -> "runtime.racefree";
          "(*runtime.mspan).setUserArenaChunkToFault" -> "runtime.sysFault";
          "(*runtime.mspan).setUserArenaChunkToFault" -> "runtime.systemstack";
          "(*runtime.mspan).setUserArenaChunkToFault" -> "runtime.throw";
          "(*runtime.mspan).setUserArenaChunkToFault" -> "runtime.throw";
          "(*runtime.mspan).typePointersOf" -> "(*runtime.mspan).objBase";
          "(*runtime.mspan).typePointersOf" -> "(*runtime.mspan).typePointersOfUnchecked";
          "(*runtime.mspan).typePointersOf" -> "(runtime.typePointers).fastForward";
          "(*runtime.mspan).typePointersOfUnchecked" -> "(*runtime.mspan).heapBitsSmallForAddr";
          "(*runtime.mspan).typePointersOfUnchecked" -> "(*runtime.mspan).objBase";
          "(*runtime.mspan).typePointersOfUnchecked" -> "(*runtime.mspan).objBase";
          "(*runtime.mspan).typePointersOfUnchecked" -> "(runtime.spanClass).noscan";
          "(*runtime.mspan).typePointersOfUnchecked" -> "(runtime.spanClass).sizeclass";
          "(*runtime.mspan).typePointersOfUnchecked" -> "internal/runtime/atomic.Loadp";
          "(*runtime.mspan).typePointersOfUnchecked" -> "runtime.getGCMask";
          "(*runtime.mspan).typePointersOfUnchecked" -> "runtime.heapBitsInSpan";
          "(*runtime.mspan).typePointersOfUnchecked" -> "runtime.readUintptr";
          "(*runtime.mspan).typePointersOfUnchecked" -> "runtime.throw";
          "(*runtime.mspan).writeHeapBitsSmall" -> "(*runtime.mspan).base";
          "(*runtime.mspan).writeHeapBitsSmall" -> "(*runtime.mspan).base";
          "(*runtime.mspan).writeHeapBitsSmall" -> "(*runtime.mspan).heapBitsSmallForAddr";
          "(*runtime.mspan).writeHeapBitsSmall" -> "runtime.add";
          "(*runtime.mspan).writeHeapBitsSmall" -> "runtime.add";
          "(*runtime.mspan).writeHeapBitsSmall" -> "runtime.add";
          "(*runtime.mspan).writeHeapBitsSmall" -> "runtime.getGCMask";
          "(*runtime.mspan).writeHeapBitsSmall" -> "runtime.readUintptr";
          "(*runtime.mspan).writeHeapBitsSmall" -> "runtime.throw";
          "(*runtime.mspan).writeHeapBitsSmall" -> "runtime.throw";
          "(*runtime.p).destroy" -> "(*runtime.gcWork).dispose";
          "(*runtime.p).destroy" -> "(*runtime.puintptr).set";
          "(*runtime.p).destroy" -> "(*runtime.puintptr).set";
          "(*runtime.p).destroy" -> "(*runtime.timers).take";
          "(*runtime.p).destroy" -> "(runtime.guintptr).ptr";
          "(*runtime.p).destroy" -> "(runtime.guintptr).ptr";
          "(*runtime.p).destroy" -> "(runtime.puintptr).ptr";
          "(*runtime.p).destroy" -> "(runtime.puintptr).ptr";
          "(*runtime.p).destroy" -> "runtime.assertLockHeld";
          "(*runtime.p).destroy" -> "runtime.assertWorldStopped";
          "(*runtime.p).destroy" -> "runtime.freemcache";
          "(*runtime.p).destroy" -> "runtime.getg";
          "(*runtime.p).destroy" -> "runtime.getg";
          "(*runtime.p).destroy" -> "runtime.gfpurge";
          "(*runtime.p).destroy" -> "runtime.globrunqputhead";
          "(*runtime.p).destroy" -> "runtime.globrunqputhead";
          "(*runtime.p).destroy" -> "runtime.racectxend";
          "(*runtime.p).destroy" -> "runtime.raceprocdestroy";
          "(*runtime.p).destroy" -> "runtime.systemstack";
          "(*runtime.p).destroy" -> "runtime.wbBufFlush1";
          "(*runtime.p).init" -> "(*runtime.wbBuf).reset";
          "(*runtime.p).init" -> "(runtime.pMask).clear";
          "(*runtime.p).init" -> "(runtime.pMask).set";
          "(*runtime.p).init" -> "runtime.allocmcache";
          "(*runtime.p).init" -> "runtime.lockInit";
          "(*runtime.p).init" -> "runtime.raceproccreate";
          "(*runtime.p).init" -> "runtime.throw";
          "(*runtime.pageAlloc).alloc" -> "(*runtime.pageAlloc).allocRange";
          "(*runtime.pageAlloc).alloc" -> "(*runtime.pageAlloc).chunkOf";
          "(*runtime.pageAlloc).alloc" -> "(*runtime.pageAlloc).find";
          "(*runtime.pageAlloc).alloc" -> "(*runtime.pallocBits).find";
          "(*runtime.pageAlloc).alloc" -> "(runtime.offAddr).addr";
          "(*runtime.pageAlloc).alloc" -> "(runtime.offAddr).addr";
          "(*runtime.pageAlloc).alloc" -> "(runtime.offAddr).addr";
          "(*runtime.pageAlloc).alloc" -> "(runtime.offAddr).addr";
          "(*runtime.pageAlloc).alloc" -> "(runtime.offAddr).addr";
          "(*runtime.pageAlloc).alloc" -> "(runtime.offAddr).addr";
          "(*runtime.pageAlloc).alloc" -> "(runtime.offAddr).lessThan";
          "(*runtime.pageAlloc).alloc" -> "(runtime.pallocSum).max";
          "(*runtime.pageAlloc).alloc" -> "runtime.assertLockHeld";
          "(*runtime.pageAlloc).alloc" -> "runtime.chunkBase";
          "(*runtime.pageAlloc).alloc" -> "runtime.chunkBase";
          "(*runtime.pageAlloc).alloc" -> "runtime.chunkIndex";
          "(*runtime.pageAlloc).alloc" -> "runtime.chunkIndex";
          "(*runtime.pageAlloc).alloc" -> "runtime.chunkPageIndex";
          "(*runtime.pageAlloc).alloc" -> "runtime.chunkPageIndex";
          "(*runtime.pageAlloc).alloc" -> "runtime.chunkPageIndex";
          "(*runtime.pageAlloc).alloc" -> "runtime.maxSearchAddr";
          "(*runtime.pageAlloc).alloc" -> "runtime.throw";
          "(*runtime.pageAlloc).allocRange" -> "(*runtime.pageAlloc).chunkOf";
          "(*runtime.pageAlloc).allocRange" -> "(*runtime.pageAlloc).chunkOf";
          "(*runtime.pageAlloc).allocRange" -> "(*runtime.pageAlloc).chunkOf";
          "(*runtime.pageAlloc).allocRange" -> "(*runtime.pageAlloc).chunkOf";
          "(*runtime.pageAlloc).allocRange" -> "(*runtime.pageAlloc).update";
          "(*runtime.pageAlloc).allocRange" -> "(*runtime.pageBits).popcntRange";
          "(*runtime.pageAlloc).allocRange" -> "(*runtime.pageBits).popcntRange";
          "(*runtime.pageAlloc).allocRange" -> "(*runtime.pageBits).popcntRange";
          "(*runtime.pageAlloc).allocRange" -> "(*runtime.pageBits).popcntRange";
          "(*runtime.pageAlloc).allocRange" -> "(*runtime.pallocData).allocAll";
          "(*runtime.pageAlloc).allocRange" -> "(*runtime.pallocData).allocRange";
          "(*runtime.pageAlloc).allocRange" -> "(*runtime.pallocData).allocRange";
          "(*runtime.pageAlloc).allocRange" -> "(*runtime.pallocData).allocRange";
          "(*runtime.pageAlloc).allocRange" -> "(*runtime.scavengeIndex).alloc";
          "(*runtime.pageAlloc).allocRange" -> "(*runtime.scavengeIndex).alloc";
          "(*runtime.pageAlloc).allocRange" -> "(*runtime.scavengeIndex).alloc";
          "(*runtime.pageAlloc).allocRange" -> "(*runtime.scavengeIndex).alloc";
          "(*runtime.pageAlloc).allocRange" -> "runtime.assertLockHeld";
          "(*runtime.pageAlloc).allocRange" -> "runtime.chunkIndex";
          "(*runtime.pageAlloc).allocRange" -> "runtime.chunkIndex";
          "(*runtime.pageAlloc).allocRange" -> "runtime.chunkPageIndex";
          "(*runtime.pageAlloc).allocRange" -> "runtime.chunkPageIndex";
          "(*runtime.pageAlloc).allocToCache" -> "(*runtime.pageAlloc).chunkOf";
          "(*runtime.pageAlloc).allocToCache" -> "(*runtime.pageAlloc).chunkOf";
          "(*runtime.pageAlloc).allocToCache" -> "(*runtime.pageAlloc).find";
          "(*runtime.pageAlloc).allocToCache" -> "(*runtime.pageAlloc).update";
          "(*runtime.pageAlloc).allocToCache" -> "(*runtime.pageBits).block64";
          "(*runtime.pageAlloc).allocToCache" -> "(*runtime.pageBits).block64";
          "(*runtime.pageAlloc).allocToCache" -> "(*runtime.pageBits).clearBlock64";
          "(*runtime.pageAlloc).allocToCache" -> "(*runtime.pallocBits).allocPages64";
          "(*runtime.pageAlloc).allocToCache" -> "(*runtime.pallocBits).find";
          "(*runtime.pageAlloc).allocToCache" -> "(*runtime.pallocBits).pages64";
          "(*runtime.pageAlloc).allocToCache" -> "(*runtime.pallocBits).pages64";
          "(*runtime.pageAlloc).allocToCache" -> "(*runtime.scavengeIndex).alloc";
          "(*runtime.pageAlloc).allocToCache" -> "(runtime.offAddr).addr";
          "(*runtime.pageAlloc).allocToCache" -> "(runtime.offAddr).addr";
          "(*runtime.pageAlloc).allocToCache" -> "(runtime.offAddr).addr";
          "(*runtime.pageAlloc).allocToCache" -> "internal/runtime/sys.OnesCount64";
          "(*runtime.pageAlloc).allocToCache" -> "runtime.alignDown";
          "(*runtime.pageAlloc).allocToCache" -> "runtime.alignDown";
          "(*runtime.pageAlloc).allocToCache" -> "runtime.assertLockHeld";
          "(*runtime.pageAlloc).allocToCache" -> "runtime.chunkBase";
          "(*runtime.pageAlloc).allocToCache" -> "runtime.chunkIndex";
          "(*runtime.pageAlloc).allocToCache" -> "runtime.chunkIndex";
          "(*runtime.pageAlloc).allocToCache" -> "runtime.chunkIndex";
          "(*runtime.pageAlloc).allocToCache" -> "runtime.chunkPageIndex";
          "(*runtime.pageAlloc).allocToCache" -> "runtime.chunkPageIndex";
          "(*runtime.pageAlloc).allocToCache" -> "runtime.chunkPageIndex";
          "(*runtime.pageAlloc).allocToCache" -> "runtime.chunkPageIndex";
          "(*runtime.pageAlloc).allocToCache" -> "runtime.maxSearchAddr";
          "(*runtime.pageAlloc).allocToCache" -> "runtime.throw";
          "(*runtime.pageAlloc).chunkOf" -> "(runtime.chunkIdx).l1";
          "(*runtime.pageAlloc).chunkOf" -> "(runtime.chunkIdx).l2";
          "(*runtime.pageAlloc).enableChunkHugePages" -> "(*runtime.addrRanges).cloneInto";
          "(*runtime.pageAlloc).enableChunkHugePages" -> "(runtime.chunkIdx).l1";
          "(*runtime.pageAlloc).enableChunkHugePages" -> "(runtime.chunkIdx).l1";
          "(*runtime.pageAlloc).enableChunkHugePages" -> "(runtime.offAddr).addr";
          "(*runtime.pageAlloc).enableChunkHugePages" -> "(runtime.offAddr).addr";
          "(*runtime.pageAlloc).enableChunkHugePages" -> "runtime.chunkIndex";
          "(*runtime.pageAlloc).enableChunkHugePages" -> "runtime.chunkIndex";
          "(*runtime.pageAlloc).enableChunkHugePages" -> "runtime.lock";
          "(*runtime.pageAlloc).enableChunkHugePages" -> "runtime.sysHugePage";
          "(*runtime.pageAlloc).enableChunkHugePages" -> "runtime.unlock";
          "(*runtime.pageAlloc).enableChunkHugePages" -> "runtime.unlock";
          "(*runtime.pageAlloc).find" -> "(*runtime.pageAlloc).chunkOf";
          "(*runtime.pageAlloc).find" -> "(*runtime.pageAlloc).findMappedAddr";
          "(*runtime.pageAlloc).find" -> "(*runtime.pageAlloc).findMappedAddr";
          "(*runtime.pageAlloc).find" -> "(*runtime.pallocBits).find";
          "(*runtime.pageAlloc).find" -> "(runtime.offAddr).add";
          "(*runtime.pageAlloc).find" -> "(runtime.offAddr).addr";
          "(*runtime.pageAlloc).find" -> "(runtime.offAddr).addr";
          "(*runtime.pageAlloc).find" -> "(runtime.pallocSum).end";
          "(*runtime.pageAlloc).find" -> "(runtime.pallocSum).end";
          "(*runtime.pageAlloc).find" -> "(runtime.pallocSum).end";
          "(*runtime.pageAlloc).find" -> "(runtime.pallocSum).end";
          "(*runtime.pageAlloc).find" -> "(runtime.pallocSum).max";
          "(*runtime.pageAlloc).find" -> "(runtime.pallocSum).max";
          "(*runtime.pageAlloc).find" -> "(runtime.pallocSum).max";
          "(*runtime.pageAlloc).find" -> "(runtime.pallocSum).max";
          "(*runtime.pageAlloc).find" -> "(runtime.pallocSum).start";
          "(*runtime.pageAlloc).find" -> "(runtime.pallocSum).start";
          "(*runtime.pageAlloc).find" -> "(runtime.pallocSum).start";
          "(*runtime.pageAlloc).find" -> "(runtime.pallocSum).start";
          "(*runtime.pageAlloc).find" -> "runtime.assertLockHeld";
          "(*runtime.pageAlloc).find" -> "runtime.chunkBase";
          "(*runtime.pageAlloc).find" -> "runtime.chunkBase";
          "(*runtime.pageAlloc).find" -> "runtime.chunkBase";
          "(*runtime.pageAlloc).find" -> "runtime.levelIndexToOffAddr";
          "(*runtime.pageAlloc).find" -> "runtime.levelIndexToOffAddr";
          "(*runtime.pageAlloc).find" -> "runtime.maxSearchAddr";
          "(*runtime.pageAlloc).find" -> "runtime.offAddrToLevelIndex";
          "(*runtime.pageAlloc).find" -> "runtime.packPallocSum";
          "(*runtime.pageAlloc).find" -> "runtime.throw";
          "(*runtime.pageAlloc).find" -> "runtime.throw";
          "(*runtime.pageAlloc).findMappedAddr" -> "(*runtime.addrRanges).findAddrGreaterEqual";
          "(*runtime.pageAlloc).findMappedAddr" -> "(runtime.arenaIdx).l1";
          "(*runtime.pageAlloc).findMappedAddr" -> "(runtime.arenaIdx).l1";
          "(*runtime.pageAlloc).findMappedAddr" -> "(runtime.arenaIdx).l2";
          "(*runtime.pageAlloc).findMappedAddr" -> "(runtime.offAddr).addr";
          "(*runtime.pageAlloc).findMappedAddr" -> "(runtime.offAddr).addr";
          "(*runtime.pageAlloc).findMappedAddr" -> "runtime.arenaIndex";
          "(*runtime.pageAlloc).findMappedAddr" -> "runtime.assertLockHeld";
          "(*runtime.pageAlloc).free" -> "(*runtime.pageAlloc).chunkOf";
          "(*runtime.pageAlloc).free" -> "(*runtime.pageAlloc).chunkOf";
          "(*runtime.pageAlloc).free" -> "(*runtime.pageAlloc).chunkOf";
          "(*runtime.pageAlloc).free" -> "(*runtime.pageAlloc).chunkOf";
          "(*runtime.pageAlloc).free" -> "(*runtime.pageAlloc).chunkOf";
          "(*runtime.pageAlloc).free" -> "(*runtime.pageAlloc).update";
          "(*runtime.pageAlloc).free" -> "(*runtime.pallocBits).free";
          "(*runtime.pageAlloc).free" -> "(*runtime.pallocBits).free";
          "(*runtime.pageAlloc).free" -> "(*runtime.pallocBits).free";
          "(*runtime.pageAlloc).free" -> "(*runtime.pallocBits).free1";
          "(*runtime.pageAlloc).free" -> "(*runtime.pallocBits).freeAll";
          "(*runtime.pageAlloc).free" -> "(*runtime.scavengeIndex).free";
          "(*runtime.pageAlloc).free" -> "(*runtime.scavengeIndex).free";
          "(*runtime.pageAlloc).free" -> "(*runtime.scavengeIndex).free";
          "(*runtime.pageAlloc).free" -> "(*runtime.scavengeIndex).free";
          "(*runtime.pageAlloc).free" -> "(*runtime.scavengeIndex).free";
          "(*runtime.pageAlloc).free" -> "(runtime.offAddr).lessThan";
          "(*runtime.pageAlloc).free" -> "runtime.assertLockHeld";
          "(*runtime.pageAlloc).free" -> "runtime.chunkIndex";
          "(*runtime.pageAlloc).free" -> "runtime.chunkIndex";
          "(*runtime.pageAlloc).free" -> "runtime.chunkIndex";
          "(*runtime.pageAlloc).free" -> "runtime.chunkPageIndex";
          "(*runtime.pageAlloc).free" -> "runtime.chunkPageIndex";
          "(*runtime.pageAlloc).free" -> "runtime.chunkPageIndex";
          "(*runtime.pageAlloc).grow" -> "(*runtime.addrRanges).add";
          "(*runtime.pageAlloc).grow" -> "(*runtime.pageAlloc).chunkOf";
          "(*runtime.pageAlloc).grow" -> "(*runtime.pageAlloc).sysGrow";
          "(*runtime.pageAlloc).grow" -> "(*runtime.pageAlloc).update";
          "(*runtime.pageAlloc).grow" -> "(*runtime.pageBits).setRange";
          "(*runtime.pageAlloc).grow" -> "(*runtime.scavengeIndex).grow";
          "(*runtime.pageAlloc).grow" -> "(runtime.chunkIdx).l1";
          "(*runtime.pageAlloc).grow" -> "(runtime.chunkIdx).l1";
          "(*runtime.pageAlloc).grow" -> "(runtime.offAddr).lessThan";
          "(*runtime.pageAlloc).grow" -> "runtime.alignDown";
          "(*runtime.pageAlloc).grow" -> "runtime.alignUp";
          "(*runtime.pageAlloc).grow" -> "runtime.assertLockHeld";
          "(*runtime.pageAlloc).grow" -> "runtime.chunkIndex";
          "(*runtime.pageAlloc).grow" -> "runtime.chunkIndex";
          "(*runtime.pageAlloc).grow" -> "runtime.chunkIndex";
          "(*runtime.pageAlloc).grow" -> "runtime.chunkIndex";
          "(*runtime.pageAlloc).grow" -> "runtime.makeAddrRange";
          "(*runtime.pageAlloc).grow" -> "runtime.sysAlloc";
          "(*runtime.pageAlloc).grow" -> "runtime.sysHugePage";
          "(*runtime.pageAlloc).grow" -> "runtime.sysNoHugePage";
          "(*runtime.pageAlloc).grow" -> "runtime.throw";
          "(*runtime.pageAlloc).scavenge" -> "(*runtime.scavengeIndex).find";
          "(*runtime.pageAlloc).scavenge" -> "runtime.pollFractionalWorkerExit";
          "(*runtime.pageAlloc).scavenge" -> "runtime.pollWork";
          "(*runtime.pageAlloc).scavenge" -> "runtime.systemstack";
          "(*runtime.pageAlloc).scavengeOne" -> "(*runtime.consistentHeapStats).acquire";
          "(*runtime.pageAlloc).scavengeOne" -> "(*runtime.consistentHeapStats).release";
          "(*runtime.pageAlloc).scavengeOne" -> "(*runtime.pageAlloc).chunkOf";
          "(*runtime.pageAlloc).scavengeOne" -> "(*runtime.pageAlloc).chunkOf";
          "(*runtime.pageAlloc).scavengeOne" -> "(*runtime.pageAlloc).chunkOf";
          "(*runtime.pageAlloc).scavengeOne" -> "(*runtime.pageAlloc).chunkOf";
          "(*runtime.pageAlloc).scavengeOne" -> "(*runtime.pageAlloc).update";
          "(*runtime.pageAlloc).scavengeOne" -> "(*runtime.pageAlloc).update";
          "(*runtime.pageAlloc).scavengeOne" -> "(*runtime.pageBits).setRange";
          "(*runtime.pageAlloc).scavengeOne" -> "(*runtime.pallocBits).free";
          "(*runtime.pageAlloc).scavengeOne" -> "(*runtime.pallocData).allocRange";
          "(*runtime.pageAlloc).scavengeOne" -> "(*runtime.pallocData).findScavengeCandidate";
          "(*runtime.pageAlloc).scavengeOne" -> "(*runtime.scavengeIndex).setEmpty";
          "(*runtime.pageAlloc).scavengeOne" -> "(*runtime.sysMemStat).add";
          "(*runtime.pageAlloc).scavengeOne" -> "(*runtime.sysMemStat).add";
          "(*runtime.pageAlloc).scavengeOne" -> "(runtime.offAddr).lessThan";
          "(*runtime.pageAlloc).scavengeOne" -> "(runtime.pallocSum).max";
          "(*runtime.pageAlloc).scavengeOne" -> "internal/runtime/atomic.Xaddint64";
          "(*runtime.pageAlloc).scavengeOne" -> "internal/runtime/atomic.Xaddint64";
          "(*runtime.pageAlloc).scavengeOne" -> "runtime.chunkBase";
          "(*runtime.pageAlloc).scavengeOne" -> "runtime.lock";
          "(*runtime.pageAlloc).scavengeOne" -> "runtime.lock";
          "(*runtime.pageAlloc).scavengeOne" -> "runtime.sysUnused";
          "(*runtime.pageAlloc).scavengeOne" -> "runtime.unlock";
          "(*runtime.pageAlloc).scavengeOne" -> "runtime.unlock";
          "(*runtime.pageAlloc).scavengeOne" -> "runtime.unlock";
          "(*runtime.pageAlloc).sysGrow" -> "(*runtime.addrRanges).findSucc";
          "(*runtime.pageAlloc).sysGrow" -> "(*runtime.scavengeIndex).sysGrow";
          "(*runtime.pageAlloc).sysGrow" -> "(runtime.addrRange).size";
          "(*runtime.pageAlloc).sysGrow" -> "(runtime.addrRange).size";
          "(*runtime.pageAlloc).sysGrow" -> "(runtime.addrRange).size";
          "(*runtime.pageAlloc).sysGrow" -> "(runtime.addrRange).size";
          "(*runtime.pageAlloc).sysGrow" -> "(runtime.addrRange).size";
          "(*runtime.pageAlloc).sysGrow" -> "(runtime.addrRange).subtract";
          "(*runtime.pageAlloc).sysGrow" -> "(runtime.addrRange).subtract";
          "(*runtime.pageAlloc).sysGrow" -> "(runtime.offAddr).addr";
          "(*runtime.pageAlloc).sysGrow" -> "(runtime.offAddr).addr";
          "(*runtime.pageAlloc).sysGrow" -> "runtime.makeAddrRange";
          "(*runtime.pageAlloc).sysGrow" -> "runtime.sysMap";
          "(*runtime.pageAlloc).sysGrow" -> "runtime.sysUsed";
          "(*runtime.pageAlloc).sysGrow" -> "runtime.throw";
          "(*runtime.pageAlloc).update" -> "(*runtime.pageAlloc).chunkOf";
          "(*runtime.pageAlloc).update" -> "(*runtime.pageAlloc).chunkOf";
          "(*runtime.pageAlloc).update" -> "(*runtime.pageAlloc).chunkOf";
          "(*runtime.pageAlloc).update" -> "(*runtime.pageAlloc).chunkOf";
          "(*runtime.pageAlloc).update" -> "(*runtime.pallocBits).summarize";
          "(*runtime.pageAlloc).update" -> "(*runtime.pallocBits).summarize";
          "(*runtime.pageAlloc).update" -> "(*runtime.pallocBits).summarize";
          "(*runtime.pageAlloc).update" -> "(*runtime.pallocBits).summarize";
          "(*runtime.pageAlloc).update" -> "runtime.addrsToSummaryRange";
          "(*runtime.pageAlloc).update" -> "runtime.assertLockHeld";
          "(*runtime.pageAlloc).update" -> "runtime.chunkIndex";
          "(*runtime.pageAlloc).update" -> "runtime.chunkIndex";
          "(*runtime.pageAlloc).update" -> "runtime.mergeSummaries";
          "(*runtime.pageBits).clearRange" -> "(*runtime.pageBits).clear";
          "(*runtime.pageBits).popcntRange" -> "internal/runtime/sys.OnesCount64";
          "(*runtime.pageBits).popcntRange" -> "internal/runtime/sys.OnesCount64";
          "(*runtime.pageBits).popcntRange" -> "internal/runtime/sys.OnesCount64";
          "(*runtime.pageBits).popcntRange" -> "internal/runtime/sys.OnesCount64";
          "(*runtime.pageBits).setRange" -> "(*runtime.pageBits).set";
          "(*runtime.pageCache).alloc" -> "(*runtime.pageCache).allocN";
          "(*runtime.pageCache).alloc" -> "internal/runtime/sys.TrailingZeros64";
          "(*runtime.pageCache).allocN" -> "internal/runtime/sys.OnesCount64";
          "(*runtime.pageCache).allocN" -> "runtime.findBitRange64";
          "(*runtime.pageCache).flush" -> "(*runtime.pageAlloc).chunkOf";
          "(*runtime.pageCache).flush" -> "(*runtime.pageAlloc).chunkOf";
          "(*runtime.pageCache).flush" -> "(*runtime.pageAlloc).update";
          "(*runtime.pageCache).flush" -> "(*runtime.pageBits).setRange";
          "(*runtime.pageCache).flush" -> "(*runtime.pageCache).empty";
          "(*runtime.pageCache).flush" -> "(*runtime.pallocBits).free1";
          "(*runtime.pageCache).flush" -> "(*runtime.scavengeIndex).free";
          "(*runtime.pageCache).flush" -> "(runtime.offAddr).lessThan";
          "(*runtime.pageCache).flush" -> "runtime.assertLockHeld";
          "(*runtime.pageCache).flush" -> "runtime.chunkIndex";
          "(*runtime.pageCache).flush" -> "runtime.chunkPageIndex";
          "(*runtime.pallocBits).allocAll" -> "(*runtime.pageBits).setAll";
          "(*runtime.pallocBits).allocPages64" -> "(*runtime.pageBits).setBlock64";
          "(*runtime.pallocBits).allocRange" -> "(*runtime.pageBits).setRange";
          "(*runtime.pallocBits).find" -> "(*runtime.pallocBits).find1";
          "(*runtime.pallocBits).find" -> "(*runtime.pallocBits).findLargeN";
          "(*runtime.pallocBits).find" -> "(*runtime.pallocBits).findSmallN";
          "(*runtime.pallocBits).find1" -> "internal/runtime/sys.TrailingZeros64";
          "(*runtime.pallocBits).findLargeN" -> "internal/runtime/sys.LeadingZeros64";
          "(*runtime.pallocBits).findLargeN" -> "internal/runtime/sys.LeadingZeros64";
          "(*runtime.pallocBits).findLargeN" -> "internal/runtime/sys.TrailingZeros64";
          "(*runtime.pallocBits).findLargeN" -> "internal/runtime/sys.TrailingZeros64";
          "(*runtime.pallocBits).findSmallN" -> "internal/runtime/sys.LeadingZeros64";
          "(*runtime.pallocBits).findSmallN" -> "internal/runtime/sys.TrailingZeros64";
          "(*runtime.pallocBits).findSmallN" -> "internal/runtime/sys.TrailingZeros64";
          "(*runtime.pallocBits).findSmallN" -> "runtime.findBitRange64";
          "(*runtime.pallocBits).free" -> "(*runtime.pageBits).clearRange";
          "(*runtime.pallocBits).free1" -> "(*runtime.pageBits).clear";
          "(*runtime.pallocBits).freeAll" -> "(*runtime.pageBits).clearAll";
          "(*runtime.pallocBits).pages64" -> "(*runtime.pageBits).block64";
          "(*runtime.pallocBits).summarize" -> "internal/runtime/sys.LeadingZeros64";
          "(*runtime.pallocBits).summarize" -> "internal/runtime/sys.TrailingZeros64";
          "(*runtime.pallocBits).summarize" -> "internal/runtime/sys.TrailingZeros64";
          "(*runtime.pallocBits).summarize" -> "internal/runtime/sys.TrailingZeros64";
          "(*runtime.pallocBits).summarize" -> "internal/runtime/sys.TrailingZeros64";
          "(*runtime.pallocBits).summarize" -> "runtime.packPallocSum";
          "(*runtime.pallocBits).summarize" -> "runtime.packPallocSum";
          "(*runtime.pallocBits).summarize" -> "runtime.packPallocSum";
          "(*runtime.pallocData).allocAll" -> "(*runtime.pageBits).clearAll";
          "(*runtime.pallocData).allocAll" -> "(*runtime.pallocBits).allocAll";
          "(*runtime.pallocData).allocRange" -> "(*runtime.pageBits).clearRange";
          "(*runtime.pallocData).allocRange" -> "(*runtime.pallocBits).allocRange";
          "(*runtime.pallocData).findScavengeCandidate" -> "internal/runtime/sys.LeadingZeros64";
          "(*runtime.pallocData).findScavengeCandidate" -> "internal/runtime/sys.LeadingZeros64";
          "(*runtime.pallocData).findScavengeCandidate" -> "internal/runtime/sys.LeadingZeros64";
          "(*runtime.pallocData).findScavengeCandidate" -> "runtime.alignDown";
          "(*runtime.pallocData).findScavengeCandidate" -> "runtime.alignUp";
          "(*runtime.pallocData).findScavengeCandidate" -> "runtime.alignUp";
          "(*runtime.pallocData).findScavengeCandidate" -> "runtime.fillAligned";
          "(*runtime.pallocData).findScavengeCandidate" -> "runtime.fillAligned";
          "(*runtime.pallocData).findScavengeCandidate" -> "runtime.fillAligned";
          "(*runtime.pallocData).findScavengeCandidate" -> "runtime.throw";
          "(*runtime.pallocData).findScavengeCandidate" -> "runtime.throw";
          "(*runtime.pinnerBits).ofObject" -> "(*runtime.gcBits).bitp";
          "(*runtime.pinnerBits).ofObject" -> "internal/runtime/atomic.Load8";
          "(*runtime.pollDesc).setEventErr" -> "(*internal/runtime/atomic.Uint32).CompareAndSwap";
          "(*runtime.pollDesc).setEventErr" -> "(*internal/runtime/atomic.Uint32).Load";
          "(*runtime.pollDesc).setEventErr" -> "(*internal/runtime/atomic.Uint32).Load";
          "(*runtime.profAtomic).cas" -> "internal/runtime/atomic.Cas64";
          "(*runtime.profAtomic).load" -> "internal/runtime/atomic.Load64";
          "(*runtime.profBuf).canWriteRecord" -> "(*runtime.profAtomic).load";
          "(*runtime.profBuf).canWriteRecord" -> "(*runtime.profAtomic).load";
          "(*runtime.profBuf).canWriteRecord" -> "(runtime.profIndex).dataCount";
          "(*runtime.profBuf).canWriteRecord" -> "(runtime.profIndex).dataCount";
          "(*runtime.profBuf).canWriteRecord" -> "(runtime.profIndex).dataCount";
          "(*runtime.profBuf).canWriteRecord" -> "(runtime.profIndex).tagCount";
          "(*runtime.profBuf).canWriteRecord" -> "(runtime.profIndex).tagCount";
          "(*runtime.profBuf).canWriteRecord" -> "runtime.countSub";
          "(*runtime.profBuf).canWriteRecord" -> "runtime.countSub";
          "(*runtime.profBuf).canWriteTwoRecords" -> "(*runtime.profAtomic).load";
          "(*runtime.profBuf).canWriteTwoRecords" -> "(*runtime.profAtomic).load";
          "(*runtime.profBuf).canWriteTwoRecords" -> "(runtime.profIndex).dataCount";
          "(*runtime.profBuf).canWriteTwoRecords" -> "(runtime.profIndex).dataCount";
          "(*runtime.profBuf).canWriteTwoRecords" -> "(runtime.profIndex).dataCount";
          "(*runtime.profBuf).canWriteTwoRecords" -> "(runtime.profIndex).tagCount";
          "(*runtime.profBuf).canWriteTwoRecords" -> "(runtime.profIndex).tagCount";
          "(*runtime.profBuf).canWriteTwoRecords" -> "runtime.countSub";
          "(*runtime.profBuf).canWriteTwoRecords" -> "runtime.countSub";
          "(*runtime.profBuf).hasOverflow" -> "(*internal/runtime/atomic.Uint64).Load";
          "(*runtime.profBuf).incrementOverflow" -> "(*internal/runtime/atomic.Uint64).CompareAndSwap";
          "(*runtime.profBuf).incrementOverflow" -> "(*internal/runtime/atomic.Uint64).Load";
          "(*runtime.profBuf).incrementOverflow" -> "(*internal/runtime/atomic.Uint64).Store";
          "(*runtime.profBuf).incrementOverflow" -> "(*internal/runtime/atomic.Uint64).Store";
          "(*runtime.profBuf).takeOverflow" -> "(*internal/runtime/atomic.Uint64).CompareAndSwap";
          "(*runtime.profBuf).takeOverflow" -> "(*internal/runtime/atomic.Uint64).Load";
          "(*runtime.profBuf).takeOverflow" -> "(*internal/runtime/atomic.Uint64).Load";
          "(*runtime.profBuf).takeOverflow" -> "(*internal/runtime/atomic.Uint64).Load";
          "(*runtime.profBuf).takeOverflow" -> "(*internal/runtime/atomic.Uint64).Load";
          "(*runtime.profBuf).wakeupExtra" -> "(*runtime.profAtomic).cas";
          "(*runtime.profBuf).wakeupExtra" -> "(*runtime.profAtomic).load";
          "(*runtime.profBuf).wakeupExtra" -> "runtime.notewakeup";
          "(*runtime.profBuf).write" -> "(*runtime.profAtomic).cas";
          "(*runtime.profBuf).write" -> "(*runtime.profAtomic).load";
          "(*runtime.profBuf).write" -> "(*runtime.profAtomic).load";
          "(*runtime.profBuf).write" -> "(*runtime.profAtomic).load";
          "(*runtime.profBuf).write" -> "(*runtime.profBuf).canWriteRecord";
          "(*runtime.profBuf).write" -> "(*runtime.profBuf).canWriteTwoRecords";
          "(*runtime.profBuf).write" -> "(*runtime.profBuf).hasOverflow";
          "(*runtime.profBuf).write" -> "(*runtime.profBuf).incrementOverflow";
          "(*runtime.profBuf).write" -> "(*runtime.profBuf).takeOverflow";
          "(*runtime.profBuf).write" -> "(*runtime.profBuf).wakeupExtra";
          "(*runtime.profBuf).write" -> "(*runtime.profBuf).write";
          "(*runtime.profBuf).write" -> "(runtime.profIndex).addCountsAndClearFlags";
          "(*runtime.profBuf).write" -> "(runtime.profIndex).dataCount";
          "(*runtime.profBuf).write" -> "(runtime.profIndex).dataCount";
          "(*runtime.profBuf).write" -> "(runtime.profIndex).dataCount";
          "(*runtime.profBuf).write" -> "(runtime.profIndex).tagCount";
          "(*runtime.profBuf).write" -> "runtime.countSub";
          "(*runtime.profBuf).write" -> "runtime.notewakeup";
          "(*runtime.profBuf).write" -> "runtime.throw";
          "(*runtime.randomOrder).reset" -> "runtime.gcd";
          "(*runtime.rwmutex).rlock" -> "(*internal/runtime/atomic.Int32).Add";
          "(*runtime.rwmutex).rlock" -> "runtime.acquireLockRankAndM";
          "(*runtime.rwmutex).rlock" -> "runtime.getLockRank";
          "(*runtime.rwmutex).rlock" -> "runtime.lockWithRankMayAcquire";
          "(*runtime.rwmutex).rlock" -> "runtime.systemstack";
          "(*runtime.rwmutex).runlock" -> "(*internal/runtime/atomic.Int32).Add";
          "(*runtime.rwmutex).runlock" -> "(*internal/runtime/atomic.Int32).Add";
          "(*runtime.rwmutex).runlock" -> "(runtime.muintptr).ptr";
          "(*runtime.rwmutex).runlock" -> "runtime.lock";
          "(*runtime.rwmutex).runlock" -> "runtime.notewakeup";
          "(*runtime.rwmutex).runlock" -> "runtime.releaseLockRankAndM";
          "(*runtime.rwmutex).runlock" -> "runtime.throw";
          "(*runtime.rwmutex).runlock" -> "runtime.unlock";
          "(*runtime.scavChunkData).alloc" -> "(*runtime.scavChunkFlags).setEmpty";
          "(*runtime.scavChunkData).alloc" -> "runtime.throw";
          "(*runtime.scavChunkData).free" -> "(*runtime.scavChunkFlags).setNonEmpty";
          "(*runtime.scavChunkData).free" -> "runtime.throw";
          "(*runtime.scavengeIndex).alloc" -> "(*runtime.atomicScavChunkData).load";
          "(*runtime.scavengeIndex).alloc" -> "(*runtime.atomicScavChunkData).store";
          "(*runtime.scavengeIndex).alloc" -> "(*runtime.scavChunkData).alloc";
          "(*runtime.scavengeIndex).find" -> "(*internal/runtime/atomic.Uintptr).Load";
          "(*runtime.scavengeIndex).find" -> "(*runtime.atomicOffAddr).Clear";
          "(*runtime.scavengeIndex).find" -> "(*runtime.atomicOffAddr).Load";
          "(*runtime.scavengeIndex).find" -> "(*runtime.atomicOffAddr).StoreMin";
          "(*runtime.scavengeIndex).find" -> "(*runtime.atomicOffAddr).StoreUnmark";
          "(*runtime.scavengeIndex).find" -> "(*runtime.atomicScavChunkData).load";
          "(*runtime.scavengeIndex).find" -> "(runtime.offAddr).addr";
          "(*runtime.scavengeIndex).find" -> "(runtime.scavChunkData).shouldScavenge";
          "(*runtime.scavengeIndex).find" -> "runtime.chunkBase";
          "(*runtime.scavengeIndex).find" -> "runtime.chunkIndex";
          "(*runtime.scavengeIndex).find" -> "runtime.chunkPageIndex";
          "(*runtime.scavengeIndex).free" -> "(*runtime.atomicOffAddr).Load";
          "(*runtime.scavengeIndex).free" -> "(*runtime.atomicOffAddr).StoreMarked";
          "(*runtime.scavengeIndex).free" -> "(*runtime.atomicScavChunkData).load";
          "(*runtime.scavengeIndex).free" -> "(*runtime.atomicScavChunkData).store";
          "(*runtime.scavengeIndex).free" -> "(*runtime.scavChunkData).free";
          "(*runtime.scavengeIndex).free" -> "(runtime.offAddr).lessThan";
          "(*runtime.scavengeIndex).free" -> "(runtime.offAddr).lessThan";
          "(*runtime.scavengeIndex).free" -> "runtime.chunkBase";
          "(*runtime.scavengeIndex).grow" -> "(*internal/runtime/atomic.Uintptr).Load";
          "(*runtime.scavengeIndex).grow" -> "(*internal/runtime/atomic.Uintptr).Store";
          "(*runtime.scavengeIndex).grow" -> "(*runtime.scavengeIndex).sysGrow";
          "(*runtime.scavengeIndex).grow" -> "runtime.chunkIndex";
          "(*runtime.scavengeIndex).nextGen" -> "(*runtime.atomicOffAddr).Load";
          "(*runtime.scavengeIndex).nextGen" -> "(*runtime.atomicOffAddr).StoreMarked";
          "(*runtime.scavengeIndex).nextGen" -> "(runtime.offAddr).addr";
          "(*runtime.scavengeIndex).nextGen" -> "(runtime.offAddr).lessThan";
          "(*runtime.scavengeIndex).setEmpty" -> "(*runtime.atomicScavChunkData).load";
          "(*runtime.scavengeIndex).setEmpty" -> "(*runtime.atomicScavChunkData).store";
          "(*runtime.scavengeIndex).setEmpty" -> "(*runtime.scavChunkFlags).setEmpty";
          "(*runtime.scavengeIndex).sysGrow" -> "(*internal/runtime/atomic.Uintptr).Load";
          "(*runtime.scavengeIndex).sysGrow" -> "(*internal/runtime/atomic.Uintptr).Load";
          "(*runtime.scavengeIndex).sysGrow" -> "(*internal/runtime/atomic.Uintptr).Store";
          "(*runtime.scavengeIndex).sysGrow" -> "(*internal/runtime/atomic.Uintptr).Store";
          "(*runtime.scavengeIndex).sysGrow" -> "(runtime.addrRange).size";
          "(*runtime.scavengeIndex).sysGrow" -> "(runtime.addrRange).size";
          "(*runtime.scavengeIndex).sysGrow" -> "(runtime.addrRange).size";
          "(*runtime.scavengeIndex).sysGrow" -> "(runtime.addrRange).size";
          "(*runtime.scavengeIndex).sysGrow" -> "(runtime.addrRange).size";
          "(*runtime.scavengeIndex).sysGrow" -> "(runtime.addrRange).subtract";
          "(*runtime.scavengeIndex).sysGrow" -> "(runtime.offAddr).addr";
          "(*runtime.scavengeIndex).sysGrow" -> "(runtime.offAddr).addr";
          "(*runtime.scavengeIndex).sysGrow" -> "runtime.alignDown";
          "(*runtime.scavengeIndex).sysGrow" -> "runtime.alignUp";
          "(*runtime.scavengeIndex).sysGrow" -> "runtime.chunkIndex";
          "(*runtime.scavengeIndex).sysGrow" -> "runtime.chunkIndex";
          "(*runtime.scavengeIndex).sysGrow" -> "runtime.makeAddrRange";
          "(*runtime.scavengeIndex).sysGrow" -> "runtime.makeAddrRange";
          "(*runtime.scavengeIndex).sysGrow" -> "runtime.sysMap";
          "(*runtime.scavengeIndex).sysGrow" -> "runtime.sysUsed";
          "(*runtime.scavengeIndex).sysGrow" -> "runtime.throw";
          "(*runtime.scavengerState).ready" -> "(*internal/runtime/atomic.Uint32).Store";
          "(*runtime.scavengerState).wake" -> "(*internal/runtime/atomic.Uint32).Store";
          "(*runtime.scavengerState).wake" -> "(*runtime.gList).push";
          "(*runtime.scavengerState).wake" -> "runtime.injectglist";
          "(*runtime.scavengerState).wake" -> "runtime.lock";
          "(*runtime.scavengerState).wake" -> "runtime.unlock";
          "(*runtime.semaRoot).dequeue" -> "(*runtime.semaRoot).rotateLeft";
          "(*runtime.semaRoot).dequeue" -> "(*runtime.semaRoot).rotateRight";
          "(*runtime.semaRoot).dequeue" -> "runtime.cputicks";
          "(*runtime.semaRoot).queue" -> "(*runtime.semaRoot).rotateLeft";
          "(*runtime.semaRoot).queue" -> "(*runtime.semaRoot).rotateRight";
          "(*runtime.semaRoot).queue" -> "runtime.cheaprand";
          "(*runtime.semaRoot).queue" -> "runtime.getg";
          "(*runtime.semaRoot).rotateLeft" -> "runtime.throw";
          "(*runtime.semaRoot).rotateRight" -> "runtime.throw";
          "(*runtime.sigctxt).lr" -> "(*runtime.sigctxt).regs";
          "(*runtime.sigctxt).pc" -> "(*runtime.sigctxt).regs";
          "(*runtime.sigctxt).preparePanic" -> "(*runtime.sigctxt).lr";
          "(*runtime.sigctxt).preparePanic" -> "(*runtime.sigctxt).lr";
          "(*runtime.sigctxt).preparePanic" -> "(*runtime.sigctxt).r29";
          "(*runtime.sigctxt).preparePanic" -> "(*runtime.sigctxt).set_lr";
          "(*runtime.sigctxt).preparePanic" -> "(*runtime.sigctxt).set_pc";
          "(*runtime.sigctxt).preparePanic" -> "(*runtime.sigctxt).set_r28";
          "(*runtime.sigctxt).preparePanic" -> "(*runtime.sigctxt).set_sp";
          "(*runtime.sigctxt).preparePanic" -> "(*runtime.sigctxt).sp";
          "(*runtime.sigctxt).preparePanic" -> "internal/abi.FuncPCABIInternal";
          "(*runtime.sigctxt).preparePanic" -> "runtime.shouldPushSigpanic";
          "(*runtime.sigctxt).pushCall" -> "(*runtime.sigctxt).lr";
          "(*runtime.sigctxt).pushCall" -> "(*runtime.sigctxt).r29";
          "(*runtime.sigctxt).pushCall" -> "(*runtime.sigctxt).set_lr";
          "(*runtime.sigctxt).pushCall" -> "(*runtime.sigctxt).set_pc";
          "(*runtime.sigctxt).pushCall" -> "(*runtime.sigctxt).set_sp";
          "(*runtime.sigctxt).pushCall" -> "(*runtime.sigctxt).sp";
          "(*runtime.sigctxt).r0" -> "(*runtime.sigctxt).regs";
          "(*runtime.sigctxt).r1" -> "(*runtime.sigctxt).regs";
          "(*runtime.sigctxt).r10" -> "(*runtime.sigctxt).regs";
          "(*runtime.sigctxt).r11" -> "(*runtime.sigctxt).regs";
          "(*runtime.sigctxt).r12" -> "(*runtime.sigctxt).regs";
          "(*runtime.sigctxt).r13" -> "(*runtime.sigctxt).regs";
          "(*runtime.sigctxt).r14" -> "(*runtime.sigctxt).regs";
          "(*runtime.sigctxt).r15" -> "(*runtime.sigctxt).regs";
          "(*runtime.sigctxt).r16" -> "(*runtime.sigctxt).regs";
          "(*runtime.sigctxt).r17" -> "(*runtime.sigctxt).regs";
          "(*runtime.sigctxt).r18" -> "(*runtime.sigctxt).regs";
          "(*runtime.sigctxt).r19" -> "(*runtime.sigctxt).regs";
          "(*runtime.sigctxt).r2" -> "(*runtime.sigctxt).regs";
          "(*runtime.sigctxt).r20" -> "(*runtime.sigctxt).regs";
          "(*runtime.sigctxt).r21" -> "(*runtime.sigctxt).regs";
          "(*runtime.sigctxt).r22" -> "(*runtime.sigctxt).regs";
          "(*runtime.sigctxt).r23" -> "(*runtime.sigctxt).regs";
          "(*runtime.sigctxt).r24" -> "(*runtime.sigctxt).regs";
          "(*runtime.sigctxt).r25" -> "(*runtime.sigctxt).regs";
          "(*runtime.sigctxt).r26" -> "(*runtime.sigctxt).regs";
          "(*runtime.sigctxt).r27" -> "(*runtime.sigctxt).regs";
          "(*runtime.sigctxt).r28" -> "(*runtime.sigctxt).regs";
          "(*runtime.sigctxt).r29" -> "(*runtime.sigctxt).regs";
          "(*runtime.sigctxt).r3" -> "(*runtime.sigctxt).regs";
          "(*runtime.sigctxt).r4" -> "(*runtime.sigctxt).regs";
          "(*runtime.sigctxt).r5" -> "(*runtime.sigctxt).regs";
          "(*runtime.sigctxt).r6" -> "(*runtime.sigctxt).regs";
          "(*runtime.sigctxt).r7" -> "(*runtime.sigctxt).regs";
          "(*runtime.sigctxt).r8" -> "(*runtime.sigctxt).regs";
          "(*runtime.sigctxt).r9" -> "(*runtime.sigctxt).regs";
          "(*runtime.sigctxt).set_lr" -> "(*runtime.sigctxt).regs";
          "(*runtime.sigctxt).set_pc" -> "(*runtime.sigctxt).regs";
          "(*runtime.sigctxt).set_r28" -> "(*runtime.sigctxt).regs";
          "(*runtime.sigctxt).set_sp" -> "(*runtime.sigctxt).regs";
          "(*runtime.sigctxt).sigFromUser" -> "(*runtime.sigctxt).sigcode";
          "(*runtime.sigctxt).siglr" -> "(*runtime.sigctxt).lr";
          "(*runtime.sigctxt).sigpc" -> "(*runtime.sigctxt).pc";
          "(*runtime.sigctxt).sigsp" -> "(*runtime.sigctxt).sp";
          "(*runtime.sigctxt).sp" -> "(*runtime.sigctxt).regs";
          "(*runtime.spanSet).pop" -> "(*internal/runtime/atomic.Uint32).Add";
          "(*runtime.spanSet).pop" -> "(*internal/runtime/atomic.Uintptr).Load";
          "(*runtime.spanSet).pop" -> "(*runtime.atomicHeadTailIndex).cas";
          "(*runtime.spanSet).pop" -> "(*runtime.atomicHeadTailIndex).load";
          "(*runtime.spanSet).pop" -> "(*runtime.atomicHeadTailIndex).load";
          "(*runtime.spanSet).pop" -> "(*runtime.atomicMSpanPointer).Load";
          "(*runtime.spanSet).pop" -> "(*runtime.atomicMSpanPointer).Load";
          "(*runtime.spanSet).pop" -> "(*runtime.atomicMSpanPointer).StoreNoWB";
          "(*runtime.spanSet).pop" -> "(*runtime.atomicSpanSetSpinePointer).Load";
          "(*runtime.spanSet).pop" -> "(*runtime.spanSetBlockAlloc).free";
          "(*runtime.spanSet).pop" -> "(runtime.headTailIndex).split";
          "(*runtime.spanSet).pop" -> "(runtime.headTailIndex).split";
          "(*runtime.spanSet).pop" -> "(runtime.spanSetSpinePointer).lookup";
          "(*runtime.spanSet).pop" -> "runtime.makeHeadTailIndex";
          "(*runtime.spanSet).push" -> "(*internal/runtime/atomic.Uintptr).Load";
          "(*runtime.spanSet).push" -> "(*internal/runtime/atomic.Uintptr).Load";
          "(*runtime.spanSet).push" -> "(*internal/runtime/atomic.Uintptr).Store";
          "(*runtime.spanSet).push" -> "(*runtime.atomicHeadTailIndex).incTail";
          "(*runtime.spanSet).push" -> "(*runtime.atomicMSpanPointer).StoreNoWB";
          "(*runtime.spanSet).push" -> "(*runtime.atomicSpanSetSpinePointer).Load";
          "(*runtime.spanSet).push" -> "(*runtime.atomicSpanSetSpinePointer).Load";
          "(*runtime.spanSet).push" -> "(*runtime.atomicSpanSetSpinePointer).StoreNoWB";
          "(*runtime.spanSet).push" -> "(*runtime.spanSetBlockAlloc).alloc";
          "(*runtime.spanSet).push" -> "(runtime.headTailIndex).tail";
          "(*runtime.spanSet).push" -> "(runtime.spanSetSpinePointer).lookup";
          "(*runtime.spanSet).push" -> "(runtime.spanSetSpinePointer).lookup";
          "(*runtime.spanSet).push" -> "runtime.lock";
          "(*runtime.spanSet).push" -> "runtime.memmove";
          "(*runtime.spanSet).push" -> "runtime.persistentalloc";
          "(*runtime.spanSet).push" -> "runtime.unlock";
          "(*runtime.spanSet).push" -> "runtime.unlock";
          "(*runtime.spanSet).reset" -> "(*internal/runtime/atomic.Uint32).Load";
          "(*runtime.spanSet).reset" -> "(*internal/runtime/atomic.Uint32).Load";
          "(*runtime.spanSet).reset" -> "(*internal/runtime/atomic.Uintptr).Load";
          "(*runtime.spanSet).reset" -> "(*internal/runtime/atomic.Uintptr).Store";
          "(*runtime.spanSet).reset" -> "(*runtime.atomicHeadTailIndex).load";
          "(*runtime.spanSet).reset" -> "(*runtime.atomicHeadTailIndex).reset";
          "(*runtime.spanSet).reset" -> "(*runtime.atomicSpanSetSpinePointer).Load";
          "(*runtime.spanSet).reset" -> "(*runtime.spanSetBlockAlloc).free";
          "(*runtime.spanSet).reset" -> "(runtime.headTailIndex).split";
          "(*runtime.spanSet).reset" -> "(runtime.spanSetSpinePointer).lookup";
          "(*runtime.spanSet).reset" -> "runtime.throw";
          "(*runtime.spanSet).reset" -> "runtime.throw";
          "(*runtime.spanSet).reset" -> "runtime.throw";
          "(*runtime.spanSetBlockAlloc).alloc" -> "(*runtime.lfstack).pop";
          "(*runtime.spanSetBlockAlloc).alloc" -> "runtime.persistentalloc";
          "(*runtime.spanSetBlockAlloc).free" -> "(*internal/runtime/atomic.Uint32).Store";
          "(*runtime.spanSetBlockAlloc).free" -> "(*runtime.lfstack).push";
          "(*runtime.stackScanState).addObject" -> "(*runtime.stackObject).setRecord";
          "(*runtime.stackScanState).addObject" -> "runtime.getempty";
          "(*runtime.stackScanState).addObject" -> "runtime.getempty";
          "(*runtime.stackScanState).addObject" -> "runtime.throw";
          "(*runtime.stackScanState).buildIndex" -> "runtime.binarySearchTree";
          "(*runtime.stackScanState).getPtr" -> "runtime.putempty";
          "(*runtime.stackScanState).getPtr" -> "runtime.putempty";
          "(*runtime.stackScanState).putPtr" -> "runtime.getempty";
          "(*runtime.stackScanState).putPtr" -> "runtime.getempty";
          "(*runtime.stackScanState).putPtr" -> "runtime.throw";
          "(*runtime.stkframe).argBytes" -> "(*runtime.stkframe).argMapInternal";
          "(*runtime.stkframe).argMapInternal" -> "(runtime.funcInfo).entry";
          "(*runtime.stkframe).argMapInternal" -> "(runtime.funcInfo).entry";
          "(*runtime.stkframe).argMapInternal" -> "(runtime.funcInfo).entry";
          "(*runtime.stkframe).argMapInternal" -> "runtime.funcname";
          "(*runtime.stkframe).argMapInternal" -> "runtime.funcname";
          "(*runtime.stkframe).argMapInternal" -> "runtime.funcname";
          "(*runtime.stkframe).argMapInternal" -> "runtime.throw";
          "(*runtime.stkframe).argMapInternal" -> "runtime.throw";
          "(*runtime.stkframe).getStackMap" -> "(*runtime.stkframe).argMapInternal";
          "(*runtime.stkframe).getStackMap" -> "(runtime.funcInfo).entry";
          "(*runtime.stkframe).getStackMap" -> "runtime.add";
          "(*runtime.stkframe).getStackMap" -> "runtime.funcdata";
          "(*runtime.stkframe).getStackMap" -> "runtime.funcdata";
          "(*runtime.stkframe).getStackMap" -> "runtime.funcdata";
          "(*runtime.stkframe).getStackMap" -> "runtime.funcname";
          "(*runtime.stkframe).getStackMap" -> "runtime.funcname";
          "(*runtime.stkframe).getStackMap" -> "runtime.funcname";
          "(*runtime.stkframe).getStackMap" -> "runtime.funcname";
          "(*runtime.stkframe).getStackMap" -> "runtime.noescape";
          "(*runtime.stkframe).getStackMap" -> "runtime.pcdatavalue";
          "(*runtime.stkframe).getStackMap" -> "runtime.stackmapdata";
          "(*runtime.stkframe).getStackMap" -> "runtime.stackmapdata";
          "(*runtime.stkframe).getStackMap" -> "runtime.throw";
          "(*runtime.stkframe).getStackMap" -> "runtime.throw";
          "(*runtime.stkframe).getStackMap" -> "runtime.throw";
          "(*runtime.stkframe).getStackMap" -> "runtime.throw";
          "(*runtime.sweepClass).clear" -> "internal/runtime/atomic.Store";
          "(*runtime.sweepClass).load" -> "internal/runtime/atomic.Load";
          "(*runtime.sweepClass).update" -> "(*runtime.sweepClass).load";
          "(*runtime.sweepClass).update" -> "(*runtime.sweepClass).load";
          "(*runtime.sweepClass).update" -> "internal/runtime/atomic.Cas";
          "(*runtime.sweepLocked).sweep" -> "(*internal/runtime/atomic.Uint64).Add";
          "(*runtime.sweepLocked).sweep" -> "(*internal/runtime/atomic.Uint64).Add";
          "(*runtime.sweepLocked).sweep" -> "(*internal/runtime/atomic.Uint64).Add";
          "(*runtime.sweepLocked).sweep" -> "(*internal/runtime/atomic.Uintptr).Add";
          "(*runtime.sweepLocked).sweep" -> "(*runtime.consistentHeapStats).acquire";
          "(*runtime.sweepLocked).sweep" -> "(*runtime.consistentHeapStats).acquire";
          "(*runtime.sweepLocked).sweep" -> "(*runtime.consistentHeapStats).release";
          "(*runtime.sweepLocked).sweep" -> "(*runtime.consistentHeapStats).release";
          "(*runtime.sweepLocked).sweep" -> "(*runtime.gcBits).bytep";
          "(*runtime.sweepLocked).sweep" -> "(*runtime.gcBits).bytep";
          "(*runtime.sweepLocked).sweep" -> "(*runtime.gcBits).bytep";
          "(*runtime.sweepLocked).sweep" -> "(*runtime.gcBits).bytep";
          "(*runtime.sweepLocked).sweep" -> "(*runtime.mSpanStateBox).get";
          "(*runtime.sweepLocked).sweep" -> "(*runtime.mSpanStateBox).get";
          "(*runtime.sweepLocked).sweep" -> "(*runtime.mSpanStateBox).set";
          "(*runtime.sweepLocked).sweep" -> "(*runtime.markBits).advance";
          "(*runtime.sweepLocked).sweep" -> "(*runtime.markBits).advance";
          "(*runtime.sweepLocked).sweep" -> "(*runtime.mcentral).fullSwept";
          "(*runtime.sweepLocked).sweep" -> "(*runtime.mcentral).fullSwept";
          "(*runtime.sweepLocked).sweep" -> "(*runtime.mcentral).fullSwept";
          "(*runtime.sweepLocked).sweep" -> "(*runtime.mcentral).partialSwept";
          "(*runtime.sweepLocked).sweep" -> "(*runtime.mheap).freeSpan";
          "(*runtime.sweepLocked).sweep" -> "(*runtime.mheap).freeSpan";
          "(*runtime.sweepLocked).sweep" -> "(*runtime.mspan).allocBitsForIndex";
          "(*runtime.sweepLocked).sweep" -> "(*runtime.mspan).base";
          "(*runtime.sweepLocked).sweep" -> "(*runtime.mspan).base";
          "(*runtime.sweepLocked).sweep" -> "(*runtime.mspan).base";
          "(*runtime.sweepLocked).sweep" -> "(*runtime.mspan).base";
          "(*runtime.sweepLocked).sweep" -> "(*runtime.mspan).base";
          "(*runtime.sweepLocked).sweep" -> "(*runtime.mspan).base";
          "(*runtime.sweepLocked).sweep" -> "(*runtime.mspan).countAlloc";
          "(*runtime.sweepLocked).sweep" -> "(*runtime.mspan).markBitsForBase";
          "(*runtime.sweepLocked).sweep" -> "(*runtime.mspan).markBitsForIndex";
          "(*runtime.sweepLocked).sweep" -> "(*runtime.mspan).refillAllocCache";
          "(*runtime.sweepLocked).sweep" -> "(*runtime.mspan).refreshPinnerBits";
          "(*runtime.sweepLocked).sweep" -> "(*runtime.mspan).reportZombies";
          "(*runtime.sweepLocked).sweep" -> "(*runtime.mspan).reportZombies";
          "(*runtime.sweepLocked).sweep" -> "(*runtime.spanSet).push";
          "(*runtime.sweepLocked).sweep" -> "(*runtime.spanSet).push";
          "(*runtime.sweepLocked).sweep" -> "(*runtime.spanSet).push";
          "(*runtime.sweepLocked).sweep" -> "(*runtime.spanSet).push";
          "(*runtime.sweepLocked).sweep" -> "(*runtime.specialsIter).next";
          "(*runtime.sweepLocked).sweep" -> "(*runtime.specialsIter).next";
          "(*runtime.sweepLocked).sweep" -> "(*runtime.specialsIter).unlinkAndNext";
          "(*runtime.sweepLocked).sweep" -> "(*runtime.specialsIter).unlinkAndNext";
          "(*runtime.sweepLocked).sweep" -> "(*runtime.specialsIter).unlinkAndNext";
          "(*runtime.sweepLocked).sweep" -> "(*runtime.specialsIter).valid";
          "(*runtime.sweepLocked).sweep" -> "(*runtime.specialsIter).valid";
          "(*runtime.sweepLocked).sweep" -> "(*runtime.specialsIter).valid";
          "(*runtime.sweepLocked).sweep" -> "(runtime.markBits).isMarked";
          "(*runtime.sweepLocked).sweep" -> "(runtime.markBits).isMarked";
          "(*runtime.sweepLocked).sweep" -> "(runtime.markBits).isMarked";
          "(*runtime.sweepLocked).sweep" -> "(runtime.markBits).setMarkedNonAtomic";
          "(*runtime.sweepLocked).sweep" -> "(runtime.puintptr).ptr";
          "(*runtime.sweepLocked).sweep" -> "(runtime.spanClass).sizeclass";
          "(*runtime.sweepLocked).sweep" -> "(runtime.spanClass).sizeclass";
          "(*runtime.sweepLocked).sweep" -> "(runtime.traceLocker).GCSweepSpan";
          "(*runtime.sweepLocked).sweep" -> "(runtime.traceLocker).HeapObjectFree";
          "(*runtime.sweepLocked).sweep" -> "(runtime.traceLocker).ok";
          "(*runtime.sweepLocked).sweep" -> "(runtime.traceLocker).ok";
          "(*runtime.sweepLocked).sweep" -> "internal/runtime/atomic.Store";
          "(*runtime.sweepLocked).sweep" -> "internal/runtime/atomic.Xadd64";
          "(*runtime.sweepLocked).sweep" -> "internal/runtime/atomic.Xadd64";
          "(*runtime.sweepLocked).sweep" -> "internal/runtime/atomic.Xadd64";
          "(*runtime.sweepLocked).sweep" -> "runtime.asanpoison";
          "(*runtime.sweepLocked).sweep" -> "runtime.clobberfree";
          "(*runtime.sweepLocked).sweep" -> "runtime.divRoundUp";
          "(*runtime.sweepLocked).sweep" -> "runtime.freeSpecial";
          "(*runtime.sweepLocked).sweep" -> "runtime.freeSpecial";
          "(*runtime.sweepLocked).sweep" -> "runtime.freeSpecial";
          "(*runtime.sweepLocked).sweep" -> "runtime.getg";
          "(*runtime.sweepLocked).sweep" -> "runtime.getg";
          "(*runtime.sweepLocked).sweep" -> "runtime.msanfree";
          "(*runtime.sweepLocked).sweep" -> "runtime.newMarkBits";
          "(*runtime.sweepLocked).sweep" -> "runtime.newSpecialsIter";
          "(*runtime.sweepLocked).sweep" -> "runtime.racefree";
          "(*runtime.sweepLocked).sweep" -> "runtime.spanHasNoSpecials";
          "(*runtime.sweepLocked).sweep" -> "runtime.sysFault";
          "(*runtime.sweepLocked).sweep" -> "runtime.systemstack";
          "(*runtime.sweepLocked).sweep" -> "runtime.throw";
          "(*runtime.sweepLocked).sweep" -> "runtime.throw";
          "(*runtime.sweepLocked).sweep" -> "runtime.throw";
          "(*runtime.sweepLocked).sweep" -> "runtime.throw";
          "(*runtime.sweepLocked).sweep" -> "runtime.throw";
          "(*runtime.sweepLocked).sweep" -> "runtime.throw";
          "(*runtime.sweepLocked).sweep" -> "runtime.traceAcquire";
          "(*runtime.sweepLocked).sweep" -> "runtime.traceAcquire";
          "(*runtime.sweepLocked).sweep" -> "runtime.traceAllocFreeEnabled";
          "(*runtime.sweepLocked).sweep" -> "runtime.traceAllocFreeEnabled";
          "(*runtime.sweepLocked).sweep" -> "runtime.traceEnabled";
          "(*runtime.sweepLocked).sweep" -> "runtime.traceRelease";
          "(*runtime.sweepLocked).sweep" -> "runtime.traceRelease";
          "(*runtime.sweepLocker).tryAcquire" -> "internal/runtime/atomic.Cas";
          "(*runtime.sweepLocker).tryAcquire" -> "internal/runtime/atomic.Load";
          "(*runtime.sweepLocker).tryAcquire" -> "runtime.throw";
          "(*runtime.synctestGroup).changegstatus" -> "(*runtime.synctestGroup).maybeWakeLocked";
          "(*runtime.synctestGroup).changegstatus" -> "(*runtime.synctestGroup).raceaddr";
          "(*runtime.synctestGroup).changegstatus" -> "(runtime.waitReason).isIdleInSynctest";
          "(*runtime.synctestGroup).changegstatus" -> "(runtime.waitReason).isIdleInSynctest";
          "(*runtime.synctestGroup).changegstatus" -> "runtime.fatal";
          "(*runtime.synctestGroup).changegstatus" -> "runtime.fatal";
          "(*runtime.synctestGroup).changegstatus" -> "runtime.goready";
          "(*runtime.synctestGroup).changegstatus" -> "runtime.lock";
          "(*runtime.synctestGroup).changegstatus" -> "runtime.racereleasemergeg";
          "(*runtime.synctestGroup).changegstatus" -> "runtime.unlock";
          "(*runtime.synctestGroup).decActive" -> "(*runtime.synctestGroup).maybeWakeLocked";
          "(*runtime.synctestGroup).decActive" -> "runtime.goready";
          "(*runtime.synctestGroup).decActive" -> "runtime.lock";
          "(*runtime.synctestGroup).decActive" -> "runtime.throw";
          "(*runtime.synctestGroup).decActive" -> "runtime.unlock";
          "(*runtime.synctestGroup).incActive" -> "runtime.lock";
          "(*runtime.synctestGroup).incActive" -> "runtime.unlock";
          "(*runtime.sysMemStat).add" -> "internal/runtime/atomic.Xadd64";
          "(*runtime.sysMemStat).add" -> "runtime.throw";
          "(*runtime.sysMemStat).load" -> "internal/runtime/atomic.Load64";
          "(*runtime.timeHistogram).record" -> "(*internal/runtime/atomic.Uint64).Add";
          "(*runtime.timeHistogram).record" -> "(*internal/runtime/atomic.Uint64).Add";
          "(*runtime.timeHistogram).record" -> "(*internal/runtime/atomic.Uint64).Add";
          "(*runtime.timeHistogram).record" -> "internal/runtime/sys.Len64";
          "(*runtime.timer).lock" -> "(*runtime.timer).trace";
          "(*runtime.timer).lock" -> "runtime.lock";
          "(*runtime.timer).trace" -> "(*runtime.timer).trace1";
          "(*runtime.timer).unlock" -> "(*internal/runtime/atomic.Uint8).Store";
          "(*runtime.timer).unlock" -> "(*runtime.timer).trace";
          "(*runtime.timer).unlock" -> "runtime.unlock";
          "(*runtime.timer).unlockAndRun" -> "(*internal/runtime/atomic.Int32).Add";
          "(*runtime.timer).unlockAndRun" -> "(*internal/runtime/atomic.Int32).Add";
          "(*runtime.timer).unlockAndRun" -> "(*internal/runtime/atomic.Int32).Add";
          "(*runtime.timer).unlockAndRun" -> "(*internal/runtime/atomic.Int32).Load";
          "(*runtime.timer).unlockAndRun" -> "(*runtime.synctestGroup).changegstatus";
          "(*runtime.timer).unlockAndRun" -> "(*runtime.synctestGroup).changegstatus";
          "(*runtime.timer).unlockAndRun" -> "(*runtime.timer).trace";
          "(*runtime.timer).unlockAndRun" -> "(*runtime.timer).unlock";
          "(*runtime.timer).unlockAndRun" -> "(*runtime.timer).updateHeap";
          "(*runtime.timer).unlockAndRun" -> "(*runtime.timers).lock";
          "(*runtime.timer).unlockAndRun" -> "(*runtime.timers).unlock";
          "(*runtime.timer).unlockAndRun" -> "(runtime.puintptr).ptr";
          "(*runtime.timer).unlockAndRun" -> "(runtime.puintptr).ptr";
          "(*runtime.timer).unlockAndRun" -> "internal/abi.FuncPCABIInternal";
          "(*runtime.timer).unlockAndRun" -> "runtime.assertLockHeld";
          "(*runtime.timer).unlockAndRun" -> "runtime.assertLockHeld";
          "(*runtime.timer).unlockAndRun" -> "runtime.badTimer";
          "(*runtime.timer).unlockAndRun" -> "runtime.getg";
          "(*runtime.timer).unlockAndRun" -> "runtime.getg";
          "(*runtime.timer).unlockAndRun" -> "runtime.getg";
          "(*runtime.timer).unlockAndRun" -> "runtime.getg";
          "(*runtime.timer).unlockAndRun" -> "runtime.getg";
          "(*runtime.timer).unlockAndRun" -> "runtime.lock";
          "(*runtime.timer).unlockAndRun" -> "runtime.raceacquirectx";
          "(*runtime.timer).unlockAndRun" -> "runtime.racegostart";
          "(*runtime.timer).unlockAndRun" -> "runtime.throw";
          "(*runtime.timer).unlockAndRun" -> "runtime.throw";
          "(*runtime.timer).unlockAndRun" -> "runtime.throw";
          "(*runtime.timer).unlockAndRun" -> "runtime.throw";
          "(*runtime.timer).unlockAndRun" -> "runtime.unlock";
          "(*runtime.timer).updateHeap" -> "(*internal/runtime/atomic.Int32).Add";
          "(*runtime.timer).updateHeap" -> "(*runtime.timer).trace";
          "(*runtime.timer).updateHeap" -> "(*runtime.timers).deleteMin";
          "(*runtime.timer).updateHeap" -> "(*runtime.timers).siftDown";
          "(*runtime.timer).updateHeap" -> "(*runtime.timers).updateMinWhenHeap";
          "(*runtime.timer).updateHeap" -> "runtime.assertLockHeld";
          "(*runtime.timer).updateHeap" -> "runtime.assertWorldStoppedOrLockHeld";
          "(*runtime.timer).updateHeap" -> "runtime.badTimer";
          "(*runtime.timers).addHeap" -> "(*internal/runtime/atomic.Uint32).Load";
          "(*runtime.timers).addHeap" -> "(*runtime.timers).siftUp";
          "(*runtime.timers).addHeap" -> "(*runtime.timers).updateMinWhenHeap";
          "(*runtime.timers).addHeap" -> "runtime.assertWorldStoppedOrLockHeld";
          "(*runtime.timers).addHeap" -> "runtime.netpollGenericInit";
          "(*runtime.timers).addHeap" -> "runtime.throw";
          "(*runtime.timers).adjust" -> "(*internal/runtime/atomic.Int32).Add";
          "(*runtime.timers).adjust" -> "(*internal/runtime/atomic.Int64).Load";
          "(*runtime.timers).adjust" -> "(*internal/runtime/atomic.Int64).Store";
          "(*runtime.timers).adjust" -> "(*internal/runtime/atomic.Int64).Store";
          "(*runtime.timers).adjust" -> "(*internal/runtime/atomic.Uint8).Load";
          "(*runtime.timers).adjust" -> "(*runtime.timer).lock";
          "(*runtime.timers).adjust" -> "(*runtime.timer).unlock";
          "(*runtime.timers).adjust" -> "(*runtime.timers).initHeap";
          "(*runtime.timers).adjust" -> "(*runtime.timers).trace";
          "(*runtime.timers).adjust" -> "(*runtime.timers).updateMinWhenHeap";
          "(*runtime.timers).adjust" -> "(*runtime.timers).verify";
          "(*runtime.timers).adjust" -> "(*runtime.timers).verify";
          "(*runtime.timers).adjust" -> "(*runtime.timers).wakeTime";
          "(*runtime.timers).adjust" -> "runtime.assertLockHeld";
          "(*runtime.timers).adjust" -> "runtime.badTimer";
          "(*runtime.timers).adjust" -> "runtime.throw";
          "(*runtime.timers).check" -> "(*internal/runtime/atomic.Int32).Load";
          "(*runtime.timers).check" -> "(*internal/runtime/atomic.Int32).Load";
          "(*runtime.timers).check" -> "(*internal/runtime/atomic.Uint32).Load";
          "(*runtime.timers).check" -> "(*internal/runtime/atomic.Uint32).Load";
          "(*runtime.timers).check" -> "(*runtime.timers).adjust";
          "(*runtime.timers).check" -> "(*runtime.timers).adjust";
          "(*runtime.timers).check" -> "(*runtime.timers).lock";
          "(*runtime.timers).check" -> "(*runtime.timers).run";
          "(*runtime.timers).check" -> "(*runtime.timers).trace";
          "(*runtime.timers).check" -> "(*runtime.timers).unlock";
          "(*runtime.timers).check" -> "(*runtime.timers).wakeTime";
          "(*runtime.timers).check" -> "(runtime.puintptr).ptr";
          "(*runtime.timers).check" -> "(runtime.puintptr).ptr";
          "(*runtime.timers).check" -> "runtime.badTimer";
          "(*runtime.timers).check" -> "runtime.getg";
          "(*runtime.timers).check" -> "runtime.getg";
          "(*runtime.timers).check" -> "runtime.nanotime";
          "(*runtime.timers).deleteMin" -> "(*internal/runtime/atomic.Int64).Store";
          "(*runtime.timers).deleteMin" -> "(*runtime.timers).siftDown";
          "(*runtime.timers).deleteMin" -> "(*runtime.timers).updateMinWhenHeap";
          "(*runtime.timers).deleteMin" -> "runtime.assertLockHeld";
          "(*runtime.timers).deleteMin" -> "runtime.throw";
          "(*runtime.timers).initHeap" -> "(*runtime.timers).siftDown";
          "(*runtime.timers).lock" -> "runtime.lock";
          "(*runtime.timers).run" -> "(*internal/runtime/atomic.Uint8).Load";
          "(*runtime.timers).run" -> "(*runtime.timer).lock";
          "(*runtime.timers).run" -> "(*runtime.timer).unlock";
          "(*runtime.timers).run" -> "(*runtime.timer).unlock";
          "(*runtime.timers).run" -> "(*runtime.timer).unlockAndRun";
          "(*runtime.timers).run" -> "(*runtime.timer).updateHeap";
          "(*runtime.timers).run" -> "(*runtime.timers).trace";
          "(*runtime.timers).run" -> "runtime.assertLockHeld";
          "(*runtime.timers).run" -> "runtime.assertLockHeld";
          "(*runtime.timers).run" -> "runtime.badTimer";
          "(*runtime.timers).run" -> "runtime.throw";
          "(*runtime.timers).siftDown" -> "runtime.badTimer";
          "(*runtime.timers).siftDown" -> "runtime.badTimer";
          "(*runtime.timers).siftUp" -> "runtime.badTimer";
          "(*runtime.timers).siftUp" -> "runtime.badTimer";
          "(*runtime.timers).take" -> "(*internal/runtime/atomic.Int32).Store";
          "(*runtime.timers).take" -> "(*internal/runtime/atomic.Int64).Store";
          "(*runtime.timers).take" -> "(*internal/runtime/atomic.Int64).Store";
          "(*runtime.timers).take" -> "(*internal/runtime/atomic.Uint32).Store";
          "(*runtime.timers).take" -> "(*internal/runtime/atomic.Uint32).Store";
          "(*runtime.timers).take" -> "(*runtime.timers).addHeap";
          "(*runtime.timers).take" -> "(*runtime.timers).trace";
          "(*runtime.timers).take" -> "runtime.assertWorldStopped";
          "(*runtime.timers).unlock" -> "(*internal/runtime/atomic.Uint32).Store";
          "(*runtime.timers).unlock" -> "runtime.unlock";
          "(*runtime.timers).updateMinWhenHeap" -> "(*internal/runtime/atomic.Int64).Store";
          "(*runtime.timers).updateMinWhenHeap" -> "(*internal/runtime/atomic.Int64).Store";
          "(*runtime.timers).updateMinWhenHeap" -> "runtime.assertWorldStoppedOrLockHeld";
          "(*runtime.timers).verify" -> "(*internal/runtime/atomic.Uint32).Load";
          "(*runtime.timers).verify" -> "runtime.assertLockHeld";
          "(*runtime.timers).verify" -> "runtime.throw";
          "(*runtime.timers).verify" -> "runtime.throw";
          "(*runtime.timers).wakeTime" -> "(*internal/runtime/atomic.Int64).Load";
          "(*runtime.timers).wakeTime" -> "(*internal/runtime/atomic.Int64).Load";
          "(*runtime.traceBuf).varintAt" -> "runtime.throw";
          "(*runtime.traceMap).newTraceMapNode" -> "(*runtime.traceRegionAlloc).alloc";
          "(*runtime.traceMap).newTraceMapNode" -> "(*runtime.traceRegionAlloc).alloc";
          "(*runtime.traceMap).newTraceMapNode" -> "runtime.memmove";
          "(*runtime.traceMap).put" -> "(*internal/runtime/atomic.Uint64).Add";
          "(*runtime.traceMap).put" -> "(*internal/runtime/atomic.UnsafePointer).CompareAndSwapNoWB";
          "(*runtime.traceMap).put" -> "(*internal/runtime/atomic.UnsafePointer).Load";
          "(*runtime.traceMap).put" -> "(*internal/runtime/atomic.UnsafePointer).Load";
          "(*runtime.traceMap).put" -> "(*runtime.traceMap).newTraceMapNode";
          "(*runtime.traceMap).put" -> "runtime.memequal";
          "(*runtime.traceMap).put" -> "runtime.memhash";
          "(*runtime.traceRegionAlloc).alloc" -> "(*internal/runtime/atomic.Bool).Load";
          "(*runtime.traceRegionAlloc).alloc" -> "(*internal/runtime/atomic.Uintptr).Add";
          "(*runtime.traceRegionAlloc).alloc" -> "(*internal/runtime/atomic.Uintptr).Add";
          "(*runtime.traceRegionAlloc).alloc" -> "(*internal/runtime/atomic.Uintptr).Store";
          "(*runtime.traceRegionAlloc).alloc" -> "(*internal/runtime/atomic.UnsafePointer).Load";
          "(*runtime.traceRegionAlloc).alloc" -> "(*internal/runtime/atomic.UnsafePointer).Load";
          "(*runtime.traceRegionAlloc).alloc" -> "(*internal/runtime/atomic.UnsafePointer).Store";
          "(*runtime.traceRegionAlloc).alloc" -> "runtime.alignUp";
          "(*runtime.traceRegionAlloc).alloc" -> "runtime.lock";
          "(*runtime.traceRegionAlloc).alloc" -> "runtime.sysAlloc";
          "(*runtime.traceRegionAlloc).alloc" -> "runtime.throw";
          "(*runtime.traceRegionAlloc).alloc" -> "runtime.throw";
          "(*runtime.traceRegionAlloc).alloc" -> "runtime.throw";
          "(*runtime.traceRegionAlloc).alloc" -> "runtime.unlock";
          "(*runtime.traceRegionAlloc).alloc" -> "runtime.unlock";
          "(*runtime.traceSchedResourceState).acquireStatus" -> "(*internal/runtime/atomic.Uint32).CompareAndSwap";
          "(*runtime.traceSchedResourceState).acquireStatus" -> "(*runtime.traceSchedResourceState).readyNextGen";
          "(*runtime.traceSchedResourceState).readyNextGen" -> "(*internal/runtime/atomic.Uint32).Store";
          "(*runtime.traceSchedResourceState).readyNextGen" -> "runtime.traceNextGen";
          "(*runtime.traceSchedResourceState).statusWasTraced" -> "(*internal/runtime/atomic.Uint32).Load";
          "(*runtime.traceStackTable).put" -> "(*runtime.traceMap).put";
          "(*runtime.traceStackTable).put" -> "runtime.noescape";
          "(*runtime.traceStringTable).put" -> "(*runtime.traceMap).put";
          "(*runtime.traceStringTable).put" -> "runtime.stringStructOf";
          "(*runtime.traceStringTable).put" -> "runtime.systemstack";
          "(*runtime.traceStringTable).writeString" -> "(*runtime.traceBuf).byte";
          "(*runtime.traceStringTable).writeString" -> "(*runtime.traceBuf).byte";
          "(*runtime.traceStringTable).writeString" -> "(*runtime.traceBuf).stringData";
          "(*runtime.traceStringTable).writeString" -> "(*runtime.traceBuf).varint";
          "(*runtime.traceStringTable).writeString" -> "(*runtime.traceBuf).varint";
          "(*runtime.traceStringTable).writeString" -> "(runtime.traceWriter).ensure";
          "(*runtime.traceStringTable).writeString" -> "runtime.lock";
          "(*runtime.traceStringTable).writeString" -> "runtime.unlock";
          "(*runtime.traceStringTable).writeString" -> "runtime.unsafeTraceWriter";
          "(*runtime.traceTypeTable).put" -> "(*runtime.traceMap).put";
          "(*runtime.traceTypeTable).put" -> "runtime.noescape";
          "(*runtime.unwinder).cgoCallers" -> "(runtime.guintptr).ptr";
          "(*runtime.unwinder).cgoCallers" -> "runtime.cgoContextPCs";
          "(*runtime.unwinder).finishInternal" -> "(runtime.guintptr).ptr";
          "(*runtime.unwinder).finishInternal" -> "runtime.throw";
          "(*runtime.unwinder).init" -> "(*runtime.unwinder).initAt";
          "(*runtime.unwinder).initAt" -> "(*runtime.g).guintptr";
          "(*runtime.unwinder).initAt" -> "(*runtime.unwinder).resolveInternal";
          "(*runtime.unwinder).initAt" -> "(runtime.funcInfo).valid";
          "(*runtime.unwinder).initAt" -> "runtime.findfunc";
          "(*runtime.unwinder).initAt" -> "runtime.getg";
          "(*runtime.unwinder).initAt" -> "runtime.throw";
          "(*runtime.unwinder).initAt" -> "runtime.throw";
          "(*runtime.unwinder).initAt" -> "runtime.tracebackHexdump";
          "(*runtime.unwinder).next" -> "(*runtime.unwinder).finishInternal";
          "(*runtime.unwinder).next" -> "(*runtime.unwinder).finishInternal";
          "(*runtime.unwinder).next" -> "(*runtime.unwinder).resolveInternal";
          "(*runtime.unwinder).next" -> "(runtime.funcInfo).valid";
          "(*runtime.unwinder).next" -> "(runtime.funcInfo).valid";
          "(*runtime.unwinder).next" -> "(runtime.guintptr).ptr";
          "(*runtime.unwinder).next" -> "runtime.alignUp";
          "(*runtime.unwinder).next" -> "runtime.findfunc";
          "(*runtime.unwinder).next" -> "runtime.findfunc";
          "(*runtime.unwinder).next" -> "runtime.funcname";
          "(*runtime.unwinder).next" -> "runtime.funcspdelta";
          "(*runtime.unwinder).next" -> "runtime.throw";
          "(*runtime.unwinder).next" -> "runtime.throw";
          "(*runtime.unwinder).next" -> "runtime.tracebackHexdump";
          "(*runtime.unwinder).next" -> "runtime.tracebackHexdump";
          "(*runtime.unwinder).resolveInternal" -> "(*runtime.guintptr).set";
          "(*runtime.unwinder).resolveInternal" -> "(*runtime.guintptr).set";
          "(*runtime.unwinder).resolveInternal" -> "(*runtime.unwinder).finishInternal";
          "(*runtime.unwinder).resolveInternal" -> "(runtime.funcInfo).entry";
          "(*runtime.unwinder).resolveInternal" -> "(runtime.guintptr).ptr";
          "(*runtime.unwinder).resolveInternal" -> "runtime.findfunc";
          "(*runtime.unwinder).resolveInternal" -> "runtime.funcname";
          "(*runtime.unwinder).resolveInternal" -> "runtime.funcspdelta";
          "(*runtime.unwinder).resolveInternal" -> "runtime.funcspdelta";
          "(*runtime.unwinder).resolveInternal" -> "runtime.throw";
          "(*runtime.unwinder).symPC" -> "(runtime.funcInfo).entry";
          "(*runtime.wbBuf).get2" -> "runtime.wbBufFlush";
          "(*runtime.wbBuf).reset" -> "runtime.throw";
          "(*runtime.workbuf).checkempty" -> "runtime.throw";
          "(*runtime.workbuf).checknonempty" -> "runtime.throw";
          "(*strconv.decimal).Assign" -> "strconv.trim";
          "(*strconv.decimal).Round" -> "(*strconv.decimal).RoundDown";
          "(*strconv.decimal).Round" -> "(*strconv.decimal).RoundUp";
          "(*strconv.decimal).Round" -> "strconv.shouldRoundUp";
          "(*strconv.decimal).RoundDown" -> "strconv.trim";
          "(*strconv.decimal).Shift" -> "strconv.leftShift";
          "(*strconv.decimal).Shift" -> "strconv.leftShift";
          "(*strconv.decimal).Shift" -> "strconv.rightShift";
          "(*strconv.decimal).Shift" -> "strconv.rightShift";
          "(*sync.Mutex).Lock" -> "(*internal/sync.Mutex).Lock";
          "(*sync.Mutex).Unlock" -> "(*internal/sync.Mutex).Unlock";
          "(*sync.Once).Do" -> "(*sync.Once).doSlow";
          "(*sync.Once).Do" -> "(*sync/atomic.Uint32).Load";
          "(*sync.Once).doSlow" -> "(*sync.Mutex).Lock";
          "(*sync.Once).doSlow" -> "(*sync.Mutex).Unlock";
          "(*sync.Once).doSlow" -> "(*sync/atomic.Uint32).Load";
          "(*sync.Once).doSlow" -> "(*sync/atomic.Uint32).Store";
          "(*sync.Once).doSlow" -> "internal/poll.runtime_pollServerInit";
          "(*sync.Once).doSlow" -> "reflect.embeddedIfaceMethStub";
          "(*sync.Once).doSlow" -> "reflect.makeFuncStub";
          "(*sync.Once).doSlow" -> "reflect.methodValueCall";
          "(*sync.Once).doSlow" -> "runtime._ExternalCode";
          "(*sync.Once).doSlow" -> "runtime._GC";
          "(*sync.Once).doSlow" -> "runtime._LostContendedRuntimeLock";
          "(*sync.Once).doSlow" -> "runtime._LostExternalCode";
          "(*sync.Once).doSlow" -> "runtime._LostSIGPROFDuringAtomic64";
          "(*sync.Once).doSlow" -> "runtime._System";
          "(*sync.Once).doSlow" -> "runtime._VDSO";
          "(*sync.Once).doSlow" -> "runtime.asyncPreempt";
          "(*sync.Once).doSlow" -> "runtime.cgoSigtramp";
          "(*sync.Once).doSlow" -> "runtime.entersyscall_gcwait";
          "(*sync.Once).doSlow" -> "runtime.entersyscall_sysmon";
          "(*sync.Once).doSlow" -> "runtime.exit_trampoline";
          "(*sync.Once).doSlow" -> "runtime.fcntl_trampoline";
          "(*sync.Once).doSlow" -> "runtime.freeStackSpans";
          "(*sync.Once).doSlow" -> "runtime.gcControllerCommit";
          "(*sync.Once).doSlow" -> "runtime.gcResetMarkState";
          "(*sync.Once).doSlow" -> "runtime.kevent_trampoline";
          "(*sync.Once).doSlow" -> "runtime.kqueue_trampoline";
          "(*sync.Once).doSlow" -> "runtime.madvise_trampoline";
          "(*sync.Once).doSlow" -> "runtime.markrootFreeGStacks";
          "(*sync.Once).doSlow" -> "runtime.mlock_trampoline";
          "(*sync.Once).doSlow" -> "runtime.mmap_trampoline";
          "(*sync.Once).doSlow" -> "runtime.mspinning";
          "(*sync.Once).doSlow" -> "runtime.mstart";
          "(*sync.Once).doSlow" -> "runtime.mstart_stub";
          "(*sync.Once).doSlow" -> "runtime.munmap_trampoline";
          "(*sync.Once).doSlow" -> "runtime.nanotime_trampoline";
          "(*sync.Once).doSlow" -> "runtime.osyield";
          "(*sync.Once).doSlow" -> "runtime.pthread_attr_getstacksize_trampoline";
          "(*sync.Once).doSlow" -> "runtime.pthread_attr_init_trampoline";
          "(*sync.Once).doSlow" -> "runtime.pthread_attr_setdetachstate_trampoline";
          "(*sync.Once).doSlow" -> "runtime.pthread_cond_init_trampoline";
          "(*sync.Once).doSlow" -> "runtime.pthread_cond_signal_trampoline";
          "(*sync.Once).doSlow" -> "runtime.pthread_cond_timedwait_relative_np_trampoline";
          "(*sync.Once).doSlow" -> "runtime.pthread_cond_wait_trampoline";
          "(*sync.Once).doSlow" -> "runtime.pthread_create_trampoline";
          "(*sync.Once).doSlow" -> "runtime.pthread_kill_trampoline";
          "(*sync.Once).doSlow" -> "runtime.pthread_mutex_init_trampoline";
          "(*sync.Once).doSlow" -> "runtime.pthread_mutex_lock_trampoline";
          "(*sync.Once).doSlow" -> "runtime.pthread_mutex_unlock_trampoline";
          "(*sync.Once).doSlow" -> "runtime.raise_trampoline";
          "(*sync.Once).doSlow" -> "runtime.raiseproc_trampoline";
          "(*sync.Once).doSlow" -> "runtime.runSafePointFn";
          "(*sync.Once).doSlow" -> "runtime.sigaction_trampoline";
          "(*sync.Once).doSlow" -> "runtime.sigpanic";
          "(*sync.Once).doSlow" -> "runtime.sigprocmask_trampoline";
          "(*sync.Once).doSlow" -> "runtime.sigtramp";
          "(*sync.Once).doSlow" -> "runtime.unreachableMethod";
          "(*sync.Once).doSlow" -> "runtime.usleep_trampoline";
          "(*sync.Once).doSlow" -> "runtime.walltime_trampoline";
          "(*sync.Once).doSlow" -> "runtime.write_trampoline";
          "(*sync.Once).doSlow" -> "syscall.copyenv";
          "(*sync.Once).doSlow" -> "syscall.libc_close_trampoline";
          "(*sync.Once).doSlow" -> "syscall.libc_closedir_trampoline";
          "(*sync.Once).doSlow" -> "syscall.libc_dup_trampoline";
          "(*sync.Once).doSlow" -> "syscall.libc_fchdir_trampoline";
          "(*sync.Once).doSlow" -> "syscall.libc_fchmod_trampoline";
          "(*sync.Once).doSlow" -> "syscall.libc_fchown_trampoline";
          "(*sync.Once).doSlow" -> "syscall.libc_fcntl_trampoline";
          "(*sync.Once).doSlow" -> "syscall.libc_fdopendir_trampoline";
          "(*sync.Once).doSlow" -> "syscall.libc_fstat_trampoline";
          "(*sync.Once).doSlow" -> "syscall.libc_fsync_trampoline";
          "(*sync.Once).doSlow" -> "syscall.libc_ftruncate_trampoline";
          "(*sync.Once).doSlow" -> "syscall.libc_getsockopt_trampoline";
          "(*sync.Once).doSlow" -> "syscall.libc_lseek_trampoline";
          "(*sync.Once).doSlow" -> "syscall.libc_open_trampoline";
          "(*sync.Once).doSlow" -> "syscall.libc_openat_trampoline";
          "(*sync.Once).doSlow" -> "syscall.libc_pread_trampoline";
          "(*sync.Once).doSlow" -> "syscall.libc_pwrite_trampoline";
          "(*sync.Once).doSlow" -> "syscall.libc_read_trampoline";
          "(*sync.Once).doSlow" -> "syscall.libc_readdir_r_trampoline";
          "(*sync.Once).doSlow" -> "syscall.libc_recvfrom_trampoline";
          "(*sync.Once).doSlow" -> "syscall.libc_recvmsg_trampoline";
          "(*sync.Once).doSlow" -> "syscall.libc_sendmsg_trampoline";
          "(*sync.Once).doSlow" -> "syscall.libc_sendto_trampoline";
          "(*sync.Once).doSlow" -> "syscall.libc_setsockopt_trampoline";
          "(*sync.Once).doSlow" -> "syscall.libc_shutdown_trampoline";
          "(*sync.Once).doSlow" -> "syscall.libc_write_trampoline";
          "(*sync.Once).doSlow" -> "time.initLocal";
          "(*sync.Pool).Get" -> "(*sync.Pool).getSlow";
          "(*sync.Pool).Get" -> "(*sync.Pool).pin";
          "(*sync.Pool).Get" -> "(*sync.poolChain).popHead";
          "(*sync.Pool).Get" -> "internal/race.Acquire";
          "(*sync.Pool).Get" -> "internal/race.Disable";
          "(*sync.Pool).Get" -> "internal/race.Enable";
          "(*sync.Pool).Get" -> "sync.poolRaceAddr";
          "(*sync.Pool).Get" -> "sync.runtime_procUnpin";
          "(*sync.Pool).Put" -> "(*sync.Pool).pin";
          "(*sync.Pool).Put" -> "(*sync.poolChain).pushHead";
          "(*sync.Pool).Put" -> "internal/race.Disable";
          "(*sync.Pool).Put" -> "internal/race.Enable";
          "(*sync.Pool).Put" -> "internal/race.ReleaseMerge";
          "(*sync.Pool).Put" -> "sync.poolRaceAddr";
          "(*sync.Pool).Put" -> "sync.runtime_procUnpin";
          "(*sync.Pool).Put" -> "sync.runtime_randn";
          "(*sync.Pool).getSlow" -> "(*sync.poolChain).popTail";
          "(*sync.Pool).getSlow" -> "(*sync.poolChain).popTail";
          "(*sync.Pool).getSlow" -> "sync.indexLocal";
          "(*sync.Pool).getSlow" -> "sync.indexLocal";
          "(*sync.Pool).getSlow" -> "sync.indexLocal";
          "(*sync.Pool).getSlow" -> "sync.runtime_LoadAcquintptr";
          "(*sync.Pool).getSlow" -> "sync/atomic.LoadUintptr";
          "(*sync.Pool).getSlow" -> "sync/atomic.StoreUintptr";
          "(*sync.Pool).pin" -> "(*sync.Pool).pinSlow";
          "(*sync.Pool).pin" -> "sync.indexLocal";
          "(*sync.Pool).pin" -> "sync.runtime_LoadAcquintptr";
          "(*sync.Pool).pin" -> "sync.runtime_procPin";
          "(*sync.Pool).pinSlow" -> "(*sync.Mutex).Lock";
          "(*sync.Pool).pinSlow" -> "(*sync.Mutex).Unlock";
          "(*sync.Pool).pinSlow" -> "runtime.GOMAXPROCS";
          "(*sync.Pool).pinSlow" -> "sync.indexLocal";
          "(*sync.Pool).pinSlow" -> "sync.runtime_StoreReluintptr";
          "(*sync.Pool).pinSlow" -> "sync.runtime_procPin";
          "(*sync.Pool).pinSlow" -> "sync.runtime_procUnpin";
          "(*sync.Pool).pinSlow" -> "sync/atomic.StorePointer";
          "(*sync.RWMutex).RLock" -> "(*sync/atomic.Int32).Add";
          "(*sync.RWMutex).RLock" -> "internal/race.Acquire";
          "(*sync.RWMutex).RLock" -> "internal/race.Disable";
          "(*sync.RWMutex).RLock" -> "internal/race.Enable";
          "(*sync.RWMutex).RLock" -> "internal/race.Read";
          "(*sync.RWMutex).RLock" -> "sync.runtime_SemacquireRWMutexR";
          "(*sync.RWMutex).RUnlock" -> "(*sync.RWMutex).rUnlockSlow";
          "(*sync.RWMutex).RUnlock" -> "(*sync/atomic.Int32).Add";
          "(*sync.RWMutex).RUnlock" -> "internal/race.Disable";
          "(*sync.RWMutex).RUnlock" -> "internal/race.Enable";
          "(*sync.RWMutex).RUnlock" -> "internal/race.Read";
          "(*sync.RWMutex).RUnlock" -> "internal/race.ReleaseMerge";
          "(*sync.RWMutex).rUnlockSlow" -> "(*sync/atomic.Int32).Add";
          "(*sync.RWMutex).rUnlockSlow" -> "internal/race.Enable";
          "(*sync.RWMutex).rUnlockSlow" -> "sync.fatal";
          "(*sync.RWMutex).rUnlockSlow" -> "sync.runtime_Semrelease";
          "(*sync.poolChain).popHead" -> "(*sync.poolDequeue).popHead";
          "(*sync.poolChain).popTail" -> "(*sync.poolDequeue).popTail";
          "(*sync.poolChain).pushHead" -> "(*sync.poolDequeue).pushHead";
          "(*sync.poolChain).pushHead" -> "(*sync.poolDequeue).pushHead";
          "(*sync.poolDequeue).popHead" -> "(*sync.poolDequeue).pack";
          "(*sync.poolDequeue).popHead" -> "(*sync.poolDequeue).unpack";
          "(*sync.poolDequeue).popHead" -> "(*sync/atomic.Uint64).CompareAndSwap";
          "(*sync.poolDequeue).popHead" -> "(*sync/atomic.Uint64).Load";
          "(*sync.poolDequeue).popTail" -> "(*sync.poolDequeue).pack";
          "(*sync.poolDequeue).popTail" -> "(*sync.poolDequeue).unpack";
          "(*sync.poolDequeue).popTail" -> "(*sync/atomic.Uint64).CompareAndSwap";
          "(*sync.poolDequeue).popTail" -> "(*sync/atomic.Uint64).Load";
          "(*sync.poolDequeue).popTail" -> "sync/atomic.StorePointer";
          "(*sync.poolDequeue).pushHead" -> "(*sync.poolDequeue).unpack";
          "(*sync.poolDequeue).pushHead" -> "(*sync/atomic.Uint64).Add";
          "(*sync.poolDequeue).pushHead" -> "(*sync/atomic.Uint64).Load";
          "(*sync.poolDequeue).pushHead" -> "sync/atomic.LoadPointer";
          "(*sync/atomic.Bool).Load" -> "sync/atomic.LoadUint32";
          "(*sync/atomic.Bool).Store" -> "sync/atomic.StoreUint32";
          "(*sync/atomic.Bool).Store" -> "sync/atomic.b32";
          "(*sync/atomic.Int32).Add" -> "sync/atomic.AddInt32";
          "(*sync/atomic.Uint32).Load" -> "sync/atomic.LoadUint32";
          "(*sync/atomic.Uint32).Store" -> "sync/atomic.StoreUint32";
          "(*sync/atomic.Uint64).Add" -> "sync/atomic.AddUint64";
          "(*sync/atomic.Uint64).CompareAndSwap" -> "sync/atomic.CompareAndSwapUint64";
          "(*sync/atomic.Uint64).Load" -> "sync/atomic.LoadUint64";
          "(*time.Location).String" -> "(*time.Location).get";
          "(*time.Location).get" -> "(*sync.Once).Do";
          "(*time.Location).lookup" -> "(*time.Location).get";
          "(*time.Location).lookup" -> "(*time.Location).lookupFirstZone";
          "(*time.Location).lookup" -> "time.tzset";
          "(*time.Location).lookupFirstZone" -> "(*time.Location).firstZoneUsed";
          "(*time.Location).lookupName" -> "(*time.Location).get";
          "(*time.Location).lookupName" -> "(*time.Location).lookup";
          "(*time.ParseError).Error" -> "time.quote";
          "(*time.ParseError).Error" -> "time.quote";
          "(*time.ParseError).Error" -> "time.quote";
          "(*time.ParseError).Error" -> "time.quote";
          "(*time.ParseError).Error" -> "time.quote";
          "(*time.Time).GobDecode" -> "(*time.Time).UnmarshalBinary";
          "(*time.Time).UnmarshalBinary" -> "(*time.Location).lookup";
          "(*time.Time).UnmarshalBinary" -> "(*time.Time).setLoc";
          "(*time.Time).UnmarshalBinary" -> "(*time.Time).setLoc";
          "(*time.Time).UnmarshalBinary" -> "(*time.Time).setLoc";
          "(*time.Time).UnmarshalBinary" -> "(*time.Time).unixSec";
          "(*time.Time).UnmarshalBinary" -> "errors.New";
          "(*time.Time).UnmarshalBinary" -> "errors.New";
          "(*time.Time).UnmarshalBinary" -> "errors.New";
          "(*time.Time).UnmarshalBinary" -> "time.FixedZone";
          "(*time.Time).UnmarshalJSON" -> "errors.New";
          "(*time.Time).UnmarshalJSON" -> "time.parseStrictRFC3339";
          "(*time.Time).UnmarshalText" -> "time.parseStrictRFC3339";
          "(*time.Time).addSec" -> "(*time.Time).stripMono";
          "(*time.Time).setLoc" -> "(*time.Time).stripMono";
          "(*time.Time).stripMono" -> "(*time.Time).sec";
          "(*time.Time).unixSec" -> "(*time.Time).sec";
          "(*time.dataIO).big4" -> "(*time.dataIO).read";
          "(*time.dataIO).big8" -> "(*time.dataIO).big4";
          "(*time.dataIO).big8" -> "(*time.dataIO).big4";
          "(*time.dataIO).byte" -> "(*time.dataIO).read";
          "(internal/abi.Name).Data" -> "internal/abi.addChecked";
          "(internal/abi.Name).DataChecked" -> "internal/abi.addChecked";
          "(internal/abi.Name).IsBlank" -> "(internal/abi.Name).Data";
          "(internal/abi.Name).IsBlank" -> "(internal/abi.Name).ReadVarint";
          "(internal/abi.Name).Name" -> "(internal/abi.Name).DataChecked";
          "(internal/abi.Name).Name" -> "(internal/abi.Name).ReadVarint";
          "(internal/abi.Name).ReadVarint" -> "(internal/abi.Name).DataChecked";
          "(internal/abi.Name).Tag" -> "(internal/abi.Name).DataChecked";
          "(internal/abi.Name).Tag" -> "(internal/abi.Name).HasTag";
          "(internal/abi.Name).Tag" -> "(internal/abi.Name).ReadVarint";
          "(internal/abi.Name).Tag" -> "(internal/abi.Name).ReadVarint";
          "(internal/reflectlite.name).data" -> "internal/reflectlite.add";
          "(internal/reflectlite.name).name" -> "(internal/reflectlite.name).data";
          "(internal/reflectlite.name).name" -> "(internal/reflectlite.name).readVarint";
          "(internal/reflectlite.name).readVarint" -> "(internal/reflectlite.name).data";
          "(internal/reflectlite.rtype).AssignableTo" -> "(internal/reflectlite.rtype).common";
          "(internal/reflectlite.rtype).AssignableTo" -> "(internal/reflectlite.rtype).common";
          "(internal/reflectlite.rtype).AssignableTo" -> "internal/reflectlite.directlyAssignable";
          "(internal/reflectlite.rtype).AssignableTo" -> "internal/reflectlite.implements";
          "(internal/reflectlite.rtype).Elem" -> "(internal/reflectlite.rtype).common";
          "(internal/reflectlite.rtype).Elem" -> "internal/reflectlite.elem";
          "(internal/reflectlite.rtype).Elem" -> "internal/reflectlite.toType";
          "(internal/reflectlite.rtype).Implements" -> "(internal/reflectlite.rtype).common";
          "(internal/reflectlite.rtype).Implements" -> "(internal/reflectlite.rtype).common";
          "(internal/reflectlite.rtype).Implements" -> "internal/reflectlite.implements";
          "(internal/reflectlite.rtype).In" -> "(*internal/abi.FuncType).InSlice";
          "(internal/reflectlite.rtype).In" -> "(*internal/abi.Type).FuncType";
          "(internal/reflectlite.rtype).In" -> "internal/reflectlite.toType";
          "(internal/reflectlite.rtype).Key" -> "(*internal/abi.Type).MapType";
          "(internal/reflectlite.rtype).Key" -> "internal/reflectlite.toType";
          "(internal/reflectlite.rtype).Len" -> "(*internal/abi.Type).ArrayType";
          "(internal/reflectlite.rtype).Name" -> "(*internal/abi.Type).HasName";
          "(internal/reflectlite.rtype).Name" -> "(internal/reflectlite.rtype).String";
          "(internal/reflectlite.rtype).NumField" -> "(*internal/abi.Type).StructType";
          "(internal/reflectlite.rtype).NumIn" -> "(*internal/abi.Type).FuncType";
          "(internal/reflectlite.rtype).NumMethod" -> "(*internal/abi.InterfaceType).NumMethod";
          "(internal/reflectlite.rtype).NumMethod" -> "(*internal/abi.Type).InterfaceType";
          "(internal/reflectlite.rtype).NumMethod" -> "(internal/reflectlite.rtype).exportedMethods";
          "(internal/reflectlite.rtype).NumOut" -> "(*internal/abi.FuncType).NumOut";
          "(internal/reflectlite.rtype).NumOut" -> "(*internal/abi.Type).FuncType";
          "(internal/reflectlite.rtype).Out" -> "(*internal/abi.FuncType).OutSlice";
          "(internal/reflectlite.rtype).Out" -> "(*internal/abi.Type).FuncType";
          "(internal/reflectlite.rtype).Out" -> "internal/reflectlite.toType";
          "(internal/reflectlite.rtype).PkgPath" -> "(internal/abi.Name).Name";
          "(internal/reflectlite.rtype).PkgPath" -> "(internal/reflectlite.rtype).nameOff";
          "(internal/reflectlite.rtype).PkgPath" -> "(internal/reflectlite.rtype).uncommon";
          "(internal/reflectlite.rtype).String" -> "(internal/abi.Name).Name";
          "(internal/reflectlite.rtype).String" -> "(internal/reflectlite.rtype).nameOff";
          "(internal/reflectlite.rtype).exportedMethods" -> "(*internal/abi.UncommonType).ExportedMethods";
          "(internal/reflectlite.rtype).exportedMethods" -> "(internal/reflectlite.rtype).uncommon";
          "(internal/reflectlite.rtype).nameOff" -> "internal/reflectlite.resolveNameOff";
          "(internal/reflectlite.rtype).typeOff" -> "internal/reflectlite.resolveTypeOff";
          "(internal/reflectlite.rtype).uncommon" -> "(*internal/abi.Type).Uncommon";
          "(internal/runtime/maps.bitset).first" -> "internal/runtime/maps.bitsetFirst";
          "(internal/runtime/maps.bitset).removeBelow" -> "internal/runtime/maps.bitsetRemoveBelow";
          "(internal/runtime/maps.ctrlGroup).matchEmpty" -> "internal/runtime/maps.ctrlGroupMatchEmpty";
          "(internal/runtime/maps.ctrlGroup).matchEmptyOrDeleted" -> "internal/runtime/maps.ctrlGroupMatchEmptyOrDeleted";
          "(internal/runtime/maps.ctrlGroup).matchFull" -> "internal/runtime/maps.ctrlGroupMatchFull";
          "(internal/runtime/maps.ctrlGroup).matchH2" -> "internal/runtime/maps.ctrlGroupMatchH2";
          "(reflect.ChanDir).String" -> "strconv.Itoa";
          "(reflect.Kind).String" -> "strconv.Itoa";
          "(reflect.StructTag).Get" -> "(reflect.StructTag).Lookup";
          "(reflect.StructTag).Lookup" -> "strconv.Unquote";
          "(reflect.Value).Addr" -> "(reflect.Value).typ";
          "(reflect.Value).Addr" -> "reflect.ptrTo";
          "(reflect.Value).Bool" -> "(reflect.Value).panicNotBool";
          "(reflect.Value).Bool" -> "(reflect.flag).kind";
          "(reflect.Value).Bytes" -> "(reflect.Value).bytesSlow";
          "(reflect.Value).Call" -> "(reflect.Value).call";
          "(reflect.Value).Call" -> "(reflect.flag).mustBe";
          "(reflect.Value).Call" -> "(reflect.flag).mustBeExported";
          "(reflect.Value).Call" -> "internal/poll.runtime_pollServerInit";
          "(reflect.Value).Call" -> "reflect.cvtBytesString";
          "(reflect.Value).Call" -> "reflect.cvtComplex";
          "(reflect.Value).Call" -> "reflect.cvtDirect";
          "(reflect.Value).Call" -> "reflect.cvtFloat";
          "(reflect.Value).Call" -> "reflect.cvtFloatInt";
          "(reflect.Value).Call" -> "reflect.cvtFloatUint";
          "(reflect.Value).Call" -> "reflect.cvtI2I";
          "(reflect.Value).Call" -> "reflect.cvtInt";
          "(reflect.Value).Call" -> "reflect.cvtIntFloat";
          "(reflect.Value).Call" -> "reflect.cvtIntString";
          "(reflect.Value).Call" -> "reflect.cvtRunesString";
          "(reflect.Value).Call" -> "reflect.cvtSliceArray";
          "(reflect.Value).Call" -> "reflect.cvtSliceArrayPtr";
          "(reflect.Value).Call" -> "reflect.cvtStringBytes";
          "(reflect.Value).Call" -> "reflect.cvtStringRunes";
          "(reflect.Value).Call" -> "reflect.cvtT2I";
          "(reflect.Value).Call" -> "reflect.cvtUint";
          "(reflect.Value).Call" -> "reflect.cvtUintFloat";
          "(reflect.Value).Call" -> "reflect.cvtUintString";
          "(reflect.Value).Call" -> "reflect.embeddedIfaceMethStub";
          "(reflect.Value).Call" -> "reflect.makeFuncStub";
          "(reflect.Value).Call" -> "reflect.mapIterNext";
          "(reflect.Value).Call" -> "reflect.mapIterStart";
          "(reflect.Value).Call" -> "reflect.methodValueCall";
          "(reflect.Value).Call" -> "runtime._ExternalCode";
          "(reflect.Value).Call" -> "runtime._GC";
          "(reflect.Value).Call" -> "runtime._LostContendedRuntimeLock";
          "(reflect.Value).Call" -> "runtime._LostExternalCode";
          "(reflect.Value).Call" -> "runtime._LostSIGPROFDuringAtomic64";
          "(reflect.Value).Call" -> "runtime._System";
          "(reflect.Value).Call" -> "runtime._VDSO";
          "(reflect.Value).Call" -> "runtime.asmcgocall";
          "(reflect.Value).Call" -> "runtime.asyncPreempt";
          "(reflect.Value).Call" -> "runtime.cgoSigtramp";
          "(reflect.Value).Call" -> "runtime.cgocall";
          "(reflect.Value).Call" -> "runtime.entersyscall_gcwait";
          "(reflect.Value).Call" -> "runtime.entersyscall_sysmon";
          "(reflect.Value).Call" -> "runtime.exit_trampoline";
          "(reflect.Value).Call" -> "runtime.exitsyscall0";
          "(reflect.Value).Call" -> "runtime.fcntl_trampoline";
          "(reflect.Value).Call" -> "runtime.finalizercommit";
          "(reflect.Value).Call" -> "runtime.freeStackSpans";
          "(reflect.Value).Call" -> "runtime.gcControllerCommit";
          "(reflect.Value).Call" -> "runtime.gcResetMarkState";
          "(reflect.Value).Call" -> "runtime.gosched_m";
          "(reflect.Value).Call" -> "runtime.goschedguarded_m";
          "(reflect.Value).Call" -> "runtime.goyield_m";
          "(reflect.Value).Call" -> "runtime.kevent_trampoline";
          "(reflect.Value).Call" -> "runtime.kqueue_trampoline";
          "(reflect.Value).Call" -> "runtime.madvise_trampoline";
          "(reflect.Value).Call" -> "runtime.markrootFreeGStacks";
          "(reflect.Value).Call" -> "runtime.mlock_trampoline";
          "(reflect.Value).Call" -> "runtime.mmap_trampoline";
          "(reflect.Value).Call" -> "runtime.mspinning";
          "(reflect.Value).Call" -> "runtime.mstart";
          "(reflect.Value).Call" -> "runtime.mstart_stub";
          "(reflect.Value).Call" -> "runtime.munmap_trampoline";
          "(reflect.Value).Call" -> "runtime.nanotime_trampoline";
          "(reflect.Value).Call" -> "runtime.osyield";
          "(reflect.Value).Call" -> "runtime.park_m";
          "(reflect.Value).Call" -> "runtime.parkunlock_c";
          "(reflect.Value).Call" -> "runtime.pollFractionalWorkerExit";
          "(reflect.Value).Call" -> "runtime.pollWork";
          "(reflect.Value).Call" -> "runtime.pthread_attr_getstacksize_trampoline";
          "(reflect.Value).Call" -> "runtime.pthread_attr_init_trampoline";
          "(reflect.Value).Call" -> "runtime.pthread_attr_setdetachstate_trampoline";
          "(reflect.Value).Call" -> "runtime.pthread_cond_init_trampoline";
          "(reflect.Value).Call" -> "runtime.pthread_cond_signal_trampoline";
          "(reflect.Value).Call" -> "runtime.pthread_cond_timedwait_relative_np_trampoline";
          "(reflect.Value).Call" -> "runtime.pthread_cond_wait_trampoline";
          "(reflect.Value).Call" -> "runtime.pthread_create_trampoline";
          "(reflect.Value).Call" -> "runtime.pthread_kill_trampoline";
          "(reflect.Value).Call" -> "runtime.pthread_mutex_init_trampoline";
          "(reflect.Value).Call" -> "runtime.pthread_mutex_lock_trampoline";
          "(reflect.Value).Call" -> "runtime.pthread_mutex_unlock_trampoline";
          "(reflect.Value).Call" -> "runtime.raise_trampoline";
          "(reflect.Value).Call" -> "runtime.raiseproc_trampoline";
          "(reflect.Value).Call" -> "runtime.runSafePointFn";
          "(reflect.Value).Call" -> "runtime.sigaction_trampoline";
          "(reflect.Value).Call" -> "runtime.sighandler";
          "(reflect.Value).Call" -> "runtime.sigpanic";
          "(reflect.Value).Call" -> "runtime.sigprocmask_trampoline";
          "(reflect.Value).Call" -> "runtime.sigtramp";
          "(reflect.Value).Call" -> "runtime.slicebytetostringtmp";
          "(reflect.Value).Call" -> "runtime.unreachableMethod";
          "(reflect.Value).Call" -> "runtime.usleep_trampoline";
          "(reflect.Value).Call" -> "runtime.walltime_trampoline";
          "(reflect.Value).Call" -> "runtime.write_trampoline";
          "(reflect.Value).Call" -> "syscall.Read";
          "(reflect.Value).Call" -> "syscall.ReadDirent";
          "(reflect.Value).Call" -> "syscall.Write";
          "(reflect.Value).Call" -> "syscall.copyenv";
          "(reflect.Value).Call" -> "syscall.libc_close_trampoline";
          "(reflect.Value).Call" -> "syscall.libc_closedir_trampoline";
          "(reflect.Value).Call" -> "syscall.libc_dup_trampoline";
          "(reflect.Value).Call" -> "syscall.libc_fchdir_trampoline";
          "(reflect.Value).Call" -> "syscall.libc_fchmod_trampoline";
          "(reflect.Value).Call" -> "syscall.libc_fchown_trampoline";
          "(reflect.Value).Call" -> "syscall.libc_fcntl_trampoline";
          "(reflect.Value).Call" -> "syscall.libc_fdopendir_trampoline";
          "(reflect.Value).Call" -> "syscall.libc_fstat_trampoline";
          "(reflect.Value).Call" -> "syscall.libc_fsync_trampoline";
          "(reflect.Value).Call" -> "syscall.libc_ftruncate_trampoline";
          "(reflect.Value).Call" -> "syscall.libc_getsockopt_trampoline";
          "(reflect.Value).Call" -> "syscall.libc_lseek_trampoline";
          "(reflect.Value).Call" -> "syscall.libc_open_trampoline";
          "(reflect.Value).Call" -> "syscall.libc_openat_trampoline";
          "(reflect.Value).Call" -> "syscall.libc_pread_trampoline";
          "(reflect.Value).Call" -> "syscall.libc_pwrite_trampoline";
          "(reflect.Value).Call" -> "syscall.libc_read_trampoline";
          "(reflect.Value).Call" -> "syscall.libc_readdir_r_trampoline";
          "(reflect.Value).Call" -> "syscall.libc_recvfrom_trampoline";
          "(reflect.Value).Call" -> "syscall.libc_recvmsg_trampoline";
          "(reflect.Value).Call" -> "syscall.libc_sendmsg_trampoline";
          "(reflect.Value).Call" -> "syscall.libc_sendto_trampoline";
          "(reflect.Value).Call" -> "syscall.libc_setsockopt_trampoline";
          "(reflect.Value).Call" -> "syscall.libc_shutdown_trampoline";
          "(reflect.Value).Call" -> "syscall.libc_write_trampoline";
          "(reflect.Value).Call" -> "time.initLocal";
          "(reflect.Value).CallSlice" -> "(reflect.Value).call";
          "(reflect.Value).CallSlice" -> "(reflect.flag).mustBe";
          "(reflect.Value).CallSlice" -> "(reflect.flag).mustBeExported";
          "(reflect.Value).CanComplex" -> "(reflect.flag).kind";
          "(reflect.Value).CanConvert" -> "(*reflect.rtype).ConvertibleTo";
          "(reflect.Value).CanConvert" -> "(*reflect.rtype).Elem";
          "(reflect.Value).CanConvert" -> "(*reflect.rtype).Elem";
          "(reflect.Value).CanConvert" -> "(*reflect.rtype).Kind";
          "(reflect.Value).CanConvert" -> "(*reflect.rtype).Kind";
          "(reflect.Value).CanConvert" -> "(*reflect.rtype).Kind";
          "(reflect.Value).CanConvert" -> "(*reflect.rtype).Kind";
          "(reflect.Value).CanConvert" -> "(*reflect.rtype).Kind";
          "(reflect.Value).CanConvert" -> "(*reflect.rtype).Len";
          "(reflect.Value).CanConvert" -> "(*reflect.rtype).Len";
          "(reflect.Value).CanConvert" -> "(reflect.Value).Len";
          "(reflect.Value).CanConvert" -> "(reflect.Value).Len";
          "(reflect.Value).CanConvert" -> "(reflect.Value).Type";
          "(reflect.Value).CanFloat" -> "(reflect.flag).kind";
          "(reflect.Value).CanInt" -> "(reflect.flag).kind";
          "(reflect.Value).CanUint" -> "(reflect.flag).kind";
          "(reflect.Value).Cap" -> "(reflect.Value).capNonSlice";
          "(reflect.Value).Cap" -> "(reflect.flag).kind";
          "(reflect.Value).Clear" -> "(reflect.Value).Kind";
          "(reflect.Value).Clear" -> "(reflect.Value).Kind";
          "(reflect.Value).Clear" -> "(reflect.Value).pointer";
          "(reflect.Value).Clear" -> "(reflect.Value).typ";
          "(reflect.Value).Clear" -> "(reflect.Value).typ";
          "(reflect.Value).Clear" -> "reflect.mapclear";
          "(reflect.Value).Clear" -> "reflect.typedarrayclear";
          "(reflect.Value).Close" -> "(reflect.Value).pointer";
          "(reflect.Value).Close" -> "(reflect.Value).typ";
          "(reflect.Value).Close" -> "(reflect.flag).mustBe";
          "(reflect.Value).Close" -> "(reflect.flag).mustBeExported";
          "(reflect.Value).Close" -> "reflect.chanclose";
          "(reflect.Value).Comparable" -> "(*reflect.rtype).Comparable";
          "(reflect.Value).Comparable" -> "(*reflect.rtype).Comparable";
          "(reflect.Value).Comparable" -> "(*reflect.rtype).Elem";
          "(reflect.Value).Comparable" -> "(*reflect.rtype).Kind";
          "(reflect.Value).Comparable" -> "(*reflect.rtype).Len";
          "(reflect.Value).Comparable" -> "(reflect.Value).Comparable";
          "(reflect.Value).Comparable" -> "(reflect.Value).Comparable";
          "(reflect.Value).Comparable" -> "(reflect.Value).Comparable";
          "(reflect.Value).Comparable" -> "(reflect.Value).Elem";
          "(reflect.Value).Comparable" -> "(reflect.Value).Field";
          "(reflect.Value).Comparable" -> "(reflect.Value).Index";
          "(reflect.Value).Comparable" -> "(reflect.Value).IsNil";
          "(reflect.Value).Comparable" -> "(reflect.Value).Kind";
          "(reflect.Value).Comparable" -> "(reflect.Value).NumField";
          "(reflect.Value).Comparable" -> "(reflect.Value).Type";
          "(reflect.Value).Comparable" -> "(reflect.Value).Type";
          "(reflect.Value).Comparable" -> "(reflect.Value).Type";
          "(reflect.Value).Comparable" -> "(reflect.Value).Type";
          "(reflect.Value).Complex" -> "(reflect.flag).kind";
          "(reflect.Value).Complex" -> "(reflect.flag).kind";
          "(reflect.Value).Convert" -> "(*reflect.rtype).String";
          "(reflect.Value).Convert" -> "(*reflect.rtype).common";
          "(reflect.Value).Convert" -> "(reflect.Value).typ";
          "(reflect.Value).Convert" -> "(reflect.Value).typ";
          "(reflect.Value).Convert" -> "reflect.convertOp";
          "(reflect.Value).Convert" -> "reflect.cvtBytesString";
          "(reflect.Value).Convert" -> "reflect.cvtComplex";
          "(reflect.Value).Convert" -> "reflect.cvtDirect";
          "(reflect.Value).Convert" -> "reflect.cvtFloat";
          "(reflect.Value).Convert" -> "reflect.cvtFloatInt";
          "(reflect.Value).Convert" -> "reflect.cvtFloatUint";
          "(reflect.Value).Convert" -> "reflect.cvtI2I";
          "(reflect.Value).Convert" -> "reflect.cvtInt";
          "(reflect.Value).Convert" -> "reflect.cvtIntFloat";
          "(reflect.Value).Convert" -> "reflect.cvtIntString";
          "(reflect.Value).Convert" -> "reflect.cvtRunesString";
          "(reflect.Value).Convert" -> "reflect.cvtSliceArray";
          "(reflect.Value).Convert" -> "reflect.cvtSliceArrayPtr";
          "(reflect.Value).Convert" -> "reflect.cvtStringBytes";
          "(reflect.Value).Convert" -> "reflect.cvtStringRunes";
          "(reflect.Value).Convert" -> "reflect.cvtT2I";
          "(reflect.Value).Convert" -> "reflect.cvtUint";
          "(reflect.Value).Convert" -> "reflect.cvtUintFloat";
          "(reflect.Value).Convert" -> "reflect.cvtUintString";
          "(reflect.Value).Convert" -> "reflect.makeMethodValue";
          "(reflect.Value).Convert" -> "reflect.stringFor";
          "(reflect.Value).Elem" -> "(*internal/abi.Type).IfaceIndir";
          "(reflect.Value).Elem" -> "(*internal/abi.Type).Kind";
          "(reflect.Value).Elem" -> "(*internal/abi.Type).NumMethod";
          "(reflect.Value).Elem" -> "(reflect.Value).typ";
          "(reflect.Value).Elem" -> "(reflect.Value).typ";
          "(reflect.Value).Elem" -> "(reflect.Value).typ";
          "(reflect.Value).Elem" -> "(reflect.flag).kind";
          "(reflect.Value).Elem" -> "(reflect.flag).kind";
          "(reflect.Value).Elem" -> "(reflect.flag).ro";
          "(reflect.Value).Elem" -> "reflect.unpackEface";
          "(reflect.Value).Elem" -> "reflect.verifyNotInHeapPtr";
          "(reflect.Value).Equal" -> "(*reflect.rtype).Comparable";
          "(reflect.Value).Equal" -> "(*reflect.rtype).Elem";
          "(reflect.Value).Equal" -> "(*reflect.rtype).String";
          "(reflect.Value).Equal" -> "(reflect.Value).Bool";
          "(reflect.Value).Equal" -> "(reflect.Value).Bool";
          "(reflect.Value).Equal" -> "(reflect.Value).Complex";
          "(reflect.Value).Equal" -> "(reflect.Value).Complex";
          "(reflect.Value).Equal" -> "(reflect.Value).Elem";
          "(reflect.Value).Equal" -> "(reflect.Value).Elem";
          "(reflect.Value).Equal" -> "(reflect.Value).Equal";
          "(reflect.Value).Equal" -> "(reflect.Value).Equal";
          "(reflect.Value).Equal" -> "(reflect.Value).Field";
          "(reflect.Value).Equal" -> "(reflect.Value).Field";
          "(reflect.Value).Equal" -> "(reflect.Value).Float";
          "(reflect.Value).Equal" -> "(reflect.Value).Float";
          "(reflect.Value).Equal" -> "(reflect.Value).Index";
          "(reflect.Value).Equal" -> "(reflect.Value).Index";
          "(reflect.Value).Equal" -> "(reflect.Value).Int";
          "(reflect.Value).Equal" -> "(reflect.Value).Int";
          "(reflect.Value).Equal" -> "(reflect.Value).IsValid";
          "(reflect.Value).Equal" -> "(reflect.Value).IsValid";
          "(reflect.Value).Equal" -> "(reflect.Value).IsValid";
          "(reflect.Value).Equal" -> "(reflect.Value).IsValid";
          "(reflect.Value).Equal" -> "(reflect.Value).Kind";
          "(reflect.Value).Equal" -> "(reflect.Value).Kind";
          "(reflect.Value).Equal" -> "(reflect.Value).Kind";
          "(reflect.Value).Equal" -> "(reflect.Value).Kind";
          "(reflect.Value).Equal" -> "(reflect.Value).Kind";
          "(reflect.Value).Equal" -> "(reflect.Value).Len";
          "(reflect.Value).Equal" -> "(reflect.Value).NumField";
          "(reflect.Value).Equal" -> "(reflect.Value).Pointer";
          "(reflect.Value).Equal" -> "(reflect.Value).Pointer";
          "(reflect.Value).Equal" -> "(reflect.Value).String";
          "(reflect.Value).Equal" -> "(reflect.Value).String";
          "(reflect.Value).Equal" -> "(reflect.Value).Type";
          "(reflect.Value).Equal" -> "(reflect.Value).Type";
          "(reflect.Value).Equal" -> "(reflect.Value).Type";
          "(reflect.Value).Equal" -> "(reflect.Value).Type";
          "(reflect.Value).Equal" -> "(reflect.Value).Uint";
          "(reflect.Value).Equal" -> "(reflect.Value).Uint";
          "(reflect.Value).Field" -> "(*internal/abi.StructField).Embedded";
          "(reflect.Value).Field" -> "(*internal/abi.Type).Kind";
          "(reflect.Value).Field" -> "(internal/abi.Name).IsExported";
          "(reflect.Value).Field" -> "(reflect.Value).typ";
          "(reflect.Value).Field" -> "(reflect.flag).kind";
          "(reflect.Value).Field" -> "(reflect.flag).kind";
          "(reflect.Value).Field" -> "reflect.add";
          "(reflect.Value).FieldByIndex" -> "(*internal/abi.Type).Elem";
          "(reflect.Value).FieldByIndex" -> "(*internal/abi.Type).Kind";
          "(reflect.Value).FieldByIndex" -> "(reflect.Value).Elem";
          "(reflect.Value).FieldByIndex" -> "(reflect.Value).Field";
          "(reflect.Value).FieldByIndex" -> "(reflect.Value).Field";
          "(reflect.Value).FieldByIndex" -> "(reflect.Value).IsNil";
          "(reflect.Value).FieldByIndex" -> "(reflect.Value).Kind";
          "(reflect.Value).FieldByIndex" -> "(reflect.Value).typ";
          "(reflect.Value).FieldByIndex" -> "(reflect.flag).mustBe";
          "(reflect.Value).FieldByIndexErr" -> "(*internal/abi.Type).Elem";
          "(reflect.Value).FieldByIndexErr" -> "(*internal/abi.Type).Elem";
          "(reflect.Value).FieldByIndexErr" -> "(*internal/abi.Type).Kind";
          "(reflect.Value).FieldByIndexErr" -> "(reflect.Value).Elem";
          "(reflect.Value).FieldByIndexErr" -> "(reflect.Value).Field";
          "(reflect.Value).FieldByIndexErr" -> "(reflect.Value).Field";
          "(reflect.Value).FieldByIndexErr" -> "(reflect.Value).IsNil";
          "(reflect.Value).FieldByIndexErr" -> "(reflect.Value).Kind";
          "(reflect.Value).FieldByIndexErr" -> "(reflect.Value).typ";
          "(reflect.Value).FieldByIndexErr" -> "(reflect.Value).typ";
          "(reflect.Value).FieldByIndexErr" -> "(reflect.flag).mustBe";
          "(reflect.Value).FieldByIndexErr" -> "errors.New";
          "(reflect.Value).FieldByIndexErr" -> "reflect.nameFor";
          "(reflect.Value).FieldByName" -> "(*reflect.rtype).FieldByName";
          "(reflect.Value).FieldByName" -> "(reflect.Value).FieldByIndex";
          "(reflect.Value).FieldByName" -> "(reflect.Value).typ";
          "(reflect.Value).FieldByName" -> "(reflect.flag).mustBe";
          "(reflect.Value).FieldByName" -> "reflect.toRType";
          "(reflect.Value).FieldByNameFunc" -> "(*reflect.rtype).FieldByNameFunc";
          "(reflect.Value).FieldByNameFunc" -> "(reflect.Value).FieldByIndex";
          "(reflect.Value).FieldByNameFunc" -> "(reflect.Value).typ";
          "(reflect.Value).FieldByNameFunc" -> "reflect.toRType";
          "(reflect.Value).Float" -> "(reflect.flag).kind";
          "(reflect.Value).Float" -> "(reflect.flag).kind";
          "(reflect.Value).Grow" -> "(reflect.Value).grow";
          "(reflect.Value).Grow" -> "(reflect.flag).mustBe";
          "(reflect.Value).Grow" -> "(reflect.flag).mustBeAssignable";
          "(reflect.Value).Index" -> "(*internal/abi.Type).Kind";
          "(reflect.Value).Index" -> "(*internal/abi.Type).Kind";
          "(reflect.Value).Index" -> "(*internal/abi.Type).Size";
          "(reflect.Value).Index" -> "(*internal/abi.Type).Size";
          "(reflect.Value).Index" -> "(reflect.Value).typ";
          "(reflect.Value).Index" -> "(reflect.Value).typ";
          "(reflect.Value).Index" -> "(reflect.flag).kind";
          "(reflect.Value).Index" -> "(reflect.flag).kind";
          "(reflect.Value).Index" -> "(reflect.flag).ro";
          "(reflect.Value).Index" -> "(reflect.flag).ro";
          "(reflect.Value).Index" -> "(reflect.flag).ro";
          "(reflect.Value).Index" -> "reflect.add";
          "(reflect.Value).Index" -> "reflect.arrayAt";
          "(reflect.Value).Index" -> "reflect.arrayAt";
          "(reflect.Value).Int" -> "(reflect.flag).kind";
          "(reflect.Value).Int" -> "(reflect.flag).kind";
          "(reflect.Value).Interface" -> "reflect.valueInterface";
          "(reflect.Value).InterfaceData" -> "(reflect.flag).mustBe";
          "(reflect.Value).InterfaceData" -> "reflect.escapes";
          "(reflect.Value).IsNil" -> "(reflect.flag).kind";
          "(reflect.Value).IsNil" -> "(reflect.flag).kind";
          "(reflect.Value).IsZero" -> "(*internal/abi.Type).Size";
          "(reflect.Value).IsZero" -> "(*internal/abi.Type).Size";
          "(reflect.Value).IsZero" -> "(*internal/abi.Type).Size";
          "(reflect.Value).IsZero" -> "(*internal/abi.Type).Size";
          "(reflect.Value).IsZero" -> "(*reflect.rtype).Field";
          "(reflect.Value).IsZero" -> "(reflect.Value).Bool";
          "(reflect.Value).IsZero" -> "(reflect.Value).Complex";
          "(reflect.Value).IsZero" -> "(reflect.Value).Field";
          "(reflect.Value).IsZero" -> "(reflect.Value).Float";
          "(reflect.Value).IsZero" -> "(reflect.Value).Index";
          "(reflect.Value).IsZero" -> "(reflect.Value).Int";
          "(reflect.Value).IsZero" -> "(reflect.Value).IsNil";
          "(reflect.Value).IsZero" -> "(reflect.Value).IsZero";
          "(reflect.Value).IsZero" -> "(reflect.Value).IsZero";
          "(reflect.Value).IsZero" -> "(reflect.Value).Kind";
          "(reflect.Value).IsZero" -> "(reflect.Value).Len";
          "(reflect.Value).IsZero" -> "(reflect.Value).NumField";
          "(reflect.Value).IsZero" -> "(reflect.Value).Type";
          "(reflect.Value).IsZero" -> "(reflect.Value).Uint";
          "(reflect.Value).IsZero" -> "(reflect.Value).typ";
          "(reflect.Value).IsZero" -> "(reflect.Value).typ";
          "(reflect.Value).IsZero" -> "(reflect.flag).kind";
          "(reflect.Value).IsZero" -> "internal/abi.NoEscape";
          "(reflect.Value).IsZero" -> "internal/abi.NoEscape";
          "(reflect.Value).IsZero" -> "reflect.isZero";
          "(reflect.Value).IsZero" -> "reflect.isZero";
          "(reflect.Value).Kind" -> "(reflect.flag).kind";
          "(reflect.Value).Len" -> "(reflect.Value).lenNonSlice";
          "(reflect.Value).Len" -> "(reflect.flag).kind";
          "(reflect.Value).MapIndex" -> "(*internal/abi.Type).Kind";
          "(reflect.Value).MapIndex" -> "(*internal/abi.Type).Size";
          "(reflect.Value).MapIndex" -> "(reflect.Value).assignTo";
          "(reflect.Value).MapIndex" -> "(reflect.Value).pointer";
          "(reflect.Value).MapIndex" -> "(reflect.Value).pointer";
          "(reflect.Value).MapIndex" -> "(reflect.Value).typ";
          "(reflect.Value).MapIndex" -> "(reflect.Value).typ";
          "(reflect.Value).MapIndex" -> "(reflect.Value).typ";
          "(reflect.Value).MapIndex" -> "(reflect.Value).typ";
          "(reflect.Value).MapIndex" -> "(reflect.flag).kind";
          "(reflect.Value).MapIndex" -> "(reflect.flag).mustBe";
          "(reflect.Value).MapIndex" -> "(reflect.flag).ro";
          "(reflect.Value).MapIndex" -> "reflect.copyVal";
          "(reflect.Value).MapIndex" -> "reflect.mapaccess";
          "(reflect.Value).MapIndex" -> "reflect.mapaccess_faststr";
          "(reflect.Value).MapKeys" -> "(*internal/abi.Type).Kind";
          "(reflect.Value).MapKeys" -> "(*internal/runtime/maps.Iter).Key";
          "(reflect.Value).MapKeys" -> "(reflect.Value).pointer";
          "(reflect.Value).MapKeys" -> "(reflect.Value).typ";
          "(reflect.Value).MapKeys" -> "(reflect.flag).mustBe";
          "(reflect.Value).MapKeys" -> "(reflect.flag).ro";
          "(reflect.Value).MapKeys" -> "internal/abi.NoEscape";
          "(reflect.Value).MapKeys" -> "reflect.copyVal";
          "(reflect.Value).MapKeys" -> "reflect.mapIterNext";
          "(reflect.Value).MapKeys" -> "reflect.mapIterStart";
          "(reflect.Value).MapKeys" -> "reflect.maplen";
          "(reflect.Value).MapRange" -> "(reflect.flag).kind";
          "(reflect.Value).MapRange" -> "(reflect.flag).panicNotMap";
          "(reflect.Value).Method" -> "(*internal/abi.Type).Kind";
          "(reflect.Value).Method" -> "(*reflect.rtype).NumMethod";
          "(reflect.Value).Method" -> "(reflect.Value).IsNil";
          "(reflect.Value).Method" -> "(reflect.Value).typ";
          "(reflect.Value).Method" -> "(reflect.Value).typ";
          "(reflect.Value).Method" -> "(reflect.Value).typ";
          "(reflect.Value).Method" -> "(reflect.Value).typ";
          "(reflect.Value).Method" -> "(reflect.flag).ro";
          "(reflect.Value).Method" -> "reflect.toRType";
          "(reflect.Value).MethodByName" -> "(*reflect.rtype).MethodByName";
          "(reflect.Value).MethodByName" -> "(reflect.Value).Method";
          "(reflect.Value).MethodByName" -> "(reflect.Value).typ";
          "(reflect.Value).MethodByName" -> "(reflect.Value).typ";
          "(reflect.Value).MethodByName" -> "reflect.toRType";
          "(reflect.Value).NumField" -> "(reflect.Value).typ";
          "(reflect.Value).NumField" -> "(reflect.flag).mustBe";
          "(reflect.Value).NumMethod" -> "(*reflect.rtype).NumMethod";
          "(reflect.Value).NumMethod" -> "(reflect.Value).typ";
          "(reflect.Value).NumMethod" -> "(reflect.Value).typ";
          "(reflect.Value).NumMethod" -> "reflect.toRType";
          "(reflect.Value).OverflowComplex" -> "(reflect.flag).kind";
          "(reflect.Value).OverflowComplex" -> "(reflect.flag).kind";
          "(reflect.Value).OverflowComplex" -> "reflect.overflowFloat32";
          "(reflect.Value).OverflowComplex" -> "reflect.overflowFloat32";
          "(reflect.Value).OverflowFloat" -> "(reflect.flag).kind";
          "(reflect.Value).OverflowFloat" -> "(reflect.flag).kind";
          "(reflect.Value).OverflowFloat" -> "reflect.overflowFloat32";
          "(reflect.Value).OverflowInt" -> "(*internal/abi.Type).Size";
          "(reflect.Value).OverflowInt" -> "(reflect.Value).typ";
          "(reflect.Value).OverflowInt" -> "(reflect.flag).kind";
          "(reflect.Value).OverflowInt" -> "(reflect.flag).kind";
          "(reflect.Value).OverflowUint" -> "(*internal/abi.Type).Size";
          "(reflect.Value).OverflowUint" -> "(reflect.flag).kind";
          "(reflect.Value).OverflowUint" -> "(reflect.flag).kind";
          "(reflect.Value).Pointer" -> "(*internal/abi.Type).Pointers";
          "(reflect.Value).Pointer" -> "(reflect.Value).pointer";
          "(reflect.Value).Pointer" -> "(reflect.Value).pointer";
          "(reflect.Value).Pointer" -> "(reflect.Value).typ";
          "(reflect.Value).Pointer" -> "(reflect.flag).kind";
          "(reflect.Value).Pointer" -> "(reflect.flag).kind";
          "(reflect.Value).Pointer" -> "reflect.escapes";
          "(reflect.Value).Pointer" -> "reflect.methodValueCallCodePtr";
          "(reflect.Value).Pointer" -> "reflect.verifyNotInHeapPtr";
          "(reflect.Value).Recv" -> "(reflect.Value).recv";
          "(reflect.Value).Recv" -> "(reflect.flag).mustBe";
          "(reflect.Value).Recv" -> "(reflect.flag).mustBeExported";
          "(reflect.Value).Send" -> "(reflect.Value).send";
          "(reflect.Value).Send" -> "(reflect.flag).mustBe";
          "(reflect.Value).Send" -> "(reflect.flag).mustBeExported";
          "(reflect.Value).Seq" -> "(*reflect.rtype).String";
          "(reflect.Value).Seq" -> "(reflect.Value).Elem";
          "(reflect.Value).Seq" -> "(reflect.Value).Int";
          "(reflect.Value).Seq" -> "(reflect.Value).Int";
          "(reflect.Value).Seq" -> "(reflect.Value).Int";
          "(reflect.Value).Seq" -> "(reflect.Value).Int";
          "(reflect.Value).Seq" -> "(reflect.Value).Int";
          "(reflect.Value).Seq" -> "(reflect.Value).Type";
          "(reflect.Value).Seq" -> "(reflect.Value).Type";
          "(reflect.Value).Seq" -> "(reflect.Value).Type";
          "(reflect.Value).Seq" -> "(reflect.Value).Type";
          "(reflect.Value).Seq" -> "(reflect.Value).Type";
          "(reflect.Value).Seq" -> "(reflect.Value).Type";
          "(reflect.Value).Seq" -> "(reflect.Value).Type";
          "(reflect.Value).Seq" -> "(reflect.Value).Type";
          "(reflect.Value).Seq" -> "(reflect.Value).Type";
          "(reflect.Value).Seq" -> "(reflect.Value).Type";
          "(reflect.Value).Seq" -> "(reflect.Value).Type";
          "(reflect.Value).Seq" -> "(reflect.Value).Type";
          "(reflect.Value).Seq" -> "(reflect.Value).Uint";
          "(reflect.Value).Seq" -> "(reflect.Value).Uint";
          "(reflect.Value).Seq" -> "(reflect.Value).Uint";
          "(reflect.Value).Seq" -> "(reflect.Value).Uint";
          "(reflect.Value).Seq" -> "(reflect.Value).Uint";
          "(reflect.Value).Seq" -> "(reflect.Value).Uint";
          "(reflect.Value).Seq" -> "(reflect.Value).abiType";
          "(reflect.Value).Seq" -> "(reflect.flag).kind";
          "(reflect.Value).Seq" -> "(reflect.flag).kind";
          "(reflect.Value).Seq" -> "reflect.canRangeFunc";
          "(reflect.Value).Seq2" -> "(*reflect.rtype).String";
          "(reflect.Value).Seq2" -> "(reflect.Value).Elem";
          "(reflect.Value).Seq2" -> "(reflect.Value).Kind";
          "(reflect.Value).Seq2" -> "(reflect.Value).Type";
          "(reflect.Value).Seq2" -> "(reflect.Value).abiType";
          "(reflect.Value).Seq2" -> "(reflect.flag).kind";
          "(reflect.Value).Seq2" -> "reflect.canRangeFunc2";
          "(reflect.Value).Set" -> "(reflect.Value).assignTo";
          "(reflect.Value).Set" -> "(reflect.Value).typ";
          "(reflect.Value).Set" -> "(reflect.Value).typ";
          "(reflect.Value).Set" -> "(reflect.Value).typ";
          "(reflect.Value).Set" -> "(reflect.flag).kind";
          "(reflect.Value).Set" -> "(reflect.flag).mustBeAssignable";
          "(reflect.Value).Set" -> "(reflect.flag).mustBeExported";
          "(reflect.Value).Set" -> "reflect.typedmemclr";
          "(reflect.Value).Set" -> "reflect.typedmemmove";
          "(reflect.Value).SetBool" -> "(reflect.flag).mustBe";
          "(reflect.Value).SetBool" -> "(reflect.flag).mustBeAssignable";
          "(reflect.Value).SetBytes" -> "(*reflect.rtype).Elem";
          "(reflect.Value).SetBytes" -> "(*reflect.rtype).Kind";
          "(reflect.Value).SetBytes" -> "(reflect.Value).typ";
          "(reflect.Value).SetBytes" -> "(reflect.flag).mustBe";
          "(reflect.Value).SetBytes" -> "(reflect.flag).mustBeAssignable";
          "(reflect.Value).SetBytes" -> "reflect.toRType";
          "(reflect.Value).SetCap" -> "(reflect.flag).mustBe";
          "(reflect.Value).SetCap" -> "(reflect.flag).mustBeAssignable";
          "(reflect.Value).SetComplex" -> "(reflect.flag).kind";
          "(reflect.Value).SetComplex" -> "(reflect.flag).kind";
          "(reflect.Value).SetComplex" -> "(reflect.flag).mustBeAssignable";
          "(reflect.Value).SetFloat" -> "(reflect.flag).kind";
          "(reflect.Value).SetFloat" -> "(reflect.flag).kind";
          "(reflect.Value).SetFloat" -> "(reflect.flag).mustBeAssignable";
          "(reflect.Value).SetInt" -> "(reflect.flag).kind";
          "(reflect.Value).SetInt" -> "(reflect.flag).kind";
          "(reflect.Value).SetInt" -> "(reflect.flag).mustBeAssignable";
          "(reflect.Value).SetIterKey" -> "(*internal/abi.Type).Kind";
          "(reflect.Value).SetIterKey" -> "(*internal/runtime/maps.Iter).Initialized";
          "(reflect.Value).SetIterKey" -> "(*internal/runtime/maps.Iter).Key";
          "(reflect.Value).SetIterKey" -> "(reflect.Value).assignTo";
          "(reflect.Value).SetIterKey" -> "(reflect.Value).typ";
          "(reflect.Value).SetIterKey" -> "(reflect.Value).typ";
          "(reflect.Value).SetIterKey" -> "(reflect.Value).typ";
          "(reflect.Value).SetIterKey" -> "(reflect.flag).kind";
          "(reflect.Value).SetIterKey" -> "(reflect.flag).mustBeAssignable";
          "(reflect.Value).SetIterKey" -> "(reflect.flag).mustBeExported";
          "(reflect.Value).SetIterKey" -> "reflect.typedmemmove";
          "(reflect.Value).SetIterValue" -> "(*internal/abi.Type).Kind";
          "(reflect.Value).SetIterValue" -> "(*internal/runtime/maps.Iter).Elem";
          "(reflect.Value).SetIterValue" -> "(*internal/runtime/maps.Iter).Initialized";
          "(reflect.Value).SetIterValue" -> "(reflect.Value).assignTo";
          "(reflect.Value).SetIterValue" -> "(reflect.Value).typ";
          "(reflect.Value).SetIterValue" -> "(reflect.Value).typ";
          "(reflect.Value).SetIterValue" -> "(reflect.Value).typ";
          "(reflect.Value).SetIterValue" -> "(reflect.flag).kind";
          "(reflect.Value).SetIterValue" -> "(reflect.flag).mustBeAssignable";
          "(reflect.Value).SetIterValue" -> "(reflect.flag).mustBeExported";
          "(reflect.Value).SetIterValue" -> "reflect.typedmemmove";
          "(reflect.Value).SetLen" -> "(reflect.flag).mustBe";
          "(reflect.Value).SetLen" -> "(reflect.flag).mustBeAssignable";
          "(reflect.Value).SetMapIndex" -> "(*internal/abi.Type).Size";
          "(reflect.Value).SetMapIndex" -> "(reflect.Value).assignTo";
          "(reflect.Value).SetMapIndex" -> "(reflect.Value).assignTo";
          "(reflect.Value).SetMapIndex" -> "(reflect.Value).assignTo";
          "(reflect.Value).SetMapIndex" -> "(reflect.Value).pointer";
          "(reflect.Value).SetMapIndex" -> "(reflect.Value).pointer";
          "(reflect.Value).SetMapIndex" -> "(reflect.Value).pointer";
          "(reflect.Value).SetMapIndex" -> "(reflect.Value).pointer";
          "(reflect.Value).SetMapIndex" -> "(reflect.Value).typ";
          "(reflect.Value).SetMapIndex" -> "(reflect.Value).typ";
          "(reflect.Value).SetMapIndex" -> "(reflect.Value).typ";
          "(reflect.Value).SetMapIndex" -> "(reflect.Value).typ";
          "(reflect.Value).SetMapIndex" -> "(reflect.Value).typ";
          "(reflect.Value).SetMapIndex" -> "(reflect.Value).typ";
          "(reflect.Value).SetMapIndex" -> "(reflect.Value).typ";
          "(reflect.Value).SetMapIndex" -> "(reflect.Value).typ";
          "(reflect.Value).SetMapIndex" -> "(reflect.flag).kind";
          "(reflect.Value).SetMapIndex" -> "(reflect.flag).mustBe";
          "(reflect.Value).SetMapIndex" -> "(reflect.flag).mustBeExported";
          "(reflect.Value).SetMapIndex" -> "(reflect.flag).mustBeExported";
          "(reflect.Value).SetMapIndex" -> "(reflect.flag).mustBeExported";
          "(reflect.Value).SetMapIndex" -> "(reflect.flag).mustBeExported";
          "(reflect.Value).SetMapIndex" -> "reflect.mapassign";
          "(reflect.Value).SetMapIndex" -> "reflect.mapassign_faststr";
          "(reflect.Value).SetMapIndex" -> "reflect.mapdelete";
          "(reflect.Value).SetMapIndex" -> "reflect.mapdelete_faststr";
          "(reflect.Value).SetPointer" -> "(reflect.flag).mustBe";
          "(reflect.Value).SetPointer" -> "(reflect.flag).mustBeAssignable";
          "(reflect.Value).SetString" -> "(reflect.flag).mustBe";
          "(reflect.Value).SetString" -> "(reflect.flag).mustBeAssignable";
          "(reflect.Value).SetUint" -> "(reflect.flag).kind";
          "(reflect.Value).SetUint" -> "(reflect.flag).kind";
          "(reflect.Value).SetUint" -> "(reflect.flag).mustBeAssignable";
          "(reflect.Value).SetZero" -> "(reflect.Value).Kind";
          "(reflect.Value).SetZero" -> "(reflect.Value).typ";
          "(reflect.Value).SetZero" -> "(reflect.flag).kind";
          "(reflect.Value).SetZero" -> "(reflect.flag).mustBeAssignable";
          "(reflect.Value).SetZero" -> "reflect.typedmemclr";
          "(reflect.Value).Slice" -> "(*internal/abi.Type).Common";
          "(reflect.Value).Slice" -> "(*internal/abi.Type).Size";
          "(reflect.Value).Slice" -> "(reflect.Value).typ";
          "(reflect.Value).Slice" -> "(reflect.Value).typ";
          "(reflect.Value).Slice" -> "(reflect.Value).typ";
          "(reflect.Value).Slice" -> "(reflect.flag).kind";
          "(reflect.Value).Slice" -> "(reflect.flag).kind";
          "(reflect.Value).Slice" -> "(reflect.flag).ro";
          "(reflect.Value).Slice" -> "reflect.arrayAt";
          "(reflect.Value).Slice" -> "reflect.arrayAt";
          "(reflect.Value).Slice3" -> "(*internal/abi.Type).Common";
          "(reflect.Value).Slice3" -> "(*internal/abi.Type).Size";
          "(reflect.Value).Slice3" -> "(reflect.Value).typ";
          "(reflect.Value).Slice3" -> "(reflect.Value).typ";
          "(reflect.Value).Slice3" -> "(reflect.flag).kind";
          "(reflect.Value).Slice3" -> "(reflect.flag).kind";
          "(reflect.Value).Slice3" -> "(reflect.flag).ro";
          "(reflect.Value).Slice3" -> "reflect.arrayAt";
          "(reflect.Value).String" -> "(reflect.Value).stringNonString";
          "(reflect.Value).String" -> "(reflect.flag).kind";
          "(reflect.Value).TryRecv" -> "(reflect.Value).recv";
          "(reflect.Value).TryRecv" -> "(reflect.flag).mustBe";
          "(reflect.Value).TryRecv" -> "(reflect.flag).mustBeExported";
          "(reflect.Value).TrySend" -> "(reflect.Value).send";
          "(reflect.Value).TrySend" -> "(reflect.flag).mustBe";
          "(reflect.Value).TrySend" -> "(reflect.flag).mustBeExported";
          "(reflect.Value).Type" -> "(reflect.Value).typeSlow";
          "(reflect.Value).Type" -> "internal/abi.NoEscape";
          "(reflect.Value).Uint" -> "(reflect.flag).kind";
          "(reflect.Value).Uint" -> "(reflect.flag).kind";
          "(reflect.Value).UnsafeAddr" -> "(reflect.Value).typ";
          "(reflect.Value).UnsafeAddr" -> "reflect.escapes";
          "(reflect.Value).UnsafePointer" -> "(*internal/abi.Type).Pointers";
          "(reflect.Value).UnsafePointer" -> "(reflect.Value).pointer";
          "(reflect.Value).UnsafePointer" -> "(reflect.Value).pointer";
          "(reflect.Value).UnsafePointer" -> "(reflect.Value).typ";
          "(reflect.Value).UnsafePointer" -> "(reflect.flag).kind";
          "(reflect.Value).UnsafePointer" -> "(reflect.flag).kind";
          "(reflect.Value).UnsafePointer" -> "reflect.methodValueCallCodePtr";
          "(reflect.Value).UnsafePointer" -> "reflect.verifyNotInHeapPtr";
          "(reflect.Value).abiType" -> "(reflect.Value).abiTypeSlow";
          "(reflect.Value).abiType" -> "(reflect.Value).typ";
          "(reflect.Value).abiTypeSlow" -> "(*internal/abi.Type).ExportedMethods";
          "(reflect.Value).abiTypeSlow" -> "(*internal/abi.Type).Kind";
          "(reflect.Value).abiTypeSlow" -> "(reflect.Value).typ";
          "(reflect.Value).abiTypeSlow" -> "(reflect.Value).typ";
          "(reflect.Value).abiTypeSlow" -> "(reflect.Value).typ";
          "(reflect.Value).abiTypeSlow" -> "reflect.typeOffFor";
          "(reflect.Value).abiTypeSlow" -> "reflect.typeOffFor";
          "(reflect.Value).assignTo" -> "(*internal/abi.Type).Kind";
          "(reflect.Value).assignTo" -> "(*internal/abi.Type).NumMethod";
          "(reflect.Value).assignTo" -> "(reflect.Value).IsNil";
          "(reflect.Value).assignTo" -> "(reflect.Value).Kind";
          "(reflect.Value).assignTo" -> "(reflect.Value).typ";
          "(reflect.Value).assignTo" -> "(reflect.Value).typ";
          "(reflect.Value).assignTo" -> "(reflect.Value).typ";
          "(reflect.Value).assignTo" -> "(reflect.flag).ro";
          "(reflect.Value).assignTo" -> "reflect.directlyAssignable";
          "(reflect.Value).assignTo" -> "reflect.ifaceE2I";
          "(reflect.Value).assignTo" -> "reflect.implements";
          "(reflect.Value).assignTo" -> "reflect.makeMethodValue";
          "(reflect.Value).assignTo" -> "reflect.stringFor";
          "(reflect.Value).assignTo" -> "reflect.stringFor";
          "(reflect.Value).assignTo" -> "reflect.unsafe_New";
          "(reflect.Value).assignTo" -> "reflect.valueInterface";
          "(reflect.Value).bytesSlow" -> "(*internal/abi.Type).Elem";
          "(reflect.Value).bytesSlow" -> "(*internal/abi.Type).Elem";
          "(reflect.Value).bytesSlow" -> "(*internal/abi.Type).Kind";
          "(reflect.Value).bytesSlow" -> "(*internal/abi.Type).Kind";
          "(reflect.Value).bytesSlow" -> "(reflect.Value).CanAddr";
          "(reflect.Value).bytesSlow" -> "(reflect.Value).typ";
          "(reflect.Value).bytesSlow" -> "(reflect.Value).typ";
          "(reflect.Value).bytesSlow" -> "(reflect.Value).typ";
          "(reflect.Value).bytesSlow" -> "(reflect.flag).kind";
          "(reflect.Value).bytesSlow" -> "(reflect.flag).kind";
          "(reflect.Value).call" -> "(*internal/abi.FuncType).In";
          "(reflect.Value).call" -> "(*internal/abi.FuncType).In";
          "(reflect.Value).call" -> "(*internal/abi.FuncType).In";
          "(reflect.Value).call" -> "(*internal/abi.FuncType).In";
          "(reflect.Value).call" -> "(*internal/abi.FuncType).IsVariadic";
          "(reflect.Value).call" -> "(*internal/abi.FuncType).NumIn";
          "(reflect.Value).call" -> "(*internal/abi.FuncType).NumIn";
          "(reflect.Value).call" -> "(*internal/abi.FuncType).NumOut";
          "(reflect.Value).call" -> "(*internal/abi.FuncType).Out";
          "(reflect.Value).call" -> "(*internal/abi.RegArgs).Dump";
          "(reflect.Value).call" -> "(*internal/abi.Type).IfaceIndir";
          "(reflect.Value).call" -> "(*internal/abi.Type).Kind";
          "(reflect.Value).call" -> "(*internal/abi.Type).Kind";
          "(reflect.Value).call" -> "(*internal/abi.Type).Kind";
          "(reflect.Value).call" -> "(*internal/abi.Type).Size";
          "(reflect.Value).call" -> "(*internal/abi.Type).Size";
          "(reflect.Value).call" -> "(*internal/abi.Type).Size";
          "(reflect.Value).call" -> "(*internal/abi.Type).Size";
          "(reflect.Value).call" -> "(*reflect.abiDesc).dump";
          "(reflect.Value).call" -> "(*reflect.abiSeq).stepsForValue";
          "(reflect.Value).call" -> "(*reflect.abiSeq).stepsForValue";
          "(reflect.Value).call" -> "(*reflect.rtype).AssignableTo";
          "(reflect.Value).call" -> "(*reflect.rtype).AssignableTo";
          "(reflect.Value).call" -> "(*reflect.rtype).Elem";
          "(reflect.Value).call" -> "(*reflect.rtype).String";
          "(reflect.Value).call" -> "(*reflect.rtype).String";
          "(reflect.Value).call" -> "(*reflect.rtype).String";
          "(reflect.Value).call" -> "(*sync.Pool).Get";
          "(reflect.Value).call" -> "(*sync.Pool).Put";
          "(reflect.Value).call" -> "(reflect.Value).Index";
          "(reflect.Value).call" -> "(reflect.Value).Kind";
          "(reflect.Value).call" -> "(reflect.Value).Set";
          "(reflect.Value).call" -> "(reflect.Value).Type";
          "(reflect.Value).call" -> "(reflect.Value).Type";
          "(reflect.Value).call" -> "(reflect.Value).assignTo";
          "(reflect.Value).call" -> "(reflect.Value).typ";
          "(reflect.Value).call" -> "(reflect.flag).mustBeExported";
          "(reflect.Value).call" -> "reflect.MakeSlice";
          "(reflect.Value).call" -> "reflect.Zero";
          "(reflect.Value).call" -> "reflect.add";
          "(reflect.Value).call" -> "reflect.add";
          "(reflect.Value).call" -> "reflect.add";
          "(reflect.Value).call" -> "reflect.add";
          "(reflect.Value).call" -> "reflect.add";
          "(reflect.Value).call" -> "reflect.add";
          "(reflect.Value).call" -> "reflect.add";
          "(reflect.Value).call" -> "reflect.align";
          "(reflect.Value).call" -> "reflect.call";
          "(reflect.Value).call" -> "reflect.floatFromReg";
          "(reflect.Value).call" -> "reflect.floatToReg";
          "(reflect.Value).call" -> "reflect.funcLayout";
          "(reflect.Value).call" -> "reflect.intFromReg";
          "(reflect.Value).call" -> "reflect.intToReg";
          "(reflect.Value).call" -> "reflect.methodReceiver";
          "(reflect.Value).call" -> "reflect.storeRcvr";
          "(reflect.Value).call" -> "reflect.storeRcvr";
          "(reflect.Value).call" -> "reflect.storeRcvr";
          "(reflect.Value).call" -> "reflect.storeRcvr";
          "(reflect.Value).call" -> "reflect.stringFor";
          "(reflect.Value).call" -> "reflect.stringFor";
          "(reflect.Value).call" -> "reflect.stringFor";
          "(reflect.Value).call" -> "reflect.toRType";
          "(reflect.Value).call" -> "reflect.toRType";
          "(reflect.Value).call" -> "reflect.toRType";
          "(reflect.Value).call" -> "reflect.toRType";
          "(reflect.Value).call" -> "reflect.toRType";
          "(reflect.Value).call" -> "reflect.typedmemclr";
          "(reflect.Value).call" -> "reflect.typedmemclrpartial";
          "(reflect.Value).call" -> "reflect.typedmemmove";
          "(reflect.Value).call" -> "reflect.unsafe_New";
          "(reflect.Value).call" -> "reflect.unsafe_New";
          "(reflect.Value).call" -> "runtime.GC";
          "(reflect.Value).call" -> "runtime.GC";
          "(reflect.Value).capNonSlice" -> "(*internal/abi.Type).Elem";
          "(reflect.Value).capNonSlice" -> "(*internal/abi.Type).Elem";
          "(reflect.Value).capNonSlice" -> "(*internal/abi.Type).Kind";
          "(reflect.Value).capNonSlice" -> "(*internal/abi.Type).Len";
          "(reflect.Value).capNonSlice" -> "(*internal/abi.Type).Len";
          "(reflect.Value).capNonSlice" -> "(reflect.Value).pointer";
          "(reflect.Value).capNonSlice" -> "(reflect.Value).typ";
          "(reflect.Value).capNonSlice" -> "(reflect.Value).typ";
          "(reflect.Value).capNonSlice" -> "(reflect.Value).typ";
          "(reflect.Value).capNonSlice" -> "(reflect.flag).kind";
          "(reflect.Value).capNonSlice" -> "(reflect.flag).kind";
          "(reflect.Value).capNonSlice" -> "reflect.chancap";
          "(reflect.Value).grow" -> "(*internal/abi.Type).Elem";
          "(reflect.Value).grow" -> "(reflect.Value).typ";
          "(reflect.Value).grow" -> "reflect.growslice";
          "(reflect.Value).lenNonSlice" -> "(*internal/abi.Type).Elem";
          "(reflect.Value).lenNonSlice" -> "(*internal/abi.Type).Elem";
          "(reflect.Value).lenNonSlice" -> "(*internal/abi.Type).Kind";
          "(reflect.Value).lenNonSlice" -> "(*internal/abi.Type).Len";
          "(reflect.Value).lenNonSlice" -> "(reflect.Value).pointer";
          "(reflect.Value).lenNonSlice" -> "(reflect.Value).pointer";
          "(reflect.Value).lenNonSlice" -> "(reflect.Value).typ";
          "(reflect.Value).lenNonSlice" -> "(reflect.Value).typ";
          "(reflect.Value).lenNonSlice" -> "(reflect.Value).typ";
          "(reflect.Value).lenNonSlice" -> "(reflect.flag).kind";
          "(reflect.Value).lenNonSlice" -> "(reflect.flag).kind";
          "(reflect.Value).lenNonSlice" -> "reflect.chanlen";
          "(reflect.Value).lenNonSlice" -> "reflect.maplen";
          "(reflect.Value).panicNotBool" -> "(reflect.flag).mustBe";
          "(reflect.Value).pointer" -> "(*internal/abi.Type).Pointers";
          "(reflect.Value).pointer" -> "(*internal/abi.Type).Size";
          "(reflect.Value).pointer" -> "(reflect.Value).typ";
          "(reflect.Value).pointer" -> "(reflect.Value).typ";
          "(reflect.Value).recv" -> "(*internal/abi.Type).IfaceIndir";
          "(reflect.Value).recv" -> "(*internal/abi.Type).Kind";
          "(reflect.Value).recv" -> "(reflect.Value).pointer";
          "(reflect.Value).recv" -> "(reflect.Value).typ";
          "(reflect.Value).recv" -> "reflect.chanrecv";
          "(reflect.Value).recv" -> "reflect.unsafe_New";
          "(reflect.Value).runes" -> "(*internal/abi.Type).Elem";
          "(reflect.Value).runes" -> "(*internal/abi.Type).Kind";
          "(reflect.Value).runes" -> "(reflect.Value).typ";
          "(reflect.Value).runes" -> "(reflect.flag).mustBe";
          "(reflect.Value).send" -> "(reflect.Value).assignTo";
          "(reflect.Value).send" -> "(reflect.Value).pointer";
          "(reflect.Value).send" -> "(reflect.Value).typ";
          "(reflect.Value).send" -> "(reflect.flag).mustBeExported";
          "(reflect.Value).send" -> "reflect.chansend";
          "(reflect.Value).setRunes" -> "(*internal/abi.Type).Elem";
          "(reflect.Value).setRunes" -> "(*internal/abi.Type).Kind";
          "(reflect.Value).setRunes" -> "(reflect.Value).typ";
          "(reflect.Value).setRunes" -> "(reflect.flag).mustBe";
          "(reflect.Value).setRunes" -> "(reflect.flag).mustBeAssignable";
          "(reflect.Value).stringNonString" -> "(*reflect.rtype).String";
          "(reflect.Value).stringNonString" -> "(reflect.Value).Type";
          "(reflect.Value).stringNonString" -> "(reflect.flag).kind";
          "(reflect.Value).typ" -> "internal/abi.NoEscape";
          "(reflect.Value).typeSlow" -> "(reflect.Value).abiTypeSlow";
          "(reflect.Value).typeSlow" -> "reflect.toRType";
          "(reflect.flag).mustBe" -> "(reflect.flag).kind";
          "(reflect.flag).mustBe" -> "reflect.valueMethodName";
          "(reflect.flag).mustBeAssignable" -> "(reflect.flag).mustBeAssignableSlow";
          "(reflect.flag).mustBeAssignableSlow" -> "reflect.valueMethodName";
          "(reflect.flag).mustBeAssignableSlow" -> "reflect.valueMethodName";
          "(reflect.flag).mustBeAssignableSlow" -> "reflect.valueMethodName";
          "(reflect.flag).mustBeExported" -> "(reflect.flag).mustBeExportedSlow";
          "(reflect.flag).mustBeExportedSlow" -> "reflect.valueMethodName";
          "(reflect.flag).mustBeExportedSlow" -> "reflect.valueMethodName";
          "(reflect.flag).panicNotMap" -> "(reflect.flag).mustBe";
          "(runtime.addrRange).contains" -> "(runtime.offAddr).lessEqual";
          "(runtime.addrRange).contains" -> "(runtime.offAddr).lessThan";
          "(runtime.addrRange).size" -> "(runtime.offAddr).diff";
          "(runtime.addrRange).size" -> "(runtime.offAddr).lessThan";
          "(runtime.addrRange).subtract" -> "(runtime.offAddr).lessEqual";
          "(runtime.addrRange).subtract" -> "(runtime.offAddr).lessEqual";
          "(runtime.addrRange).subtract" -> "(runtime.offAddr).lessThan";
          "(runtime.addrRange).subtract" -> "(runtime.offAddr).lessThan";
          "(runtime.addrRange).subtract" -> "(runtime.offAddr).lessThan";
          "(runtime.addrRange).subtract" -> "(runtime.offAddr).lessThan";
          "(runtime.addrRange).subtract" -> "(runtime.offAddr).lessThan";
          "(runtime.addrRange).subtract" -> "(runtime.offAddr).lessThan";
          "(runtime.addrRange).subtract" -> "runtime.throw";
          "(runtime.bitCursor).write" -> "runtime.addb";
          "(runtime.bitCursor).write" -> "runtime.addb";
          "(runtime.bitCursor).write" -> "runtime.addb";
          "(runtime.bitCursor).write" -> "runtime.addb";
          "(runtime.funcInfo).entry" -> "(*runtime.moduledata).textAddr";
          "(runtime.funcInfo).srcFunc" -> "(runtime.funcInfo).valid";
          "(runtime.gcTrigger).test" -> "(*internal/runtime/atomic.Int32).Load";
          "(runtime.gcTrigger).test" -> "(*internal/runtime/atomic.Uint32).Load";
          "(runtime.gcTrigger).test" -> "(*internal/runtime/atomic.Uint32).Load";
          "(runtime.gcTrigger).test" -> "(*internal/runtime/atomic.Uint64).Load";
          "(runtime.gcTrigger).test" -> "(*runtime.gcControllerState).trigger";
          "(runtime.gcTrigger).test" -> "internal/runtime/atomic.Load64";
          "(runtime.headTailIndex).split" -> "(runtime.headTailIndex).head";
          "(runtime.headTailIndex).split" -> "(runtime.headTailIndex).tail";
          "(runtime.markBits).setMarked" -> "internal/runtime/atomic.Or8";
          "(runtime.pMask).clear" -> "internal/runtime/atomic.And";
          "(runtime.pMask).read" -> "internal/runtime/atomic.Load";
          "(runtime.pMask).set" -> "internal/runtime/atomic.Or";
          "(runtime.rtype).nameOff" -> "runtime.resolveNameOff";
          "(runtime.rtype).pkgpath" -> "(internal/abi.Name).Name";
          "(runtime.rtype).pkgpath" -> "(internal/abi.Name).Name";
          "(runtime.rtype).pkgpath" -> "(internal/abi.Name).Name";
          "(runtime.rtype).pkgpath" -> "(runtime.rtype).nameOff";
          "(runtime.rtype).pkgpath" -> "(runtime.rtype).uncommon";
          "(runtime.rtype).string" -> "(internal/abi.Name).Name";
          "(runtime.rtype).string" -> "(runtime.rtype).nameOff";
          "(runtime.rtype).textOff" -> "(*runtime.moduledata).textAddr";
          "(runtime.rtype).textOff" -> "internal/abi.FuncPCABIInternal";
          "(runtime.rtype).textOff" -> "runtime.reflectOffsLock";
          "(runtime.rtype).textOff" -> "runtime.reflectOffsUnlock";
          "(runtime.rtype).textOff" -> "runtime.throw";
          "(runtime.rtype).typeOff" -> "runtime.resolveTypeOff";
          "(runtime.rtype).uncommon" -> "(*internal/abi.Type).Uncommon";
          "(runtime.scavChunkData).shouldScavenge" -> "(*runtime.scavChunkFlags).isEmpty";
          "(runtime.spanSetSpinePointer).lookup" -> "runtime.add";
          "(runtime.srcFunc).name" -> "(*runtime.moduledata).funcName";
          "(runtime.traceEventWriter).event" -> "(runtime.traceLocker).writer";
          "(runtime.traceEventWriter).event" -> "(runtime.traceWriter).end";
          "(runtime.traceEventWriter).event" -> "(runtime.traceWriter).event";
          "(runtime.traceLocker).GCDone" -> "(runtime.traceEventWriter).event";
          "(runtime.traceLocker).GCDone" -> "(runtime.traceLocker).eventWriter";
          "(runtime.traceLocker).GCMarkAssistDone" -> "(runtime.traceEventWriter).event";
          "(runtime.traceLocker).GCMarkAssistDone" -> "(runtime.traceLocker).eventWriter";
          "(runtime.traceLocker).GCMarkAssistStart" -> "(runtime.traceEventWriter).event";
          "(runtime.traceLocker).GCMarkAssistStart" -> "(runtime.traceLocker).eventWriter";
          "(runtime.traceLocker).GCMarkAssistStart" -> "(runtime.traceLocker).stack";
          "(runtime.traceLocker).GCStart" -> "(runtime.traceEventWriter).event";
          "(runtime.traceLocker).GCStart" -> "(runtime.traceLocker).eventWriter";
          "(runtime.traceLocker).GCStart" -> "(runtime.traceLocker).stack";
          "(runtime.traceLocker).GCSweepDone" -> "(runtime.puintptr).ptr";
          "(runtime.traceLocker).GCSweepDone" -> "(runtime.traceEventWriter).event";
          "(runtime.traceLocker).GCSweepDone" -> "(runtime.traceLocker).eventWriter";
          "(runtime.traceLocker).GCSweepDone" -> "runtime.throw";
          "(runtime.traceLocker).GCSweepSpan" -> "(runtime.puintptr).ptr";
          "(runtime.traceLocker).GCSweepSpan" -> "(runtime.traceEventWriter).event";
          "(runtime.traceLocker).GCSweepSpan" -> "(runtime.traceLocker).eventWriter";
          "(runtime.traceLocker).GCSweepSpan" -> "(runtime.traceLocker).stack";
          "(runtime.traceLocker).GCSweepStart" -> "(runtime.puintptr).ptr";
          "(runtime.traceLocker).GCSweepStart" -> "runtime.throw";
          "(runtime.traceLocker).GoPark" -> "(runtime.traceEventWriter).event";
          "(runtime.traceLocker).GoPark" -> "(runtime.traceLocker).eventWriter";
          "(runtime.traceLocker).GoPark" -> "(runtime.traceLocker).stack";
          "(runtime.traceLocker).GoPreempt" -> "(runtime.traceLocker).GoStop";
          "(runtime.traceLocker).GoSched" -> "(runtime.traceLocker).GoStop";
          "(runtime.traceLocker).GoStart" -> "(*runtime.traceSchedResourceState).nextSeq";
          "(runtime.traceLocker).GoStart" -> "(runtime.puintptr).ptr";
          "(runtime.traceLocker).GoStart" -> "(runtime.puintptr).ptr";
          "(runtime.traceLocker).GoStart" -> "(runtime.traceEventWriter).event";
          "(runtime.traceLocker).GoStart" -> "(runtime.traceEventWriter).event";
          "(runtime.traceLocker).GoStart" -> "(runtime.traceLocker).eventWriter";
          "(runtime.traceLocker).GoStart" -> "runtime.getg";
          "(runtime.traceLocker).GoStop" -> "(runtime.traceEventWriter).event";
          "(runtime.traceLocker).GoStop" -> "(runtime.traceLocker).eventWriter";
          "(runtime.traceLocker).GoStop" -> "(runtime.traceLocker).stack";
          "(runtime.traceLocker).GoSysCall" -> "(*runtime.traceSchedResourceState).nextSeq";
          "(runtime.traceLocker).GoSysCall" -> "(runtime.puintptr).ptr";
          "(runtime.traceLocker).GoSysCall" -> "(runtime.traceEventWriter).event";
          "(runtime.traceLocker).GoSysCall" -> "(runtime.traceLocker).eventWriter";
          "(runtime.traceLocker).GoSysCall" -> "(runtime.traceLocker).stack";
          "(runtime.traceLocker).GoSysExit" -> "(runtime.puintptr).ptr";
          "(runtime.traceLocker).GoSysExit" -> "(runtime.traceEventWriter).event";
          "(runtime.traceLocker).GoSysExit" -> "(runtime.traceLocker).eventWriter";
          "(runtime.traceLocker).GoUnpark" -> "(*runtime.traceSchedResourceState).nextSeq";
          "(runtime.traceLocker).GoUnpark" -> "(runtime.traceEventWriter).event";
          "(runtime.traceLocker).GoUnpark" -> "(runtime.traceLocker).emitUnblockStatus";
          "(runtime.traceLocker).GoUnpark" -> "(runtime.traceLocker).eventWriter";
          "(runtime.traceLocker).GoUnpark" -> "(runtime.traceLocker).stack";
          "(runtime.traceLocker).Gomaxprocs" -> "(runtime.traceEventWriter).event";
          "(runtime.traceLocker).Gomaxprocs" -> "(runtime.traceLocker).eventWriter";
          "(runtime.traceLocker).Gomaxprocs" -> "(runtime.traceLocker).stack";
          "(runtime.traceLocker).GoroutineStackAlloc" -> "(runtime.traceEventWriter).event";
          "(runtime.traceLocker).GoroutineStackAlloc" -> "(runtime.traceLocker).eventWriter";
          "(runtime.traceLocker).GoroutineStackAlloc" -> "runtime.traceCompressStackSize";
          "(runtime.traceLocker).GoroutineStackAlloc" -> "runtime.traceGoroutineStackID";
          "(runtime.traceLocker).GoroutineStackFree" -> "(runtime.traceEventWriter).event";
          "(runtime.traceLocker).GoroutineStackFree" -> "(runtime.traceLocker).eventWriter";
          "(runtime.traceLocker).GoroutineStackFree" -> "runtime.traceGoroutineStackID";
          "(runtime.traceLocker).HeapAlloc" -> "(runtime.traceEventWriter).event";
          "(runtime.traceLocker).HeapAlloc" -> "(runtime.traceLocker).eventWriter";
          "(runtime.traceLocker).HeapGoal" -> "(*runtime.gcControllerState).heapGoal";
          "(runtime.traceLocker).HeapGoal" -> "(runtime.traceEventWriter).event";
          "(runtime.traceLocker).HeapGoal" -> "(runtime.traceLocker).eventWriter";
          "(runtime.traceLocker).HeapObjectAlloc" -> "(runtime.traceEventWriter).event";
          "(runtime.traceLocker).HeapObjectAlloc" -> "(runtime.traceLocker).eventWriter";
          "(runtime.traceLocker).HeapObjectAlloc" -> "(runtime.traceLocker).rtype";
          "(runtime.traceLocker).HeapObjectAlloc" -> "runtime.traceHeapObjectID";
          "(runtime.traceLocker).HeapObjectFree" -> "(runtime.traceEventWriter).event";
          "(runtime.traceLocker).HeapObjectFree" -> "(runtime.traceLocker).eventWriter";
          "(runtime.traceLocker).HeapObjectFree" -> "runtime.traceHeapObjectID";
          "(runtime.traceLocker).ProcStart" -> "(*runtime.traceSchedResourceState).nextSeq";
          "(runtime.traceLocker).ProcStart" -> "(runtime.puintptr).ptr";
          "(runtime.traceLocker).ProcStart" -> "(runtime.traceEventWriter).event";
          "(runtime.traceLocker).ProcStart" -> "(runtime.traceLocker).eventWriter";
          "(runtime.traceLocker).ProcSteal" -> "(*runtime.traceSchedResourceState).acquireStatus";
          "(runtime.traceLocker).ProcSteal" -> "(*runtime.traceSchedResourceState).nextSeq";
          "(runtime.traceLocker).ProcSteal" -> "(*runtime.traceSchedResourceState).statusWasTraced";
          "(runtime.traceLocker).ProcSteal" -> "(runtime.traceEventWriter).event";
          "(runtime.traceLocker).ProcSteal" -> "(runtime.traceLocker).eventWriter";
          "(runtime.traceLocker).ProcSteal" -> "(runtime.traceLocker).writer";
          "(runtime.traceLocker).ProcSteal" -> "(runtime.traceWriter).end";
          "(runtime.traceLocker).ProcSteal" -> "(runtime.traceWriter).writeProcStatus";
          "(runtime.traceLocker).ProcStop" -> "(runtime.traceEventWriter).event";
          "(runtime.traceLocker).ProcStop" -> "(runtime.traceLocker).eventWriter";
          "(runtime.traceLocker).STWDone" -> "(runtime.traceEventWriter).event";
          "(runtime.traceLocker).STWDone" -> "(runtime.traceLocker).eventWriter";
          "(runtime.traceLocker).STWStart" -> "(runtime.stwReason).String";
          "(runtime.traceLocker).STWStart" -> "(runtime.traceEventWriter).event";
          "(runtime.traceLocker).STWStart" -> "(runtime.traceLocker).eventWriter";
          "(runtime.traceLocker).STWStart" -> "(runtime.traceLocker).stack";
          "(runtime.traceLocker).STWStart" -> "(runtime.traceLocker).string";
          "(runtime.traceLocker).SpanAlloc" -> "(runtime.traceEventWriter).event";
          "(runtime.traceLocker).SpanAlloc" -> "(runtime.traceLocker).eventWriter";
          "(runtime.traceLocker).SpanAlloc" -> "runtime.traceSpanID";
          "(runtime.traceLocker).SpanAlloc" -> "runtime.traceSpanTypeAndClass";
          "(runtime.traceLocker).SpanFree" -> "(runtime.traceEventWriter).event";
          "(runtime.traceLocker).SpanFree" -> "(runtime.traceLocker).eventWriter";
          "(runtime.traceLocker).SpanFree" -> "runtime.traceSpanID";
          "(runtime.traceLocker).emitUnblockStatus" -> "(*runtime.traceSchedResourceState).acquireStatus";
          "(runtime.traceLocker).emitUnblockStatus" -> "(*runtime.traceSchedResourceState).statusWasTraced";
          "(runtime.traceLocker).emitUnblockStatus" -> "(runtime.traceLocker).writer";
          "(runtime.traceLocker).emitUnblockStatus" -> "(runtime.traceWriter).end";
          "(runtime.traceLocker).emitUnblockStatus" -> "(runtime.traceWriter).writeGoStatus";
          "(runtime.traceLocker).eventWriter" -> "(*runtime.traceSchedResourceState).acquireStatus";
          "(runtime.traceLocker).eventWriter" -> "(*runtime.traceSchedResourceState).acquireStatus";
          "(runtime.traceLocker).eventWriter" -> "(*runtime.traceSchedResourceState).statusWasTraced";
          "(runtime.traceLocker).eventWriter" -> "(*runtime.traceSchedResourceState).statusWasTraced";
          "(runtime.traceLocker).eventWriter" -> "(runtime.puintptr).ptr";
          "(runtime.traceLocker).eventWriter" -> "(runtime.traceLocker).writer";
          "(runtime.traceLocker).eventWriter" -> "(runtime.traceLocker).writer";
          "(runtime.traceLocker).eventWriter" -> "(runtime.traceWriter).end";
          "(runtime.traceLocker).eventWriter" -> "(runtime.traceWriter).end";
          "(runtime.traceLocker).eventWriter" -> "(runtime.traceWriter).writeGoStatus";
          "(runtime.traceLocker).eventWriter" -> "(runtime.traceWriter).writeProcStatus";
          "(runtime.traceLocker).rtype" -> "(*runtime.traceTypeTable).put";
          "(runtime.traceLocker).stack" -> "runtime.traceStack";
          "(runtime.traceLocker).string" -> "(*runtime.traceStringTable).put";
          "(runtime.traceLocker).writer" -> "runtime.getg";
          "(runtime.traceWriter).end" -> "runtime.getg";
          "(runtime.traceWriter).ensure" -> "(*runtime.traceBuf).available";
          "(runtime.traceWriter).ensure" -> "(runtime.traceWriter).refill";
          "(runtime.traceWriter).event" -> "(*runtime.traceBuf).byte";
          "(runtime.traceWriter).event" -> "(*runtime.traceBuf).varint";
          "(runtime.traceWriter).event" -> "(*runtime.traceBuf).varint";
          "(runtime.traceWriter).event" -> "(runtime.traceWriter).ensure";
          "(runtime.traceWriter).event" -> "runtime.traceClockNow";
          "(runtime.traceWriter).refill" -> "(*runtime.traceBuf).byte";
          "(runtime.traceWriter).refill" -> "(*runtime.traceBuf).byte";
          "(runtime.traceWriter).refill" -> "(*runtime.traceBuf).byte";
          "(runtime.traceWriter).refill" -> "(*runtime.traceBuf).varint";
          "(runtime.traceWriter).refill" -> "(*runtime.traceBuf).varint";
          "(runtime.traceWriter).refill" -> "(*runtime.traceBuf).varint";
          "(runtime.traceWriter).refill" -> "(*runtime.traceBuf).varintReserve";
          "(runtime.traceWriter).refill" -> "runtime.systemstack";
          "(runtime.traceWriter).refill" -> "runtime.traceClockNow";
          "(runtime.traceWriter).writeGoStatus" -> "(runtime.traceWriter).event";
          "(runtime.traceWriter).writeGoStatus" -> "(runtime.traceWriter).event";
          "(runtime.traceWriter).writeGoStatus" -> "(runtime.traceWriter).event";
          "(runtime.traceWriter).writeGoStatus" -> "runtime.throw";
          "(runtime.traceWriter).writeProcStatus" -> "(runtime.traceWriter).event";
          "(runtime.traceWriter).writeProcStatus" -> "(runtime.traceWriter).event";
          "(runtime.traceWriter).writeProcStatus" -> "runtime.throw";
          "(runtime.typePointers).fastForward" -> "runtime.addb";
          "(runtime.typePointers).fastForward" -> "runtime.alignDown";
          "(runtime.typePointers).fastForward" -> "runtime.alignDown";
          "(runtime.typePointers).fastForward" -> "runtime.getGCMask";
          "(runtime.typePointers).fastForward" -> "runtime.getGCMask";
          "(runtime.typePointers).fastForward" -> "runtime.readUintptr";
          "(runtime.typePointers).fastForward" -> "runtime.readUintptr";
          "(runtime.typePointers).next" -> "(runtime.typePointers).nextFast";
          "(runtime.typePointers).next" -> "runtime.addb";
          "(runtime.typePointers).next" -> "runtime.getGCMask";
          "(runtime.typePointers).next" -> "runtime.readUintptr";
          "(runtime.typePointers).nextFast" -> "internal/runtime/sys.TrailingZeros32";
          "(runtime.typePointers).nextFast" -> "internal/runtime/sys.TrailingZeros64";
          "(syscall.Errno).Error" -> "internal/itoa.Itoa";
          "(syscall.Errno).Temporary" -> "(syscall.Errno).Timeout";
          "(time.Duration).Round" -> "time.lessThanHalf";
          "(time.Duration).Round" -> "time.lessThanHalf";
          "(time.Duration).String" -> "(time.Duration).format";
          "(time.Duration).format" -> "time.fmtFrac";
          "(time.Duration).format" -> "time.fmtFrac";
          "(time.Duration).format" -> "time.fmtInt";
          "(time.Duration).format" -> "time.fmtInt";
          "(time.Duration).format" -> "time.fmtInt";
          "(time.Duration).format" -> "time.fmtInt";
          "(time.Month).String" -> "time.fmtInt";
          "(time.Time).Add" -> "(*time.Time).addSec";
          "(time.Time).Add" -> "(*time.Time).nsec";
          "(time.Time).Add" -> "(*time.Time).stripMono";
          "(time.Time).AddDate" -> "(*time.Time).nsec";
          "(time.Time).AddDate" -> "(time.Time).Clock";
          "(time.Time).AddDate" -> "(time.Time).Date";
          "(time.Time).AddDate" -> "(time.Time).Location";
          "(time.Time).AddDate" -> "time.Date";
          "(time.Time).After" -> "(*time.Time).nsec";
          "(time.Time).After" -> "(*time.Time).nsec";
          "(time.Time).After" -> "(*time.Time).sec";
          "(time.Time).After" -> "(*time.Time).sec";
          "(time.Time).AppendBinary" -> "(*time.Time).nsec";
          "(time.Time).AppendBinary" -> "(*time.Time).sec";
          "(time.Time).AppendBinary" -> "(time.Time).Location";
          "(time.Time).AppendBinary" -> "(time.Time).Zone";
          "(time.Time).AppendBinary" -> "errors.New";
          "(time.Time).AppendFormat" -> "(time.Time).appendFormat";
          "(time.Time).AppendFormat" -> "(time.Time).appendFormatRFC3339";
          "(time.Time).AppendFormat" -> "(time.Time).appendFormatRFC3339";
          "(time.Time).AppendText" -> "(time.Time).appendTo";
          "(time.Time).Before" -> "(*time.Time).nsec";
          "(time.Time).Before" -> "(*time.Time).nsec";
          "(time.Time).Before" -> "(*time.Time).sec";
          "(time.Time).Before" -> "(*time.Time).sec";
          "(time.Time).Clock" -> "(time.Time).absSec";
          "(time.Time).Clock" -> "(time.absSeconds).clock";
          "(time.Time).Compare" -> "(*time.Time).nsec";
          "(time.Time).Compare" -> "(*time.Time).nsec";
          "(time.Time).Compare" -> "(*time.Time).sec";
          "(time.Time).Compare" -> "(*time.Time).sec";
          "(time.Time).Date" -> "(time.Time).absSec";
          "(time.Time).Date" -> "(time.absDays).date";
          "(time.Time).Date" -> "(time.absSeconds).days";
          "(time.Time).Day" -> "(time.Time).absSec";
          "(time.Time).Day" -> "(time.absDays).split";
          "(time.Time).Day" -> "(time.absSeconds).days";
          "(time.Time).Day" -> "(time.absYday).split";
          "(time.Time).Equal" -> "(*time.Time).nsec";
          "(time.Time).Equal" -> "(*time.Time).nsec";
          "(time.Time).Equal" -> "(*time.Time).sec";
          "(time.Time).Equal" -> "(*time.Time).sec";
          "(time.Time).Format" -> "(time.Time).AppendFormat";
          "(time.Time).GoString" -> "(time.Time).Location";
          "(time.Time).GoString" -> "(time.Time).Nanosecond";
          "(time.Time).GoString" -> "(time.Time).absSec";
          "(time.Time).GoString" -> "(time.absDays).date";
          "(time.Time).GoString" -> "(time.absSeconds).clock";
          "(time.Time).GoString" -> "(time.absSeconds).days";
          "(time.Time).GoString" -> "time.appendInt";
          "(time.Time).GoString" -> "time.appendInt";
          "(time.Time).GoString" -> "time.appendInt";
          "(time.Time).GoString" -> "time.appendInt";
          "(time.Time).GoString" -> "time.appendInt";
          "(time.Time).GoString" -> "time.appendInt";
          "(time.Time).GoString" -> "time.appendInt";
          "(time.Time).GoString" -> "time.quote";
          "(time.Time).GobEncode" -> "(time.Time).MarshalBinary";
          "(time.Time).Hour" -> "(time.Time).absSec";
          "(time.Time).ISOWeek" -> "(time.Time).absSec";
          "(time.Time).ISOWeek" -> "(time.absDays).weekday";
          "(time.Time).ISOWeek" -> "(time.absDays).yearYday";
          "(time.Time).ISOWeek" -> "(time.absSeconds).days";
          "(time.Time).In" -> "(*time.Time).setLoc";
          "(time.Time).IsDST" -> "(*time.Location).lookup";
          "(time.Time).IsDST" -> "(time.Time).Unix";
          "(time.Time).IsZero" -> "(*time.Time).nsec";
          "(time.Time).IsZero" -> "(*time.Time).sec";
          "(time.Time).Local" -> "(*time.Time).setLoc";
          "(time.Time).MarshalBinary" -> "(time.Time).AppendBinary";
          "(time.Time).MarshalJSON" -> "(*errors.errorString).Error";
          "(time.Time).MarshalJSON" -> "(*io/fs.PathError).Error";
          "(time.Time).MarshalJSON" -> "(*reflect.ValueError).Error";
          "(time.Time).MarshalJSON" -> "(*runtime.TypeAssertionError).Error";
          "(time.Time).MarshalJSON" -> "(*time.ParseError).Error";
          "(time.Time).MarshalJSON" -> "(internal/poll.errNetClosing).Error";
          "(time.Time).MarshalJSON" -> "(runtime.errorAddressString).Error";
          "(time.Time).MarshalJSON" -> "(runtime.errorString).Error";
          "(time.Time).MarshalJSON" -> "(syscall.Errno).Error";
          "(time.Time).MarshalJSON" -> "(time.Time).appendStrictRFC3339";
          "(time.Time).MarshalJSON" -> "(time.fileSizeError).Error";
          "(time.Time).MarshalJSON" -> "errors.New";
          "(time.Time).MarshalText" -> "(time.Time).appendTo";
          "(time.Time).Minute" -> "(time.Time).absSec";
          "(time.Time).Month" -> "(time.Time).absSec";
          "(time.Time).Month" -> "(time.absDays).split";
          "(time.Time).Month" -> "(time.absMonth).month";
          "(time.Time).Month" -> "(time.absSeconds).days";
          "(time.Time).Month" -> "(time.absYday).janFeb";
          "(time.Time).Month" -> "(time.absYday).split";
          "(time.Time).Nanosecond" -> "(*time.Time).nsec";
          "(time.Time).Round" -> "(*time.Time).stripMono";
          "(time.Time).Round" -> "(time.Time).Add";
          "(time.Time).Round" -> "(time.Time).Add";
          "(time.Time).Round" -> "time.div";
          "(time.Time).Round" -> "time.lessThanHalf";
          "(time.Time).Second" -> "(time.Time).absSec";
          "(time.Time).String" -> "(time.Time).Format";
          "(time.Time).String" -> "time.appendInt";
          "(time.Time).String" -> "time.appendInt";
          "(time.Time).String" -> "time.appendInt";
          "(time.Time).Sub" -> "(*time.Time).nsec";
          "(time.Time).Sub" -> "(*time.Time).nsec";
          "(time.Time).Sub" -> "(*time.Time).sec";
          "(time.Time).Sub" -> "(*time.Time).sec";
          "(time.Time).Sub" -> "(time.Time).Add";
          "(time.Time).Sub" -> "(time.Time).Before";
          "(time.Time).Sub" -> "(time.Time).Equal";
          "(time.Time).Sub" -> "time.subMono";
          "(time.Time).Truncate" -> "(*time.Time).stripMono";
          "(time.Time).Truncate" -> "(time.Time).Add";
          "(time.Time).Truncate" -> "time.div";
          "(time.Time).UTC" -> "(*time.Time).setLoc";
          "(time.Time).Unix" -> "(*time.Time).unixSec";
          "(time.Time).UnixMicro" -> "(*time.Time).nsec";
          "(time.Time).UnixMicro" -> "(*time.Time).unixSec";
          "(time.Time).UnixMilli" -> "(*time.Time).nsec";
          "(time.Time).UnixMilli" -> "(*time.Time).unixSec";
          "(time.Time).UnixNano" -> "(*time.Time).nsec";
          "(time.Time).UnixNano" -> "(*time.Time).unixSec";
          "(time.Time).Weekday" -> "(time.Time).absSec";
          "(time.Time).Weekday" -> "(time.absDays).weekday";
          "(time.Time).Weekday" -> "(time.absSeconds).days";
          "(time.Time).Year" -> "(time.Time).absSec";
          "(time.Time).Year" -> "(time.absCentury).year";
          "(time.Time).Year" -> "(time.absDays).split";
          "(time.Time).Year" -> "(time.absSeconds).days";
          "(time.Time).Year" -> "(time.absYday).janFeb";
          "(time.Time).YearDay" -> "(time.Time).absSec";
          "(time.Time).YearDay" -> "(time.absDays).yearYday";
          "(time.Time).YearDay" -> "(time.absSeconds).days";
          "(time.Time).Zone" -> "(*time.Location).lookup";
          "(time.Time).Zone" -> "(*time.Time).unixSec";
          "(time.Time).ZoneBounds" -> "(*time.Location).lookup";
          "(time.Time).ZoneBounds" -> "(*time.Time).setLoc";
          "(time.Time).ZoneBounds" -> "(*time.Time).setLoc";
          "(time.Time).ZoneBounds" -> "(*time.Time).unixSec";
          "(time.Time).ZoneBounds" -> "time.unixTime";
          "(time.Time).ZoneBounds" -> "time.unixTime";
          "(time.Time).absSec" -> "(*time.Location).get";
          "(time.Time).absSec" -> "(*time.Location).lookup";
          "(time.Time).absSec" -> "(*time.Time).unixSec";
          "(time.Time).appendFormat" -> "(time.Month).String";
          "(time.Time).appendFormat" -> "(time.Month).String";
          "(time.Time).appendFormat" -> "(time.Time).Nanosecond";
          "(time.Time).appendFormat" -> "(time.Time).locabs";
          "(time.Time).appendFormat" -> "(time.Weekday).String";
          "(time.Time).appendFormat" -> "(time.Weekday).String";
          "(time.Time).appendFormat" -> "(time.absDays).date";
          "(time.Time).appendFormat" -> "(time.absDays).weekday";
          "(time.Time).appendFormat" -> "(time.absDays).weekday";
          "(time.Time).appendFormat" -> "(time.absDays).yearYday";
          "(time.Time).appendFormat" -> "(time.absSeconds).clock";
          "(time.Time).appendFormat" -> "(time.absSeconds).days";
          "(time.Time).appendFormat" -> "time.appendInt";
          "(time.Time).appendFormat" -> "time.appendInt";
          "(time.Time).appendFormat" -> "time.appendInt";
          "(time.Time).appendFormat" -> "time.appendInt";
          "(time.Time).appendFormat" -> "time.appendInt";
          "(time.Time).appendFormat" -> "time.appendInt";
          "(time.Time).appendFormat" -> "time.appendInt";
          "(time.Time).appendFormat" -> "time.appendInt";
          "(time.Time).appendFormat" -> "time.appendInt";
          "(time.Time).appendFormat" -> "time.appendInt";
          "(time.Time).appendFormat" -> "time.appendInt";
          "(time.Time).appendFormat" -> "time.appendInt";
          "(time.Time).appendFormat" -> "time.appendInt";
          "(time.Time).appendFormat" -> "time.appendInt";
          "(time.Time).appendFormat" -> "time.appendInt";
          "(time.Time).appendFormat" -> "time.appendInt";
          "(time.Time).appendFormat" -> "time.appendInt";
          "(time.Time).appendFormat" -> "time.appendInt";
          "(time.Time).appendFormat" -> "time.appendInt";
          "(time.Time).appendFormat" -> "time.appendInt";
          "(time.Time).appendFormat" -> "time.appendInt";
          "(time.Time).appendFormat" -> "time.appendNano";
          "(time.Time).appendFormat" -> "time.nextStdChunk";
          "(time.Time).appendFormatRFC3339" -> "(time.Time).Nanosecond";
          "(time.Time).appendFormatRFC3339" -> "(time.Time).locabs";
          "(time.Time).appendFormatRFC3339" -> "(time.absDays).date";
          "(time.Time).appendFormatRFC3339" -> "(time.absSeconds).clock";
          "(time.Time).appendFormatRFC3339" -> "(time.absSeconds).days";
          "(time.Time).appendFormatRFC3339" -> "time.appendInt";
          "(time.Time).appendFormatRFC3339" -> "time.appendInt";
          "(time.Time).appendFormatRFC3339" -> "time.appendInt";
          "(time.Time).appendFormatRFC3339" -> "time.appendInt";
          "(time.Time).appendFormatRFC3339" -> "time.appendInt";
          "(time.Time).appendFormatRFC3339" -> "time.appendInt";
          "(time.Time).appendFormatRFC3339" -> "time.appendInt";
          "(time.Time).appendFormatRFC3339" -> "time.appendInt";
          "(time.Time).appendFormatRFC3339" -> "time.appendNano";
          "(time.Time).appendFormatRFC3339" -> "time.stdFracSecond";
          "(time.Time).appendStrictRFC3339" -> "(time.Time).appendFormatRFC3339";
          "(time.Time).appendStrictRFC3339" -> "errors.New";
          "(time.Time).appendStrictRFC3339" -> "errors.New";
          "(time.Time).appendTo" -> "(*errors.errorString).Error";
          "(time.Time).appendTo" -> "(*io/fs.PathError).Error";
          "(time.Time).appendTo" -> "(*reflect.ValueError).Error";
          "(time.Time).appendTo" -> "(*runtime.TypeAssertionError).Error";
          "(time.Time).appendTo" -> "(*time.ParseError).Error";
          "(time.Time).appendTo" -> "(internal/poll.errNetClosing).Error";
          "(time.Time).appendTo" -> "(runtime.errorAddressString).Error";
          "(time.Time).appendTo" -> "(runtime.errorString).Error";
          "(time.Time).appendTo" -> "(syscall.Errno).Error";
          "(time.Time).appendTo" -> "(time.Time).appendStrictRFC3339";
          "(time.Time).appendTo" -> "(time.fileSizeError).Error";
          "(time.Time).appendTo" -> "errors.New";
          "(time.Time).locabs" -> "(*time.Location).get";
          "(time.Time).locabs" -> "(*time.Location).lookup";
          "(time.Time).locabs" -> "(*time.Time).unixSec";
          "(time.Weekday).String" -> "time.fmtInt";
          "(time.absDays).date" -> "(time.absCentury).year";
          "(time.absDays).date" -> "(time.absDays).split";
          "(time.absDays).date" -> "(time.absMonth).month";
          "(time.absDays).date" -> "(time.absYday).janFeb";
          "(time.absDays).date" -> "(time.absYday).split";
          "(time.absDays).split" -> "math/bits.Mul32";
          "(time.absDays).yearYday" -> "(time.absCentury).leap";
          "(time.absDays).yearYday" -> "(time.absCentury).year";
          "(time.absDays).yearYday" -> "(time.absDays).split";
          "(time.absDays).yearYday" -> "(time.absYday).janFeb";
          "(time.absDays).yearYday" -> "(time.absYday).yday";
          "errors.Is" -> "(internal/reflectlite.rtype).Comparable";
          "errors.Is" -> "errors.is";
          "errors.Is" -> "internal/reflectlite.TypeOf";
          "errors.is" -> "(*io/fs.PathError).Unwrap";
          "errors.is" -> "(syscall.Errno).Is";
          "errors.is" -> "errors.is";
          "fmt.Fprintln" -> "(*fmt.pp).Write";
          "fmt.Fprintln" -> "(*fmt.pp).doPrintln";
          "fmt.Fprintln" -> "(*fmt.pp).free";
          "fmt.Fprintln" -> "(*internal/poll.FD).Write";
          "fmt.Fprintln" -> "(*os.File).Write";
          "fmt.Fprintln" -> "fmt.newPrinter";
          "fmt.Println" -> "fmt.Fprintln";
          "fmt.getField" -> "(reflect.Value).Elem";
          "fmt.getField" -> "(reflect.Value).Field";
          "fmt.getField" -> "(reflect.Value).IsNil";
          "fmt.getField" -> "(reflect.Value).Kind";
          "fmt.newPrinter" -> "(*fmt.fmt).init";
          "fmt.newPrinter" -> "(*sync.Pool).Get";
          "internal/abi.NewName" -> "internal/abi.writeVarint";
          "internal/abi.NewName" -> "internal/abi.writeVarint";
          "internal/abi.TypeOf" -> "internal/abi.NoEscape";
          "internal/filepathlite.Base" -> "internal/filepathlite.IsPathSeparator";
          "internal/filepathlite.Base" -> "internal/filepathlite.IsPathSeparator";
          "internal/filepathlite.Base" -> "internal/filepathlite.VolumeName";
          "internal/filepathlite.FromSlash" -> "internal/filepathlite.replaceStringByte";
          "internal/filepathlite.VolumeName" -> "internal/filepathlite.FromSlash";
          "internal/filepathlite.VolumeName" -> "internal/filepathlite.volumeNameLen";
          "internal/filepathlite.replaceStringByte" -> "internal/stringslite.IndexByte";
          "internal/fmtsort.Sort" -> "(*reflect.MapIter).Key";
          "internal/fmtsort.Sort" -> "(*reflect.MapIter).Next";
          "internal/fmtsort.Sort" -> "(*reflect.MapIter).Value";
          "internal/fmtsort.Sort" -> "(*reflect.rtype).Kind";
          "internal/fmtsort.Sort" -> "(reflect.Value).Len";
          "internal/fmtsort.Sort" -> "(reflect.Value).MapRange";
          "internal/fmtsort.Sort" -> "(reflect.Value).Type";
          "internal/fmtsort.compare" -> "(*reflect.rtype).String";
          "internal/fmtsort.compare" -> "(reflect.Value).Bool";
          "internal/fmtsort.compare" -> "(reflect.Value).Bool";
          "internal/fmtsort.compare" -> "(reflect.Value).Complex";
          "internal/fmtsort.compare" -> "(reflect.Value).Complex";
          "internal/fmtsort.compare" -> "(reflect.Value).Elem";
          "internal/fmtsort.compare" -> "(reflect.Value).Elem";
          "internal/fmtsort.compare" -> "(reflect.Value).Elem";
          "internal/fmtsort.compare" -> "(reflect.Value).Elem";
          "internal/fmtsort.compare" -> "(reflect.Value).Field";
          "internal/fmtsort.compare" -> "(reflect.Value).Field";
          "internal/fmtsort.compare" -> "(reflect.Value).Float";
          "internal/fmtsort.compare" -> "(reflect.Value).Float";
          "internal/fmtsort.compare" -> "(reflect.Value).Index";
          "internal/fmtsort.compare" -> "(reflect.Value).Index";
          "internal/fmtsort.compare" -> "(reflect.Value).Int";
          "internal/fmtsort.compare" -> "(reflect.Value).Int";
          "internal/fmtsort.compare" -> "(reflect.Value).Kind";
          "internal/fmtsort.compare" -> "(reflect.Value).Len";
          "internal/fmtsort.compare" -> "(reflect.Value).NumField";
          "internal/fmtsort.compare" -> "(reflect.Value).Pointer";
          "internal/fmtsort.compare" -> "(reflect.Value).Pointer";
          "internal/fmtsort.compare" -> "(reflect.Value).Pointer";
          "internal/fmtsort.compare" -> "(reflect.Value).Pointer";
          "internal/fmtsort.compare" -> "(reflect.Value).String";
          "internal/fmtsort.compare" -> "(reflect.Value).String";
          "internal/fmtsort.compare" -> "(reflect.Value).Type";
          "internal/fmtsort.compare" -> "(reflect.Value).Type";
          "internal/fmtsort.compare" -> "(reflect.Value).Type";
          "internal/fmtsort.compare" -> "(reflect.Value).Type";
          "internal/fmtsort.compare" -> "(reflect.Value).Uint";
          "internal/fmtsort.compare" -> "(reflect.Value).Uint";
          "internal/fmtsort.compare" -> "internal/fmtsort.compare";
          "internal/fmtsort.compare" -> "internal/fmtsort.compare";
          "internal/fmtsort.compare" -> "internal/fmtsort.compare";
          "internal/fmtsort.compare" -> "internal/fmtsort.compare";
          "internal/fmtsort.compare" -> "internal/fmtsort.nilCompare";
          "internal/fmtsort.compare" -> "internal/fmtsort.nilCompare";
          "internal/fmtsort.compare" -> "reflect.ValueOf";
          "internal/fmtsort.compare" -> "reflect.ValueOf";
          "internal/fmtsort.nilCompare" -> "(reflect.Value).IsNil";
          "internal/fmtsort.nilCompare" -> "(reflect.Value).IsNil";
          "internal/fmtsort.nilCompare" -> "(reflect.Value).IsNil";
          "internal/itoa.Itoa" -> "internal/itoa.Uitoa";
          "internal/itoa.Itoa" -> "internal/itoa.Uitoa";
          "internal/poll.DupCloseOnExec" -> "(*sync/atomic.Bool).Load";
          "internal/poll.DupCloseOnExec" -> "(*sync/atomic.Bool).Store";
          "internal/poll.DupCloseOnExec" -> "internal/poll.dupCloseOnExecOld";
          "internal/poll.DupCloseOnExec" -> "internal/syscall/unix.Fcntl";
          "internal/poll.accept" -> "syscall.CloseOnExec";
          "internal/poll.accept" -> "syscall.SetNonblock";
          "internal/poll.convertErr" -> "internal/poll.errClosing";
          "internal/poll.dupCloseOnExecOld" -> "(*sync.RWMutex).RLock";
          "internal/poll.dupCloseOnExecOld" -> "(*sync.RWMutex).RUnlock";
          "internal/poll.dupCloseOnExecOld" -> "syscall.CloseOnExec";
          "internal/poll.dupCloseOnExecOld" -> "syscall.Dup";
          "internal/poll.ignoringEINTRIO" -> "syscall.Read";
          "internal/poll.ignoringEINTRIO" -> "syscall.ReadDirent";
          "internal/poll.ignoringEINTRIO" -> "syscall.Write";
          "internal/poll.setDeadlineImpl" -> "(*internal/poll.FD).decref";
          "internal/poll.setDeadlineImpl" -> "(*internal/poll.FD).incref";
          "internal/poll.setDeadlineImpl" -> "(time.Time).IsZero";
          "internal/poll.setDeadlineImpl" -> "internal/poll.runtime_pollSetDeadline";
          "internal/poll.setDeadlineImpl" -> "time.Until";
          "internal/reflectlite.TypeOf" -> "internal/abi.TypeOf";
          "internal/reflectlite.TypeOf" -> "internal/reflectlite.toType";
          "internal/reflectlite.directlyAssignable" -> "(*internal/abi.Type).HasName";
          "internal/reflectlite.directlyAssignable" -> "(*internal/abi.Type).HasName";
          "internal/reflectlite.directlyAssignable" -> "(*internal/abi.Type).Kind";
          "internal/reflectlite.directlyAssignable" -> "(*internal/abi.Type).Kind";
          "internal/reflectlite.directlyAssignable" -> "internal/reflectlite.haveIdenticalUnderlyingType";
          "internal/reflectlite.elem" -> "(*internal/abi.Type).Elem";
          "internal/reflectlite.elem" -> "(internal/reflectlite.rtype).String";
          "internal/reflectlite.elem" -> "internal/reflectlite.toRType";
          "internal/reflectlite.haveIdenticalType" -> "(*internal/abi.Type).Kind";
          "internal/reflectlite.haveIdenticalType" -> "(*internal/abi.Type).Kind";
          "internal/reflectlite.haveIdenticalType" -> "(internal/reflectlite.rtype).Name";
          "internal/reflectlite.haveIdenticalType" -> "(internal/reflectlite.rtype).Name";
          "internal/reflectlite.haveIdenticalType" -> "internal/reflectlite.haveIdenticalUnderlyingType";
          "internal/reflectlite.haveIdenticalType" -> "internal/reflectlite.toRType";
          "internal/reflectlite.haveIdenticalType" -> "internal/reflectlite.toRType";
          "internal/reflectlite.haveIdenticalUnderlyingType" -> "(*internal/abi.FuncType).In";
          "internal/reflectlite.haveIdenticalUnderlyingType" -> "(*internal/abi.FuncType).In";
          "internal/reflectlite.haveIdenticalUnderlyingType" -> "(*internal/abi.FuncType).NumIn";
          "internal/reflectlite.haveIdenticalUnderlyingType" -> "(*internal/abi.FuncType).NumOut";
          "internal/reflectlite.haveIdenticalUnderlyingType" -> "(*internal/abi.FuncType).Out";
          "internal/reflectlite.haveIdenticalUnderlyingType" -> "(*internal/abi.FuncType).Out";
          "internal/reflectlite.haveIdenticalUnderlyingType" -> "(*internal/abi.StructField).Embedded";
          "internal/reflectlite.haveIdenticalUnderlyingType" -> "(*internal/abi.StructField).Embedded";
          "internal/reflectlite.haveIdenticalUnderlyingType" -> "(*internal/abi.Type).ChanDir";
          "internal/reflectlite.haveIdenticalUnderlyingType" -> "(*internal/abi.Type).ChanDir";
          "internal/reflectlite.haveIdenticalUnderlyingType" -> "(*internal/abi.Type).ChanDir";
          "internal/reflectlite.haveIdenticalUnderlyingType" -> "(*internal/abi.Type).Elem";
          "internal/reflectlite.haveIdenticalUnderlyingType" -> "(*internal/abi.Type).Elem";
          "internal/reflectlite.haveIdenticalUnderlyingType" -> "(*internal/abi.Type).Elem";
          "internal/reflectlite.haveIdenticalUnderlyingType" -> "(*internal/abi.Type).Elem";
          "internal/reflectlite.haveIdenticalUnderlyingType" -> "(*internal/abi.Type).Elem";
          "internal/reflectlite.haveIdenticalUnderlyingType" -> "(*internal/abi.Type).Elem";
          "internal/reflectlite.haveIdenticalUnderlyingType" -> "(*internal/abi.Type).Elem";
          "internal/reflectlite.haveIdenticalUnderlyingType" -> "(*internal/abi.Type).Elem";
          "internal/reflectlite.haveIdenticalUnderlyingType" -> "(*internal/abi.Type).Elem";
          "internal/reflectlite.haveIdenticalUnderlyingType" -> "(*internal/abi.Type).Elem";
          "internal/reflectlite.haveIdenticalUnderlyingType" -> "(*internal/abi.Type).Key";
          "internal/reflectlite.haveIdenticalUnderlyingType" -> "(*internal/abi.Type).Key";
          "internal/reflectlite.haveIdenticalUnderlyingType" -> "(*internal/abi.Type).Kind";
          "internal/reflectlite.haveIdenticalUnderlyingType" -> "(*internal/abi.Type).Kind";
          "internal/reflectlite.haveIdenticalUnderlyingType" -> "(*internal/abi.Type).Len";
          "internal/reflectlite.haveIdenticalUnderlyingType" -> "(*internal/abi.Type).Len";
          "internal/reflectlite.haveIdenticalUnderlyingType" -> "(internal/abi.Name).Name";
          "internal/reflectlite.haveIdenticalUnderlyingType" -> "(internal/abi.Name).Name";
          "internal/reflectlite.haveIdenticalUnderlyingType" -> "(internal/abi.Name).Name";
          "internal/reflectlite.haveIdenticalUnderlyingType" -> "(internal/abi.Name).Name";
          "internal/reflectlite.haveIdenticalUnderlyingType" -> "(internal/abi.Name).Tag";
          "internal/reflectlite.haveIdenticalUnderlyingType" -> "(internal/abi.Name).Tag";
          "internal/reflectlite.haveIdenticalUnderlyingType" -> "internal/reflectlite.haveIdenticalType";
          "internal/reflectlite.haveIdenticalUnderlyingType" -> "internal/reflectlite.haveIdenticalType";
          "internal/reflectlite.haveIdenticalUnderlyingType" -> "internal/reflectlite.haveIdenticalType";
          "internal/reflectlite.haveIdenticalUnderlyingType" -> "internal/reflectlite.haveIdenticalType";
          "internal/reflectlite.haveIdenticalUnderlyingType" -> "internal/reflectlite.haveIdenticalType";
          "internal/reflectlite.haveIdenticalUnderlyingType" -> "internal/reflectlite.haveIdenticalType";
          "internal/reflectlite.haveIdenticalUnderlyingType" -> "internal/reflectlite.haveIdenticalType";
          "internal/reflectlite.haveIdenticalUnderlyingType" -> "internal/reflectlite.haveIdenticalType";
          "internal/reflectlite.haveIdenticalUnderlyingType" -> "internal/reflectlite.haveIdenticalType";
          "internal/reflectlite.implements" -> "(*internal/abi.Type).InterfaceType";
          "internal/reflectlite.implements" -> "(*internal/abi.Type).Kind";
          "internal/reflectlite.implements" -> "(*internal/abi.Type).Uncommon";
          "internal/reflectlite.implements" -> "(*internal/abi.UncommonType).Methods";
          "internal/reflectlite.implements" -> "(internal/abi.Name).IsExported";
          "internal/reflectlite.implements" -> "(internal/abi.Name).IsExported";
          "internal/reflectlite.implements" -> "(internal/abi.Name).Name";
          "internal/reflectlite.implements" -> "(internal/abi.Name).Name";
          "internal/reflectlite.implements" -> "(internal/abi.Name).Name";
          "internal/reflectlite.implements" -> "(internal/abi.Name).Name";
          "internal/reflectlite.implements" -> "(internal/abi.Name).Name";
          "internal/reflectlite.implements" -> "(internal/abi.Name).Name";
          "internal/reflectlite.implements" -> "(internal/abi.Name).Name";
          "internal/reflectlite.implements" -> "(internal/abi.Name).Name";
          "internal/reflectlite.implements" -> "(internal/reflectlite.rtype).nameOff";
          "internal/reflectlite.implements" -> "(internal/reflectlite.rtype).nameOff";
          "internal/reflectlite.implements" -> "(internal/reflectlite.rtype).nameOff";
          "internal/reflectlite.implements" -> "(internal/reflectlite.rtype).nameOff";
          "internal/reflectlite.implements" -> "(internal/reflectlite.rtype).nameOff";
          "internal/reflectlite.implements" -> "(internal/reflectlite.rtype).typeOff";
          "internal/reflectlite.implements" -> "(internal/reflectlite.rtype).typeOff";
          "internal/reflectlite.implements" -> "(internal/reflectlite.rtype).typeOff";
          "internal/reflectlite.implements" -> "(internal/reflectlite.rtype).typeOff";
          "internal/reflectlite.implements" -> "internal/reflectlite.pkgPath";
          "internal/reflectlite.implements" -> "internal/reflectlite.pkgPath";
          "internal/reflectlite.implements" -> "internal/reflectlite.pkgPath";
          "internal/reflectlite.implements" -> "internal/reflectlite.pkgPath";
          "internal/reflectlite.implements" -> "internal/reflectlite.toRType";
          "internal/reflectlite.implements" -> "internal/reflectlite.toRType";
          "internal/reflectlite.pkgPath" -> "(internal/abi.Name).DataChecked";
          "internal/reflectlite.pkgPath" -> "(internal/abi.Name).DataChecked";
          "internal/reflectlite.pkgPath" -> "(internal/abi.Name).HasTag";
          "internal/reflectlite.pkgPath" -> "(internal/abi.Name).ReadVarint";
          "internal/reflectlite.pkgPath" -> "(internal/abi.Name).ReadVarint";
          "internal/reflectlite.pkgPath" -> "(internal/reflectlite.name).name";
          "internal/reflectlite.pkgPath" -> "internal/reflectlite.resolveTypeOff";
          "internal/reflectlite.toType" -> "internal/reflectlite.toRType";
          "internal/runtime/maps.alignUpPow2" -> "internal/runtime/sys.Len64";
          "internal/runtime/maps.bitsetFirst" -> "internal/runtime/sys.TrailingZeros64";
          "internal/runtime/maps.newGroups" -> "internal/runtime/maps.newarray";
          "internal/runtime/maps.newTable" -> "(*internal/runtime/maps.table).reset";
          "internal/runtime/maps.newTable" -> "internal/runtime/maps.alignUpPow2";
          "internal/runtime/sys.LeadingZeros64" -> "internal/runtime/sys.Len64";
          "internal/stringslite.CutPrefix" -> "internal/stringslite.HasPrefix";
          "internal/stringslite.IndexByte" -> "internal/bytealg.IndexByteString";
          "internal/syscall/unix.Fcntl" -> "internal/syscall/unix.fcntl";
          "io.Copy" -> "io.copyBuffer";
          "io.copyBuffer" -> "(*fmt.pp).Write";
          "io.copyBuffer" -> "(*internal/poll.FD).Read";
          "io.copyBuffer" -> "(*internal/poll.FD).Write";
          "io.copyBuffer" -> "(*os.File).Read";
          "io.copyBuffer" -> "(*os.File).ReadFrom";
          "io.copyBuffer" -> "(*os.File).Write";
          "io.copyBuffer" -> "(*os.File).WriteTo";
          "io.copyBuffer" -> "(os.noReadFrom).ReadFrom";
          "io.copyBuffer" -> "(os.noWriteTo).WriteTo";
          "io/fs.FormatDirEntry" -> "(*os.unixDirent).IsDir";
          "io/fs.FormatDirEntry" -> "(*os.unixDirent).Name";
          "io/fs.FormatDirEntry" -> "(*os.unixDirent).Type";
          "io/fs.FormatDirEntry" -> "(io/fs.FileMode).String";
          "math/bits.TrailingZeros" -> "math/bits.TrailingZeros32";
          "math/bits.TrailingZeros" -> "math/bits.TrailingZeros64";
          "os.IsNotExist" -> "os.underlyingErrorIs";
          "os.epipecheck" -> "os.sigpipe";
          "os.fillFileStatFromSys" -> "(*syscall.Timespec).Unix";
          "os.fillFileStatFromSys" -> "internal/filepathlite.Base";
          "os.fillFileStatFromSys" -> "time.Unix";
          "os.genericReadFrom" -> "io.Copy";
          "os.genericWriteTo" -> "io.Copy";
          "os.newUnixDirent" -> "(*os.fileStat).Mode";
          "os.newUnixDirent" -> "(io/fs.FileMode).Type";
          "os.syscallMode" -> "(io/fs.FileMode).Perm";
          "os.underlyingErrorIs" -> "(syscall.Errno).Is";
          "os.underlyingErrorIs" -> "os.underlyingError";
          "reflect.ArrayOf" -> "(*internal/abi.Type).IfaceIndir";
          "reflect.ArrayOf" -> "(*internal/abi.Type).Pointers";
          "reflect.ArrayOf" -> "(*internal/abi.Type).Size";
          "reflect.ArrayOf" -> "(*reflect.rtype).common";
          "reflect.ArrayOf" -> "(*sync.Map).Load";
          "reflect.ArrayOf" -> "(*sync.Map).LoadOrStore";
          "reflect.ArrayOf" -> "(*sync.Map).LoadOrStore";
          "reflect.ArrayOf" -> "reflect.SliceOf";
          "reflect.ArrayOf" -> "reflect.emitGCMask";
          "reflect.ArrayOf" -> "reflect.fnv1";
          "reflect.ArrayOf" -> "reflect.fnv1";
          "reflect.ArrayOf" -> "reflect.fnv1";
          "reflect.ArrayOf" -> "reflect.newName";
          "reflect.ArrayOf" -> "reflect.resolveReflectName";
          "reflect.ArrayOf" -> "reflect.stringFor";
          "reflect.ArrayOf" -> "reflect.toRType";
          "reflect.ArrayOf" -> "reflect.toRType";
          "reflect.ArrayOf" -> "reflect.typesByString";
          "reflect.ArrayOf" -> "strconv.Itoa";
          "reflect.FuncOf" -> "(*reflect.rtype).Kind";
          "reflect.FuncOf" -> "(*sync.Map).Load";
          "reflect.FuncOf" -> "(*sync.Map).Load";
          "reflect.FuncOf" -> "(*sync.Mutex).Lock";
          "reflect.FuncOf" -> "(*sync.Mutex).Unlock";
          "reflect.FuncOf" -> "(reflect.Value).Addr";
          "reflect.FuncOf" -> "(reflect.Value).Addr";
          "reflect.FuncOf" -> "(reflect.Value).Elem";
          "reflect.FuncOf" -> "(reflect.Value).Field";
          "reflect.FuncOf" -> "(reflect.Value).Field";
          "reflect.FuncOf" -> "(reflect.Value).Pointer";
          "reflect.FuncOf" -> "(reflect.Value).Pointer";
          "reflect.FuncOf" -> "reflect.New";
          "reflect.FuncOf" -> "reflect.fnv1";
          "reflect.FuncOf" -> "reflect.fnv1";
          "reflect.FuncOf" -> "reflect.fnv1";
          "reflect.FuncOf" -> "reflect.fnv1";
          "reflect.FuncOf" -> "reflect.funcStr";
          "reflect.FuncOf" -> "reflect.haveIdenticalUnderlyingType";
          "reflect.FuncOf" -> "reflect.haveIdenticalUnderlyingType";
          "reflect.FuncOf" -> "reflect.haveIdenticalUnderlyingType";
          "reflect.FuncOf" -> "reflect.initFuncTypes";
          "reflect.FuncOf" -> "reflect.newName";
          "reflect.FuncOf" -> "reflect.resolveReflectName";
          "reflect.FuncOf" -> "reflect.toRType";
          "reflect.FuncOf" -> "reflect.toRType";
          "reflect.FuncOf" -> "reflect.typesByString";
          "reflect.MakeFunc" -> "(*reflect.rtype).Kind";
          "reflect.MakeFunc" -> "(*reflect.rtype).common";
          "reflect.MakeFunc" -> "internal/abi.FuncPCABI0";
          "reflect.MakeFunc" -> "reflect.funcLayout";
          "reflect.MakeSlice" -> "(*reflect.rtype).Elem";
          "reflect.MakeSlice" -> "(*reflect.rtype).Kind";
          "reflect.MakeSlice" -> "reflect.unsafe_NewArray";
          "reflect.New" -> "(*internal/abi.Type).IfaceIndir";
          "reflect.New" -> "reflect.ptrTo";
          "reflect.New" -> "reflect.unsafe_New";
          "reflect.SliceOf" -> "(*reflect.rtype).common";
          "reflect.SliceOf" -> "(*sync.Map).Load";
          "reflect.SliceOf" -> "(*sync.Map).LoadOrStore";
          "reflect.SliceOf" -> "(*sync.Map).LoadOrStore";
          "reflect.SliceOf" -> "reflect.fnv1";
          "reflect.SliceOf" -> "reflect.newName";
          "reflect.SliceOf" -> "reflect.resolveReflectName";
          "reflect.SliceOf" -> "reflect.stringFor";
          "reflect.SliceOf" -> "reflect.toRType";
          "reflect.SliceOf" -> "reflect.toRType";
          "reflect.SliceOf" -> "reflect.typesByString";
          "reflect.StructOf" -> "(*internal/abi.StructField).Embedded";
          "reflect.StructOf" -> "(*internal/abi.Type).Elem";
          "reflect.StructOf" -> "(*internal/abi.Type).IfaceIndir";
          "reflect.StructOf" -> "(*internal/abi.Type).Kind";
          "reflect.StructOf" -> "(*internal/abi.Type).Kind";
          "reflect.StructOf" -> "(*internal/abi.Type).Kind";
          "reflect.StructOf" -> "(*internal/abi.Type).Uncommon";
          "reflect.StructOf" -> "(*internal/abi.Type).Uncommon";
          "reflect.StructOf" -> "(*internal/abi.Type).Uncommon";
          "reflect.StructOf" -> "(*internal/abi.UncommonType).Methods";
          "reflect.StructOf" -> "(*internal/abi.UncommonType).Methods";
          "reflect.StructOf" -> "(*internal/abi.UncommonType).Methods";
          "reflect.StructOf" -> "(*reflect.interfaceType).nameOff";
          "reflect.StructOf" -> "(*reflect.interfaceType).nameOff";
          "reflect.StructOf" -> "(*reflect.interfaceType).typeOff";
          "reflect.StructOf" -> "(*reflect.rtype).common";
          "reflect.StructOf" -> "(*reflect.rtype).common";
          "reflect.StructOf" -> "(*sync.Map).Load";
          "reflect.StructOf" -> "(*sync.Map).Load";
          "reflect.StructOf" -> "(*sync.Mutex).Lock";
          "reflect.StructOf" -> "(*sync.Mutex).Unlock";
          "reflect.StructOf" -> "(internal/abi.Name).HasTag";
          "reflect.StructOf" -> "(internal/abi.Name).Name";
          "reflect.StructOf" -> "(internal/abi.Name).Tag";
          "reflect.StructOf" -> "(internal/abi.Name).Tag";
          "reflect.StructOf" -> "(reflect.Value).Addr";
          "reflect.StructOf" -> "(reflect.Value).Addr";
          "reflect.StructOf" -> "(reflect.Value).Elem";
          "reflect.StructOf" -> "(reflect.Value).Elem";
          "reflect.StructOf" -> "(reflect.Value).Elem";
          "reflect.StructOf" -> "(reflect.Value).Field";
          "reflect.StructOf" -> "(reflect.Value).Field";
          "reflect.StructOf" -> "(reflect.Value).Field";
          "reflect.StructOf" -> "(reflect.Value).Interface";
          "reflect.StructOf" -> "(reflect.Value).Slice";
          "reflect.StructOf" -> "(reflect.Value).UnsafePointer";
          "reflect.StructOf" -> "(reflect.Value).UnsafePointer";
          "reflect.StructOf" -> "internal/abi.FuncPCABIInternal";
          "reflect.StructOf" -> "reflect.ArrayOf";
          "reflect.StructOf" -> "reflect.New";
          "reflect.StructOf" -> "reflect.StructOf";
          "reflect.StructOf" -> "reflect.TypeOf";
          "reflect.StructOf" -> "reflect.TypeOf";
          "reflect.StructOf" -> "reflect.TypeOf";
          "reflect.StructOf" -> "reflect.addTypeBits";
          "reflect.StructOf" -> "reflect.align";
          "reflect.StructOf" -> "reflect.align";
          "reflect.StructOf" -> "reflect.fnv1";
          "reflect.StructOf" -> "reflect.fnv1";
          "reflect.StructOf" -> "reflect.fnv1";
          "reflect.StructOf" -> "reflect.fnv1";
          "reflect.StructOf" -> "reflect.fnv1";
          "reflect.StructOf" -> "reflect.haveIdenticalUnderlyingType";
          "reflect.StructOf" -> "reflect.haveIdenticalUnderlyingType";
          "reflect.StructOf" -> "reflect.haveIdenticalUnderlyingType";
          "reflect.StructOf" -> "reflect.isRegularMemory";
          "reflect.StructOf" -> "reflect.isValidFieldName";
          "reflect.StructOf" -> "reflect.nameOffFor";
          "reflect.StructOf" -> "reflect.nameOffFor";
          "reflect.StructOf" -> "reflect.nameOffFor";
          "reflect.StructOf" -> "reflect.newName";
          "reflect.StructOf" -> "reflect.newName";
          "reflect.StructOf" -> "reflect.pkgPath";
          "reflect.StructOf" -> "reflect.pkgPath";
          "reflect.StructOf" -> "reflect.pkgPath";
          "reflect.StructOf" -> "reflect.pkgPath";
          "reflect.StructOf" -> "reflect.resolveReflectName";
          "reflect.StructOf" -> "reflect.resolveReflectName";
          "reflect.StructOf" -> "reflect.resolveReflectName";
          "reflect.StructOf" -> "reflect.resolveReflectName";
          "reflect.StructOf" -> "reflect.resolveReflectName";
          "reflect.StructOf" -> "reflect.resolveReflectText";
          "reflect.StructOf" -> "reflect.resolveReflectText";
          "reflect.StructOf" -> "reflect.resolveReflectText";
          "reflect.StructOf" -> "reflect.resolveReflectText";
          "reflect.StructOf" -> "reflect.resolveReflectText";
          "reflect.StructOf" -> "reflect.resolveReflectText";
          "reflect.StructOf" -> "reflect.resolveReflectText";
          "reflect.StructOf" -> "reflect.resolveReflectType";
          "reflect.StructOf" -> "reflect.resolveReflectType";
          "reflect.StructOf" -> "reflect.resolveReflectType";
          "reflect.StructOf" -> "reflect.resolveReflectType";
          "reflect.StructOf" -> "reflect.runtimeStructField";
          "reflect.StructOf" -> "reflect.stringFor";
          "reflect.StructOf" -> "reflect.stringFor";
          "reflect.StructOf" -> "reflect.textOffFor";
          "reflect.StructOf" -> "reflect.textOffFor";
          "reflect.StructOf" -> "reflect.textOffFor";
          "reflect.StructOf" -> "reflect.textOffFor";
          "reflect.StructOf" -> "reflect.textOffFor";
          "reflect.StructOf" -> "reflect.textOffFor";
          "reflect.StructOf" -> "reflect.toType";
          "reflect.StructOf" -> "reflect.toType";
          "reflect.StructOf" -> "reflect.toType";
          "reflect.StructOf" -> "reflect.toType";
          "reflect.StructOf" -> "reflect.toType";
          "reflect.StructOf" -> "reflect.typeOffFor";
          "reflect.StructOf" -> "reflect.typeOffFor";
          "reflect.StructOf" -> "reflect.typeOffFor";
          "reflect.StructOf" -> "reflect.typeptrdata";
          "reflect.StructOf" -> "reflect.typesByString";
          "reflect.StructOf" -> "strconv.Itoa";
          "reflect.StructOf" -> "strconv.Itoa";
          "reflect.StructOf" -> "strconv.Itoa";
          "reflect.StructOf" -> "strconv.Quote";
          "reflect.TypeOf" -> "internal/abi.TypeOf";
          "reflect.TypeOf" -> "reflect.toType";
          "reflect.ValueOf" -> "reflect.unpackEface";
          "reflect.Zero" -> "(*internal/abi.Type).IfaceIndir";
          "reflect.Zero" -> "(*internal/abi.Type).Kind";
          "reflect.Zero" -> "(*internal/abi.Type).Size";
          "reflect.Zero" -> "reflect.unsafe_New";
          "reflect.addTypeBits" -> "(*internal/abi.Type).Pointers";
          "reflect.addTypeBits" -> "(*reflect.bitVector).append";
          "reflect.addTypeBits" -> "(*reflect.bitVector).append";
          "reflect.addTypeBits" -> "(*reflect.bitVector).append";
          "reflect.addTypeBits" -> "(*reflect.bitVector).append";
          "reflect.addTypeBits" -> "(*reflect.bitVector).append";
          "reflect.addTypeBits" -> "reflect.addTypeBits";
          "reflect.addTypeBits" -> "reflect.addTypeBits";
          "reflect.arrayAt" -> "reflect.add";
          "reflect.canRangeFunc" -> "(*internal/abi.FuncType).In";
          "reflect.canRangeFunc" -> "(*internal/abi.FuncType).Out";
          "reflect.canRangeFunc" -> "(*internal/abi.Type).FuncType";
          "reflect.canRangeFunc" -> "(*internal/abi.Type).FuncType";
          "reflect.canRangeFunc" -> "(*internal/abi.Type).Kind";
          "reflect.canRangeFunc" -> "(*internal/abi.Type).Kind";
          "reflect.canRangeFunc" -> "(*internal/abi.Type).Kind";
          "reflect.canRangeFunc2" -> "(*internal/abi.FuncType).In";
          "reflect.canRangeFunc2" -> "(*internal/abi.FuncType).Out";
          "reflect.canRangeFunc2" -> "(*internal/abi.Type).FuncType";
          "reflect.canRangeFunc2" -> "(*internal/abi.Type).FuncType";
          "reflect.canRangeFunc2" -> "(*internal/abi.Type).Kind";
          "reflect.canRangeFunc2" -> "(*internal/abi.Type).Kind";
          "reflect.canRangeFunc2" -> "(*internal/abi.Type).Kind";
          "reflect.chansend" -> "reflect.chansend0";
          "reflect.chansend" -> "reflect.contentEscapes";
          "reflect.contentEscapes" -> "reflect.escapes";
          "reflect.convertOp" -> "(*internal/abi.Type).Elem";
          "reflect.convertOp" -> "(*internal/abi.Type).Elem";
          "reflect.convertOp" -> "(*internal/abi.Type).Elem";
          "reflect.convertOp" -> "(*internal/abi.Type).Elem";
          "reflect.convertOp" -> "(*internal/abi.Type).Elem";
          "reflect.convertOp" -> "(*internal/abi.Type).Elem";
          "reflect.convertOp" -> "(*internal/abi.Type).Elem";
          "reflect.convertOp" -> "(*internal/abi.Type).Elem";
          "reflect.convertOp" -> "(*internal/abi.Type).Elem";
          "reflect.convertOp" -> "(*internal/abi.Type).Elem";
          "reflect.convertOp" -> "(*internal/abi.Type).Kind";
          "reflect.convertOp" -> "(*internal/abi.Type).Kind";
          "reflect.convertOp" -> "(*internal/abi.Type).Kind";
          "reflect.convertOp" -> "(*internal/abi.Type).Kind";
          "reflect.convertOp" -> "(*internal/abi.Type).Kind";
          "reflect.convertOp" -> "(*internal/abi.Type).Kind";
          "reflect.convertOp" -> "(*internal/abi.Type).Kind";
          "reflect.convertOp" -> "(*internal/abi.Type).Kind";
          "reflect.convertOp" -> "(*internal/abi.Type).Kind";
          "reflect.convertOp" -> "(*internal/abi.Type).Kind";
          "reflect.convertOp" -> "(*internal/abi.Type).Kind";
          "reflect.convertOp" -> "(*internal/abi.Type).Kind";
          "reflect.convertOp" -> "(*internal/abi.Type).Kind";
          "reflect.convertOp" -> "(*internal/abi.Type).Kind";
          "reflect.convertOp" -> "(*internal/abi.Type).Kind";
          "reflect.convertOp" -> "(*internal/abi.Type).Kind";
          "reflect.convertOp" -> "reflect.elem";
          "reflect.convertOp" -> "reflect.elem";
          "reflect.convertOp" -> "reflect.haveIdenticalUnderlyingType";
          "reflect.convertOp" -> "reflect.haveIdenticalUnderlyingType";
          "reflect.convertOp" -> "reflect.implements";
          "reflect.convertOp" -> "reflect.nameFor";
          "reflect.convertOp" -> "reflect.nameFor";
          "reflect.convertOp" -> "reflect.pkgPathFor";
          "reflect.convertOp" -> "reflect.pkgPathFor";
          "reflect.convertOp" -> "reflect.specialChannelAssignability";
          "reflect.copyVal" -> "(*internal/abi.Type).IfaceIndir";
          "reflect.copyVal" -> "reflect.typedmemmove";
          "reflect.copyVal" -> "reflect.unsafe_New";
          "reflect.cvtBytesString" -> "(reflect.Value).Bytes";
          "reflect.cvtBytesString" -> "(reflect.flag).ro";
          "reflect.cvtBytesString" -> "reflect.makeString";
          "reflect.cvtComplex" -> "(reflect.Value).Complex";
          "reflect.cvtComplex" -> "(reflect.flag).ro";
          "reflect.cvtComplex" -> "reflect.makeComplex";
          "reflect.cvtDirect" -> "(*reflect.rtype).common";
          "reflect.cvtDirect" -> "(reflect.flag).ro";
          "reflect.cvtDirect" -> "reflect.typedmemmove";
          "reflect.cvtDirect" -> "reflect.unsafe_New";
          "reflect.cvtFloat" -> "(*reflect.rtype).Kind";
          "reflect.cvtFloat" -> "(*reflect.rtype).Kind";
          "reflect.cvtFloat" -> "(reflect.Value).Float";
          "reflect.cvtFloat" -> "(reflect.Value).Type";
          "reflect.cvtFloat" -> "(reflect.flag).ro";
          "reflect.cvtFloat" -> "(reflect.flag).ro";
          "reflect.cvtFloat" -> "reflect.makeFloat";
          "reflect.cvtFloat" -> "reflect.makeFloat32";
          "reflect.cvtFloatInt" -> "(reflect.Value).Float";
          "reflect.cvtFloatInt" -> "(reflect.flag).ro";
          "reflect.cvtFloatInt" -> "reflect.makeInt";
          "reflect.cvtFloatUint" -> "(reflect.Value).Float";
          "reflect.cvtFloatUint" -> "(reflect.flag).ro";
          "reflect.cvtFloatUint" -> "reflect.makeInt";
          "reflect.cvtI2I" -> "(reflect.Value).Elem";
          "reflect.cvtI2I" -> "(reflect.Value).IsNil";
          "reflect.cvtI2I" -> "(reflect.flag).ro";
          "reflect.cvtI2I" -> "reflect.Zero";
          "reflect.cvtI2I" -> "reflect.cvtT2I";
          "reflect.cvtInt" -> "(reflect.Value).Int";
          "reflect.cvtInt" -> "(reflect.flag).ro";
          "reflect.cvtInt" -> "reflect.makeInt";
          "reflect.cvtIntFloat" -> "(reflect.Value).Int";
          "reflect.cvtIntFloat" -> "(reflect.flag).ro";
          "reflect.cvtIntFloat" -> "reflect.makeFloat";
          "reflect.cvtIntString" -> "(reflect.Value).Int";
          "reflect.cvtIntString" -> "(reflect.flag).ro";
          "reflect.cvtIntString" -> "reflect.makeString";
          "reflect.cvtRunesString" -> "(reflect.Value).runes";
          "reflect.cvtRunesString" -> "(reflect.flag).ro";
          "reflect.cvtRunesString" -> "reflect.makeString";
          "reflect.cvtSliceArray" -> "(*reflect.rtype).Len";
          "reflect.cvtSliceArray" -> "(*reflect.rtype).common";
          "reflect.cvtSliceArray" -> "(reflect.Value).Len";
          "reflect.cvtSliceArray" -> "(reflect.Value).Len";
          "reflect.cvtSliceArray" -> "internal/itoa.Itoa";
          "reflect.cvtSliceArray" -> "internal/itoa.Itoa";
          "reflect.cvtSliceArray" -> "reflect.typedmemmove";
          "reflect.cvtSliceArray" -> "reflect.unsafe_New";
          "reflect.cvtSliceArrayPtr" -> "(*reflect.rtype).Elem";
          "reflect.cvtSliceArrayPtr" -> "(*reflect.rtype).Len";
          "reflect.cvtSliceArrayPtr" -> "(*reflect.rtype).common";
          "reflect.cvtSliceArrayPtr" -> "(reflect.Value).Len";
          "reflect.cvtSliceArrayPtr" -> "(reflect.Value).Len";
          "reflect.cvtSliceArrayPtr" -> "internal/itoa.Itoa";
          "reflect.cvtSliceArrayPtr" -> "internal/itoa.Itoa";
          "reflect.cvtStringBytes" -> "(reflect.Value).String";
          "reflect.cvtStringBytes" -> "(reflect.flag).ro";
          "reflect.cvtStringBytes" -> "reflect.makeBytes";
          "reflect.cvtStringRunes" -> "(reflect.Value).String";
          "reflect.cvtStringRunes" -> "(reflect.flag).ro";
          "reflect.cvtStringRunes" -> "reflect.makeRunes";
          "reflect.cvtT2I" -> "(*reflect.rtype).NumMethod";
          "reflect.cvtT2I" -> "(*reflect.rtype).common";
          "reflect.cvtT2I" -> "(*reflect.rtype).common";
          "reflect.cvtT2I" -> "(*reflect.rtype).common";
          "reflect.cvtT2I" -> "(reflect.flag).ro";
          "reflect.cvtT2I" -> "reflect.ifaceE2I";
          "reflect.cvtT2I" -> "reflect.unsafe_New";
          "reflect.cvtT2I" -> "reflect.valueInterface";
          "reflect.cvtUint" -> "(reflect.Value).Uint";
          "reflect.cvtUint" -> "(reflect.flag).ro";
          "reflect.cvtUint" -> "reflect.makeInt";
          "reflect.cvtUintFloat" -> "(reflect.Value).Uint";
          "reflect.cvtUintFloat" -> "(reflect.flag).ro";
          "reflect.cvtUintFloat" -> "reflect.makeFloat";
          "reflect.cvtUintString" -> "(reflect.Value).Uint";
          "reflect.cvtUintString" -> "(reflect.flag).ro";
          "reflect.cvtUintString" -> "reflect.makeString";
          "reflect.directlyAssignable" -> "(*internal/abi.Type).HasName";
          "reflect.directlyAssignable" -> "(*internal/abi.Type).HasName";
          "reflect.directlyAssignable" -> "(*internal/abi.Type).Kind";
          "reflect.directlyAssignable" -> "(*internal/abi.Type).Kind";
          "reflect.directlyAssignable" -> "(*internal/abi.Type).Kind";
          "reflect.directlyAssignable" -> "reflect.haveIdenticalUnderlyingType";
          "reflect.directlyAssignable" -> "reflect.specialChannelAssignability";
          "reflect.dumpPtrBitMap" -> "(*internal/abi.IntArgRegBitmap).Get";
          "reflect.elem" -> "(*internal/abi.Type).Elem";
          "reflect.elem" -> "reflect.stringFor";
          "reflect.emitGCMask" -> "(*internal/abi.Type).GcSlice";
          "reflect.floatFromReg" -> "reflect.archFloat32FromReg";
          "reflect.floatToReg" -> "reflect.archFloat32ToReg";
          "reflect.funcLayout" -> "(*internal/abi.Type).Kind";
          "reflect.funcLayout" -> "(*internal/abi.Type).Kind";
          "reflect.funcLayout" -> "(*sync.Map).Load";
          "reflect.funcLayout" -> "(*sync.Map).LoadOrStore";
          "reflect.funcLayout" -> "reflect.align";
          "reflect.funcLayout" -> "reflect.newAbiDesc";
          "reflect.funcLayout" -> "reflect.newName";
          "reflect.funcLayout" -> "reflect.resolveReflectName";
          "reflect.funcLayout" -> "reflect.stringFor";
          "reflect.funcLayout" -> "reflect.stringFor";
          "reflect.funcLayout" -> "reflect.stringFor";
          "reflect.funcLayout" -> "reflect.stringFor";
          "reflect.funcLayout" -> "reflect.stringFor";
          "reflect.funcStr" -> "(*internal/abi.FuncType).InSlice";
          "reflect.funcStr" -> "(*internal/abi.FuncType).IsVariadic";
          "reflect.funcStr" -> "(*internal/abi.FuncType).OutSlice";
          "reflect.funcStr" -> "reflect.stringFor";
          "reflect.funcStr" -> "reflect.stringFor";
          "reflect.funcStr" -> "reflect.stringFor";
          "reflect.haveIdenticalType" -> "(*internal/abi.Type).Kind";
          "reflect.haveIdenticalType" -> "(*internal/abi.Type).Kind";
          "reflect.haveIdenticalType" -> "reflect.haveIdenticalUnderlyingType";
          "reflect.haveIdenticalType" -> "reflect.nameFor";
          "reflect.haveIdenticalType" -> "reflect.nameFor";
          "reflect.haveIdenticalType" -> "reflect.pkgPathFor";
          "reflect.haveIdenticalType" -> "reflect.pkgPathFor";
          "reflect.haveIdenticalUnderlyingType" -> "(*internal/abi.FuncType).In";
          "reflect.haveIdenticalUnderlyingType" -> "(*internal/abi.FuncType).In";
          "reflect.haveIdenticalUnderlyingType" -> "(*internal/abi.FuncType).NumIn";
          "reflect.haveIdenticalUnderlyingType" -> "(*internal/abi.FuncType).NumOut";
          "reflect.haveIdenticalUnderlyingType" -> "(*internal/abi.FuncType).Out";
          "reflect.haveIdenticalUnderlyingType" -> "(*internal/abi.FuncType).Out";
          "reflect.haveIdenticalUnderlyingType" -> "(*internal/abi.StructField).Embedded";
          "reflect.haveIdenticalUnderlyingType" -> "(*internal/abi.StructField).Embedded";
          "reflect.haveIdenticalUnderlyingType" -> "(*internal/abi.Type).ChanDir";
          "reflect.haveIdenticalUnderlyingType" -> "(*internal/abi.Type).ChanDir";
          "reflect.haveIdenticalUnderlyingType" -> "(*internal/abi.Type).Elem";
          "reflect.haveIdenticalUnderlyingType" -> "(*internal/abi.Type).Elem";
          "reflect.haveIdenticalUnderlyingType" -> "(*internal/abi.Type).Elem";
          "reflect.haveIdenticalUnderlyingType" -> "(*internal/abi.Type).Elem";
          "reflect.haveIdenticalUnderlyingType" -> "(*internal/abi.Type).Elem";
          "reflect.haveIdenticalUnderlyingType" -> "(*internal/abi.Type).Elem";
          "reflect.haveIdenticalUnderlyingType" -> "(*internal/abi.Type).Elem";
          "reflect.haveIdenticalUnderlyingType" -> "(*internal/abi.Type).Elem";
          "reflect.haveIdenticalUnderlyingType" -> "(*internal/abi.Type).Key";
          "reflect.haveIdenticalUnderlyingType" -> "(*internal/abi.Type).Key";
          "reflect.haveIdenticalUnderlyingType" -> "(*internal/abi.Type).Kind";
          "reflect.haveIdenticalUnderlyingType" -> "(*internal/abi.Type).Kind";
          "reflect.haveIdenticalUnderlyingType" -> "(*internal/abi.Type).Len";
          "reflect.haveIdenticalUnderlyingType" -> "(*internal/abi.Type).Len";
          "reflect.haveIdenticalUnderlyingType" -> "(internal/abi.Name).Name";
          "reflect.haveIdenticalUnderlyingType" -> "(internal/abi.Name).Name";
          "reflect.haveIdenticalUnderlyingType" -> "(internal/abi.Name).Name";
          "reflect.haveIdenticalUnderlyingType" -> "(internal/abi.Name).Name";
          "reflect.haveIdenticalUnderlyingType" -> "(internal/abi.Name).Tag";
          "reflect.haveIdenticalUnderlyingType" -> "(internal/abi.Name).Tag";
          "reflect.haveIdenticalUnderlyingType" -> "reflect.haveIdenticalType";
          "reflect.haveIdenticalUnderlyingType" -> "reflect.haveIdenticalType";
          "reflect.haveIdenticalUnderlyingType" -> "reflect.haveIdenticalType";
          "reflect.haveIdenticalUnderlyingType" -> "reflect.haveIdenticalType";
          "reflect.haveIdenticalUnderlyingType" -> "reflect.haveIdenticalType";
          "reflect.haveIdenticalUnderlyingType" -> "reflect.haveIdenticalType";
          "reflect.haveIdenticalUnderlyingType" -> "reflect.haveIdenticalType";
          "reflect.haveIdenticalUnderlyingType" -> "reflect.haveIdenticalType";
          "reflect.implements" -> "(*internal/abi.Type).Kind";
          "reflect.implements" -> "(*internal/abi.Type).Kind";
          "reflect.implements" -> "(*internal/abi.Type).Uncommon";
          "reflect.implements" -> "(*internal/abi.UncommonType).Methods";
          "reflect.implements" -> "(*reflect.interfaceType).nameOff";
          "reflect.implements" -> "(*reflect.interfaceType).nameOff";
          "reflect.implements" -> "(*reflect.interfaceType).typeOff";
          "reflect.implements" -> "(*reflect.interfaceType).typeOff";
          "reflect.implements" -> "(internal/abi.Name).IsExported";
          "reflect.implements" -> "(internal/abi.Name).IsExported";
          "reflect.implements" -> "(internal/abi.Name).Name";
          "reflect.implements" -> "(internal/abi.Name).Name";
          "reflect.implements" -> "(internal/abi.Name).Name";
          "reflect.implements" -> "(internal/abi.Name).Name";
          "reflect.implements" -> "(internal/abi.Name).Name";
          "reflect.implements" -> "(internal/abi.Name).Name";
          "reflect.implements" -> "(internal/abi.Name).Name";
          "reflect.implements" -> "(internal/abi.Name).Name";
          "reflect.implements" -> "reflect.nameOffFor";
          "reflect.implements" -> "reflect.nameOffFor";
          "reflect.implements" -> "reflect.nameOffFor";
          "reflect.implements" -> "reflect.pkgPath";
          "reflect.implements" -> "reflect.pkgPath";
          "reflect.implements" -> "reflect.pkgPath";
          "reflect.implements" -> "reflect.pkgPath";
          "reflect.implements" -> "reflect.typeOffFor";
          "reflect.implements" -> "reflect.typeOffFor";
          "reflect.initFuncTypes" -> "(*sync.Mutex).Lock";
          "reflect.initFuncTypes" -> "(*sync.Mutex).Unlock";
          "reflect.initFuncTypes" -> "reflect.ArrayOf";
          "reflect.initFuncTypes" -> "reflect.StructOf";
          "reflect.initFuncTypes" -> "reflect.TypeOf";
          "reflect.initFuncTypes" -> "reflect.TypeOf";
          "reflect.intFromReg" -> "(*internal/abi.RegArgs).IntRegArgAddr";
          "reflect.intFromReg" -> "reflect.memmove";
          "reflect.intToReg" -> "(*internal/abi.RegArgs).IntRegArgAddr";
          "reflect.intToReg" -> "reflect.memmove";
          "reflect.isLetter" -> "unicode.IsLetter";
          "reflect.isPaddedField" -> "(*reflect.rtype).Field";
          "reflect.isPaddedField" -> "(*reflect.rtype).Field";
          "reflect.isPaddedField" -> "(*reflect.rtype).NumField";
          "reflect.isPaddedField" -> "(*reflect.rtype).Size";
          "reflect.isPaddedField" -> "(*reflect.rtype).Size";
          "reflect.isPaddedField" -> "(*reflect.rtype).Size";
          "reflect.isRegularMemory" -> "(*reflect.rtype).Comparable";
          "reflect.isRegularMemory" -> "(*reflect.rtype).Elem";
          "reflect.isRegularMemory" -> "(*reflect.rtype).Field";
          "reflect.isRegularMemory" -> "(*reflect.rtype).Field";
          "reflect.isRegularMemory" -> "(*reflect.rtype).Kind";
          "reflect.isRegularMemory" -> "(*reflect.rtype).Len";
          "reflect.isRegularMemory" -> "(*reflect.rtype).NumField";
          "reflect.isRegularMemory" -> "reflect.isPaddedField";
          "reflect.isRegularMemory" -> "reflect.isRegularMemory";
          "reflect.isRegularMemory" -> "reflect.isRegularMemory";
          "reflect.isRegularMemory" -> "reflect.isRegularMemory";
          "reflect.isValidFieldName" -> "reflect.isLetter";
          "reflect.isValidFieldName" -> "reflect.isLetter";
          "reflect.isValidFieldName" -> "unicode.IsDigit";
          "reflect.makeBytes" -> "(reflect.Value).Elem";
          "reflect.makeBytes" -> "(reflect.Value).SetBytes";
          "reflect.makeBytes" -> "reflect.New";
          "reflect.makeComplex" -> "(*internal/abi.Type).Kind";
          "reflect.makeComplex" -> "(*internal/abi.Type).Size";
          "reflect.makeComplex" -> "(*reflect.rtype).common";
          "reflect.makeComplex" -> "reflect.unsafe_New";
          "reflect.makeFloat" -> "(*internal/abi.Type).Kind";
          "reflect.makeFloat" -> "(*internal/abi.Type).Size";
          "reflect.makeFloat" -> "(*reflect.rtype).common";
          "reflect.makeFloat" -> "reflect.unsafe_New";
          "reflect.makeFloat32" -> "(*internal/abi.Type).Kind";
          "reflect.makeFloat32" -> "(*reflect.rtype).common";
          "reflect.makeFloat32" -> "reflect.unsafe_New";
          "reflect.makeInt" -> "(*internal/abi.Type).Kind";
          "reflect.makeInt" -> "(*internal/abi.Type).Size";
          "reflect.makeInt" -> "(*reflect.rtype).common";
          "reflect.makeInt" -> "reflect.unsafe_New";
          "reflect.makeMethodValue" -> "(*internal/abi.Type).Common";
          "reflect.makeMethodValue" -> "(*internal/abi.Type).Kind";
          "reflect.makeMethodValue" -> "(reflect.Value).Type";
          "reflect.makeMethodValue" -> "(reflect.Value).typ";
          "reflect.makeMethodValue" -> "(reflect.Value).typ";
          "reflect.makeMethodValue" -> "reflect.funcLayout";
          "reflect.makeMethodValue" -> "reflect.methodReceiver";
          "reflect.makeMethodValue" -> "reflect.methodValueCallCodePtr";
          "reflect.makeRunes" -> "(reflect.Value).Elem";
          "reflect.makeRunes" -> "(reflect.Value).setRunes";
          "reflect.makeRunes" -> "reflect.New";
          "reflect.makeString" -> "(reflect.Value).Elem";
          "reflect.makeString" -> "(reflect.Value).SetString";
          "reflect.makeString" -> "reflect.New";
          "reflect.mapIterNext" -> "(*internal/runtime/maps.Iter).Map";
          "reflect.mapIterNext" -> "(*internal/runtime/maps.Iter).Next";
          "reflect.mapIterNext" -> "internal/abi.FuncPCABIInternal";
          "reflect.mapIterNext" -> "internal/race.ReadPC";
          "reflect.mapIterNext" -> "internal/runtime/sys.GetCallerPC";
          "reflect.mapIterStart" -> "(*internal/runtime/maps.Iter).Init";
          "reflect.mapIterStart" -> "(*internal/runtime/maps.Iter).Next";
          "reflect.mapIterStart" -> "internal/abi.FuncPCABIInternal";
          "reflect.mapIterStart" -> "internal/race.ReadPC";
          "reflect.mapIterStart" -> "internal/runtime/sys.GetCallerPC";
          "reflect.mapassign" -> "reflect.contentEscapes";
          "reflect.mapassign" -> "reflect.contentEscapes";
          "reflect.mapassign" -> "reflect.mapassign0";
          "reflect.mapassign_faststr" -> "reflect.contentEscapes";
          "reflect.mapassign_faststr" -> "reflect.contentEscapes";
          "reflect.mapassign_faststr" -> "reflect.mapassign_faststr0";
          "reflect.methodReceiver" -> "(*internal/abi.Type).ExportedMethods";
          "reflect.methodReceiver" -> "(*internal/abi.Type).Kind";
          "reflect.methodReceiver" -> "(*reflect.interfaceType).nameOff";
          "reflect.methodReceiver" -> "(*reflect.interfaceType).typeOff";
          "reflect.methodReceiver" -> "(internal/abi.Name).IsExported";
          "reflect.methodReceiver" -> "(internal/abi.Name).IsExported";
          "reflect.methodReceiver" -> "(reflect.Value).typ";
          "reflect.methodReceiver" -> "(reflect.Value).typ";
          "reflect.methodReceiver" -> "(reflect.Value).typ";
          "reflect.methodReceiver" -> "(reflect.Value).typ";
          "reflect.methodReceiver" -> "(reflect.Value).typ";
          "reflect.methodReceiver" -> "(reflect.Value).typ";
          "reflect.methodReceiver" -> "(reflect.Value).typ";
          "reflect.methodReceiver" -> "reflect.nameOffFor";
          "reflect.methodReceiver" -> "reflect.textOffFor";
          "reflect.methodReceiver" -> "reflect.typeOffFor";
          "reflect.methodValueCallCodePtr" -> "internal/abi.FuncPCABI0";
          "reflect.nameFor" -> "(*reflect.rtype).Name";
          "reflect.nameFor" -> "reflect.toRType";
          "reflect.nameOffFor" -> "(*reflect.rtype).nameOff";
          "reflect.nameOffFor" -> "reflect.toRType";
          "reflect.newAbiDesc" -> "(*internal/abi.FuncType).InSlice";
          "reflect.newAbiDesc" -> "(*internal/abi.FuncType).OutSlice";
          "reflect.newAbiDesc" -> "(*internal/abi.IntArgRegBitmap).Set";
          "reflect.newAbiDesc" -> "(*internal/abi.IntArgRegBitmap).Set";
          "reflect.newAbiDesc" -> "(*internal/abi.Type).Align";
          "reflect.newAbiDesc" -> "(*internal/abi.Type).Size";
          "reflect.newAbiDesc" -> "(*reflect.abiSeq).addArg";
          "reflect.newAbiDesc" -> "(*reflect.abiSeq).addArg";
          "reflect.newAbiDesc" -> "(*reflect.abiSeq).addRcvr";
          "reflect.newAbiDesc" -> "(*reflect.abiSeq).stepsForValue";
          "reflect.newAbiDesc" -> "(*reflect.abiSeq).stepsForValue";
          "reflect.newAbiDesc" -> "(*reflect.bitVector).append";
          "reflect.newAbiDesc" -> "(*reflect.bitVector).append";
          "reflect.newAbiDesc" -> "reflect.addTypeBits";
          "reflect.newAbiDesc" -> "reflect.addTypeBits";
          "reflect.newAbiDesc" -> "reflect.align";
          "reflect.newAbiDesc" -> "reflect.align";
          "reflect.newAbiDesc" -> "reflect.align";
          "reflect.newName" -> "internal/abi.NewName";
          "reflect.packEface" -> "(*internal/abi.Type).IfaceIndir";
          "reflect.packEface" -> "(reflect.Value).typ";
          "reflect.packEface" -> "reflect.typedmemmove";
          "reflect.packEface" -> "reflect.unsafe_New";
          "reflect.pkgPath" -> "(internal/abi.Name).DataChecked";
          "reflect.pkgPath" -> "(internal/abi.Name).DataChecked";
          "reflect.pkgPath" -> "(internal/abi.Name).HasTag";
          "reflect.pkgPath" -> "(internal/abi.Name).Name";
          "reflect.pkgPath" -> "(internal/abi.Name).ReadVarint";
          "reflect.pkgPath" -> "(internal/abi.Name).ReadVarint";
          "reflect.pkgPath" -> "reflect.resolveTypeOff";
          "reflect.pkgPathFor" -> "(*reflect.rtype).PkgPath";
          "reflect.pkgPathFor" -> "reflect.toRType";
          "reflect.ptrTo" -> "(*reflect.rtype).ptrTo";
          "reflect.ptrTo" -> "reflect.toRType";
          "reflect.resolveReflectName" -> "reflect.addReflectOff";
          "reflect.resolveReflectText" -> "reflect.addReflectOff";
          "reflect.resolveReflectType" -> "reflect.addReflectOff";
          "reflect.rtypeOff" -> "reflect.add";
          "reflect.runtimeStructField" -> "(*reflect.rtype).common";
          "reflect.runtimeStructField" -> "(*reflect.rtype).common";
          "reflect.runtimeStructField" -> "(reflect.StructField).IsExported";
          "reflect.runtimeStructField" -> "(reflect.StructField).IsExported";
          "reflect.runtimeStructField" -> "reflect.newName";
          "reflect.runtimeStructField" -> "reflect.resolveReflectType";
          "reflect.specialChannelAssignability" -> "(*internal/abi.Type).ChanDir";
          "reflect.specialChannelAssignability" -> "(*internal/abi.Type).Elem";
          "reflect.specialChannelAssignability" -> "(*internal/abi.Type).Elem";
          "reflect.specialChannelAssignability" -> "reflect.haveIdenticalType";
          "reflect.specialChannelAssignability" -> "reflect.nameFor";
          "reflect.specialChannelAssignability" -> "reflect.nameFor";
          "reflect.storeRcvr" -> "(*internal/abi.Type).IfaceIndir";
          "reflect.storeRcvr" -> "(*internal/abi.Type).Kind";
          "reflect.storeRcvr" -> "(reflect.Value).typ";
          "reflect.stringFor" -> "(*reflect.rtype).String";
          "reflect.stringFor" -> "reflect.toRType";
          "reflect.textOffFor" -> "(*reflect.rtype).textOff";
          "reflect.textOffFor" -> "reflect.toRType";
          "reflect.toType" -> "reflect.toRType";
          "reflect.typeOffFor" -> "(*reflect.rtype).typeOff";
          "reflect.typeOffFor" -> "reflect.toRType";
          "reflect.typeptrdata" -> "(*internal/abi.Type).Kind";
          "reflect.typeptrdata" -> "(*internal/abi.Type).Pointers";
          "reflect.typeptrdata" -> "reflect.stringFor";
          "reflect.typesByString" -> "reflect.rtypeOff";
          "reflect.typesByString" -> "reflect.rtypeOff";
          "reflect.typesByString" -> "reflect.stringFor";
          "reflect.typesByString" -> "reflect.stringFor";
          "reflect.typesByString" -> "reflect.typelinks";
          "reflect.unpackEface" -> "(*internal/abi.Type).IfaceIndir";
          "reflect.unpackEface" -> "(*internal/abi.Type).Kind";
          "reflect.valueInterface" -> "(reflect.Value).NumMethod";
          "reflect.valueInterface" -> "(reflect.flag).kind";
          "reflect.valueInterface" -> "reflect.makeMethodValue";
          "reflect.valueInterface" -> "reflect.packEface";
          "reflect.valueMethodName" -> "(*runtime.Frames).Next";
          "reflect.valueMethodName" -> "runtime.Callers";
          "reflect.valueMethodName" -> "runtime.CallersFrames";
          "runtime.Callers" -> "runtime.callers";
          "runtime.GC" -> "(*internal/runtime/atomic.Uint32).Load";
          "runtime.GC" -> "(*internal/runtime/atomic.Uint32).Load";
          "runtime.GC" -> "(*internal/runtime/atomic.Uint32).Load";
          "runtime.GC" -> "(*internal/runtime/atomic.Uint32).Load";
          "runtime.GC" -> "runtime.Gosched";
          "runtime.GC" -> "runtime.Gosched";
          "runtime.GC" -> "runtime.acquirem";
          "runtime.GC" -> "runtime.gcStart";
          "runtime.GC" -> "runtime.gcWaitOnMark";
          "runtime.GC" -> "runtime.gcWaitOnMark";
          "runtime.GC" -> "runtime.isSweepDone";
          "runtime.GC" -> "runtime.mProf_PostSweep";
          "runtime.GC" -> "runtime.releasem";
          "runtime.GC" -> "runtime.sweepone";
          "runtime.GOMAXPROCS" -> "runtime.lock";
          "runtime.GOMAXPROCS" -> "runtime.startTheWorldGC";
          "runtime.GOMAXPROCS" -> "runtime.stopTheWorldGC";
          "runtime.GOMAXPROCS" -> "runtime.unlock";
          "runtime.GOROOT" -> "runtime.gogetenv";
          "runtime.Gosched" -> "runtime.checkTimeouts";
          "runtime.Gosched" -> "runtime.mcall";
          "runtime.SetFinalizer" -> "(*internal/abi.FuncType).InSlice";
          "runtime.SetFinalizer" -> "(*internal/abi.FuncType).IsVariadic";
          "runtime.SetFinalizer" -> "(*internal/abi.FuncType).OutSlice";
          "runtime.SetFinalizer" -> "(*internal/abi.Type).Pointers";
          "runtime.SetFinalizer" -> "(*internal/abi.Type).Uncommon";
          "runtime.SetFinalizer" -> "(*internal/abi.Type).Uncommon";
          "runtime.SetFinalizer" -> "(runtime.rtype).string";
          "runtime.SetFinalizer" -> "(runtime.rtype).string";
          "runtime.SetFinalizer" -> "(runtime.rtype).string";
          "runtime.SetFinalizer" -> "(runtime.rtype).string";
          "runtime.SetFinalizer" -> "(runtime.rtype).string";
          "runtime.SetFinalizer" -> "(runtime.rtype).string";
          "runtime.SetFinalizer" -> "(runtime.rtype).string";
          "runtime.SetFinalizer" -> "(runtime.rtype).string";
          "runtime.SetFinalizer" -> "(runtime.spanClass).noscan";
          "runtime.SetFinalizer" -> "(runtime.spanClass).sizeclass";
          "runtime.SetFinalizer" -> "runtime.alignUp";
          "runtime.SetFinalizer" -> "runtime.alignUp";
          "runtime.SetFinalizer" -> "runtime.assertE2I2";
          "runtime.SetFinalizer" -> "runtime.createfing";
          "runtime.SetFinalizer" -> "runtime.efaceOf";
          "runtime.SetFinalizer" -> "runtime.efaceOf";
          "runtime.SetFinalizer" -> "runtime.efaceOf";
          "runtime.SetFinalizer" -> "runtime.findObject";
          "runtime.SetFinalizer" -> "runtime.heapBitsInSpan";
          "runtime.SetFinalizer" -> "runtime.inUserArenaChunk";
          "runtime.SetFinalizer" -> "runtime.isGoPointerWithoutSpan";
          "runtime.SetFinalizer" -> "runtime.systemstack";
          "runtime.SetFinalizer" -> "runtime.systemstack";
          "runtime.SetFinalizer" -> "runtime.throw";
          "runtime.SetFinalizer" -> "runtime.throw";
          "runtime.SetFinalizer" -> "runtime.throw";
          "runtime.SetFinalizer" -> "runtime.throw";
          "runtime.SetFinalizer" -> "runtime.throw";
          "runtime.SetFinalizer" -> "runtime.throw";
          "runtime.SetFinalizer" -> "runtime.throw";
          "runtime.SetFinalizer" -> "runtime.throw";
          "runtime.SetFinalizer" -> "runtime.throw";
          "runtime.SetFinalizer" -> "runtime.throw";
          "runtime.SetFinalizer" -> "runtime.toRType";
          "runtime.SetFinalizer" -> "runtime.toRType";
          "runtime.SetFinalizer" -> "runtime.toRType";
          "runtime.SetFinalizer" -> "runtime.toRType";
          "runtime.SetFinalizer" -> "runtime.toRType";
          "runtime.SetFinalizer" -> "runtime.toRType";
          "runtime.SetFinalizer" -> "runtime.toRType";
          "runtime.SetFinalizer" -> "runtime.toRType";
          "runtime._ExternalCode" -> "runtime._ExternalCode";
          "runtime._GC" -> "runtime._GC";
          "runtime._LostContendedRuntimeLock" -> "runtime._LostContendedRuntimeLock";
          "runtime._LostExternalCode" -> "runtime._LostExternalCode";
          "runtime._LostSIGPROFDuringAtomic64" -> "runtime._LostSIGPROFDuringAtomic64";
          "runtime._System" -> "runtime._System";
          "runtime._VDSO" -> "runtime._VDSO";
          "runtime.acquireLockRankAndM" -> "runtime.acquirem";
          "runtime.acquireSudog" -> "(runtime.puintptr).ptr";
          "runtime.acquireSudog" -> "runtime.acquirem";
          "runtime.acquireSudog" -> "runtime.lock";
          "runtime.acquireSudog" -> "runtime.releasem";
          "runtime.acquireSudog" -> "runtime.throw";
          "runtime.acquireSudog" -> "runtime.unlock";
          "runtime.acquirem" -> "runtime.getg";
          "runtime.acquirep" -> "(*runtime.mcache).prepareForSweep";
          "runtime.acquirep" -> "(runtime.traceLocker).ProcStart";
          "runtime.acquirep" -> "(runtime.traceLocker).ok";
          "runtime.acquirep" -> "runtime.traceAcquire";
          "runtime.acquirep" -> "runtime.traceRelease";
          "runtime.acquirep" -> "runtime.wirep";
          "runtime.activeModules" -> "internal/runtime/atomic.Loadp";
          "runtime.addWakeupEvent" -> "runtime.kevent";
          "runtime.addWakeupEvent" -> "runtime.throw";
          "runtime.addfinalizer" -> "(*runtime.fixalloc).alloc";
          "runtime.addfinalizer" -> "(*runtime.fixalloc).free";
          "runtime.addfinalizer" -> "(runtime.puintptr).ptr";
          "runtime.addfinalizer" -> "(runtime.spanClass).noscan";
          "runtime.addfinalizer" -> "runtime.acquirem";
          "runtime.addfinalizer" -> "runtime.addspecial";
          "runtime.addfinalizer" -> "runtime.findObject";
          "runtime.addfinalizer" -> "runtime.lock";
          "runtime.addfinalizer" -> "runtime.lock";
          "runtime.addfinalizer" -> "runtime.releasem";
          "runtime.addfinalizer" -> "runtime.scanblock";
          "runtime.addfinalizer" -> "runtime.scanobject";
          "runtime.addfinalizer" -> "runtime.unlock";
          "runtime.addfinalizer" -> "runtime.unlock";
          "runtime.addspecial" -> "(*runtime.mspan).base";
          "runtime.addspecial" -> "(*runtime.mspan).ensureSwept";
          "runtime.addspecial" -> "(*runtime.mspan).specialFindSplicePoint";
          "runtime.addspecial" -> "runtime.KeepAlive";
          "runtime.addspecial" -> "runtime.acquirem";
          "runtime.addspecial" -> "runtime.lock";
          "runtime.addspecial" -> "runtime.releasem";
          "runtime.addspecial" -> "runtime.spanHasSpecials";
          "runtime.addspecial" -> "runtime.spanOfHeap";
          "runtime.addspecial" -> "runtime.throw";
          "runtime.addspecial" -> "runtime.unlock";
          "runtime.adjustctxt" -> "runtime.adjustpointer";
          "runtime.adjustctxt" -> "runtime.adjustpointer";
          "runtime.adjustctxt" -> "runtime.adjustpointer";
          "runtime.adjustctxt" -> "runtime.memmove";
          "runtime.adjustctxt" -> "runtime.throw";
          "runtime.adjustdefers" -> "runtime.adjustpointer";
          "runtime.adjustdefers" -> "runtime.adjustpointer";
          "runtime.adjustdefers" -> "runtime.adjustpointer";
          "runtime.adjustdefers" -> "runtime.adjustpointer";
          "runtime.adjustframe" -> "(*runtime.stackObjectRecord).gcdata";
          "runtime.adjustframe" -> "(*runtime.stkframe).getStackMap";
          "runtime.adjustframe" -> "runtime.addb";
          "runtime.adjustframe" -> "runtime.adjustpointer";
          "runtime.adjustframe" -> "runtime.adjustpointer";
          "runtime.adjustframe" -> "runtime.adjustpointers";
          "runtime.adjustframe" -> "runtime.adjustpointers";
          "runtime.adjustframe" -> "runtime.funcname";
          "runtime.adjustframe" -> "runtime.throw";
          "runtime.adjustpanics" -> "runtime.adjustpointer";
          "runtime.adjustpointers" -> "(*runtime.bitvector).ptrbit";
          "runtime.adjustpointers" -> "(runtime.funcInfo).valid";
          "runtime.adjustpointers" -> "internal/runtime/atomic.Casp1";
          "runtime.adjustpointers" -> "internal/runtime/sys.TrailingZeros8";
          "runtime.adjustpointers" -> "runtime.add";
          "runtime.adjustpointers" -> "runtime.add";
          "runtime.adjustpointers" -> "runtime.add";
          "runtime.adjustpointers" -> "runtime.addb";
          "runtime.adjustpointers" -> "runtime.addb";
          "runtime.adjustpointers" -> "runtime.funcname";
          "runtime.adjustpointers" -> "runtime.funcname";
          "runtime.adjustpointers" -> "runtime.getg";
          "runtime.adjustpointers" -> "runtime.throw";
          "runtime.adjustsudogs" -> "runtime.adjustpointer";
          "runtime.allGsSnapshot" -> "runtime.assertWorldStoppedOrLockHeld";
          "runtime.allocm" -> "(*internal/runtime/atomic.Uint32).Load";
          "runtime.allocm" -> "(*runtime.rwmutex).rlock";
          "runtime.allocm" -> "(*runtime.rwmutex).runlock";
          "runtime.allocm" -> "(runtime.puintptr).ptr";
          "runtime.allocm" -> "runtime.acquirem";
          "runtime.allocm" -> "runtime.acquirep";
          "runtime.allocm" -> "runtime.getg";
          "runtime.allocm" -> "runtime.lock";
          "runtime.allocm" -> "runtime.mStackIsSystemAllocated";
          "runtime.allocm" -> "runtime.malg";
          "runtime.allocm" -> "runtime.malg";
          "runtime.allocm" -> "runtime.mcommoninit";
          "runtime.allocm" -> "runtime.releasem";
          "runtime.allocm" -> "runtime.releasep";
          "runtime.allocm" -> "runtime.systemstack";
          "runtime.allocm" -> "runtime.traceEnabled";
          "runtime.allocm" -> "runtime.traceShuttingDown";
          "runtime.allocm" -> "runtime.traceThreadDestroy";
          "runtime.allocm" -> "runtime.unlock";
          "runtime.allocmcache" -> "runtime.nextSample";
          "runtime.allocmcache" -> "runtime.systemstack";
          "runtime.asanpoison" -> "runtime.throw";
          "runtime.asanread" -> "runtime.throw";
          "runtime.asanunpoison" -> "runtime.throw";
          "runtime.asanwrite" -> "runtime.throw";
          "runtime.assertE2I" -> "runtime.getitab";
          "runtime.assertE2I2" -> "runtime.getitab";
          "runtime.atomicAllG" -> "internal/runtime/atomic.Loadp";
          "runtime.atomicAllG" -> "internal/runtime/atomic.Loaduintptr";
          "runtime.atomicAllGIndex" -> "runtime.add";
          "runtime.atomicstorep" -> "internal/runtime/atomic.StorepNoWB";
          "runtime.atomicstorep" -> "runtime.atomicwb";
          "runtime.atomicstorep" -> "runtime.cgoCheckPtrWrite";
          "runtime.atomicstorep" -> "runtime.noescape";
          "runtime.atomicwb" -> "(*runtime.wbBuf).get2";
          "runtime.atomicwb" -> "(runtime.puintptr).ptr";
          "runtime.atomicwb" -> "runtime.getg";
          "runtime.badPointer" -> "(*runtime.mSpanStateBox).get";
          "runtime.badPointer" -> "(*runtime.mspan).base";
          "runtime.badPointer" -> "runtime.gcDumpObject";
          "runtime.badPointer" -> "runtime.getg";
          "runtime.badPointer" -> "runtime.printlock";
          "runtime.badPointer" -> "runtime.throw";
          "runtime.badTimer" -> "runtime.throw";
          "runtime.badctxt" -> "runtime.throw";
          "runtime.binarySearchTree" -> "runtime.binarySearchTree";
          "runtime.binarySearchTree" -> "runtime.binarySearchTree";
          "runtime.blockAlignSummaryRange" -> "runtime.alignDown";
          "runtime.blockAlignSummaryRange" -> "runtime.alignUp";
          "runtime.blockevent" -> "internal/runtime/atomic.Load64";
          "runtime.blockevent" -> "runtime.blocksampled";
          "runtime.blockevent" -> "runtime.saveblockevent";
          "runtime.blocksampled" -> "runtime.cheaprand64";
          "runtime.bootstrapRand" -> "(*internal/chacha8rand.State).Next";
          "runtime.bootstrapRand" -> "(*internal/chacha8rand.State).Refill";
          "runtime.bootstrapRand" -> "runtime.fatal";
          "runtime.bootstrapRand" -> "runtime.lock";
          "runtime.bootstrapRand" -> "runtime.unlock";
          "runtime.bootstrapRandReseed" -> "(*internal/chacha8rand.State).Reseed";
          "runtime.bootstrapRandReseed" -> "runtime.fatal";
          "runtime.bootstrapRandReseed" -> "runtime.lock";
          "runtime.bootstrapRandReseed" -> "runtime.unlock";
          "runtime.buildGCMask" -> "(*internal/abi.Type).ArrayType";
          "runtime.buildGCMask" -> "(*internal/abi.Type).Kind";
          "runtime.buildGCMask" -> "(*internal/abi.Type).Pointers";
          "runtime.buildGCMask" -> "(*internal/abi.Type).StructType";
          "runtime.buildGCMask" -> "(runtime.bitCursor).offset";
          "runtime.buildGCMask" -> "(runtime.bitCursor).offset";
          "runtime.buildGCMask" -> "(runtime.bitCursor).offset";
          "runtime.buildGCMask" -> "(runtime.bitCursor).write";
          "runtime.buildGCMask" -> "runtime.buildGCMask";
          "runtime.buildGCMask" -> "runtime.buildGCMask";
          "runtime.buildGCMask" -> "runtime.throw";
          "runtime.buildGCMask" -> "runtime.throw";
          "runtime.callCgoSymbolizer" -> "(*internal/runtime/atomic.Uint32).Load";
          "runtime.callCgoSymbolizer" -> "runtime.asanwrite";
          "runtime.callCgoSymbolizer" -> "runtime.asmcgocall";
          "runtime.callCgoSymbolizer" -> "runtime.cgocall";
          "runtime.callCgoSymbolizer" -> "runtime.getg";
          "runtime.callCgoSymbolizer" -> "runtime.getg";
          "runtime.callCgoSymbolizer" -> "runtime.msanwrite";
          "runtime.callCgoSymbolizer" -> "runtime.noescape";
          "runtime.callers" -> "internal/runtime/sys.GetCallerPC";
          "runtime.callers" -> "internal/runtime/sys.GetCallerSP";
          "runtime.callers" -> "runtime.getg";
          "runtime.callers" -> "runtime.systemstack";
          "runtime.canPreemptM" -> "(runtime.puintptr).ptr";
          "runtime.canpanic" -> "runtime.acquirem";
          "runtime.canpanic" -> "runtime.getg";
          "runtime.canpanic" -> "runtime.readgstatus";
          "runtime.canpanic" -> "runtime.releasem";
          "runtime.canpanic" -> "runtime.releasem";
          "runtime.canpanic" -> "runtime.releasem";
          "runtime.canpanic" -> "runtime.releasem";
          "runtime.canpanic" -> "runtime.releasem";
          "runtime.cansemacquire" -> "internal/runtime/atomic.Cas";
          "runtime.cansemacquire" -> "internal/runtime/atomic.Load";
          "runtime.casGFromPreempted" -> "(*internal/runtime/atomic.Uint32).CompareAndSwap";
          "runtime.casGFromPreempted" -> "(*runtime.synctestGroup).changegstatus";
          "runtime.casGFromPreempted" -> "runtime.throw";
          "runtime.casGToWaiting" -> "runtime.casgstatus";
          "runtime.casGToWaitingForSuspendG" -> "(runtime.waitReason).isWaitingForSuspendG";
          "runtime.casGToWaitingForSuspendG" -> "runtime.casGToWaiting";
          "runtime.casGToWaitingForSuspendG" -> "runtime.throw";
          "runtime.casfrom_Gscanstatus" -> "(*internal/runtime/atomic.Uint32).CompareAndSwap";
          "runtime.casfrom_Gscanstatus" -> "runtime.dumpgstatus";
          "runtime.casfrom_Gscanstatus" -> "runtime.dumpgstatus";
          "runtime.casfrom_Gscanstatus" -> "runtime.releaseLockRankAndM";
          "runtime.casfrom_Gscanstatus" -> "runtime.throw";
          "runtime.casfrom_Gscanstatus" -> "runtime.throw";
          "runtime.casgstatus" -> "(*internal/runtime/atomic.Int64).Add";
          "runtime.casgstatus" -> "(*internal/runtime/atomic.Uint32).CompareAndSwap";
          "runtime.casgstatus" -> "(*internal/runtime/atomic.Uint32).Load";
          "runtime.casgstatus" -> "(*internal/runtime/atomic.Uint32).Load";
          "runtime.casgstatus" -> "(*runtime.timeHistogram).record";
          "runtime.casgstatus" -> "(runtime.waitReason).isMutexWait";
          "runtime.casgstatus" -> "(runtime.waitReason).isMutexWait";
          "runtime.casgstatus" -> "runtime.lockWithRankMayAcquire";
          "runtime.casgstatus" -> "runtime.nanotime";
          "runtime.casgstatus" -> "runtime.nanotime";
          "runtime.casgstatus" -> "runtime.nanotime";
          "runtime.casgstatus" -> "runtime.nanotime";
          "runtime.casgstatus" -> "runtime.nanotime";
          "runtime.casgstatus" -> "runtime.nanotime";
          "runtime.casgstatus" -> "runtime.nanotime";
          "runtime.casgstatus" -> "runtime.osyield";
          "runtime.casgstatus" -> "runtime.procyield";
          "runtime.casgstatus" -> "runtime.systemstack";
          "runtime.casgstatus" -> "runtime.systemstack";
          "runtime.casgstatus" -> "runtime.systemstack";
          "runtime.castogscanstatus" -> "(*internal/runtime/atomic.Uint32).CompareAndSwap";
          "runtime.castogscanstatus" -> "runtime.acquireLockRankAndM";
          "runtime.castogscanstatus" -> "runtime.throw";
          "runtime.cgoCheckPtrWrite" -> "runtime.cgoIsGoPointer";
          "runtime.cgoCheckPtrWrite" -> "runtime.cgoIsGoPointer";
          "runtime.cgoCheckPtrWrite" -> "runtime.getg";
          "runtime.cgoCheckPtrWrite" -> "runtime.inPersistentAlloc";
          "runtime.cgoCheckPtrWrite" -> "runtime.isPinned";
          "runtime.cgoCheckPtrWrite" -> "runtime.systemstack";
          "runtime.cgoContextPCs" -> "(*internal/runtime/atomic.Uint32).Load";
          "runtime.cgoContextPCs" -> "runtime.asanwrite";
          "runtime.cgoContextPCs" -> "runtime.asmcgocall";
          "runtime.cgoContextPCs" -> "runtime.cgocall";
          "runtime.cgoContextPCs" -> "runtime.getg";
          "runtime.cgoContextPCs" -> "runtime.getg";
          "runtime.cgoContextPCs" -> "runtime.msanwrite";
          "runtime.cgoContextPCs" -> "runtime.noescape";
          "runtime.cgoContextPCs" -> "runtime.noescape";
          "runtime.cgoIsGoPointer" -> "runtime.activeModules";
          "runtime.cgoIsGoPointer" -> "runtime.cgoInRange";
          "runtime.cgoIsGoPointer" -> "runtime.cgoInRange";
          "runtime.cgoIsGoPointer" -> "runtime.inHeapOrStack";
          "runtime.cgocall" -> "runtime.KeepAlive";
          "runtime.cgocall" -> "runtime.KeepAlive";
          "runtime.cgocall" -> "runtime.KeepAlive";
          "runtime.cgocall" -> "runtime.asmcgocall";
          "runtime.cgocall" -> "runtime.entersyscall";
          "runtime.cgocall" -> "runtime.exitsyscall";
          "runtime.cgocall" -> "runtime.getg";
          "runtime.cgocall" -> "runtime.getg";
          "runtime.cgocall" -> "runtime.osPreemptExtEnter";
          "runtime.cgocall" -> "runtime.osPreemptExtExit";
          "runtime.cgocall" -> "runtime.raceacquire";
          "runtime.cgocall" -> "runtime.racereleasemerge";
          "runtime.cgocall" -> "runtime.throw";
          "runtime.cgocall" -> "runtime.throw";
          "runtime.cheaprand" -> "internal/runtime/math.Mul64";
          "runtime.cheaprand" -> "runtime.getg";
          "runtime.cheaprand64" -> "runtime.cheaprand";
          "runtime.cheaprand64" -> "runtime.cheaprand";
          "runtime.cheaprandn" -> "runtime.cheaprand";
          "runtime.checkIdleGCNoP" -> "(*runtime.gcControllerState).addIdleMarkWorker";
          "runtime.checkIdleGCNoP" -> "(*runtime.gcControllerState).needIdleMarkWorker";
          "runtime.checkIdleGCNoP" -> "(*runtime.gcControllerState).removeIdleMarkWorker";
          "runtime.checkIdleGCNoP" -> "(*runtime.lfstack).pop";
          "runtime.checkIdleGCNoP" -> "(runtime.guintptr).ptr";
          "runtime.checkIdleGCNoP" -> "internal/runtime/atomic.Load";
          "runtime.checkIdleGCNoP" -> "runtime.gcMarkWorkAvailable";
          "runtime.checkIdleGCNoP" -> "runtime.lock";
          "runtime.checkIdleGCNoP" -> "runtime.pidlegetSpinning";
          "runtime.checkIdleGCNoP" -> "runtime.pidleput";
          "runtime.checkIdleGCNoP" -> "runtime.pidleput";
          "runtime.checkIdleGCNoP" -> "runtime.unlock";
          "runtime.checkIdleGCNoP" -> "runtime.unlock";
          "runtime.checkIdleGCNoP" -> "runtime.unlock";
          "runtime.checkIdleGCNoP" -> "runtime.unlock";
          "runtime.checkRunqsNoP" -> "(runtime.pMask).read";
          "runtime.checkRunqsNoP" -> "runtime.lock";
          "runtime.checkRunqsNoP" -> "runtime.pidlegetSpinning";
          "runtime.checkRunqsNoP" -> "runtime.runqempty";
          "runtime.checkRunqsNoP" -> "runtime.unlock";
          "runtime.checkRunqsNoP" -> "runtime.unlock";
          "runtime.checkTimersNoP" -> "(*runtime.timers).wakeTime";
          "runtime.checkTimersNoP" -> "(runtime.pMask).read";
          "runtime.checkdead" -> "(*internal/runtime/atomic.Int32).Add";
          "runtime.checkdead" -> "(*internal/runtime/atomic.Uint32).Load";
          "runtime.checkdead" -> "(*internal/runtime/atomic.Uint32).Load";
          "runtime.checkdead" -> "(*runtime.puintptr).set";
          "runtime.checkdead" -> "runtime.assertLockHeld";
          "runtime.checkdead" -> "runtime.fatal";
          "runtime.checkdead" -> "runtime.fatal";
          "runtime.checkdead" -> "runtime.forEachG";
          "runtime.checkdead" -> "runtime.mcount";
          "runtime.checkdead" -> "runtime.mcount";
          "runtime.checkdead" -> "runtime.mget";
          "runtime.checkdead" -> "runtime.notewakeup";
          "runtime.checkdead" -> "runtime.pidleget";
          "runtime.checkdead" -> "runtime.throw";
          "runtime.checkdead" -> "runtime.throw";
          "runtime.checkdead" -> "runtime.throw";
          "runtime.checkdead" -> "runtime.timeSleepUntil";
          "runtime.checkdead" -> "runtime.unlock";
          "runtime.checkdead" -> "runtime.unlock";
          "runtime.checkdead" -> "runtime.unlock";
          "runtime.checkdead" -> "runtime.unlock";
          "runtime.checkdead" -> "runtime.unlock";
          "runtime.checkmcount" -> "(*internal/runtime/atomic.Uint32).Load";
          "runtime.checkmcount" -> "(*internal/runtime/atomic.Uint32).Load";
          "runtime.checkmcount" -> "runtime.assertLockHeld";
          "runtime.checkmcount" -> "runtime.mcount";
          "runtime.checkmcount" -> "runtime.throw";
          "runtime.clearpools" -> "internal/poll.runtime_pollServerInit";
          "runtime.clearpools" -> "reflect.embeddedIfaceMethStub";
          "runtime.clearpools" -> "reflect.makeFuncStub";
          "runtime.clearpools" -> "reflect.methodValueCall";
          "runtime.clearpools" -> "runtime._ExternalCode";
          "runtime.clearpools" -> "runtime._GC";
          "runtime.clearpools" -> "runtime._LostContendedRuntimeLock";
          "runtime.clearpools" -> "runtime._LostExternalCode";
          "runtime.clearpools" -> "runtime._LostSIGPROFDuringAtomic64";
          "runtime.clearpools" -> "runtime._System";
          "runtime.clearpools" -> "runtime._VDSO";
          "runtime.clearpools" -> "runtime.asyncPreempt";
          "runtime.clearpools" -> "runtime.atomicstorep";
          "runtime.clearpools" -> "runtime.cgoSigtramp";
          "runtime.clearpools" -> "runtime.entersyscall_gcwait";
          "runtime.clearpools" -> "runtime.entersyscall_sysmon";
          "runtime.clearpools" -> "runtime.exit_trampoline";
          "runtime.clearpools" -> "runtime.fcntl_trampoline";
          "runtime.clearpools" -> "runtime.freeStackSpans";
          "runtime.clearpools" -> "runtime.gcControllerCommit";
          "runtime.clearpools" -> "runtime.gcResetMarkState";
          "runtime.clearpools" -> "runtime.kevent_trampoline";
          "runtime.clearpools" -> "runtime.kqueue_trampoline";
          "runtime.clearpools" -> "runtime.lock";
          "runtime.clearpools" -> "runtime.lock";
          "runtime.clearpools" -> "runtime.madvise_trampoline";
          "runtime.clearpools" -> "runtime.markrootFreeGStacks";
          "runtime.clearpools" -> "runtime.mlock_trampoline";
          "runtime.clearpools" -> "runtime.mmap_trampoline";
          "runtime.clearpools" -> "runtime.mspinning";
          "runtime.clearpools" -> "runtime.mstart";
          "runtime.clearpools" -> "runtime.mstart_stub";
          "runtime.clearpools" -> "runtime.munmap_trampoline";
          "runtime.clearpools" -> "runtime.nanotime_trampoline";
          "runtime.clearpools" -> "runtime.osyield";
          "runtime.clearpools" -> "runtime.pthread_attr_getstacksize_trampoline";
          "runtime.clearpools" -> "runtime.pthread_attr_init_trampoline";
          "runtime.clearpools" -> "runtime.pthread_attr_setdetachstate_trampoline";
          "runtime.clearpools" -> "runtime.pthread_cond_init_trampoline";
          "runtime.clearpools" -> "runtime.pthread_cond_signal_trampoline";
          "runtime.clearpools" -> "runtime.pthread_cond_timedwait_relative_np_trampoline";
          "runtime.clearpools" -> "runtime.pthread_cond_wait_trampoline";
          "runtime.clearpools" -> "runtime.pthread_create_trampoline";
          "runtime.clearpools" -> "runtime.pthread_kill_trampoline";
          "runtime.clearpools" -> "runtime.pthread_mutex_init_trampoline";
          "runtime.clearpools" -> "runtime.pthread_mutex_lock_trampoline";
          "runtime.clearpools" -> "runtime.pthread_mutex_unlock_trampoline";
          "runtime.clearpools" -> "runtime.raise_trampoline";
          "runtime.clearpools" -> "runtime.raiseproc_trampoline";
          "runtime.clearpools" -> "runtime.runSafePointFn";
          "runtime.clearpools" -> "runtime.sigaction_trampoline";
          "runtime.clearpools" -> "runtime.sigpanic";
          "runtime.clearpools" -> "runtime.sigprocmask_trampoline";
          "runtime.clearpools" -> "runtime.sigtramp";
          "runtime.clearpools" -> "runtime.unlock";
          "runtime.clearpools" -> "runtime.unlock";
          "runtime.clearpools" -> "runtime.unreachableMethod";
          "runtime.clearpools" -> "runtime.usleep_trampoline";
          "runtime.clearpools" -> "runtime.walltime_trampoline";
          "runtime.clearpools" -> "runtime.write_trampoline";
          "runtime.clearpools" -> "syscall.copyenv";
          "runtime.clearpools" -> "syscall.libc_close_trampoline";
          "runtime.clearpools" -> "syscall.libc_closedir_trampoline";
          "runtime.clearpools" -> "syscall.libc_dup_trampoline";
          "runtime.clearpools" -> "syscall.libc_fchdir_trampoline";
          "runtime.clearpools" -> "syscall.libc_fchmod_trampoline";
          "runtime.clearpools" -> "syscall.libc_fchown_trampoline";
          "runtime.clearpools" -> "syscall.libc_fcntl_trampoline";
          "runtime.clearpools" -> "syscall.libc_fdopendir_trampoline";
          "runtime.clearpools" -> "syscall.libc_fstat_trampoline";
          "runtime.clearpools" -> "syscall.libc_fsync_trampoline";
          "runtime.clearpools" -> "syscall.libc_ftruncate_trampoline";
          "runtime.clearpools" -> "syscall.libc_getsockopt_trampoline";
          "runtime.clearpools" -> "syscall.libc_lseek_trampoline";
          "runtime.clearpools" -> "syscall.libc_open_trampoline";
          "runtime.clearpools" -> "syscall.libc_openat_trampoline";
          "runtime.clearpools" -> "syscall.libc_pread_trampoline";
          "runtime.clearpools" -> "syscall.libc_pwrite_trampoline";
          "runtime.clearpools" -> "syscall.libc_read_trampoline";
          "runtime.clearpools" -> "syscall.libc_readdir_r_trampoline";
          "runtime.clearpools" -> "syscall.libc_recvfrom_trampoline";
          "runtime.clearpools" -> "syscall.libc_recvmsg_trampoline";
          "runtime.clearpools" -> "syscall.libc_sendmsg_trampoline";
          "runtime.clearpools" -> "syscall.libc_sendto_trampoline";
          "runtime.clearpools" -> "syscall.libc_setsockopt_trampoline";
          "runtime.clearpools" -> "syscall.libc_shutdown_trampoline";
          "runtime.clearpools" -> "syscall.libc_write_trampoline";
          "runtime.clearpools" -> "time.initLocal";
          "runtime.clobberfree" -> "runtime.add";
          "runtime.closeonexec" -> "runtime.fcntl";
          "runtime.copystack" -> "(*internal/runtime/atomic.Bool).Load";
          "runtime.copystack" -> "(*runtime.gcControllerState).addScannableStack";
          "runtime.copystack" -> "(*runtime.unwinder).init";
          "runtime.copystack" -> "(*runtime.unwinder).next";
          "runtime.copystack" -> "(*runtime.unwinder).valid";
          "runtime.copystack" -> "(runtime.puintptr).ptr";
          "runtime.copystack" -> "runtime.adjustctxt";
          "runtime.copystack" -> "runtime.adjustdefers";
          "runtime.copystack" -> "runtime.adjustframe";
          "runtime.copystack" -> "runtime.adjustpanics";
          "runtime.copystack" -> "runtime.adjustsudogs";
          "runtime.copystack" -> "runtime.fillstack";
          "runtime.copystack" -> "runtime.fillstack";
          "runtime.copystack" -> "runtime.findsghi";
          "runtime.copystack" -> "runtime.getg";
          "runtime.copystack" -> "runtime.memmove";
          "runtime.copystack" -> "runtime.stackalloc";
          "runtime.copystack" -> "runtime.stackfree";
          "runtime.copystack" -> "runtime.syncadjustsudogs";
          "runtime.copystack" -> "runtime.throw";
          "runtime.copystack" -> "runtime.throw";
          "runtime.copystack" -> "runtime.throw";
          "runtime.cputicks" -> "runtime.nanotime";
          "runtime.crash" -> "runtime.dieFromSignal";
          "runtime.createfing" -> "(*internal/runtime/atomic.Uint32).CompareAndSwap";
          "runtime.createfing" -> "(*internal/runtime/atomic.Uint32).Load";
          "runtime.createfing" -> "runtime.runfinq";
          "runtime.deductAssistCredit" -> "runtime.gcAssistAlloc";
          "runtime.deductAssistCredit" -> "runtime.getg";
          "runtime.deductSweepCredit" -> "(*internal/runtime/atomic.Uint64).Load";
          "runtime.deductSweepCredit" -> "(*internal/runtime/atomic.Uint64).Load";
          "runtime.deductSweepCredit" -> "(*internal/runtime/atomic.Uint64).Load";
          "runtime.deductSweepCredit" -> "(*internal/runtime/atomic.Uint64).Load";
          "runtime.deductSweepCredit" -> "(runtime.traceLocker).GCSweepDone";
          "runtime.deductSweepCredit" -> "(runtime.traceLocker).GCSweepStart";
          "runtime.deductSweepCredit" -> "(runtime.traceLocker).ok";
          "runtime.deductSweepCredit" -> "(runtime.traceLocker).ok";
          "runtime.deductSweepCredit" -> "runtime.sweepone";
          "runtime.deductSweepCredit" -> "runtime.traceAcquire";
          "runtime.deductSweepCredit" -> "runtime.traceAcquire";
          "runtime.deductSweepCredit" -> "runtime.traceRelease";
          "runtime.deductSweepCredit" -> "runtime.traceRelease";
          "runtime.dieFromSignal" -> "internal/runtime/atomic.Store";
          "runtime.dieFromSignal" -> "runtime.exit";
          "runtime.dieFromSignal" -> "runtime.osyield";
          "runtime.dieFromSignal" -> "runtime.osyield";
          "runtime.dieFromSignal" -> "runtime.osyield";
          "runtime.dieFromSignal" -> "runtime.osyield";
          "runtime.dieFromSignal" -> "runtime.osyield";
          "runtime.dieFromSignal" -> "runtime.osyield";
          "runtime.dieFromSignal" -> "runtime.raise";
          "runtime.dieFromSignal" -> "runtime.raise";
          "runtime.dieFromSignal" -> "runtime.setsig";
          "runtime.dieFromSignal" -> "runtime.unblocksig";
          "runtime.doRecordGoroutineProfile" -> "(*internal/runtime/atomic.Int64).Add";
          "runtime.doRecordGoroutineProfile" -> "runtime.isSystemGoroutine";
          "runtime.doRecordGoroutineProfile" -> "runtime.readgstatus";
          "runtime.doRecordGoroutineProfile" -> "runtime.systemstack";
          "runtime.doRecordGoroutineProfile" -> "runtime.throw";
          "runtime.doSigPreempt" -> "(*internal/runtime/atomic.Int32).Add";
          "runtime.doSigPreempt" -> "(*internal/runtime/atomic.Uint32).Add";
          "runtime.doSigPreempt" -> "(*internal/runtime/atomic.Uint32).Store";
          "runtime.doSigPreempt" -> "(*runtime.sigctxt).pushCall";
          "runtime.doSigPreempt" -> "(*runtime.sigctxt).siglr";
          "runtime.doSigPreempt" -> "(*runtime.sigctxt).sigpc";
          "runtime.doSigPreempt" -> "(*runtime.sigctxt).sigsp";
          "runtime.doSigPreempt" -> "internal/abi.FuncPCABI0";
          "runtime.doSigPreempt" -> "runtime.isAsyncSafePoint";
          "runtime.doSigPreempt" -> "runtime.wantAsyncPreempt";
          "runtime.dopanic_m" -> "(*internal/runtime/atomic.Uint32).Add";
          "runtime.dopanic_m" -> "runtime.goroutineheader";
          "runtime.dopanic_m" -> "runtime.gotraceback";
          "runtime.dopanic_m" -> "runtime.lock";
          "runtime.dopanic_m" -> "runtime.lock";
          "runtime.dopanic_m" -> "runtime.printDebugLog";
          "runtime.dopanic_m" -> "runtime.signame";
          "runtime.dopanic_m" -> "runtime.traceback";
          "runtime.dopanic_m" -> "runtime.traceback";
          "runtime.dopanic_m" -> "runtime.tracebackothers";
          "runtime.dopanic_m" -> "runtime.unlock";
          "runtime.doubleCheckHeapPointers" -> "(*runtime.mspan).objBase";
          "runtime.doubleCheckHeapPointers" -> "(*runtime.mspan).typePointersOfUnchecked";
          "runtime.doubleCheckHeapPointers" -> "(*runtime.mspan).typePointersOfUnchecked";
          "runtime.doubleCheckHeapPointers" -> "(runtime.typePointers).next";
          "runtime.doubleCheckHeapPointers" -> "(runtime.typePointers).next";
          "runtime.doubleCheckHeapPointers" -> "(runtime.typePointers).next";
          "runtime.doubleCheckHeapPointers" -> "runtime.addb";
          "runtime.doubleCheckHeapPointers" -> "runtime.dumpTypePointers";
          "runtime.doubleCheckHeapPointers" -> "runtime.dumpTypePointers";
          "runtime.doubleCheckHeapPointers" -> "runtime.dumpTypePointers";
          "runtime.doubleCheckHeapPointers" -> "runtime.getGCMask";
          "runtime.doubleCheckHeapPointers" -> "runtime.throw";
          "runtime.doubleCheckHeapPointersInterior" -> "(*runtime.mspan).typePointersOf";
          "runtime.doubleCheckHeapPointersInterior" -> "(*runtime.mspan).typePointersOf";
          "runtime.doubleCheckHeapPointersInterior" -> "(runtime.typePointers).next";
          "runtime.doubleCheckHeapPointersInterior" -> "(runtime.typePointers).next";
          "runtime.doubleCheckHeapPointersInterior" -> "(runtime.typePointers).next";
          "runtime.doubleCheckHeapPointersInterior" -> "runtime.addb";
          "runtime.doubleCheckHeapPointersInterior" -> "runtime.addb";
          "runtime.doubleCheckHeapPointersInterior" -> "runtime.dumpTypePointers";
          "runtime.doubleCheckHeapPointersInterior" -> "runtime.dumpTypePointers";
          "runtime.doubleCheckHeapPointersInterior" -> "runtime.dumpTypePointers";
          "runtime.doubleCheckHeapPointersInterior" -> "runtime.getGCMask";
          "runtime.doubleCheckHeapPointersInterior" -> "runtime.getGCMask";
          "runtime.doubleCheckHeapPointersInterior" -> "runtime.throw";
          "runtime.doubleCheckHeapPointersInterior" -> "runtime.throw";
          "runtime.doubleCheckHeapType" -> "runtime.alignDown";
          "runtime.doubleCheckHeapType" -> "runtime.alignUp";
          "runtime.doubleCheckHeapType" -> "runtime.cheaprand";
          "runtime.doubleCheckHeapType" -> "runtime.cheaprand";
          "runtime.doubleCheckHeapType" -> "runtime.doubleCheckHeapPointers";
          "runtime.doubleCheckHeapType" -> "runtime.doubleCheckHeapPointersInterior";
          "runtime.dropg" -> "runtime.getg";
          "runtime.dropg" -> "runtime.setGNoWB";
          "runtime.dropg" -> "runtime.setMNoWB";
          "runtime.dumpgstatus" -> "runtime.getg";
          "runtime.dumpgstatus" -> "runtime.readgstatus";
          "runtime.dumpgstatus" -> "runtime.readgstatus";
          "runtime.dumpregs" -> "(*runtime.sigctxt).fault";
          "runtime.dumpregs" -> "(*runtime.sigctxt).lr";
          "runtime.dumpregs" -> "(*runtime.sigctxt).pc";
          "runtime.dumpregs" -> "(*runtime.sigctxt).r0";
          "runtime.dumpregs" -> "(*runtime.sigctxt).r1";
          "runtime.dumpregs" -> "(*runtime.sigctxt).r10";
          "runtime.dumpregs" -> "(*runtime.sigctxt).r11";
          "runtime.dumpregs" -> "(*runtime.sigctxt).r12";
          "runtime.dumpregs" -> "(*runtime.sigctxt).r13";
          "runtime.dumpregs" -> "(*runtime.sigctxt).r14";
          "runtime.dumpregs" -> "(*runtime.sigctxt).r15";
          "runtime.dumpregs" -> "(*runtime.sigctxt).r16";
          "runtime.dumpregs" -> "(*runtime.sigctxt).r17";
          "runtime.dumpregs" -> "(*runtime.sigctxt).r18";
          "runtime.dumpregs" -> "(*runtime.sigctxt).r19";
          "runtime.dumpregs" -> "(*runtime.sigctxt).r2";
          "runtime.dumpregs" -> "(*runtime.sigctxt).r20";
          "runtime.dumpregs" -> "(*runtime.sigctxt).r21";
          "runtime.dumpregs" -> "(*runtime.sigctxt).r22";
          "runtime.dumpregs" -> "(*runtime.sigctxt).r23";
          "runtime.dumpregs" -> "(*runtime.sigctxt).r24";
          "runtime.dumpregs" -> "(*runtime.sigctxt).r25";
          "runtime.dumpregs" -> "(*runtime.sigctxt).r26";
          "runtime.dumpregs" -> "(*runtime.sigctxt).r27";
          "runtime.dumpregs" -> "(*runtime.sigctxt).r28";
          "runtime.dumpregs" -> "(*runtime.sigctxt).r29";
          "runtime.dumpregs" -> "(*runtime.sigctxt).r3";
          "runtime.dumpregs" -> "(*runtime.sigctxt).r4";
          "runtime.dumpregs" -> "(*runtime.sigctxt).r5";
          "runtime.dumpregs" -> "(*runtime.sigctxt).r6";
          "runtime.dumpregs" -> "(*runtime.sigctxt).r7";
          "runtime.dumpregs" -> "(*runtime.sigctxt).r8";
          "runtime.dumpregs" -> "(*runtime.sigctxt).r9";
          "runtime.dumpregs" -> "(*runtime.sigctxt).sp";
          "runtime.endCheckmarks" -> "runtime.gcMarkWorkAvailable";
          "runtime.endCheckmarks" -> "runtime.throw";
          "runtime.entersyscall" -> "internal/runtime/sys.GetCallerPC";
          "runtime.entersyscall" -> "internal/runtime/sys.GetCallerSP";
          "runtime.entersyscall" -> "runtime.getcallerfp";
          "runtime.entersyscall" -> "runtime.reentersyscall";
          "runtime.entersyscall_gcwait" -> "(runtime.puintptr).ptr";
          "runtime.entersyscall_gcwait" -> "(runtime.traceLocker).ProcSteal";
          "runtime.entersyscall_gcwait" -> "(runtime.traceLocker).ok";
          "runtime.entersyscall_gcwait" -> "(runtime.traceLocker).ok";
          "runtime.entersyscall_gcwait" -> "internal/runtime/atomic.Cas";
          "runtime.entersyscall_gcwait" -> "runtime.getg";
          "runtime.entersyscall_gcwait" -> "runtime.lock";
          "runtime.entersyscall_gcwait" -> "runtime.nanotime";
          "runtime.entersyscall_gcwait" -> "runtime.notewakeup";
          "runtime.entersyscall_gcwait" -> "runtime.traceAcquire";
          "runtime.entersyscall_gcwait" -> "runtime.traceRelease";
          "runtime.entersyscall_gcwait" -> "runtime.traceRelease";
          "runtime.entersyscall_gcwait" -> "runtime.unlock";
          "runtime.entersyscall_sysmon" -> "(*internal/runtime/atomic.Bool).Load";
          "runtime.entersyscall_sysmon" -> "(*internal/runtime/atomic.Bool).Store";
          "runtime.entersyscall_sysmon" -> "runtime.lock";
          "runtime.entersyscall_sysmon" -> "runtime.notewakeup";
          "runtime.entersyscall_sysmon" -> "runtime.unlock";
          "runtime.envKeyEqual" -> "runtime.lowerASCII";
          "runtime.envKeyEqual" -> "runtime.lowerASCII";
          "runtime.execute" -> "(runtime.puintptr).ptr";
          "runtime.execute" -> "(runtime.traceLocker).GoStart";
          "runtime.execute" -> "(runtime.traceLocker).ok";
          "runtime.execute" -> "runtime.casgstatus";
          "runtime.execute" -> "runtime.getg";
          "runtime.execute" -> "runtime.gogo";
          "runtime.execute" -> "runtime.setThreadCPUProfiler";
          "runtime.execute" -> "runtime.traceAcquire";
          "runtime.execute" -> "runtime.traceRelease";
          "runtime.execute" -> "runtime.tryRecordGoroutineProfile";
          "runtime.exit" -> "internal/abi.FuncPCABI0";
          "runtime.exit" -> "runtime.libcCall";
          "runtime.exitsyscall" -> "(runtime.puintptr).ptr";
          "runtime.exitsyscall" -> "(runtime.puintptr).ptr";
          "runtime.exitsyscall" -> "(runtime.puintptr).ptr";
          "runtime.exitsyscall" -> "(runtime.puintptr).ptr";
          "runtime.exitsyscall" -> "(runtime.puintptr).ptr";
          "runtime.exitsyscall" -> "(runtime.traceLocker).ok";
          "runtime.exitsyscall" -> "(runtime.traceLocker).ok";
          "runtime.exitsyscall" -> "internal/runtime/sys.GetCallerSP";
          "runtime.exitsyscall" -> "runtime.Gosched";
          "runtime.exitsyscall" -> "runtime.casgstatus";
          "runtime.exitsyscall" -> "runtime.exitsyscallfast";
          "runtime.exitsyscall" -> "runtime.getg";
          "runtime.exitsyscall" -> "runtime.mcall";
          "runtime.exitsyscall" -> "runtime.schedEnabled";
          "runtime.exitsyscall" -> "runtime.systemstack";
          "runtime.exitsyscall" -> "runtime.systemstack";
          "runtime.exitsyscall" -> "runtime.throw";
          "runtime.exitsyscall" -> "runtime.traceAcquire";
          "runtime.exitsyscall" -> "runtime.traceRelease";
          "runtime.exitsyscall0" -> "(*internal/runtime/atomic.Bool).Load";
          "runtime.exitsyscall0" -> "(*internal/runtime/atomic.Bool).Store";
          "runtime.exitsyscall0" -> "(runtime.traceLocker).GoSysExit";
          "runtime.exitsyscall0" -> "(runtime.traceLocker).ok";
          "runtime.exitsyscall0" -> "runtime.acquirep";
          "runtime.exitsyscall0" -> "runtime.casgstatus";
          "runtime.exitsyscall0" -> "runtime.dropg";
          "runtime.exitsyscall0" -> "runtime.execute";
          "runtime.exitsyscall0" -> "runtime.execute";
          "runtime.exitsyscall0" -> "runtime.globrunqput";
          "runtime.exitsyscall0" -> "runtime.lock";
          "runtime.exitsyscall0" -> "runtime.notewakeup";
          "runtime.exitsyscall0" -> "runtime.pidleget";
          "runtime.exitsyscall0" -> "runtime.schedEnabled";
          "runtime.exitsyscall0" -> "runtime.schedule";
          "runtime.exitsyscall0" -> "runtime.stoplockedm";
          "runtime.exitsyscall0" -> "runtime.stopm";
          "runtime.exitsyscall0" -> "runtime.traceAcquire";
          "runtime.exitsyscall0" -> "runtime.traceExitedSyscall";
          "runtime.exitsyscall0" -> "runtime.traceExitingSyscall";
          "runtime.exitsyscall0" -> "runtime.traceRelease";
          "runtime.exitsyscall0" -> "runtime.unlock";
          "runtime.exitsyscallfast" -> "(runtime.traceLocker).ok";
          "runtime.exitsyscallfast" -> "(runtime.traceLocker).ok";
          "runtime.exitsyscallfast" -> "internal/runtime/atomic.Cas";
          "runtime.exitsyscallfast" -> "runtime.exitsyscallfast_reacquired";
          "runtime.exitsyscallfast" -> "runtime.systemstack";
          "runtime.exitsyscallfast" -> "runtime.traceAcquire";
          "runtime.exitsyscallfast" -> "runtime.traceRelease";
          "runtime.exitsyscallfast" -> "runtime.traceRelease";
          "runtime.exitsyscallfast" -> "runtime.wirep";
          "runtime.exitsyscallfast_pidle" -> "(*internal/runtime/atomic.Bool).Load";
          "runtime.exitsyscallfast_pidle" -> "(*internal/runtime/atomic.Bool).Store";
          "runtime.exitsyscallfast_pidle" -> "runtime.acquirep";
          "runtime.exitsyscallfast_pidle" -> "runtime.lock";
          "runtime.exitsyscallfast_pidle" -> "runtime.notewakeup";
          "runtime.exitsyscallfast_pidle" -> "runtime.pidleget";
          "runtime.exitsyscallfast_pidle" -> "runtime.unlock";
          "runtime.exitsyscallfast_reacquired" -> "(runtime.puintptr).ptr";
          "runtime.exitsyscallfast_reacquired" -> "(runtime.puintptr).ptr";
          "runtime.exitsyscallfast_reacquired" -> "(runtime.traceLocker).ok";
          "runtime.exitsyscallfast_reacquired" -> "runtime.getg";
          "runtime.exitsyscallfast_reacquired" -> "runtime.systemstack";
          "runtime.expandCgoFrames" -> "runtime.callCgoSymbolizer";
          "runtime.expandCgoFrames" -> "runtime.callCgoSymbolizer";
          "runtime.expandCgoFrames" -> "runtime.callCgoSymbolizer";
          "runtime.expandCgoFrames" -> "runtime.gostring";
          "runtime.expandCgoFrames" -> "runtime.gostring";
          "runtime.fastexprand" -> "runtime.cheaprandn";
          "runtime.fastexprand" -> "runtime.fastlog2";
          "runtime.fastlog2" -> "runtime.float64bits";
          "runtime.fatal" -> "runtime.fatalthrow";
          "runtime.fatal" -> "runtime.printlock";
          "runtime.fatal" -> "runtime.printunlock";
          "runtime.fatal" -> "runtime.systemstack";
          "runtime.fatalsignal" -> "(*runtime.sigctxt).fault";
          "runtime.fatalsignal" -> "(*runtime.sigctxt).sigcode";
          "runtime.fatalsignal" -> "(*runtime.sigctxt).sigpc";
          "runtime.fatalsignal" -> "(*runtime.sigctxt).sigpc";
          "runtime.fatalsignal" -> "runtime.exit";
          "runtime.fatalsignal" -> "runtime.isSecureMode";
          "runtime.fatalthrow" -> "internal/runtime/sys.GetCallerPC";
          "runtime.fatalthrow" -> "internal/runtime/sys.GetCallerSP";
          "runtime.fatalthrow" -> "runtime.getg";
          "runtime.fatalthrow" -> "runtime.systemstack";
          "runtime.fcntl" -> "internal/abi.FuncPCABI0";
          "runtime.fcntl" -> "runtime.libcCall";
          "runtime.fillAligned" -> "runtime.throw";
          "runtime.finalizercommit" -> "(*internal/runtime/atomic.Uint32).Or";
          "runtime.finalizercommit" -> "runtime.unlock";
          "runtime.findBitRange64" -> "internal/runtime/sys.TrailingZeros64";
          "runtime.findObject" -> "(*runtime.mSpanStateBox).get";
          "runtime.findObject" -> "(*runtime.mspan).base";
          "runtime.findObject" -> "(*runtime.mspan).base";
          "runtime.findObject" -> "(*runtime.mspan).objIndex";
          "runtime.findObject" -> "runtime.badPointer";
          "runtime.findObject" -> "runtime.badPointer";
          "runtime.findObject" -> "runtime.spanOf";
          "runtime.findRunnable" -> "(*internal/runtime/atomic.Bool).Load";
          "runtime.findRunnable" -> "(*internal/runtime/atomic.Bool).Load";
          "runtime.findRunnable" -> "(*internal/runtime/atomic.Int32).Add";
          "runtime.findRunnable" -> "(*internal/runtime/atomic.Int32).Load";
          "runtime.findRunnable" -> "(*internal/runtime/atomic.Int32).Load";
          "runtime.findRunnable" -> "(*internal/runtime/atomic.Int64).Load";
          "runtime.findRunnable" -> "(*internal/runtime/atomic.Int64).Load";
          "runtime.findRunnable" -> "(*internal/runtime/atomic.Int64).Store";
          "runtime.findRunnable" -> "(*internal/runtime/atomic.Int64).Store";
          "runtime.findRunnable" -> "(*internal/runtime/atomic.Int64).Store";
          "runtime.findRunnable" -> "(*internal/runtime/atomic.Int64).Swap";
          "runtime.findRunnable" -> "(*internal/runtime/atomic.Uint32).Load";
          "runtime.findRunnable" -> "(*internal/runtime/atomic.Uint32).Load";
          "runtime.findRunnable" -> "(*runtime.gList).empty";
          "runtime.findRunnable" -> "(*runtime.gList).empty";
          "runtime.findRunnable" -> "(*runtime.gList).empty";
          "runtime.findRunnable" -> "(*runtime.gList).pop";
          "runtime.findRunnable" -> "(*runtime.gList).pop";
          "runtime.findRunnable" -> "(*runtime.gcControllerState).addIdleMarkWorker";
          "runtime.findRunnable" -> "(*runtime.gcControllerState).findRunnableGCWorker";
          "runtime.findRunnable" -> "(*runtime.gcControllerState).removeIdleMarkWorker";
          "runtime.findRunnable" -> "(*runtime.lfstack).pop";
          "runtime.findRunnable" -> "(*runtime.m).becomeSpinning";
          "runtime.findRunnable" -> "(*runtime.m).becomeSpinning";
          "runtime.findRunnable" -> "(*runtime.m).becomeSpinning";
          "runtime.findRunnable" -> "(*runtime.m).becomeSpinning";
          "runtime.findRunnable" -> "(*runtime.m).becomeSpinning";
          "runtime.findRunnable" -> "(*runtime.m).becomeSpinning";
          "runtime.findRunnable" -> "(*runtime.m).clearAllpSnapshot";
          "runtime.findRunnable" -> "(*runtime.m).snapshotAllp";
          "runtime.findRunnable" -> "(*runtime.timers).check";
          "runtime.findRunnable" -> "(runtime.guintptr).ptr";
          "runtime.findRunnable" -> "(runtime.puintptr).ptr";
          "runtime.findRunnable" -> "(runtime.traceLocker).GoUnpark";
          "runtime.findRunnable" -> "(runtime.traceLocker).GoUnpark";
          "runtime.findRunnable" -> "(runtime.traceLocker).GoUnpark";
          "runtime.findRunnable" -> "(runtime.traceLocker).GoUnpark";
          "runtime.findRunnable" -> "(runtime.traceLocker).GoUnpark";
          "runtime.findRunnable" -> "(runtime.traceLocker).GoUnpark";
          "runtime.findRunnable" -> "(runtime.traceLocker).ok";
          "runtime.findRunnable" -> "(runtime.traceLocker).ok";
          "runtime.findRunnable" -> "(runtime.traceLocker).ok";
          "runtime.findRunnable" -> "(runtime.traceLocker).ok";
          "runtime.findRunnable" -> "(runtime.traceLocker).ok";
          "runtime.findRunnable" -> "(runtime.traceLocker).ok";
          "runtime.findRunnable" -> "runtime.acquirep";
          "runtime.findRunnable" -> "runtime.acquirep";
          "runtime.findRunnable" -> "runtime.acquirep";
          "runtime.findRunnable" -> "runtime.acquirep";
          "runtime.findRunnable" -> "runtime.asmcgocall";
          "runtime.findRunnable" -> "runtime.beforeIdle";
          "runtime.findRunnable" -> "runtime.casgstatus";
          "runtime.findRunnable" -> "runtime.casgstatus";
          "runtime.findRunnable" -> "runtime.casgstatus";
          "runtime.findRunnable" -> "runtime.casgstatus";
          "runtime.findRunnable" -> "runtime.casgstatus";
          "runtime.findRunnable" -> "runtime.casgstatus";
          "runtime.findRunnable" -> "runtime.checkIdleGCNoP";
          "runtime.findRunnable" -> "runtime.checkRunqsNoP";
          "runtime.findRunnable" -> "runtime.checkTimersNoP";
          "runtime.findRunnable" -> "runtime.gcMarkWorkAvailable";
          "runtime.findRunnable" -> "runtime.gcstopm";
          "runtime.findRunnable" -> "runtime.getg";
          "runtime.findRunnable" -> "runtime.globrunqget";
          "runtime.findRunnable" -> "runtime.globrunqget";
          "runtime.findRunnable" -> "runtime.globrunqget";
          "runtime.findRunnable" -> "runtime.globrunqget";
          "runtime.findRunnable" -> "runtime.injectglist";
          "runtime.findRunnable" -> "runtime.injectglist";
          "runtime.findRunnable" -> "runtime.injectglist";
          "runtime.findRunnable" -> "runtime.lock";
          "runtime.findRunnable" -> "runtime.lock";
          "runtime.findRunnable" -> "runtime.lock";
          "runtime.findRunnable" -> "runtime.lock";
          "runtime.findRunnable" -> "runtime.lock";
          "runtime.findRunnable" -> "runtime.nanotime";
          "runtime.findRunnable" -> "runtime.nanotime";
          "runtime.findRunnable" -> "runtime.netpoll";
          "runtime.findRunnable" -> "runtime.netpoll";
          "runtime.findRunnable" -> "runtime.netpollAdjustWaiters";
          "runtime.findRunnable" -> "runtime.netpollAdjustWaiters";
          "runtime.findRunnable" -> "runtime.netpollAdjustWaiters";
          "runtime.findRunnable" -> "runtime.netpollAnyWaiters";
          "runtime.findRunnable" -> "runtime.netpollAnyWaiters";
          "runtime.findRunnable" -> "runtime.netpollBreak";
          "runtime.findRunnable" -> "runtime.netpollinited";
          "runtime.findRunnable" -> "runtime.netpollinited";
          "runtime.findRunnable" -> "runtime.netpollinited";
          "runtime.findRunnable" -> "runtime.pidleget";
          "runtime.findRunnable" -> "runtime.pidlegetSpinning";
          "runtime.findRunnable" -> "runtime.pidleput";
          "runtime.findRunnable" -> "runtime.ready";
          "runtime.findRunnable" -> "runtime.releasep";
          "runtime.findRunnable" -> "runtime.runSafePointFn";
          "runtime.findRunnable" -> "runtime.runqget";
          "runtime.findRunnable" -> "runtime.stealWork";
          "runtime.findRunnable" -> "runtime.stopm";
          "runtime.findRunnable" -> "runtime.stopm";
          "runtime.findRunnable" -> "runtime.throw";
          "runtime.findRunnable" -> "runtime.throw";
          "runtime.findRunnable" -> "runtime.throw";
          "runtime.findRunnable" -> "runtime.throw";
          "runtime.findRunnable" -> "runtime.throw";
          "runtime.findRunnable" -> "runtime.traceAcquire";
          "runtime.findRunnable" -> "runtime.traceAcquire";
          "runtime.findRunnable" -> "runtime.traceAcquire";
          "runtime.findRunnable" -> "runtime.traceAcquire";
          "runtime.findRunnable" -> "runtime.traceAcquire";
          "runtime.findRunnable" -> "runtime.traceAcquire";
          "runtime.findRunnable" -> "runtime.traceEnabled";
          "runtime.findRunnable" -> "runtime.traceReader";
          "runtime.findRunnable" -> "runtime.traceRelease";
          "runtime.findRunnable" -> "runtime.traceRelease";
          "runtime.findRunnable" -> "runtime.traceRelease";
          "runtime.findRunnable" -> "runtime.traceRelease";
          "runtime.findRunnable" -> "runtime.traceRelease";
          "runtime.findRunnable" -> "runtime.traceRelease";
          "runtime.findRunnable" -> "runtime.traceShuttingDown";
          "runtime.findRunnable" -> "runtime.unlock";
          "runtime.findRunnable" -> "runtime.unlock";
          "runtime.findRunnable" -> "runtime.unlock";
          "runtime.findRunnable" -> "runtime.unlock";
          "runtime.findRunnable" -> "runtime.unlock";
          "runtime.findRunnable" -> "runtime.unlock";
          "runtime.findRunnable" -> "runtime.unlock";
          "runtime.findRunnable" -> "runtime.unlock";
          "runtime.findRunnable" -> "runtime.unlock";
          "runtime.findRunnable" -> "runtime.wakefing";
          "runtime.findfunc" -> "(*runtime.moduledata).textOff";
          "runtime.findfunc" -> "runtime.add";
          "runtime.findfunc" -> "runtime.findmoduledatap";
          "runtime.findnull" -> "internal/bytealg.IndexByteString";
          "runtime.finishsweep_m" -> "(*runtime.activeSweep).sweepers";
          "runtime.finishsweep_m" -> "(*runtime.mcentral).fullUnswept";
          "runtime.finishsweep_m" -> "(*runtime.mcentral).partialUnswept";
          "runtime.finishsweep_m" -> "(*runtime.scavengerState).wake";
          "runtime.finishsweep_m" -> "(*runtime.spanSet).reset";
          "runtime.finishsweep_m" -> "(*runtime.spanSet).reset";
          "runtime.finishsweep_m" -> "runtime.assertWorldStopped";
          "runtime.finishsweep_m" -> "runtime.nextMarkBitArenaEpoch";
          "runtime.finishsweep_m" -> "runtime.sweepone";
          "runtime.finishsweep_m" -> "runtime.throw";
          "runtime.fmtNSAsMS" -> "runtime.itoaDiv";
          "runtime.fmtNSAsMS" -> "runtime.itoaDiv";
          "runtime.forEachG" -> "runtime.exitsyscall0";
          "runtime.forEachG" -> "runtime.gosched_m";
          "runtime.forEachG" -> "runtime.goschedguarded_m";
          "runtime.forEachG" -> "runtime.goyield_m";
          "runtime.forEachG" -> "runtime.lock";
          "runtime.forEachG" -> "runtime.park_m";
          "runtime.forEachG" -> "runtime.unlock";
          "runtime.forEachGRace" -> "runtime.atomicAllG";
          "runtime.forEachGRace" -> "runtime.atomicAllGIndex";
          "runtime.forEachGRace" -> "runtime.exitsyscall0";
          "runtime.forEachGRace" -> "runtime.gosched_m";
          "runtime.forEachGRace" -> "runtime.goschedguarded_m";
          "runtime.forEachGRace" -> "runtime.goyield_m";
          "runtime.forEachGRace" -> "runtime.park_m";
          "runtime.forEachP" -> "runtime.systemstack";
          "runtime.forEachPInternal" -> "(runtime.puintptr).ptr";
          "runtime.forEachPInternal" -> "(runtime.puintptr).ptr";
          "runtime.forEachPInternal" -> "(runtime.puintptr).ptr";
          "runtime.forEachPInternal" -> "(runtime.traceLocker).ProcSteal";
          "runtime.forEachPInternal" -> "(runtime.traceLocker).ok";
          "runtime.forEachPInternal" -> "(runtime.traceLocker).ok";
          "runtime.forEachPInternal" -> "internal/runtime/atomic.Cas";
          "runtime.forEachPInternal" -> "internal/runtime/atomic.Cas";
          "runtime.forEachPInternal" -> "internal/runtime/atomic.Store";
          "runtime.forEachPInternal" -> "runtime.acquirem";
          "runtime.forEachPInternal" -> "runtime.getg";
          "runtime.forEachPInternal" -> "runtime.handoffp";
          "runtime.forEachPInternal" -> "runtime.lock";
          "runtime.forEachPInternal" -> "runtime.lock";
          "runtime.forEachPInternal" -> "runtime.noteclear";
          "runtime.forEachPInternal" -> "runtime.notetsleep";
          "runtime.forEachPInternal" -> "runtime.preemptall";
          "runtime.forEachPInternal" -> "runtime.preemptall";
          "runtime.forEachPInternal" -> "runtime.releasem";
          "runtime.forEachPInternal" -> "runtime.throw";
          "runtime.forEachPInternal" -> "runtime.throw";
          "runtime.forEachPInternal" -> "runtime.throw";
          "runtime.forEachPInternal" -> "runtime.traceAcquire";
          "runtime.forEachPInternal" -> "runtime.traceRelease";
          "runtime.forEachPInternal" -> "runtime.traceRelease";
          "runtime.forEachPInternal" -> "runtime.unlock";
          "runtime.forEachPInternal" -> "runtime.unlock";
          "runtime.fpTracebackPartialExpand" -> "(*runtime.inlineUnwinder).next";
          "runtime.fpTracebackPartialExpand" -> "(*runtime.inlineUnwinder).srcFunc";
          "runtime.fpTracebackPartialExpand" -> "(runtime.inlineFrame).valid";
          "runtime.fpTracebackPartialExpand" -> "runtime.elideWrapperCalling";
          "runtime.fpTracebackPartialExpand" -> "runtime.findfunc";
          "runtime.fpTracebackPartialExpand" -> "runtime.newInlineUnwinder";
          "runtime.freeSomeWbufs" -> "(*runtime.mSpanList).isEmpty";
          "runtime.freeSomeWbufs" -> "(*runtime.mSpanList).isEmpty";
          "runtime.freeSomeWbufs" -> "runtime.lock";
          "runtime.freeSomeWbufs" -> "runtime.systemstack";
          "runtime.freeSomeWbufs" -> "runtime.unlock";
          "runtime.freeSomeWbufs" -> "runtime.unlock";
          "runtime.freeSpecial" -> "(*internal/runtime/atomic.Uintptr).Store";
          "runtime.freeSpecial" -> "(*runtime.fixalloc).free";
          "runtime.freeSpecial" -> "(*runtime.fixalloc).free";
          "runtime.freeSpecial" -> "(*runtime.fixalloc).free";
          "runtime.freeSpecial" -> "(*runtime.fixalloc).free";
          "runtime.freeSpecial" -> "(*runtime.fixalloc).free";
          "runtime.freeSpecial" -> "runtime.lock";
          "runtime.freeSpecial" -> "runtime.lock";
          "runtime.freeSpecial" -> "runtime.lock";
          "runtime.freeSpecial" -> "runtime.lock";
          "runtime.freeSpecial" -> "runtime.lock";
          "runtime.freeSpecial" -> "runtime.mProf_Free";
          "runtime.freeSpecial" -> "runtime.queuefinalizer";
          "runtime.freeSpecial" -> "runtime.queuefinalizer";
          "runtime.freeSpecial" -> "runtime.throw";
          "runtime.freeSpecial" -> "runtime.unlock";
          "runtime.freeSpecial" -> "runtime.unlock";
          "runtime.freeSpecial" -> "runtime.unlock";
          "runtime.freeSpecial" -> "runtime.unlock";
          "runtime.freeSpecial" -> "runtime.unlock";
          "runtime.freeStackSpans" -> "(*runtime.mSpanList).remove";
          "runtime.freeStackSpans" -> "(*runtime.mSpanList).remove";
          "runtime.freeStackSpans" -> "(*runtime.mheap).freeManual";
          "runtime.freeStackSpans" -> "(*runtime.mheap).freeManual";
          "runtime.freeStackSpans" -> "runtime.lock";
          "runtime.freeStackSpans" -> "runtime.lock";
          "runtime.freeStackSpans" -> "runtime.osStackFree";
          "runtime.freeStackSpans" -> "runtime.osStackFree";
          "runtime.freeStackSpans" -> "runtime.unlock";
          "runtime.freeStackSpans" -> "runtime.unlock";
          "runtime.freemcache" -> "runtime.systemstack";
          "runtime.freezetheworld" -> "(*internal/runtime/atomic.Bool).Store";
          "runtime.freezetheworld" -> "(*internal/runtime/atomic.Bool).Store";
          "runtime.freezetheworld" -> "runtime.preemptall";
          "runtime.freezetheworld" -> "runtime.preemptall";
          "runtime.freezetheworld" -> "runtime.usleep";
          "runtime.freezetheworld" -> "runtime.usleep";
          "runtime.freezetheworld" -> "runtime.usleep";
          "runtime.freezetheworld" -> "runtime.usleep";
          "runtime.funcNameForPrint" -> "runtime.funcNamePiecesForPrint";
          "runtime.funcNamePiecesForPrint" -> "internal/bytealg.IndexByteString";
          "runtime.funcfile" -> "(runtime.funcInfo).valid";
          "runtime.funcfile" -> "runtime.gostringnocopy";
          "runtime.funcline" -> "runtime.funcline1";
          "runtime.funcline1" -> "(runtime.funcInfo).valid";
          "runtime.funcline1" -> "runtime.funcfile";
          "runtime.funcline1" -> "runtime.pcvalue";
          "runtime.funcline1" -> "runtime.pcvalue";
          "runtime.funcname" -> "(*runtime.moduledata).funcName";
          "runtime.funcname" -> "(runtime.funcInfo).valid";
          "runtime.funcspdelta" -> "(runtime.funcInfo).entry";
          "runtime.funcspdelta" -> "runtime.funcname";
          "runtime.funcspdelta" -> "runtime.pcvalue";
          "runtime.funcspdelta" -> "runtime.throw";
          "runtime.gcAssistAlloc" -> "(*internal/runtime/atomic.Float64).Load";
          "runtime.gcAssistAlloc" -> "(*internal/runtime/atomic.Float64).Load";
          "runtime.gcAssistAlloc" -> "(*internal/runtime/atomic.Int64).Add";
          "runtime.gcAssistAlloc" -> "(*internal/runtime/atomic.Int64).Load";
          "runtime.gcAssistAlloc" -> "(*runtime.gcCPULimiterState).limiting";
          "runtime.gcAssistAlloc" -> "(runtime.traceLocker).GCMarkAssistDone";
          "runtime.gcAssistAlloc" -> "(runtime.traceLocker).GCMarkAssistDone";
          "runtime.gcAssistAlloc" -> "(runtime.traceLocker).GCMarkAssistDone";
          "runtime.gcAssistAlloc" -> "(runtime.traceLocker).GCMarkAssistStart";
          "runtime.gcAssistAlloc" -> "(runtime.traceLocker).ok";
          "runtime.gcAssistAlloc" -> "(runtime.traceLocker).ok";
          "runtime.gcAssistAlloc" -> "(runtime.traceLocker).ok";
          "runtime.gcAssistAlloc" -> "(runtime.traceLocker).ok";
          "runtime.gcAssistAlloc" -> "runtime.Gosched";
          "runtime.gcAssistAlloc" -> "runtime.gcMarkDone";
          "runtime.gcAssistAlloc" -> "runtime.gcParkAssist";
          "runtime.gcAssistAlloc" -> "runtime.getg";
          "runtime.gcAssistAlloc" -> "runtime.getg";
          "runtime.gcAssistAlloc" -> "runtime.getg";
          "runtime.gcAssistAlloc" -> "runtime.systemstack";
          "runtime.gcAssistAlloc" -> "runtime.traceAcquire";
          "runtime.gcAssistAlloc" -> "runtime.traceAcquire";
          "runtime.gcAssistAlloc" -> "runtime.traceAcquire";
          "runtime.gcAssistAlloc" -> "runtime.traceAcquire";
          "runtime.gcAssistAlloc" -> "runtime.traceRelease";
          "runtime.gcAssistAlloc" -> "runtime.traceRelease";
          "runtime.gcAssistAlloc" -> "runtime.traceRelease";
          "runtime.gcAssistAlloc" -> "runtime.traceRelease";
          "runtime.gcAssistAlloc1" -> "(*internal/runtime/atomic.Float64).Load";
          "runtime.gcAssistAlloc1" -> "(*internal/runtime/atomic.Int64).Add";
          "runtime.gcAssistAlloc1" -> "(*runtime.gcCPULimiterState).update";
          "runtime.gcAssistAlloc1" -> "(*runtime.limiterEvent).start";
          "runtime.gcAssistAlloc1" -> "(*runtime.limiterEvent).stop";
          "runtime.gcAssistAlloc1" -> "(runtime.puintptr).ptr";
          "runtime.gcAssistAlloc1" -> "(runtime.puintptr).ptr";
          "runtime.gcAssistAlloc1" -> "(runtime.puintptr).ptr";
          "runtime.gcAssistAlloc1" -> "internal/runtime/atomic.Load";
          "runtime.gcAssistAlloc1" -> "internal/runtime/atomic.Xadd";
          "runtime.gcAssistAlloc1" -> "internal/runtime/atomic.Xadd";
          "runtime.gcAssistAlloc1" -> "runtime.casGToWaitingForSuspendG";
          "runtime.gcAssistAlloc1" -> "runtime.casgstatus";
          "runtime.gcAssistAlloc1" -> "runtime.gcDrainN";
          "runtime.gcAssistAlloc1" -> "runtime.gcMarkWorkAvailable";
          "runtime.gcAssistAlloc1" -> "runtime.getg";
          "runtime.gcAssistAlloc1" -> "runtime.nanotime";
          "runtime.gcAssistAlloc1" -> "runtime.nanotime";
          "runtime.gcAssistAlloc1" -> "runtime.throw";
          "runtime.gcAssistAlloc1" -> "runtime.throw";
          "runtime.gcBgMarkStartWorkers" -> "runtime.acquirem";
          "runtime.gcBgMarkStartWorkers" -> "runtime.acquirem";
          "runtime.gcBgMarkStartWorkers" -> "runtime.gcBgMarkWorker";
          "runtime.gcBgMarkStartWorkers" -> "runtime.releasem";
          "runtime.gcBgMarkStartWorkers" -> "runtime.releasem";
          "runtime.gcBgMarkWorker" -> "(*runtime.gcControllerState).markWorkerStop";
          "runtime.gcBgMarkWorker" -> "(*runtime.guintptr).set";
          "runtime.gcBgMarkWorker" -> "(*runtime.limiterEvent).start";
          "runtime.gcBgMarkWorker" -> "(*runtime.limiterEvent).stop";
          "runtime.gcBgMarkWorker" -> "(*runtime.muintptr).set";
          "runtime.gcBgMarkWorker" -> "(*runtime.muintptr).set";
          "runtime.gcBgMarkWorker" -> "(*runtime.muintptr).set";
          "runtime.gcBgMarkWorker" -> "(runtime.muintptr).ptr";
          "runtime.gcBgMarkWorker" -> "(runtime.puintptr).ptr";
          "runtime.gcBgMarkWorker" -> "internal/runtime/atomic.Xadd";
          "runtime.gcBgMarkWorker" -> "internal/runtime/atomic.Xadd";
          "runtime.gcBgMarkWorker" -> "internal/runtime/atomic.Xaddint64";
          "runtime.gcBgMarkWorker" -> "runtime.acquirem";
          "runtime.gcBgMarkWorker" -> "runtime.acquirem";
          "runtime.gcBgMarkWorker" -> "runtime.gcMarkDone";
          "runtime.gcBgMarkWorker" -> "runtime.gcMarkWorkAvailable";
          "runtime.gcBgMarkWorker" -> "runtime.getg";
          "runtime.gcBgMarkWorker" -> "runtime.gopark";
          "runtime.gcBgMarkWorker" -> "runtime.nanotime";
          "runtime.gcBgMarkWorker" -> "runtime.nanotime";
          "runtime.gcBgMarkWorker" -> "runtime.releasem";
          "runtime.gcBgMarkWorker" -> "runtime.systemstack";
          "runtime.gcBgMarkWorker" -> "runtime.throw";
          "runtime.gcBgMarkWorker" -> "runtime.throw";
          "runtime.gcBgMarkWorker" -> "runtime.throw";
          "runtime.gcBgMarkWorker" -> "runtime.throw";
          "runtime.gcComputeStartingStackSize" -> "runtime.round2";
          "runtime.gcControllerCommit" -> "(*internal/runtime/atomic.Int64).Load";
          "runtime.gcControllerCommit" -> "(*runtime.gcControllerState).commit";
          "runtime.gcControllerCommit" -> "(*runtime.gcControllerState).revise";
          "runtime.gcControllerCommit" -> "(*runtime.gcControllerState).trigger";
          "runtime.gcControllerCommit" -> "(runtime.traceLocker).HeapGoal";
          "runtime.gcControllerCommit" -> "(runtime.traceLocker).ok";
          "runtime.gcControllerCommit" -> "runtime.assertWorldStoppedOrLockHeld";
          "runtime.gcControllerCommit" -> "runtime.gcPaceScavenger";
          "runtime.gcControllerCommit" -> "runtime.gcPaceSweeper";
          "runtime.gcControllerCommit" -> "runtime.isSweepDone";
          "runtime.gcControllerCommit" -> "runtime.traceAcquire";
          "runtime.gcControllerCommit" -> "runtime.traceRelease";
          "runtime.gcDrain" -> "(*internal/runtime/atomic.Bool).Load";
          "runtime.gcDrain" -> "(*internal/runtime/atomic.Bool).Load";
          "runtime.gcDrain" -> "(*internal/runtime/atomic.Int64).Add";
          "runtime.gcDrain" -> "(*internal/runtime/atomic.Int64).Add";
          "runtime.gcDrain" -> "(*runtime.gcWork).balance";
          "runtime.gcDrain" -> "(*runtime.gcWork).tryGet";
          "runtime.gcDrain" -> "(*runtime.gcWork).tryGet";
          "runtime.gcDrain" -> "(*runtime.gcWork).tryGetFast";
          "runtime.gcDrain" -> "(runtime.puintptr).ptr";
          "runtime.gcDrain" -> "internal/runtime/atomic.Xadd";
          "runtime.gcDrain" -> "runtime.gcFlushBgCredit";
          "runtime.gcDrain" -> "runtime.gcFlushBgCredit";
          "runtime.gcDrain" -> "runtime.getg";
          "runtime.gcDrain" -> "runtime.markroot";
          "runtime.gcDrain" -> "runtime.pollFractionalWorkerExit";
          "runtime.gcDrain" -> "runtime.pollFractionalWorkerExit";
          "runtime.gcDrain" -> "runtime.pollWork";
          "runtime.gcDrain" -> "runtime.pollWork";
          "runtime.gcDrain" -> "runtime.scanobject";
          "runtime.gcDrain" -> "runtime.throw";
          "runtime.gcDrain" -> "runtime.wbBufFlush";
          "runtime.gcDrainMarkWorkerDedicated" -> "runtime.gcDrain";
          "runtime.gcDrainMarkWorkerFractional" -> "runtime.gcDrain";
          "runtime.gcDrainMarkWorkerIdle" -> "runtime.gcDrain";
          "runtime.gcDrainN" -> "(*internal/runtime/atomic.Int64).Add";
          "runtime.gcDrainN" -> "(*runtime.gcCPULimiterState).limiting";
          "runtime.gcDrainN" -> "(*runtime.gcWork).balance";
          "runtime.gcDrainN" -> "(*runtime.gcWork).tryGet";
          "runtime.gcDrainN" -> "(*runtime.gcWork).tryGet";
          "runtime.gcDrainN" -> "(*runtime.gcWork).tryGetFast";
          "runtime.gcDrainN" -> "internal/runtime/atomic.Xadd";
          "runtime.gcDrainN" -> "runtime.getg";
          "runtime.gcDrainN" -> "runtime.markroot";
          "runtime.gcDrainN" -> "runtime.scanobject";
          "runtime.gcDrainN" -> "runtime.throw";
          "runtime.gcDrainN" -> "runtime.wbBufFlush";
          "runtime.gcDumpObject" -> "(*runtime.mSpanStateBox).get";
          "runtime.gcDumpObject" -> "(*runtime.mSpanStateBox).get";
          "runtime.gcDumpObject" -> "(*runtime.mspan).base";
          "runtime.gcDumpObject" -> "runtime.spanOf";
          "runtime.gcFlushBgCredit" -> "(*internal/runtime/atomic.Float64).Load";
          "runtime.gcFlushBgCredit" -> "(*internal/runtime/atomic.Float64).Load";
          "runtime.gcFlushBgCredit" -> "(*internal/runtime/atomic.Int64).Add";
          "runtime.gcFlushBgCredit" -> "(*internal/runtime/atomic.Int64).Add";
          "runtime.gcFlushBgCredit" -> "(*runtime.gQueue).empty";
          "runtime.gcFlushBgCredit" -> "(*runtime.gQueue).empty";
          "runtime.gcFlushBgCredit" -> "(*runtime.gQueue).pop";
          "runtime.gcFlushBgCredit" -> "(*runtime.gQueue).pushBack";
          "runtime.gcFlushBgCredit" -> "runtime.lock";
          "runtime.gcFlushBgCredit" -> "runtime.ready";
          "runtime.gcFlushBgCredit" -> "runtime.unlock";
          "runtime.gcMark" -> "(*runtime.gcControllerState).resetLive";
          "runtime.gcMark" -> "(*runtime.gcWork).dispose";
          "runtime.gcMark" -> "(*runtime.gcWork).empty";
          "runtime.gcMark" -> "(*runtime.wbBuf).reset";
          "runtime.gcMark" -> "runtime.gcMarkRootCheck";
          "runtime.gcMark" -> "runtime.printlock";
          "runtime.gcMark" -> "runtime.throw";
          "runtime.gcMark" -> "runtime.throw";
          "runtime.gcMark" -> "runtime.wbBufFlush1";
          "runtime.gcMarkDone" -> "(*internal/runtime/atomic.Bool).Load";
          "runtime.gcMarkDone" -> "(*runtime.cpuStats).accumulateGCPauseTime";
          "runtime.gcMarkDone" -> "(*runtime.gcCPULimiterState).startGCTransition";
          "runtime.gcMarkDone" -> "(*runtime.gcControllerState).endCycle";
          "runtime.gcMarkDone" -> "internal/runtime/atomic.Store";
          "runtime.gcMarkDone" -> "runtime.forEachP";
          "runtime.gcMarkDone" -> "runtime.gcComputeStartingStackSize";
          "runtime.gcMarkDone" -> "runtime.gcMarkTermination";
          "runtime.gcMarkDone" -> "runtime.gcMarkWorkAvailable";
          "runtime.gcMarkDone" -> "runtime.gcWakeAllAssists";
          "runtime.gcMarkDone" -> "runtime.gcWakeAllStrongFromWeak";
          "runtime.gcMarkDone" -> "runtime.getg";
          "runtime.gcMarkDone" -> "runtime.getg";
          "runtime.gcMarkDone" -> "runtime.nanotime";
          "runtime.gcMarkDone" -> "runtime.schedEnableUser";
          "runtime.gcMarkDone" -> "runtime.semacquire";
          "runtime.gcMarkDone" -> "runtime.semacquire";
          "runtime.gcMarkDone" -> "runtime.semrelease";
          "runtime.gcMarkDone" -> "runtime.semrelease";
          "runtime.gcMarkDone" -> "runtime.semrelease";
          "runtime.gcMarkDone" -> "runtime.semrelease";
          "runtime.gcMarkDone" -> "runtime.systemstack";
          "runtime.gcMarkDone" -> "runtime.systemstack";
          "runtime.gcMarkDone" -> "runtime.systemstack";
          "runtime.gcMarkRootCheck" -> "runtime.forEachGRace";
          "runtime.gcMarkRootCheck" -> "runtime.throw";
          "runtime.gcMarkRootPrepare" -> "runtime.activeModules";
          "runtime.gcMarkRootPrepare" -> "runtime.allGsSnapshot";
          "runtime.gcMarkRootPrepare" -> "runtime.assertWorldStopped";
          "runtime.gcMarkTermination" -> "(*internal/runtime/atomic.Int64).Load";
          "runtime.gcMarkTermination" -> "(*internal/runtime/atomic.Int64).Load";
          "runtime.gcMarkTermination" -> "(*internal/runtime/atomic.Int64).Load";
          "runtime.gcMarkTermination" -> "(*internal/runtime/atomic.Int64).Load";
          "runtime.gcMarkTermination" -> "(*internal/runtime/atomic.Int64).Store";
          "runtime.gcMarkTermination" -> "(*internal/runtime/atomic.Int64).Store";
          "runtime.gcMarkTermination" -> "(*internal/runtime/atomic.Int64).Store";
          "runtime.gcMarkTermination" -> "(*internal/runtime/atomic.Uint64).Load";
          "runtime.gcMarkTermination" -> "(*internal/runtime/atomic.Uint64).Load";
          "runtime.gcMarkTermination" -> "(*internal/runtime/atomic.Uint64).Load";
          "runtime.gcMarkTermination" -> "(*runtime.activeSweep).begin";
          "runtime.gcMarkTermination" -> "(*runtime.activeSweep).end";
          "runtime.gcMarkTermination" -> "(*runtime.cpuStats).accumulate";
          "runtime.gcMarkTermination" -> "(*runtime.cpuStats).accumulateGCPauseTime";
          "runtime.gcMarkTermination" -> "(*runtime.gcCPULimiterState).finishGCTransition";
          "runtime.gcMarkTermination" -> "(*runtime.gcControllerState).heapGoal";
          "runtime.gcMarkTermination" -> "(*runtime.mspan).setUserArenaChunkToFault";
          "runtime.gcMarkTermination" -> "(*runtime.scavengeIndex).nextGen";
          "runtime.gcMarkTermination" -> "(*runtime.sysMemStat).load";
          "runtime.gcMarkTermination" -> "(runtime.traceLocker).GCDone";
          "runtime.gcMarkTermination" -> "(runtime.traceLocker).ok";
          "runtime.gcMarkTermination" -> "internal/runtime/atomic.Store64";
          "runtime.gcMarkTermination" -> "internal/runtime/atomic.Store64";
          "runtime.gcMarkTermination" -> "runtime.Gosched";
          "runtime.gcMarkTermination" -> "runtime.acquirem";
          "runtime.gcMarkTermination" -> "runtime.casGToWaitingForSuspendG";
          "runtime.gcMarkTermination" -> "runtime.casgstatus";
          "runtime.gcMarkTermination" -> "runtime.fmtNSAsMS";
          "runtime.gcMarkTermination" -> "runtime.fmtNSAsMS";
          "runtime.gcMarkTermination" -> "runtime.forEachP";
          "runtime.gcMarkTermination" -> "runtime.injectglist";
          "runtime.gcMarkTermination" -> "runtime.itoaDiv";
          "runtime.gcMarkTermination" -> "runtime.lock";
          "runtime.gcMarkTermination" -> "runtime.lock";
          "runtime.gcMarkTermination" -> "runtime.mProf_Flush";
          "runtime.gcMarkTermination" -> "runtime.mProf_NextCycle";
          "runtime.gcMarkTermination" -> "runtime.nanotime";
          "runtime.gcMarkTermination" -> "runtime.nanotime";
          "runtime.gcMarkTermination" -> "runtime.prepareFreeWorkbufs";
          "runtime.gcMarkTermination" -> "runtime.printlock";
          "runtime.gcMarkTermination" -> "runtime.printunlock";
          "runtime.gcMarkTermination" -> "runtime.releasem";
          "runtime.gcMarkTermination" -> "runtime.semrelease";
          "runtime.gcMarkTermination" -> "runtime.semrelease";
          "runtime.gcMarkTermination" -> "runtime.setGCPhase";
          "runtime.gcMarkTermination" -> "runtime.systemstack";
          "runtime.gcMarkTermination" -> "runtime.systemstack";
          "runtime.gcMarkTermination" -> "runtime.systemstack";
          "runtime.gcMarkTermination" -> "runtime.systemstack";
          "runtime.gcMarkTermination" -> "runtime.systemstack";
          "runtime.gcMarkTermination" -> "runtime.systemstack";
          "runtime.gcMarkTermination" -> "runtime.throw";
          "runtime.gcMarkTermination" -> "runtime.throw";
          "runtime.gcMarkTermination" -> "runtime.throw";
          "runtime.gcMarkTermination" -> "runtime.time_now";
          "runtime.gcMarkTermination" -> "runtime.traceAcquire";
          "runtime.gcMarkTermination" -> "runtime.traceRelease";
          "runtime.gcMarkTermination" -> "runtime.unlock";
          "runtime.gcMarkTermination" -> "runtime.unlock";
          "runtime.gcMarkTinyAllocs" -> "runtime.assertWorldStopped";
          "runtime.gcMarkTinyAllocs" -> "runtime.findObject";
          "runtime.gcMarkTinyAllocs" -> "runtime.greyobject";
          "runtime.gcMarkWorkAvailable" -> "(*runtime.gcWork).empty";
          "runtime.gcMarkWorkAvailable" -> "(*runtime.lfstack).empty";
          "runtime.gcPaceScavenger" -> "(*internal/runtime/atomic.Uint64).Load";
          "runtime.gcPaceScavenger" -> "(*internal/runtime/atomic.Uint64).Store";
          "runtime.gcPaceScavenger" -> "(*internal/runtime/atomic.Uint64).Store";
          "runtime.gcPaceScavenger" -> "(*internal/runtime/atomic.Uint64).Store";
          "runtime.gcPaceScavenger" -> "(*internal/runtime/atomic.Uint64).Store";
          "runtime.gcPaceScavenger" -> "(*internal/runtime/atomic.Uint64).Store";
          "runtime.gcPaceScavenger" -> "runtime.assertWorldStoppedOrLockHeld";
          "runtime.gcPaceScavenger" -> "runtime.heapRetained";
          "runtime.gcPaceSweeper" -> "(*internal/runtime/atomic.Uint64).Load";
          "runtime.gcPaceSweeper" -> "(*internal/runtime/atomic.Uint64).Load";
          "runtime.gcPaceSweeper" -> "(*internal/runtime/atomic.Uint64).Store";
          "runtime.gcPaceSweeper" -> "(*internal/runtime/atomic.Uintptr).Load";
          "runtime.gcPaceSweeper" -> "runtime.assertWorldStoppedOrLockHeld";
          "runtime.gcPaceSweeper" -> "runtime.isSweepDone";
          "runtime.gcParkAssist" -> "(*internal/runtime/atomic.Int64).Load";
          "runtime.gcParkAssist" -> "(*runtime.gQueue).pushBack";
          "runtime.gcParkAssist" -> "(*runtime.guintptr).set";
          "runtime.gcParkAssist" -> "(runtime.guintptr).ptr";
          "runtime.gcParkAssist" -> "internal/runtime/atomic.Load";
          "runtime.gcParkAssist" -> "runtime.getg";
          "runtime.gcParkAssist" -> "runtime.goparkunlock";
          "runtime.gcParkAssist" -> "runtime.lock";
          "runtime.gcParkAssist" -> "runtime.unlock";
          "runtime.gcParkAssist" -> "runtime.unlock";
          "runtime.gcResetMarkState" -> "(*internal/runtime/atomic.Uint64).Load";
          "runtime.gcResetMarkState" -> "(runtime.arenaIdx).l1";
          "runtime.gcResetMarkState" -> "(runtime.arenaIdx).l2";
          "runtime.gcResetMarkState" -> "runtime.forEachG";
          "runtime.gcResetMarkState" -> "runtime.lock";
          "runtime.gcResetMarkState" -> "runtime.unlock";
          "runtime.gcStart" -> "(*internal/runtime/atomic.Uint32).Add";
          "runtime.gcStart" -> "(*internal/runtime/atomic.Uint32).Load";
          "runtime.gcStart" -> "(*internal/runtime/atomic.Uint64).Load";
          "runtime.gcStart" -> "(*runtime.cpuStats).accumulateGCPauseTime";
          "runtime.gcStart" -> "(*runtime.cpuStats).accumulateGCPauseTime";
          "runtime.gcStart" -> "(*runtime.gcCPULimiterState).startGCTransition";
          "runtime.gcStart" -> "(*runtime.gcControllerState).startCycle";
          "runtime.gcStart" -> "(runtime.gcTrigger).test";
          "runtime.gcStart" -> "(runtime.gcTrigger).test";
          "runtime.gcStart" -> "(runtime.traceLocker).GCStart";
          "runtime.gcStart" -> "(runtime.traceLocker).ok";
          "runtime.gcStart" -> "internal/runtime/atomic.Store";
          "runtime.gcStart" -> "runtime.Gosched";
          "runtime.gcStart" -> "runtime.acquirem";
          "runtime.gcStart" -> "runtime.acquirem";
          "runtime.gcStart" -> "runtime.clearpools";
          "runtime.gcStart" -> "runtime.gcBgMarkPrepare";
          "runtime.gcStart" -> "runtime.gcBgMarkStartWorkers";
          "runtime.gcStart" -> "runtime.gcMarkRootPrepare";
          "runtime.gcStart" -> "runtime.gcMarkTinyAllocs";
          "runtime.gcStart" -> "runtime.getg";
          "runtime.gcStart" -> "runtime.getg";
          "runtime.gcStart" -> "runtime.nanotime";
          "runtime.gcStart" -> "runtime.nanotime";
          "runtime.gcStart" -> "runtime.releasem";
          "runtime.gcStart" -> "runtime.releasem";
          "runtime.gcStart" -> "runtime.releasem";
          "runtime.gcStart" -> "runtime.schedEnableUser";
          "runtime.gcStart" -> "runtime.semacquire";
          "runtime.gcStart" -> "runtime.semacquire";
          "runtime.gcStart" -> "runtime.semacquire";
          "runtime.gcStart" -> "runtime.semrelease";
          "runtime.gcStart" -> "runtime.semrelease";
          "runtime.gcStart" -> "runtime.semrelease";
          "runtime.gcStart" -> "runtime.setGCPhase";
          "runtime.gcStart" -> "runtime.sweepone";
          "runtime.gcStart" -> "runtime.systemstack";
          "runtime.gcStart" -> "runtime.systemstack";
          "runtime.gcStart" -> "runtime.systemstack";
          "runtime.gcStart" -> "runtime.systemstack";
          "runtime.gcStart" -> "runtime.throw";
          "runtime.gcStart" -> "runtime.traceAcquire";
          "runtime.gcStart" -> "runtime.traceRelease";
          "runtime.gcSweep" -> "(*internal/runtime/atomic.Uint64).Store";
          "runtime.gcSweep" -> "(*internal/runtime/atomic.Uint64).Store";
          "runtime.gcSweep" -> "(*internal/runtime/atomic.Uintptr).Store";
          "runtime.gcSweep" -> "(*runtime.activeSweep).reset";
          "runtime.gcSweep" -> "(*runtime.mcache).prepareForSweep";
          "runtime.gcSweep" -> "(*runtime.sweepClass).clear";
          "runtime.gcSweep" -> "runtime.assertWorldStopped";
          "runtime.gcSweep" -> "runtime.freeSomeWbufs";
          "runtime.gcSweep" -> "runtime.lock";
          "runtime.gcSweep" -> "runtime.lock";
          "runtime.gcSweep" -> "runtime.lock";
          "runtime.gcSweep" -> "runtime.mProf_Flush";
          "runtime.gcSweep" -> "runtime.mProf_NextCycle";
          "runtime.gcSweep" -> "runtime.prepareFreeWorkbufs";
          "runtime.gcSweep" -> "runtime.ready";
          "runtime.gcSweep" -> "runtime.sweepone";
          "runtime.gcSweep" -> "runtime.throw";
          "runtime.gcSweep" -> "runtime.unlock";
          "runtime.gcSweep" -> "runtime.unlock";
          "runtime.gcSweep" -> "runtime.unlock";
          "runtime.gcWaitOnMark" -> "(*internal/runtime/atomic.Uint32).Load";
          "runtime.gcWaitOnMark" -> "(*runtime.gList).push";
          "runtime.gcWaitOnMark" -> "runtime.getg";
          "runtime.gcWaitOnMark" -> "runtime.goparkunlock";
          "runtime.gcWaitOnMark" -> "runtime.lock";
          "runtime.gcWaitOnMark" -> "runtime.unlock";
          "runtime.gcWakeAllAssists" -> "(*runtime.gQueue).popList";
          "runtime.gcWakeAllAssists" -> "runtime.injectglist";
          "runtime.gcWakeAllAssists" -> "runtime.lock";
          "runtime.gcWakeAllAssists" -> "runtime.unlock";
          "runtime.gcWakeAllStrongFromWeak" -> "(*runtime.gQueue).popList";
          "runtime.gcWakeAllStrongFromWeak" -> "runtime.injectglist";
          "runtime.gcWakeAllStrongFromWeak" -> "runtime.lock";
          "runtime.gcWakeAllStrongFromWeak" -> "runtime.unlock";
          "runtime.gcallers" -> "(*runtime.unwinder).init";
          "runtime.gcallers" -> "runtime.tracebackPCs";
          "runtime.gcmarknewobject" -> "(*runtime.mspan).base";
          "runtime.gcmarknewobject" -> "(*runtime.mspan).markBitsForIndex";
          "runtime.gcmarknewobject" -> "(*runtime.mspan).objIndex";
          "runtime.gcmarknewobject" -> "(runtime.markBits).setMarked";
          "runtime.gcmarknewobject" -> "(runtime.puintptr).ptr";
          "runtime.gcmarknewobject" -> "internal/runtime/atomic.Or8";
          "runtime.gcmarknewobject" -> "runtime.getg";
          "runtime.gcmarknewobject" -> "runtime.pageIndexOf";
          "runtime.gcmarknewobject" -> "runtime.throw";
          "runtime.gcmarknewobject" -> "runtime.throw";
          "runtime.gcstopm" -> "(*internal/runtime/atomic.Bool).Load";
          "runtime.gcstopm" -> "(*internal/runtime/atomic.Int32).Add";
          "runtime.gcstopm" -> "runtime.getg";
          "runtime.gcstopm" -> "runtime.lock";
          "runtime.gcstopm" -> "runtime.nanotime";
          "runtime.gcstopm" -> "runtime.notewakeup";
          "runtime.gcstopm" -> "runtime.releasep";
          "runtime.gcstopm" -> "runtime.stopm";
          "runtime.gcstopm" -> "runtime.throw";
          "runtime.gcstopm" -> "runtime.throw";
          "runtime.gcstopm" -> "runtime.unlock";
          "runtime.getGCMask" -> "runtime.getGCMaskOnDemand";
          "runtime.getGCMaskOnDemand" -> "internal/runtime/atomic.Casp1";
          "runtime.getGCMaskOnDemand" -> "internal/runtime/atomic.Loadp";
          "runtime.getGCMaskOnDemand" -> "internal/runtime/atomic.StorepNoWB";
          "runtime.getGCMaskOnDemand" -> "runtime.add";
          "runtime.getGCMaskOnDemand" -> "runtime.divRoundUp";
          "runtime.getGCMaskOnDemand" -> "runtime.osyield";
          "runtime.getGCMaskOnDemand" -> "runtime.persistentalloc";
          "runtime.getGCMaskOnDemand" -> "runtime.systemstack";
          "runtime.getMCache" -> "(runtime.puintptr).ptr";
          "runtime.getcallerfp" -> "runtime.getfp";
          "runtime.getempty" -> "(*runtime.lfstack).pop";
          "runtime.getempty" -> "(*runtime.mSpanList).insert";
          "runtime.getempty" -> "(*runtime.mSpanList).insert";
          "runtime.getempty" -> "(*runtime.mSpanList).remove";
          "runtime.getempty" -> "(*runtime.mspan).base";
          "runtime.getempty" -> "(*runtime.workbuf).checkempty";
          "runtime.getempty" -> "runtime.lfnodeValidate";
          "runtime.getempty" -> "runtime.lock";
          "runtime.getempty" -> "runtime.lock";
          "runtime.getempty" -> "runtime.lockWithRankMayAcquire";
          "runtime.getempty" -> "runtime.lockWithRankMayAcquire";
          "runtime.getempty" -> "runtime.putempty";
          "runtime.getempty" -> "runtime.systemstack";
          "runtime.getempty" -> "runtime.throw";
          "runtime.getempty" -> "runtime.unlock";
          "runtime.getempty" -> "runtime.unlock";
          "runtime.getitab" -> "(*runtime.itabTableType).find";
          "runtime.getitab" -> "(*runtime.itabTableType).find";
          "runtime.getitab" -> "(internal/abi.Name).Name";
          "runtime.getitab" -> "(runtime.rtype).nameOff";
          "runtime.getitab" -> "internal/runtime/atomic.Loadp";
          "runtime.getitab" -> "runtime.itabAdd";
          "runtime.getitab" -> "runtime.itabInit";
          "runtime.getitab" -> "runtime.itabInit";
          "runtime.getitab" -> "runtime.lock";
          "runtime.getitab" -> "runtime.persistentalloc";
          "runtime.getitab" -> "runtime.throw";
          "runtime.getitab" -> "runtime.toRType";
          "runtime.getitab" -> "runtime.unlock";
          "runtime.getitab" -> "runtime.unlock";
          "runtime.gfpurge" -> "(*runtime.gList).empty";
          "runtime.gfpurge" -> "(*runtime.gList).pop";
          "runtime.gfpurge" -> "(*runtime.gList).pushAll";
          "runtime.gfpurge" -> "(*runtime.gList).pushAll";
          "runtime.gfpurge" -> "(*runtime.gQueue).push";
          "runtime.gfpurge" -> "(*runtime.gQueue).push";
          "runtime.gfpurge" -> "runtime.lock";
          "runtime.gfpurge" -> "runtime.unlock";
          "runtime.globrunqget" -> "(*runtime.gQueue).pop";
          "runtime.globrunqget" -> "(*runtime.gQueue).pop";
          "runtime.globrunqget" -> "runtime.assertLockHeld";
          "runtime.globrunqget" -> "runtime.runqput";
          "runtime.globrunqput" -> "(*runtime.gQueue).pushBack";
          "runtime.globrunqput" -> "runtime.assertLockHeld";
          "runtime.globrunqputbatch" -> "(*runtime.gQueue).pushBackAll";
          "runtime.globrunqputbatch" -> "runtime.assertLockHeld";
          "runtime.globrunqputhead" -> "(*runtime.gQueue).push";
          "runtime.globrunqputhead" -> "runtime.assertLockHeld";
          "runtime.goStatusToTraceGoStatus" -> "(runtime.waitReason).isWaitingForSuspendG";
          "runtime.goStatusToTraceGoStatus" -> "runtime.throw";
          "runtime.goStatusToTraceGoStatus" -> "runtime.throw";
          "runtime.gogetenv" -> "runtime.envKeyEqual";
          "runtime.gogetenv" -> "runtime.environ";
          "runtime.gogetenv" -> "runtime.throw";
          "runtime.gopark" -> "runtime.acquirem";
          "runtime.gopark" -> "runtime.checkTimeouts";
          "runtime.gopark" -> "runtime.mcall";
          "runtime.gopark" -> "runtime.readgstatus";
          "runtime.gopark" -> "runtime.releasem";
          "runtime.gopark" -> "runtime.throw";
          "runtime.goparkunlock" -> "runtime.gopark";
          "runtime.goready" -> "runtime.systemstack";
          "runtime.goroutineheader" -> "(runtime.waitReason).String";
          "runtime.goroutineheader" -> "runtime.gotraceback";
          "runtime.goroutineheader" -> "runtime.nanotime";
          "runtime.goroutineheader" -> "runtime.readgstatus";
          "runtime.goschedImpl" -> "(runtime.traceLocker).GoPreempt";
          "runtime.goschedImpl" -> "(runtime.traceLocker).GoSched";
          "runtime.goschedImpl" -> "(runtime.traceLocker).ok";
          "runtime.goschedImpl" -> "(runtime.traceLocker).ok";
          "runtime.goschedImpl" -> "runtime.casgstatus";
          "runtime.goschedImpl" -> "runtime.dropg";
          "runtime.goschedImpl" -> "runtime.dumpgstatus";
          "runtime.goschedImpl" -> "runtime.globrunqput";
          "runtime.goschedImpl" -> "runtime.lock";
          "runtime.goschedImpl" -> "runtime.readgstatus";
          "runtime.goschedImpl" -> "runtime.schedule";
          "runtime.goschedImpl" -> "runtime.throw";
          "runtime.goschedImpl" -> "runtime.traceAcquire";
          "runtime.goschedImpl" -> "runtime.traceRelease";
          "runtime.goschedImpl" -> "runtime.unlock";
          "runtime.goschedImpl" -> "runtime.wakep";
          "runtime.gosched_m" -> "runtime.goschedImpl";
          "runtime.goschedguarded" -> "runtime.mcall";
          "runtime.goschedguarded_m" -> "runtime.canPreemptM";
          "runtime.goschedguarded_m" -> "runtime.gogo";
          "runtime.goschedguarded_m" -> "runtime.goschedImpl";
          "runtime.gostring" -> "runtime.findnull";
          "runtime.gostring" -> "runtime.memmove";
          "runtime.gostring" -> "runtime.rawstring";
          "runtime.gostringnocopy" -> "runtime.findnull";
          "runtime.gotraceback" -> "internal/runtime/atomic.Load";
          "runtime.gotraceback" -> "runtime.getg";
          "runtime.goyield" -> "runtime.checkTimeouts";
          "runtime.goyield" -> "runtime.mcall";
          "runtime.goyield_m" -> "(runtime.puintptr).ptr";
          "runtime.goyield_m" -> "(runtime.traceLocker).GoPreempt";
          "runtime.goyield_m" -> "(runtime.traceLocker).ok";
          "runtime.goyield_m" -> "(runtime.traceLocker).ok";
          "runtime.goyield_m" -> "runtime.casgstatus";
          "runtime.goyield_m" -> "runtime.dropg";
          "runtime.goyield_m" -> "runtime.runqput";
          "runtime.goyield_m" -> "runtime.schedule";
          "runtime.goyield_m" -> "runtime.traceAcquire";
          "runtime.goyield_m" -> "runtime.traceRelease";
          "runtime.greyobject" -> "(*runtime.gcWork).put";
          "runtime.greyobject" -> "(*runtime.gcWork).putFast";
          "runtime.greyobject" -> "(*runtime.mspan).base";
          "runtime.greyobject" -> "(*runtime.mspan).isFree";
          "runtime.greyobject" -> "(*runtime.mspan).markBitsForIndex";
          "runtime.greyobject" -> "(runtime.markBits).isMarked";
          "runtime.greyobject" -> "(runtime.markBits).setMarked";
          "runtime.greyobject" -> "(runtime.spanClass).noscan";
          "runtime.greyobject" -> "internal/runtime/atomic.Or8";
          "runtime.greyobject" -> "internal/runtime/sys.Prefetch";
          "runtime.greyobject" -> "runtime.gcDumpObject";
          "runtime.greyobject" -> "runtime.gcDumpObject";
          "runtime.greyobject" -> "runtime.getg";
          "runtime.greyobject" -> "runtime.pageIndexOf";
          "runtime.greyobject" -> "runtime.setCheckmark";
          "runtime.greyobject" -> "runtime.throw";
          "runtime.greyobject" -> "runtime.throw";
          "runtime.gwrite" -> "runtime.getg";
          "runtime.gwrite" -> "runtime.recordForPanic";
          "runtime.gwrite" -> "runtime.writeErr";
          "runtime.handoff" -> "runtime.getempty";
          "runtime.handoff" -> "runtime.memmove";
          "runtime.handoff" -> "runtime.putfull";
          "runtime.handoffp" -> "(*internal/runtime/atomic.Bool).Load";
          "runtime.handoffp" -> "(*internal/runtime/atomic.Int32).CompareAndSwap";
          "runtime.handoffp" -> "(*internal/runtime/atomic.Int32).Load";
          "runtime.handoffp" -> "(*internal/runtime/atomic.Int32).Load";
          "runtime.handoffp" -> "(*internal/runtime/atomic.Int32).Load";
          "runtime.handoffp" -> "(*internal/runtime/atomic.Int64).Load";
          "runtime.handoffp" -> "(*internal/runtime/atomic.Uint32).Store";
          "runtime.handoffp" -> "(*runtime.timers).wakeTime";
          "runtime.handoffp" -> "internal/runtime/atomic.Cas";
          "runtime.handoffp" -> "runtime.gcMarkWorkAvailable";
          "runtime.handoffp" -> "runtime.lock";
          "runtime.handoffp" -> "runtime.nanotime";
          "runtime.handoffp" -> "runtime.notewakeup";
          "runtime.handoffp" -> "runtime.notewakeup";
          "runtime.handoffp" -> "runtime.pidleput";
          "runtime.handoffp" -> "runtime.runqempty";
          "runtime.handoffp" -> "runtime.startm";
          "runtime.handoffp" -> "runtime.startm";
          "runtime.handoffp" -> "runtime.startm";
          "runtime.handoffp" -> "runtime.startm";
          "runtime.handoffp" -> "runtime.startm";
          "runtime.handoffp" -> "runtime.startm";
          "runtime.handoffp" -> "runtime.traceEnabled";
          "runtime.handoffp" -> "runtime.traceReaderAvailable";
          "runtime.handoffp" -> "runtime.traceShuttingDown";
          "runtime.handoffp" -> "runtime.unlock";
          "runtime.handoffp" -> "runtime.unlock";
          "runtime.handoffp" -> "runtime.unlock";
          "runtime.handoffp" -> "runtime.unlock";
          "runtime.handoffp" -> "runtime.wakeNetPoller";
          "runtime.heapRetained" -> "(*runtime.sysMemStat).load";
          "runtime.heapRetained" -> "(*runtime.sysMemStat).load";
          "runtime.heapSetTypeLarge" -> "internal/runtime/atomic.StorepNoWB";
          "runtime.heapSetTypeLarge" -> "runtime.doubleCheckHeapType";
          "runtime.heapSetTypeNoHeader" -> "(*runtime.mspan).writeHeapBitsSmall";
          "runtime.heapSetTypeNoHeader" -> "runtime.doubleCheckHeapType";
          "runtime.heapSetTypeNoHeader" -> "runtime.heapBitsInSpan";
          "runtime.heapSetTypeNoHeader" -> "runtime.heapBitsInSpan";
          "runtime.heapSetTypeNoHeader" -> "runtime.throw";
          "runtime.heapSetTypeSmallHeader" -> "runtime.doubleCheckHeapType";
          "runtime.hexdumpWords" -> "(runtime.funcInfo).entry";
          "runtime.hexdumpWords" -> "(runtime.funcInfo).valid";
          "runtime.hexdumpWords" -> "runtime.findfunc";
          "runtime.hexdumpWords" -> "runtime.funcname";
          "runtime.hexdumpWords" -> "runtime.gwrite";
          "runtime.hexdumpWords" -> "runtime.printlock";
          "runtime.hexdumpWords" -> "runtime.printunlock";
          "runtime.inHeapOrStack" -> "(*runtime.mSpanStateBox).get";
          "runtime.inHeapOrStack" -> "(*runtime.mspan).base";
          "runtime.inHeapOrStack" -> "runtime.spanOf";
          "runtime.inPersistentAlloc" -> "internal/runtime/atomic.Loaduintptr";
          "runtime.inUserArenaChunk" -> "runtime.spanOf";
          "runtime.incidlelocked" -> "runtime.checkdead";
          "runtime.incidlelocked" -> "runtime.lock";
          "runtime.incidlelocked" -> "runtime.unlock";
          "runtime.injectglist" -> "(*internal/runtime/atomic.Int32).Load";
          "runtime.injectglist" -> "(*runtime.gList).empty";
          "runtime.injectglist" -> "(*runtime.gQueue).empty";
          "runtime.injectglist" -> "(*runtime.gQueue).empty";
          "runtime.injectglist" -> "(*runtime.gQueue).pop";
          "runtime.injectglist" -> "(*runtime.gQueue).pushBack";
          "runtime.injectglist" -> "(*runtime.guintptr).set";
          "runtime.injectglist" -> "(*runtime.guintptr).set";
          "runtime.injectglist" -> "(runtime.guintptr).ptr";
          "runtime.injectglist" -> "(runtime.guintptr).ptr";
          "runtime.injectglist" -> "(runtime.puintptr).ptr";
          "runtime.injectglist" -> "(runtime.traceLocker).GoUnpark";
          "runtime.injectglist" -> "(runtime.traceLocker).ok";
          "runtime.injectglist" -> "(runtime.traceLocker).ok";
          "runtime.injectglist" -> "runtime.casgstatus";
          "runtime.injectglist" -> "runtime.getg";
          "runtime.injectglist" -> "runtime.globrunqputbatch";
          "runtime.injectglist" -> "runtime.globrunqputbatch";
          "runtime.injectglist" -> "runtime.lock";
          "runtime.injectglist" -> "runtime.lock";
          "runtime.injectglist" -> "runtime.runqputbatch";
          "runtime.injectglist" -> "runtime.traceAcquire";
          "runtime.injectglist" -> "runtime.traceRelease";
          "runtime.injectglist" -> "runtime.unlock";
          "runtime.injectglist" -> "runtime.unlock";
          "runtime.injectglist" -> "runtime.wakep";
          "runtime.isAbortPC" -> "(runtime.funcInfo).valid";
          "runtime.isAbortPC" -> "runtime.findfunc";
          "runtime.isAsyncSafePoint" -> "(*runtime.inlineUnwinder).srcFunc";
          "runtime.isAsyncSafePoint" -> "(runtime.funcInfo).entry";
          "runtime.isAsyncSafePoint" -> "(runtime.funcInfo).valid";
          "runtime.isAsyncSafePoint" -> "(runtime.srcFunc).name";
          "runtime.isAsyncSafePoint" -> "internal/stringslite.HasPrefix";
          "runtime.isAsyncSafePoint" -> "internal/stringslite.HasPrefix";
          "runtime.isAsyncSafePoint" -> "internal/stringslite.HasPrefix";
          "runtime.isAsyncSafePoint" -> "internal/stringslite.HasPrefix";
          "runtime.isAsyncSafePoint" -> "runtime.canPreemptM";
          "runtime.isAsyncSafePoint" -> "runtime.findfunc";
          "runtime.isAsyncSafePoint" -> "runtime.funcdata";
          "runtime.isAsyncSafePoint" -> "runtime.funcspdelta";
          "runtime.isAsyncSafePoint" -> "runtime.newInlineUnwinder";
          "runtime.isAsyncSafePoint" -> "runtime.pcdatavalue2";
          "runtime.isAsyncSafePoint" -> "runtime.throw";
          "runtime.isExportedRuntime" -> "internal/stringslite.CutPrefix";
          "runtime.isPinned" -> "(*runtime.mspan).getPinnerBits";
          "runtime.isPinned" -> "(*runtime.mspan).objIndex";
          "runtime.isPinned" -> "(*runtime.pinState).isPinned";
          "runtime.isPinned" -> "(*runtime.pinnerBits).ofObject";
          "runtime.isPinned" -> "runtime.KeepAlive";
          "runtime.isPinned" -> "runtime.spanOfHeap";
          "runtime.isShrinkStackSafe" -> "(*internal/runtime/atomic.Bool).Load";
          "runtime.isShrinkStackSafe" -> "(runtime.waitReason).isWaitingForSuspendG";
          "runtime.isShrinkStackSafe" -> "runtime.readgstatus";
          "runtime.isShrinkStackSafe" -> "runtime.traceEnabled";
          "runtime.isSweepDone" -> "(*runtime.activeSweep).isDone";
          "runtime.isSystemGoroutine" -> "(*internal/runtime/atomic.Uint32).Load";
          "runtime.isSystemGoroutine" -> "(runtime.funcInfo).valid";
          "runtime.isSystemGoroutine" -> "internal/stringslite.HasPrefix";
          "runtime.isSystemGoroutine" -> "runtime.findfunc";
          "runtime.isSystemGoroutine" -> "runtime.funcname";
          "runtime.isWakeup" -> "runtime.throw";
          "runtime.itabAdd" -> "(*runtime.itabTableType).add";
          "runtime.itabAdd" -> "runtime.atomicstorep";
          "runtime.itabAdd" -> "runtime.getg";
          "runtime.itabAdd" -> "runtime.iterate_itabs";
          "runtime.itabAdd" -> "runtime.mallocgc";
          "runtime.itabAdd" -> "runtime.throw";
          "runtime.itabAdd" -> "runtime.throw";
          "runtime.itabInit" -> "(*internal/abi.Type).Uncommon";
          "runtime.itabInit" -> "(internal/abi.Name).IsExported";
          "runtime.itabInit" -> "(internal/abi.Name).Name";
          "runtime.itabInit" -> "(internal/abi.Name).Name";
          "runtime.itabInit" -> "(internal/abi.Name).Name";
          "runtime.itabInit" -> "(internal/abi.Name).Name";
          "runtime.itabInit" -> "(runtime.rtype).nameOff";
          "runtime.itabInit" -> "(runtime.rtype).nameOff";
          "runtime.itabInit" -> "(runtime.rtype).nameOff";
          "runtime.itabInit" -> "(runtime.rtype).textOff";
          "runtime.itabInit" -> "(runtime.rtype).typeOff";
          "runtime.itabInit" -> "(runtime.rtype).typeOff";
          "runtime.itabInit" -> "runtime.add";
          "runtime.itabInit" -> "runtime.pkgPath";
          "runtime.itabInit" -> "runtime.pkgPath";
          "runtime.itabInit" -> "runtime.toRType";
          "runtime.itabInit" -> "runtime.toRType";
          "runtime.itabInit" -> "runtime.toRType";
          "runtime.iterate_itabs" -> "runtime.add";
          "runtime.kevent" -> "internal/abi.FuncPCABI0";
          "runtime.kevent" -> "runtime.KeepAlive";
          "runtime.kevent" -> "runtime.KeepAlive";
          "runtime.kevent" -> "runtime.KeepAlive";
          "runtime.kevent" -> "runtime.libcCall";
          "runtime.kqueue" -> "internal/abi.FuncPCABI0";
          "runtime.kqueue" -> "runtime.libcCall";
          "runtime.lfnodeValidate" -> "runtime.findObject";
          "runtime.lfnodeValidate" -> "runtime.lfstackPack";
          "runtime.lfnodeValidate" -> "runtime.lfstackUnpack";
          "runtime.lfnodeValidate" -> "runtime.printlock";
          "runtime.lfnodeValidate" -> "runtime.throw";
          "runtime.lfnodeValidate" -> "runtime.throw";
          "runtime.lfstackPack" -> "runtime.taggedPointerPack";
          "runtime.lfstackUnpack" -> "(runtime.taggedPointer).pointer";
          "runtime.libcCall" -> "(*runtime.guintptr).set";
          "runtime.libcCall" -> "internal/runtime/sys.GetCallerPC";
          "runtime.libcCall" -> "internal/runtime/sys.GetCallerSP";
          "runtime.libcCall" -> "runtime.asmcgocall";
          "runtime.libcCall" -> "runtime.getg";
          "runtime.lock" -> "runtime.getLockRank";
          "runtime.lock" -> "runtime.lockWithRank";
          "runtime.lock2" -> "(*runtime.lockTimer).begin";
          "runtime.lock2" -> "(*runtime.lockTimer).end";
          "runtime.lock2" -> "(*runtime.lockTimer).end";
          "runtime.lock2" -> "internal/runtime/atomic.Casuintptr";
          "runtime.lock2" -> "internal/runtime/atomic.Casuintptr";
          "runtime.lock2" -> "internal/runtime/atomic.Casuintptr";
          "runtime.lock2" -> "internal/runtime/atomic.Loaduintptr";
          "runtime.lock2" -> "internal/runtime/atomic.Loaduintptr";
          "runtime.lock2" -> "internal/runtime/atomic.Loaduintptr";
          "runtime.lock2" -> "internal/runtime/atomic.Loaduintptr";
          "runtime.lock2" -> "internal/runtime/atomic.Loaduintptr";
          "runtime.lock2" -> "internal/runtime/atomic.Or8";
          "runtime.lock2" -> "internal/runtime/atomic.Xchg8";
          "runtime.lock2" -> "internal/runtime/atomic.Xchg8";
          "runtime.lock2" -> "runtime.getg";
          "runtime.lock2" -> "runtime.key8";
          "runtime.lock2" -> "runtime.mutexPreferLowLatency";
          "runtime.lock2" -> "runtime.mutexWaitListHead";
          "runtime.lock2" -> "runtime.osyield";
          "runtime.lock2" -> "runtime.procyield";
          "runtime.lock2" -> "runtime.semacreate";
          "runtime.lock2" -> "runtime.semasleep";
          "runtime.lock2" -> "runtime.throw";
          "runtime.lock2" -> "runtime.throw";
          "runtime.lockRankMayQueueFinalizer" -> "runtime.getLockRank";
          "runtime.lockRankMayQueueFinalizer" -> "runtime.lockWithRankMayAcquire";
          "runtime.lockRankMayTraceFlush" -> "runtime.getLockRank";
          "runtime.lockRankMayTraceFlush" -> "runtime.lockWithRankMayAcquire";
          "runtime.lockWithRank" -> "runtime.lock2";
          "runtime.mPark" -> "runtime.getg";
          "runtime.mPark" -> "runtime.noteclear";
          "runtime.mPark" -> "runtime.notesleep";
          "runtime.mProfStackInit" -> "runtime.makeProfStackFP";
          "runtime.mProfStackInit" -> "runtime.makeProfStackFP";
          "runtime.mProf_Flush" -> "(*runtime.mProfCycleHolder).setFlushed";
          "runtime.mProf_Flush" -> "runtime.lock";
          "runtime.mProf_Flush" -> "runtime.lock";
          "runtime.mProf_Flush" -> "runtime.mProf_FlushLocked";
          "runtime.mProf_Flush" -> "runtime.unlock";
          "runtime.mProf_Flush" -> "runtime.unlock";
          "runtime.mProf_FlushLocked" -> "(*internal/runtime/atomic.UnsafePointer).Load";
          "runtime.mProf_FlushLocked" -> "(*runtime.bucket).mp";
          "runtime.mProf_FlushLocked" -> "(*runtime.memRecordCycle).add";
          "runtime.mProf_FlushLocked" -> "runtime.assertLockHeld";
          "runtime.mProf_FlushLocked" -> "runtime.assertLockHeld";
          "runtime.mProf_Free" -> "(*runtime.bucket).mp";
          "runtime.mProf_Free" -> "(*runtime.mProfCycleHolder).read";
          "runtime.mProf_Free" -> "runtime.lock";
          "runtime.mProf_Free" -> "runtime.unlock";
          "runtime.mProf_Malloc" -> "(*runtime.bucket).mp";
          "runtime.mProf_Malloc" -> "(*runtime.mProfCycleHolder).read";
          "runtime.mProf_Malloc" -> "runtime.callers";
          "runtime.mProf_Malloc" -> "runtime.lock";
          "runtime.mProf_Malloc" -> "runtime.stkbucket";
          "runtime.mProf_Malloc" -> "runtime.systemstack";
          "runtime.mProf_Malloc" -> "runtime.unlock";
          "runtime.mProf_NextCycle" -> "(*runtime.mProfCycleHolder).increment";
          "runtime.mProf_PostSweep" -> "(*runtime.mProfCycleHolder).read";
          "runtime.mProf_PostSweep" -> "runtime.lock";
          "runtime.mProf_PostSweep" -> "runtime.lock";
          "runtime.mProf_PostSweep" -> "runtime.mProf_FlushLocked";
          "runtime.mProf_PostSweep" -> "runtime.unlock";
          "runtime.mProf_PostSweep" -> "runtime.unlock";
          "runtime.mReserveID" -> "runtime.assertLockHeld";
          "runtime.mReserveID" -> "runtime.checkmcount";
          "runtime.mReserveID" -> "runtime.throw";
          "runtime.madvise" -> "internal/abi.FuncPCABI0";
          "runtime.madvise" -> "runtime.KeepAlive";
          "runtime.madvise" -> "runtime.libcCall";
          "runtime.makeAddrRange" -> "runtime.throw";
          "runtime.makeSpanClass" -> "runtime.bool2int";
          "runtime.malg" -> "runtime.round2";
          "runtime.malg" -> "runtime.systemstack";
          "runtime.mallocgc" -> "(*internal/abi.Type).Pointers";
          "runtime.mallocgc" -> "(*internal/abi.Type).Pointers";
          "runtime.mallocgc" -> "runtime.asanpoison";
          "runtime.mallocgc" -> "runtime.asanunpoison";
          "runtime.mallocgc" -> "runtime.deductAssistCredit";
          "runtime.mallocgc" -> "runtime.getg";
          "runtime.mallocgc" -> "runtime.heapBitsInSpan";
          "runtime.mallocgc" -> "runtime.heapBitsInSpan";
          "runtime.mallocgc" -> "runtime.lockRankMayQueueFinalizer";
          "runtime.mallocgc" -> "runtime.mallocgcLarge";
          "runtime.mallocgc" -> "runtime.mallocgcSmallNoscan";
          "runtime.mallocgc" -> "runtime.mallocgcSmallScanHeader";
          "runtime.mallocgc" -> "runtime.mallocgcSmallScanNoHeader";
          "runtime.mallocgc" -> "runtime.mallocgcTiny";
          "runtime.mallocgc" -> "runtime.msanmalloc";
          "runtime.mallocgc" -> "runtime.postMallocgcDebug";
          "runtime.mallocgc" -> "runtime.preMallocgcDebug";
          "runtime.mallocgc" -> "runtime.racemalloc";
          "runtime.mallocgc" -> "runtime.redZoneSize";
          "runtime.mallocgc" -> "runtime.throw";
          "runtime.mallocgcLarge" -> "(*internal/abi.Type).Pointers";
          "runtime.mallocgcLarge" -> "(*internal/abi.Type).Pointers";
          "runtime.mallocgcLarge" -> "(*runtime.mcache).allocLarge";
          "runtime.mallocgcLarge" -> "(*runtime.mspan).base";
          "runtime.mallocgcLarge" -> "(runtime.gcTrigger).test";
          "runtime.mallocgcLarge" -> "runtime.acquirem";
          "runtime.mallocgcLarge" -> "runtime.acquirem";
          "runtime.mallocgcLarge" -> "runtime.gcStart";
          "runtime.mallocgcLarge" -> "runtime.gcmarknewobject";
          "runtime.mallocgcLarge" -> "runtime.getMCache";
          "runtime.mallocgcLarge" -> "runtime.getMCache";
          "runtime.mallocgcLarge" -> "runtime.getg";
          "runtime.mallocgcLarge" -> "runtime.heapSetTypeLarge";
          "runtime.mallocgcLarge" -> "runtime.memclrNoHeapPointersChunked";
          "runtime.mallocgcLarge" -> "runtime.profilealloc";
          "runtime.mallocgcLarge" -> "runtime.publicationBarrier";
          "runtime.mallocgcLarge" -> "runtime.publicationBarrier";
          "runtime.mallocgcLarge" -> "runtime.releasem";
          "runtime.mallocgcLarge" -> "runtime.releasem";
          "runtime.mallocgcLarge" -> "runtime.throw";
          "runtime.mallocgcLarge" -> "runtime.throw";
          "runtime.mallocgcSmallNoscan" -> "(*internal/abi.Type).Pointers";
          "runtime.mallocgcSmallNoscan" -> "(*runtime.mcache).nextFree";
          "runtime.mallocgcSmallNoscan" -> "(runtime.gcTrigger).test";
          "runtime.mallocgcSmallNoscan" -> "runtime.acquirem";
          "runtime.mallocgcSmallNoscan" -> "runtime.divRoundUp";
          "runtime.mallocgcSmallNoscan" -> "runtime.divRoundUp";
          "runtime.mallocgcSmallNoscan" -> "runtime.gcStart";
          "runtime.mallocgcSmallNoscan" -> "runtime.gcmarknewobject";
          "runtime.mallocgcSmallNoscan" -> "runtime.getMCache";
          "runtime.mallocgcSmallNoscan" -> "runtime.getg";
          "runtime.mallocgcSmallNoscan" -> "runtime.makeSpanClass";
          "runtime.mallocgcSmallNoscan" -> "runtime.memclrNoHeapPointers";
          "runtime.mallocgcSmallNoscan" -> "runtime.nextFreeFast";
          "runtime.mallocgcSmallNoscan" -> "runtime.profilealloc";
          "runtime.mallocgcSmallNoscan" -> "runtime.publicationBarrier";
          "runtime.mallocgcSmallNoscan" -> "runtime.releasem";
          "runtime.mallocgcSmallNoscan" -> "runtime.throw";
          "runtime.mallocgcSmallNoscan" -> "runtime.throw";
          "runtime.mallocgcSmallNoscan" -> "runtime.throw";
          "runtime.mallocgcSmallScanHeader" -> "(*internal/abi.Type).Pointers";
          "runtime.mallocgcSmallScanHeader" -> "(*runtime.mcache).nextFree";
          "runtime.mallocgcSmallScanHeader" -> "(runtime.gcTrigger).test";
          "runtime.mallocgcSmallScanHeader" -> "runtime.acquirem";
          "runtime.mallocgcSmallScanHeader" -> "runtime.add";
          "runtime.mallocgcSmallScanHeader" -> "runtime.divRoundUp";
          "runtime.mallocgcSmallScanHeader" -> "runtime.divRoundUp";
          "runtime.mallocgcSmallScanHeader" -> "runtime.gcStart";
          "runtime.mallocgcSmallScanHeader" -> "runtime.gcmarknewobject";
          "runtime.mallocgcSmallScanHeader" -> "runtime.getMCache";
          "runtime.mallocgcSmallScanHeader" -> "runtime.getg";
          "runtime.mallocgcSmallScanHeader" -> "runtime.heapBitsInSpan";
          "runtime.mallocgcSmallScanHeader" -> "runtime.heapSetTypeSmallHeader";
          "runtime.mallocgcSmallScanHeader" -> "runtime.makeSpanClass";
          "runtime.mallocgcSmallScanHeader" -> "runtime.memclrNoHeapPointers";
          "runtime.mallocgcSmallScanHeader" -> "runtime.nextFreeFast";
          "runtime.mallocgcSmallScanHeader" -> "runtime.profilealloc";
          "runtime.mallocgcSmallScanHeader" -> "runtime.publicationBarrier";
          "runtime.mallocgcSmallScanHeader" -> "runtime.releasem";
          "runtime.mallocgcSmallScanHeader" -> "runtime.throw";
          "runtime.mallocgcSmallScanHeader" -> "runtime.throw";
          "runtime.mallocgcSmallScanHeader" -> "runtime.throw";
          "runtime.mallocgcSmallScanHeader" -> "runtime.throw";
          "runtime.mallocgcSmallScanNoHeader" -> "(*internal/abi.Type).Pointers";
          "runtime.mallocgcSmallScanNoHeader" -> "(*runtime.mcache).nextFree";
          "runtime.mallocgcSmallScanNoHeader" -> "(runtime.gcTrigger).test";
          "runtime.mallocgcSmallScanNoHeader" -> "runtime.acquirem";
          "runtime.mallocgcSmallScanNoHeader" -> "runtime.divRoundUp";
          "runtime.mallocgcSmallScanNoHeader" -> "runtime.gcStart";
          "runtime.mallocgcSmallScanNoHeader" -> "runtime.gcmarknewobject";
          "runtime.mallocgcSmallScanNoHeader" -> "runtime.getMCache";
          "runtime.mallocgcSmallScanNoHeader" -> "runtime.getg";
          "runtime.mallocgcSmallScanNoHeader" -> "runtime.heapBitsInSpan";
          "runtime.mallocgcSmallScanNoHeader" -> "runtime.heapSetTypeNoHeader";
          "runtime.mallocgcSmallScanNoHeader" -> "runtime.makeSpanClass";
          "runtime.mallocgcSmallScanNoHeader" -> "runtime.memclrNoHeapPointers";
          "runtime.mallocgcSmallScanNoHeader" -> "runtime.nextFreeFast";
          "runtime.mallocgcSmallScanNoHeader" -> "runtime.profilealloc";
          "runtime.mallocgcSmallScanNoHeader" -> "runtime.publicationBarrier";
          "runtime.mallocgcSmallScanNoHeader" -> "runtime.releasem";
          "runtime.mallocgcSmallScanNoHeader" -> "runtime.throw";
          "runtime.mallocgcSmallScanNoHeader" -> "runtime.throw";
          "runtime.mallocgcSmallScanNoHeader" -> "runtime.throw";
          "runtime.mallocgcSmallScanNoHeader" -> "runtime.throw";
          "runtime.mallocgcTiny" -> "(*internal/abi.Type).Pointers";
          "runtime.mallocgcTiny" -> "(*runtime.mcache).nextFree";
          "runtime.mallocgcTiny" -> "(runtime.gcTrigger).test";
          "runtime.mallocgcTiny" -> "runtime.acquirem";
          "runtime.mallocgcTiny" -> "runtime.add";
          "runtime.mallocgcTiny" -> "runtime.alignUp";
          "runtime.mallocgcTiny" -> "runtime.alignUp";
          "runtime.mallocgcTiny" -> "runtime.alignUp";
          "runtime.mallocgcTiny" -> "runtime.alignUp";
          "runtime.mallocgcTiny" -> "runtime.gcStart";
          "runtime.mallocgcTiny" -> "runtime.gcmarknewobject";
          "runtime.mallocgcTiny" -> "runtime.getMCache";
          "runtime.mallocgcTiny" -> "runtime.getg";
          "runtime.mallocgcTiny" -> "runtime.nextFreeFast";
          "runtime.mallocgcTiny" -> "runtime.profilealloc";
          "runtime.mallocgcTiny" -> "runtime.publicationBarrier";
          "runtime.mallocgcTiny" -> "runtime.releasem";
          "runtime.mallocgcTiny" -> "runtime.releasem";
          "runtime.mallocgcTiny" -> "runtime.throw";
          "runtime.mallocgcTiny" -> "runtime.throw";
          "runtime.mallocgcTiny" -> "runtime.throw";
          "runtime.markroot" -> "(*internal/runtime/atomic.Int64).Add";
          "runtime.markroot" -> "internal/runtime/atomic.Load";
          "runtime.markroot" -> "runtime.activeModules";
          "runtime.markroot" -> "runtime.activeModules";
          "runtime.markroot" -> "runtime.gcFlushBgCredit";
          "runtime.markroot" -> "runtime.markrootBlock";
          "runtime.markroot" -> "runtime.markrootBlock";
          "runtime.markroot" -> "runtime.markrootSpans";
          "runtime.markroot" -> "runtime.printlock";
          "runtime.markroot" -> "runtime.readgstatus";
          "runtime.markroot" -> "runtime.scanblock";
          "runtime.markroot" -> "runtime.systemstack";
          "runtime.markroot" -> "runtime.systemstack";
          "runtime.markroot" -> "runtime.throw";
          "runtime.markrootBlock" -> "runtime.add";
          "runtime.markrootBlock" -> "runtime.scanblock";
          "runtime.markrootBlock" -> "runtime.throw";
          "runtime.markrootFreeGStacks" -> "(*runtime.gList).empty";
          "runtime.markrootFreeGStacks" -> "(*runtime.gList).pushAll";
          "runtime.markrootFreeGStacks" -> "(*runtime.guintptr).set";
          "runtime.markrootFreeGStacks" -> "(runtime.guintptr).ptr";
          "runtime.markrootFreeGStacks" -> "(runtime.guintptr).ptr";
          "runtime.markrootFreeGStacks" -> "runtime.lock";
          "runtime.markrootFreeGStacks" -> "runtime.lock";
          "runtime.markrootFreeGStacks" -> "runtime.stackfree";
          "runtime.markrootFreeGStacks" -> "runtime.unlock";
          "runtime.markrootFreeGStacks" -> "runtime.unlock";
          "runtime.markrootSpans" -> "(*runtime.mSpanStateBox).get";
          "runtime.markrootSpans" -> "(*runtime.mspan).base";
          "runtime.markrootSpans" -> "(runtime.arenaIdx).l1";
          "runtime.markrootSpans" -> "(runtime.arenaIdx).l2";
          "runtime.markrootSpans" -> "(runtime.spanClass).noscan";
          "runtime.markrootSpans" -> "internal/runtime/atomic.Load8";
          "runtime.markrootSpans" -> "runtime.lock";
          "runtime.markrootSpans" -> "runtime.scanblock";
          "runtime.markrootSpans" -> "runtime.scanblock";
          "runtime.markrootSpans" -> "runtime.scanblock";
          "runtime.markrootSpans" -> "runtime.scanobject";
          "runtime.markrootSpans" -> "runtime.throw";
          "runtime.markrootSpans" -> "runtime.throw";
          "runtime.markrootSpans" -> "runtime.unlock";
          "runtime.mcommoninit" -> "runtime.atomicstorep";
          "runtime.mcommoninit" -> "runtime.callers";
          "runtime.mcommoninit" -> "runtime.getg";
          "runtime.mcommoninit" -> "runtime.lock";
          "runtime.mcommoninit" -> "runtime.mProfStackInit";
          "runtime.mcommoninit" -> "runtime.mReserveID";
          "runtime.mcommoninit" -> "runtime.mpreinit";
          "runtime.mcommoninit" -> "runtime.mrandinit";
          "runtime.mcommoninit" -> "runtime.unlock";
          "runtime.memclrNoHeapPointersChunked" -> "runtime.getg";
          "runtime.memclrNoHeapPointersChunked" -> "runtime.goschedguarded";
          "runtime.memclrNoHeapPointersChunked" -> "runtime.memclrNoHeapPointers";
          "runtime.mergeSummaries" -> "(runtime.pallocSum).unpack";
          "runtime.mergeSummaries" -> "(runtime.pallocSum).unpack";
          "runtime.mergeSummaries" -> "runtime.packPallocSum";
          "runtime.mget" -> "(runtime.muintptr).ptr";
          "runtime.mget" -> "runtime.assertLockHeld";
          "runtime.mlock" -> "internal/abi.FuncPCABI0";
          "runtime.mlock" -> "runtime.KeepAlive";
          "runtime.mlock" -> "runtime.libcCall";
          "runtime.mmap" -> "internal/abi.FuncPCABI0";
          "runtime.mmap" -> "runtime.libcCall";
          "runtime.mpreinit" -> "runtime.malg";
          "runtime.mpreinit" -> "runtime.mlock";
          "runtime.mput" -> "(*runtime.muintptr).set";
          "runtime.mput" -> "runtime.assertLockHeld";
          "runtime.mput" -> "runtime.checkdead";
          "runtime.mrandinit" -> "(*internal/chacha8rand.State).Init64";
          "runtime.mrandinit" -> "runtime.bootstrapRand";
          "runtime.mrandinit" -> "runtime.bootstrapRandReseed";
          "runtime.mrandinit" -> "runtime.rand";
          "runtime.msanfree" -> "runtime.throw";
          "runtime.msanmalloc" -> "runtime.throw";
          "runtime.msanread" -> "runtime.throw";
          "runtime.msanwrite" -> "runtime.throw";
          "runtime.mspinning" -> "runtime.getg";
          "runtime.munmap" -> "internal/abi.FuncPCABI0";
          "runtime.munmap" -> "runtime.KeepAlive";
          "runtime.munmap" -> "runtime.libcCall";
          "runtime.mutexevent" -> "internal/runtime/atomic.Load64";
          "runtime.mutexevent" -> "runtime.cheaprand64";
          "runtime.mutexevent" -> "runtime.saveblockevent";
          "runtime.nanotime" -> "runtime.nanotime1";
          "runtime.nanotime1" -> "internal/abi.FuncPCABI0";
          "runtime.nanotime1" -> "runtime.libcCall";
          "runtime.netpoll" -> "(*internal/runtime/atomic.Uint32).Store";
          "runtime.netpoll" -> "(*internal/runtime/atomic.Uintptr).Load";
          "runtime.netpoll" -> "(*runtime.pollDesc).setEventErr";
          "runtime.netpoll" -> "(*runtime.timespec).setNsec";
          "runtime.netpoll" -> "(runtime.taggedPointer).pointer";
          "runtime.netpoll" -> "(runtime.taggedPointer).tag";
          "runtime.netpoll" -> "runtime.isWakeup";
          "runtime.netpoll" -> "runtime.kevent";
          "runtime.netpoll" -> "runtime.netpollready";
          "runtime.netpoll" -> "runtime.processWakeupEvent";
          "runtime.netpoll" -> "runtime.throw";
          "runtime.netpollAdjustWaiters" -> "(*internal/runtime/atomic.Uint32).Add";
          "runtime.netpollAnyWaiters" -> "(*internal/runtime/atomic.Uint32).Load";
          "runtime.netpollBreak" -> "(*internal/runtime/atomic.Uint32).CompareAndSwap";
          "runtime.netpollBreak" -> "runtime.wakeNetpoll";
          "runtime.netpollGenericInit" -> "(*internal/runtime/atomic.Uint32).Load";
          "runtime.netpollGenericInit" -> "(*internal/runtime/atomic.Uint32).Load";
          "runtime.netpollGenericInit" -> "(*internal/runtime/atomic.Uint32).Store";
          "runtime.netpollGenericInit" -> "runtime.lock";
          "runtime.netpollGenericInit" -> "runtime.lockInit";
          "runtime.netpollGenericInit" -> "runtime.lockInit";
          "runtime.netpollGenericInit" -> "runtime.netpollinit";
          "runtime.netpollGenericInit" -> "runtime.unlock";
          "runtime.netpollinit" -> "runtime.addWakeupEvent";
          "runtime.netpollinit" -> "runtime.closeonexec";
          "runtime.netpollinit" -> "runtime.kqueue";
          "runtime.netpollinit" -> "runtime.throw";
          "runtime.netpollinited" -> "(*internal/runtime/atomic.Uint32).Load";
          "runtime.netpollready" -> "(*runtime.gList).push";
          "runtime.netpollready" -> "(*runtime.gList).push";
          "runtime.netpollready" -> "runtime.netpollunblock";
          "runtime.netpollready" -> "runtime.netpollunblock";
          "runtime.netpollunblock" -> "(*internal/runtime/atomic.Uintptr).CompareAndSwap";
          "runtime.netpollunblock" -> "(*internal/runtime/atomic.Uintptr).Load";
          "runtime.newAllocBits" -> "runtime.newMarkBits";
          "runtime.newArenaMayUnlock" -> "runtime.lock";
          "runtime.newArenaMayUnlock" -> "runtime.memclrNoHeapPointers";
          "runtime.newArenaMayUnlock" -> "runtime.sysAlloc";
          "runtime.newArenaMayUnlock" -> "runtime.throw";
          "runtime.newArenaMayUnlock" -> "runtime.unlock";
          "runtime.newBucket" -> "runtime.persistentalloc";
          "runtime.newBucket" -> "runtime.throw";
          "runtime.newInlineUnwinder" -> "(*runtime.inlineUnwinder).resolveInternal";
          "runtime.newInlineUnwinder" -> "runtime.funcdata";
          "runtime.newMarkBits" -> "(*runtime.gcBitsArena).tryAlloc";
          "runtime.newMarkBits" -> "(*runtime.gcBitsArena).tryAlloc";
          "runtime.newMarkBits" -> "(*runtime.gcBitsArena).tryAlloc";
          "runtime.newMarkBits" -> "(*runtime.gcBitsArena).tryAlloc";
          "runtime.newMarkBits" -> "internal/runtime/atomic.Loadp";
          "runtime.newMarkBits" -> "internal/runtime/atomic.StorepNoWB";
          "runtime.newMarkBits" -> "runtime.lock";
          "runtime.newMarkBits" -> "runtime.newArenaMayUnlock";
          "runtime.newMarkBits" -> "runtime.throw";
          "runtime.newMarkBits" -> "runtime.unlock";
          "runtime.newMarkBits" -> "runtime.unlock";
          "runtime.newMarkBits" -> "runtime.unlock";
          "runtime.newm" -> "(*runtime.muintptr).set";
          "runtime.newm" -> "(*runtime.puintptr).set";
          "runtime.newm" -> "runtime.acquirem";
          "runtime.newm" -> "runtime.allocm";
          "runtime.newm" -> "runtime.getg";
          "runtime.newm" -> "runtime.getg";
          "runtime.newm" -> "runtime.getg";
          "runtime.newm" -> "runtime.lock";
          "runtime.newm" -> "runtime.newm1";
          "runtime.newm" -> "runtime.notewakeup";
          "runtime.newm" -> "runtime.releasem";
          "runtime.newm" -> "runtime.releasem";
          "runtime.newm" -> "runtime.throw";
          "runtime.newm" -> "runtime.unlock";
          "runtime.newm1" -> "(*runtime.guintptr).set";
          "runtime.newm1" -> "(*runtime.rwmutex).rlock";
          "runtime.newm1" -> "(*runtime.rwmutex).rlock";
          "runtime.newm1" -> "(*runtime.rwmutex).runlock";
          "runtime.newm1" -> "(*runtime.rwmutex).runlock";
          "runtime.newm1" -> "internal/abi.FuncPCABI0";
          "runtime.newm1" -> "runtime.asanwrite";
          "runtime.newm1" -> "runtime.asmcgocall";
          "runtime.newm1" -> "runtime.msanwrite";
          "runtime.newm1" -> "runtime.newosproc";
          "runtime.newm1" -> "runtime.throw";
          "runtime.newosproc" -> "runtime.exit";
          "runtime.newosproc" -> "runtime.exit";
          "runtime.newosproc" -> "runtime.exit";
          "runtime.newosproc" -> "runtime.exit";
          "runtime.newosproc" -> "runtime.pthread_attr_getstacksize";
          "runtime.newosproc" -> "runtime.pthread_attr_init";
          "runtime.newosproc" -> "runtime.pthread_attr_setdetachstate";
          "runtime.newosproc" -> "runtime.retryOnEAGAIN";
          "runtime.newosproc" -> "runtime.sigprocmask";
          "runtime.newosproc" -> "runtime.sigprocmask";
          "runtime.newosproc" -> "runtime.writeErrStr";
          "runtime.newosproc" -> "runtime.writeErrStr";
          "runtime.newosproc" -> "runtime.writeErrStr";
          "runtime.newosproc" -> "runtime.writeErrStr";
          "runtime.nextFreeFast" -> "(*runtime.mspan).base";
          "runtime.nextFreeFast" -> "internal/runtime/sys.TrailingZeros64";
          "runtime.nextMarkBitArenaEpoch" -> "internal/runtime/atomic.StorepNoWB";
          "runtime.nextMarkBitArenaEpoch" -> "runtime.lock";
          "runtime.nextMarkBitArenaEpoch" -> "runtime.unlock";
          "runtime.nextSample" -> "runtime.fastexprand";
          "runtime.nextSample" -> "runtime.getg";
          "runtime.nextSample" -> "runtime.nextSampleNoFP";
          "runtime.nextSampleNoFP" -> "runtime.cheaprandn";
          "runtime.notesleep" -> "internal/runtime/atomic.Casuintptr";
          "runtime.notesleep" -> "internal/runtime/atomic.Loaduintptr";
          "runtime.notesleep" -> "runtime.asmcgocall";
          "runtime.notesleep" -> "runtime.getg";
          "runtime.notesleep" -> "runtime.semacreate";
          "runtime.notesleep" -> "runtime.semasleep";
          "runtime.notesleep" -> "runtime.semasleep";
          "runtime.notesleep" -> "runtime.throw";
          "runtime.notesleep" -> "runtime.throw";
          "runtime.notetsleep" -> "runtime.getg";
          "runtime.notetsleep" -> "runtime.notetsleep_internal";
          "runtime.notetsleep" -> "runtime.semacreate";
          "runtime.notetsleep" -> "runtime.throw";
          "runtime.notetsleep_internal" -> "internal/runtime/atomic.Casuintptr";
          "runtime.notetsleep_internal" -> "internal/runtime/atomic.Casuintptr";
          "runtime.notetsleep_internal" -> "internal/runtime/atomic.Loaduintptr";
          "runtime.notetsleep_internal" -> "runtime.asmcgocall";
          "runtime.notetsleep_internal" -> "runtime.asmcgocall";
          "runtime.notetsleep_internal" -> "runtime.getg";
          "runtime.notetsleep_internal" -> "runtime.nanotime";
          "runtime.notetsleep_internal" -> "runtime.nanotime";
          "runtime.notetsleep_internal" -> "runtime.semasleep";
          "runtime.notetsleep_internal" -> "runtime.semasleep";
          "runtime.notetsleep_internal" -> "runtime.semasleep";
          "runtime.notetsleep_internal" -> "runtime.semasleep";
          "runtime.notetsleep_internal" -> "runtime.throw";
          "runtime.notetsleep_internal" -> "runtime.throw";
          "runtime.notetsleep_internal" -> "runtime.throw";
          "runtime.notewakeup" -> "internal/runtime/atomic.Casuintptr";
          "runtime.notewakeup" -> "internal/runtime/atomic.Loaduintptr";
          "runtime.notewakeup" -> "runtime.semawakeup";
          "runtime.notewakeup" -> "runtime.throw";
          "runtime.osyield" -> "runtime.usleep";
          "runtime.pageIndexOf" -> "(runtime.arenaIdx).l1";
          "runtime.pageIndexOf" -> "(runtime.arenaIdx).l2";
          "runtime.pageIndexOf" -> "runtime.arenaIndex";
          "runtime.panicCheck2" -> "runtime.getg";
          "runtime.panicCheck2" -> "runtime.throw";
          "runtime.panicdivide" -> "runtime.panicCheck2";
          "runtime.panicfloat" -> "runtime.panicCheck2";
          "runtime.panicmem" -> "runtime.panicCheck2";
          "runtime.panicmemAddr" -> "runtime.panicCheck2";
          "runtime.panicoverflow" -> "runtime.panicCheck2";
          "runtime.park_m" -> "(*runtime.synctestGroup).decActive";
          "runtime.park_m" -> "(*runtime.synctestGroup).decActive";
          "runtime.park_m" -> "(*runtime.synctestGroup).incActive";
          "runtime.park_m" -> "(runtime.traceLocker).GoPark";
          "runtime.park_m" -> "(runtime.traceLocker).GoUnpark";
          "runtime.park_m" -> "(runtime.traceLocker).ok";
          "runtime.park_m" -> "(runtime.traceLocker).ok";
          "runtime.park_m" -> "(runtime.traceLocker).ok";
          "runtime.park_m" -> "runtime.casgstatus";
          "runtime.park_m" -> "runtime.casgstatus";
          "runtime.park_m" -> "runtime.dropg";
          "runtime.park_m" -> "runtime.execute";
          "runtime.park_m" -> "runtime.finalizercommit";
          "runtime.park_m" -> "runtime.getg";
          "runtime.park_m" -> "runtime.parkunlock_c";
          "runtime.park_m" -> "runtime.schedule";
          "runtime.park_m" -> "runtime.traceAcquire";
          "runtime.park_m" -> "runtime.traceAcquire";
          "runtime.park_m" -> "runtime.traceRelease";
          "runtime.park_m" -> "runtime.traceRelease";
          "runtime.parkunlock_c" -> "runtime.unlock";
          "runtime.pcdatastart" -> "runtime.add";
          "runtime.pcdatavalue" -> "runtime.pcdatastart";
          "runtime.pcdatavalue" -> "runtime.pcvalue";
          "runtime.pcdatavalue1" -> "runtime.pcdatastart";
          "runtime.pcdatavalue1" -> "runtime.pcvalue";
          "runtime.pcdatavalue2" -> "runtime.pcdatastart";
          "runtime.pcdatavalue2" -> "runtime.pcvalue";
          "runtime.pcvalue" -> "(*internal/runtime/atomic.Uint32).Load";
          "runtime.pcvalue" -> "(*internal/runtime/atomic.Uint32).Load";
          "runtime.pcvalue" -> "(runtime.funcInfo).entry";
          "runtime.pcvalue" -> "(runtime.funcInfo).entry";
          "runtime.pcvalue" -> "(runtime.funcInfo).entry";
          "runtime.pcvalue" -> "(runtime.funcInfo).entry";
          "runtime.pcvalue" -> "(runtime.funcInfo).entry";
          "runtime.pcvalue" -> "(runtime.funcInfo).valid";
          "runtime.pcvalue" -> "runtime.acquirem";
          "runtime.pcvalue" -> "runtime.acquirem";
          "runtime.pcvalue" -> "runtime.cheaprandn";
          "runtime.pcvalue" -> "runtime.funcname";
          "runtime.pcvalue" -> "runtime.pcvalueCacheKey";
          "runtime.pcvalue" -> "runtime.releasem";
          "runtime.pcvalue" -> "runtime.releasem";
          "runtime.pcvalue" -> "runtime.releasem";
          "runtime.pcvalue" -> "runtime.step";
          "runtime.pcvalue" -> "runtime.step";
          "runtime.pcvalue" -> "runtime.throw";
          "runtime.pcvalue" -> "runtime.throw";
          "runtime.pcvalue" -> "runtime.throw";
          "runtime.pcvalue" -> "runtime.throw";
          "runtime.persistentalloc" -> "runtime.systemstack";
          "runtime.persistentalloc1" -> "(*runtime.notInHeap).add";
          "runtime.persistentalloc1" -> "(*runtime.sysMemStat).add";
          "runtime.persistentalloc1" -> "(*runtime.sysMemStat).add";
          "runtime.persistentalloc1" -> "(runtime.puintptr).ptr";
          "runtime.persistentalloc1" -> "internal/runtime/atomic.Casuintptr";
          "runtime.persistentalloc1" -> "runtime.acquirem";
          "runtime.persistentalloc1" -> "runtime.alignUp";
          "runtime.persistentalloc1" -> "runtime.alignUp";
          "runtime.persistentalloc1" -> "runtime.lock";
          "runtime.persistentalloc1" -> "runtime.releasem";
          "runtime.persistentalloc1" -> "runtime.sysAlloc";
          "runtime.persistentalloc1" -> "runtime.sysAlloc";
          "runtime.persistentalloc1" -> "runtime.throw";
          "runtime.persistentalloc1" -> "runtime.throw";
          "runtime.persistentalloc1" -> "runtime.throw";
          "runtime.persistentalloc1" -> "runtime.throw";
          "runtime.persistentalloc1" -> "runtime.unlock";
          "runtime.persistentalloc1" -> "runtime.unlock";
          "runtime.pidleget" -> "(*internal/runtime/atomic.Int32).Add";
          "runtime.pidleget" -> "(*runtime.limiterEvent).stop";
          "runtime.pidleget" -> "(runtime.pMask).clear";
          "runtime.pidleget" -> "(runtime.pMask).set";
          "runtime.pidleget" -> "(runtime.puintptr).ptr";
          "runtime.pidleget" -> "runtime.assertLockHeld";
          "runtime.pidleget" -> "runtime.nanotime";
          "runtime.pidlegetSpinning" -> "(*internal/runtime/atomic.Uint32).Store";
          "runtime.pidlegetSpinning" -> "runtime.assertLockHeld";
          "runtime.pidlegetSpinning" -> "runtime.pidleget";
          "runtime.pidleput" -> "(*internal/runtime/atomic.Int32).Add";
          "runtime.pidleput" -> "(*internal/runtime/atomic.Uint32).Load";
          "runtime.pidleput" -> "(*runtime.limiterEvent).start";
          "runtime.pidleput" -> "(*runtime.puintptr).set";
          "runtime.pidleput" -> "(runtime.pMask).clear";
          "runtime.pidleput" -> "(runtime.pMask).set";
          "runtime.pidleput" -> "runtime.assertLockHeld";
          "runtime.pidleput" -> "runtime.nanotime";
          "runtime.pidleput" -> "runtime.runqempty";
          "runtime.pidleput" -> "runtime.throw";
          "runtime.pidleput" -> "runtime.throw";
          "runtime.pkgPath" -> "(internal/abi.Name).Data";
          "runtime.pkgPath" -> "(internal/abi.Name).Data";
          "runtime.pkgPath" -> "(internal/abi.Name).Data";
          "runtime.pkgPath" -> "(internal/abi.Name).Name";
          "runtime.pkgPath" -> "(internal/abi.Name).ReadVarint";
          "runtime.pkgPath" -> "(internal/abi.Name).ReadVarint";
          "runtime.pkgPath" -> "runtime.resolveNameOff";
          "runtime.pollFractionalWorkerExit" -> "(runtime.puintptr).ptr";
          "runtime.pollFractionalWorkerExit" -> "runtime.getg";
          "runtime.pollFractionalWorkerExit" -> "runtime.nanotime";
          "runtime.pollWork" -> "(*internal/runtime/atomic.Int64).Load";
          "runtime.pollWork" -> "(*runtime.gList).empty";
          "runtime.pollWork" -> "(runtime.puintptr).ptr";
          "runtime.pollWork" -> "runtime.getg";
          "runtime.pollWork" -> "runtime.injectglist";
          "runtime.pollWork" -> "runtime.netpoll";
          "runtime.pollWork" -> "runtime.netpollAdjustWaiters";
          "runtime.pollWork" -> "runtime.netpollAnyWaiters";
          "runtime.pollWork" -> "runtime.netpollinited";
          "runtime.pollWork" -> "runtime.runqempty";
          "runtime.postMallocgcDebug" -> "(runtime.traceLocker).HeapObjectAlloc";
          "runtime.postMallocgcDebug" -> "(runtime.traceLocker).ok";
          "runtime.postMallocgcDebug" -> "runtime.getg";
          "runtime.postMallocgcDebug" -> "runtime.traceAcquire";
          "runtime.postMallocgcDebug" -> "runtime.traceAllocFreeEnabled";
          "runtime.postMallocgcDebug" -> "runtime.traceRelease";
          "runtime.preMallocgcDebug" -> "runtime.getg";
          "runtime.preMallocgcDebug" -> "runtime.persistentalloc";
          "runtime.preemptM" -> "(*internal/runtime/atomic.Int32).Add";
          "runtime.preemptM" -> "(*internal/runtime/atomic.Uint32).CompareAndSwap";
          "runtime.preemptM" -> "(*runtime.rwmutex).rlock";
          "runtime.preemptM" -> "(*runtime.rwmutex).runlock";
          "runtime.preemptM" -> "runtime.signalM";
          "runtime.preemptall" -> "runtime.preemptone";
          "runtime.preemptone" -> "(runtime.muintptr).ptr";
          "runtime.preemptone" -> "runtime.getg";
          "runtime.preemptone" -> "runtime.preemptM";
          "runtime.prepareFreeWorkbufs" -> "(*runtime.mSpanList).takeAll";
          "runtime.prepareFreeWorkbufs" -> "runtime.lock";
          "runtime.prepareFreeWorkbufs" -> "runtime.throw";
          "runtime.prepareFreeWorkbufs" -> "runtime.unlock";
          "runtime.printAncestorTraceback" -> "(runtime.funcInfo).srcFunc";
          "runtime.printAncestorTraceback" -> "(runtime.funcInfo).srcFunc";
          "runtime.printAncestorTraceback" -> "(runtime.funcInfo).valid";
          "runtime.printAncestorTraceback" -> "runtime.findfunc";
          "runtime.printAncestorTraceback" -> "runtime.findfunc";
          "runtime.printAncestorTraceback" -> "runtime.printAncestorTracebackFuncInfo";
          "runtime.printAncestorTraceback" -> "runtime.printcreatedby1";
          "runtime.printAncestorTraceback" -> "runtime.showfuncinfo";
          "runtime.printAncestorTraceback" -> "runtime.showfuncinfo";
          "runtime.printAncestorTracebackFuncInfo" -> "(*runtime.inlineUnwinder).fileLine";
          "runtime.printAncestorTracebackFuncInfo" -> "(*runtime.inlineUnwinder).srcFunc";
          "runtime.printAncestorTracebackFuncInfo" -> "(runtime.funcInfo).entry";
          "runtime.printAncestorTracebackFuncInfo" -> "(runtime.funcInfo).entry";
          "runtime.printAncestorTracebackFuncInfo" -> "(runtime.srcFunc).name";
          "runtime.printAncestorTracebackFuncInfo" -> "runtime.newInlineUnwinder";
          "runtime.printAncestorTracebackFuncInfo" -> "runtime.printFuncName";
          "runtime.printArgs" -> "runtime.funcdata";
          "runtime.printArgs" -> "runtime.funcdata";
          "runtime.printArgs" -> "runtime.pcdatavalue";
          "runtime.printCgoTraceback" -> "runtime.callCgoSymbolizer";
          "runtime.printCgoTraceback" -> "runtime.printOneCgoTraceback";
          "runtime.printDebugLog" -> "runtime.printDebugLogImpl";
          "runtime.printDebugLogImpl" -> "(*runtime.debugLogReader).header";
          "runtime.printDebugLogImpl" -> "(*runtime.debugLogReader).peek";
          "runtime.printDebugLogImpl" -> "(*runtime.debugLogReader).peek";
          "runtime.printDebugLogImpl" -> "(*runtime.debugLogReader).printVal";
          "runtime.printDebugLogImpl" -> "internal/runtime/atomic.Loaduintptr";
          "runtime.printDebugLogImpl" -> "runtime.itoaDiv";
          "runtime.printDebugLogImpl" -> "runtime.noescape";
          "runtime.printDebugLogImpl" -> "runtime.printlock";
          "runtime.printDebugLogImpl" -> "runtime.printunlock";
          "runtime.printDebugLogImpl" -> "runtime.printunlock";
          "runtime.printDebugLogImpl" -> "runtime.printunlock";
          "runtime.printDebugLogImpl" -> "runtime.slicebytetostringtmp";
          "runtime.printDebugLogImpl" -> "runtime.sysAllocOS";
          "runtime.printDebugLogPC" -> "(runtime.funcInfo).entry";
          "runtime.printDebugLogPC" -> "(runtime.funcInfo).entry";
          "runtime.printDebugLogPC" -> "(runtime.funcInfo).valid";
          "runtime.printDebugLogPC" -> "(runtime.funcInfo).valid";
          "runtime.printDebugLogPC" -> "runtime.findfunc";
          "runtime.printDebugLogPC" -> "runtime.funcline";
          "runtime.printDebugLogPC" -> "runtime.funcname";
          "runtime.printFuncName" -> "runtime.funcNamePiecesForPrint";
          "runtime.printOneCgoTraceback" -> "runtime.callCgoSymbolizer";
          "runtime.printOneCgoTraceback" -> "runtime.gostringnocopy";
          "runtime.printOneCgoTraceback" -> "runtime.gostringnocopy";
          "runtime.printScavTrace" -> "(*runtime.sysMemStat).load";
          "runtime.printScavTrace" -> "(*runtime.sysMemStat).load";
          "runtime.printScavTrace" -> "runtime.assertLockHeld";
          "runtime.printScavTrace" -> "runtime.heapRetained";
          "runtime.printScavTrace" -> "runtime.printlock";
          "runtime.printScavTrace" -> "runtime.printunlock";
          "runtime.printcreatedby" -> "(runtime.funcInfo).srcFunc";
          "runtime.printcreatedby" -> "(runtime.funcInfo).valid";
          "runtime.printcreatedby" -> "runtime.findfunc";
          "runtime.printcreatedby" -> "runtime.printcreatedby1";
          "runtime.printcreatedby" -> "runtime.showframe";
          "runtime.printcreatedby1" -> "(runtime.funcInfo).entry";
          "runtime.printcreatedby1" -> "(runtime.funcInfo).entry";
          "runtime.printcreatedby1" -> "(runtime.funcInfo).entry";
          "runtime.printcreatedby1" -> "runtime.funcline";
          "runtime.printcreatedby1" -> "runtime.funcname";
          "runtime.printcreatedby1" -> "runtime.printFuncName";
          "runtime.printindented" -> "internal/bytealg.IndexByteString";
          "runtime.printlock" -> "runtime.getg";
          "runtime.printlock" -> "runtime.lock";
          "runtime.printunlock" -> "runtime.getg";
          "runtime.printunlock" -> "runtime.unlock";
          "runtime.processWakeupEvent" -> "runtime.wakeNetpoll";
          "runtime.procresize" -> "(*runtime.gcCPULimiterState).resetCapacity";
          "runtime.procresize" -> "(*runtime.mcache).prepareForSweep";
          "runtime.procresize" -> "(*runtime.muintptr).set";
          "runtime.procresize" -> "(*runtime.p).destroy";
          "runtime.procresize" -> "(*runtime.p).init";
          "runtime.procresize" -> "(*runtime.puintptr).set";
          "runtime.procresize" -> "(*runtime.randomOrder).reset";
          "runtime.procresize" -> "(runtime.puintptr).ptr";
          "runtime.procresize" -> "(runtime.puintptr).ptr";
          "runtime.procresize" -> "(runtime.puintptr).ptr";
          "runtime.procresize" -> "(runtime.puintptr).ptr";
          "runtime.procresize" -> "(runtime.puintptr).ptr";
          "runtime.procresize" -> "(runtime.puintptr).ptr";
          "runtime.procresize" -> "(runtime.traceLocker).GoSched";
          "runtime.procresize" -> "(runtime.traceLocker).GoStart";
          "runtime.procresize" -> "(runtime.traceLocker).Gomaxprocs";
          "runtime.procresize" -> "(runtime.traceLocker).ProcStop";
          "runtime.procresize" -> "(runtime.traceLocker).ok";
          "runtime.procresize" -> "(runtime.traceLocker).ok";
          "runtime.procresize" -> "(runtime.traceLocker).ok";
          "runtime.procresize" -> "internal/runtime/atomic.Store";
          "runtime.procresize" -> "runtime.acquirep";
          "runtime.procresize" -> "runtime.assertLockHeld";
          "runtime.procresize" -> "runtime.assertWorldStopped";
          "runtime.procresize" -> "runtime.atomicstorep";
          "runtime.procresize" -> "runtime.getg";
          "runtime.procresize" -> "runtime.lock";
          "runtime.procresize" -> "runtime.lock";
          "runtime.procresize" -> "runtime.mget";
          "runtime.procresize" -> "runtime.nanotime";
          "runtime.procresize" -> "runtime.pidleput";
          "runtime.procresize" -> "runtime.runqempty";
          "runtime.procresize" -> "runtime.throw";
          "runtime.procresize" -> "runtime.traceAcquire";
          "runtime.procresize" -> "runtime.traceAcquire";
          "runtime.procresize" -> "runtime.traceAcquire";
          "runtime.procresize" -> "runtime.traceRelease";
          "runtime.procresize" -> "runtime.traceRelease";
          "runtime.procresize" -> "runtime.traceRelease";
          "runtime.procresize" -> "runtime.unlock";
          "runtime.procresize" -> "runtime.unlock";
          "runtime.profilealloc" -> "runtime.getMCache";
          "runtime.profilealloc" -> "runtime.mProf_Malloc";
          "runtime.profilealloc" -> "runtime.nextSample";
          "runtime.profilealloc" -> "runtime.throw";
          "runtime.pthread_attr_getstacksize" -> "internal/abi.FuncPCABI0";
          "runtime.pthread_attr_getstacksize" -> "runtime.KeepAlive";
          "runtime.pthread_attr_getstacksize" -> "runtime.KeepAlive";
          "runtime.pthread_attr_getstacksize" -> "runtime.libcCall";
          "runtime.pthread_attr_init" -> "internal/abi.FuncPCABI0";
          "runtime.pthread_attr_init" -> "runtime.KeepAlive";
          "runtime.pthread_attr_init" -> "runtime.libcCall";
          "runtime.pthread_attr_setdetachstate" -> "internal/abi.FuncPCABI0";
          "runtime.pthread_attr_setdetachstate" -> "runtime.KeepAlive";
          "runtime.pthread_attr_setdetachstate" -> "runtime.libcCall";
          "runtime.pthread_cond_init" -> "internal/abi.FuncPCABI0";
          "runtime.pthread_cond_init" -> "runtime.KeepAlive";
          "runtime.pthread_cond_init" -> "runtime.KeepAlive";
          "runtime.pthread_cond_init" -> "runtime.libcCall";
          "runtime.pthread_cond_signal" -> "internal/abi.FuncPCABI0";
          "runtime.pthread_cond_signal" -> "runtime.KeepAlive";
          "runtime.pthread_cond_signal" -> "runtime.libcCall";
          "runtime.pthread_cond_timedwait_relative_np" -> "internal/abi.FuncPCABI0";
          "runtime.pthread_cond_timedwait_relative_np" -> "runtime.KeepAlive";
          "runtime.pthread_cond_timedwait_relative_np" -> "runtime.KeepAlive";
          "runtime.pthread_cond_timedwait_relative_np" -> "runtime.KeepAlive";
          "runtime.pthread_cond_timedwait_relative_np" -> "runtime.libcCall";
          "runtime.pthread_cond_wait" -> "internal/abi.FuncPCABI0";
          "runtime.pthread_cond_wait" -> "runtime.KeepAlive";
          "runtime.pthread_cond_wait" -> "runtime.KeepAlive";
          "runtime.pthread_cond_wait" -> "runtime.libcCall";
          "runtime.pthread_create" -> "internal/abi.FuncPCABI0";
          "runtime.pthread_create" -> "runtime.KeepAlive";
          "runtime.pthread_create" -> "runtime.KeepAlive";
          "runtime.pthread_create" -> "runtime.libcCall";
          "runtime.pthread_kill" -> "internal/abi.FuncPCABI0";
          "runtime.pthread_kill" -> "runtime.libcCall";
          "runtime.pthread_mutex_init" -> "internal/abi.FuncPCABI0";
          "runtime.pthread_mutex_init" -> "runtime.KeepAlive";
          "runtime.pthread_mutex_init" -> "runtime.KeepAlive";
          "runtime.pthread_mutex_init" -> "runtime.libcCall";
          "runtime.pthread_mutex_lock" -> "internal/abi.FuncPCABI0";
          "runtime.pthread_mutex_lock" -> "runtime.KeepAlive";
          "runtime.pthread_mutex_lock" -> "runtime.libcCall";
          "runtime.pthread_mutex_unlock" -> "internal/abi.FuncPCABI0";
          "runtime.pthread_mutex_unlock" -> "runtime.KeepAlive";
          "runtime.pthread_mutex_unlock" -> "runtime.libcCall";
          "runtime.putempty" -> "(*runtime.lfstack).push";
          "runtime.putempty" -> "(*runtime.workbuf).checkempty";
          "runtime.putfull" -> "(*runtime.lfstack).push";
          "runtime.putfull" -> "(*runtime.workbuf).checknonempty";
          "runtime.queuefinalizer" -> "(*internal/runtime/atomic.Uint32).Or";
          "runtime.queuefinalizer" -> "internal/runtime/atomic.Xadd";
          "runtime.queuefinalizer" -> "runtime.lock";
          "runtime.queuefinalizer" -> "runtime.persistentalloc";
          "runtime.queuefinalizer" -> "runtime.throw";
          "runtime.queuefinalizer" -> "runtime.throw";
          "runtime.queuefinalizer" -> "runtime.unlock";
          "runtime.raceacquire" -> "runtime.throw";
          "runtime.raceacquirectx" -> "runtime.throw";
          "runtime.racectxend" -> "runtime.throw";
          "runtime.racefingo" -> "runtime.throw";
          "runtime.racefree" -> "runtime.throw";
          "runtime.racegostart" -> "runtime.throw";
          "runtime.racemalloc" -> "runtime.throw";
          "runtime.racemapshadow" -> "runtime.throw";
          "runtime.raceproccreate" -> "runtime.throw";
          "runtime.raceprocdestroy" -> "runtime.throw";
          "runtime.racereadrangepc" -> "runtime.throw";
          "runtime.racerelease" -> "runtime.throw";
          "runtime.racereleasemerge" -> "runtime.throw";
          "runtime.racereleasemergeg" -> "runtime.throw";
          "runtime.raise" -> "internal/abi.FuncPCABI0";
          "runtime.raise" -> "runtime.libcCall";
          "runtime.raiseproc" -> "internal/abi.FuncPCABI0";
          "runtime.raiseproc" -> "runtime.libcCall";
          "runtime.rand" -> "(*internal/chacha8rand.State).Next";
          "runtime.rand" -> "(*internal/chacha8rand.State).Refill";
          "runtime.rand" -> "runtime.getg";
          "runtime.randn" -> "runtime.rand";
          "runtime.rawstring" -> "runtime.mallocgc";
          "runtime.readUintptr" -> "internal/runtime/sys.Bswap32";
          "runtime.readUintptr" -> "internal/runtime/sys.Bswap64";
          "runtime.readgstatus" -> "(*internal/runtime/atomic.Uint32).Load";
          "runtime.ready" -> "(runtime.puintptr).ptr";
          "runtime.ready" -> "(runtime.traceLocker).GoUnpark";
          "runtime.ready" -> "(runtime.traceLocker).ok";
          "runtime.ready" -> "runtime.acquirem";
          "runtime.ready" -> "runtime.casgstatus";
          "runtime.ready" -> "runtime.dumpgstatus";
          "runtime.ready" -> "runtime.readgstatus";
          "runtime.ready" -> "runtime.releasem";
          "runtime.ready" -> "runtime.runqput";
          "runtime.ready" -> "runtime.throw";
          "runtime.ready" -> "runtime.traceAcquire";
          "runtime.ready" -> "runtime.traceRelease";
          "runtime.ready" -> "runtime.wakep";
          "runtime.readyWithTime" -> "runtime.cputicks";
          "runtime.readyWithTime" -> "runtime.goready";
          "runtime.recordForPanic" -> "(*internal/runtime/atomic.Uint32).Load";
          "runtime.recordForPanic" -> "runtime.printlock";
          "runtime.recordForPanic" -> "runtime.printunlock";
          "runtime.reentersyscall" -> "(*internal/runtime/atomic.Bool).Load";
          "runtime.reentersyscall" -> "(*internal/runtime/atomic.Bool).Load";
          "runtime.reentersyscall" -> "(*runtime.puintptr).set";
          "runtime.reentersyscall" -> "(runtime.puintptr).ptr";
          "runtime.reentersyscall" -> "(runtime.puintptr).ptr";
          "runtime.reentersyscall" -> "(runtime.puintptr).ptr";
          "runtime.reentersyscall" -> "(runtime.traceLocker).ok";
          "runtime.reentersyscall" -> "internal/runtime/atomic.Store";
          "runtime.reentersyscall" -> "runtime.casgstatus";
          "runtime.reentersyscall" -> "runtime.getg";
          "runtime.reentersyscall" -> "runtime.save";
          "runtime.reentersyscall" -> "runtime.save";
          "runtime.reentersyscall" -> "runtime.save";
          "runtime.reentersyscall" -> "runtime.save";
          "runtime.reentersyscall" -> "runtime.save";
          "runtime.reentersyscall" -> "runtime.save";
          "runtime.reentersyscall" -> "runtime.systemstack";
          "runtime.reentersyscall" -> "runtime.systemstack";
          "runtime.reentersyscall" -> "runtime.systemstack";
          "runtime.reentersyscall" -> "runtime.systemstack";
          "runtime.reentersyscall" -> "runtime.systemstack";
          "runtime.reentersyscall" -> "runtime.systemstack";
          "runtime.reentersyscall" -> "runtime.traceAcquire";
          "runtime.reflectOffsLock" -> "runtime.lock";
          "runtime.reflectOffsLock" -> "runtime.raceacquire";
          "runtime.reflectOffsUnlock" -> "runtime.racerelease";
          "runtime.reflectOffsUnlock" -> "runtime.unlock";
          "runtime.releaseLockRankAndM" -> "runtime.getg";
          "runtime.releaseLockRankAndM" -> "runtime.releasem";
          "runtime.releaseSudog" -> "(runtime.puintptr).ptr";
          "runtime.releaseSudog" -> "runtime.acquirem";
          "runtime.releaseSudog" -> "runtime.getg";
          "runtime.releaseSudog" -> "runtime.lock";
          "runtime.releaseSudog" -> "runtime.releasem";
          "runtime.releaseSudog" -> "runtime.throw";
          "runtime.releaseSudog" -> "runtime.throw";
          "runtime.releaseSudog" -> "runtime.throw";
          "runtime.releaseSudog" -> "runtime.throw";
          "runtime.releaseSudog" -> "runtime.throw";
          "runtime.releaseSudog" -> "runtime.throw";
          "runtime.releaseSudog" -> "runtime.throw";
          "runtime.releaseSudog" -> "runtime.unlock";
          "runtime.releasem" -> "runtime.getg";
          "runtime.releasep" -> "(runtime.puintptr).ptr";
          "runtime.releasep" -> "(runtime.traceLocker).ProcStop";
          "runtime.releasep" -> "(runtime.traceLocker).ok";
          "runtime.releasep" -> "runtime.getg";
          "runtime.releasep" -> "runtime.releasepNoTrace";
          "runtime.releasep" -> "runtime.traceAcquire";
          "runtime.releasep" -> "runtime.traceRelease";
          "runtime.releasepNoTrace" -> "(runtime.muintptr).ptr";
          "runtime.releasepNoTrace" -> "(runtime.puintptr).ptr";
          "runtime.releasepNoTrace" -> "(runtime.puintptr).ptr";
          "runtime.releasepNoTrace" -> "runtime.getg";
          "runtime.releasepNoTrace" -> "runtime.throw";
          "runtime.releasepNoTrace" -> "runtime.throw";
          "runtime.removefinalizer" -> "(*runtime.fixalloc).free";
          "runtime.removefinalizer" -> "runtime.lock";
          "runtime.removefinalizer" -> "runtime.removespecial";
          "runtime.removefinalizer" -> "runtime.unlock";
          "runtime.removespecial" -> "(*runtime.mspan).base";
          "runtime.removespecial" -> "(*runtime.mspan).ensureSwept";
          "runtime.removespecial" -> "(*runtime.mspan).specialFindSplicePoint";
          "runtime.removespecial" -> "runtime.acquirem";
          "runtime.removespecial" -> "runtime.lock";
          "runtime.removespecial" -> "runtime.releasem";
          "runtime.removespecial" -> "runtime.spanHasNoSpecials";
          "runtime.removespecial" -> "runtime.spanOfHeap";
          "runtime.removespecial" -> "runtime.throw";
          "runtime.removespecial" -> "runtime.unlock";
          "runtime.resetspinning" -> "(*internal/runtime/atomic.Int32).Add";
          "runtime.resetspinning" -> "runtime.getg";
          "runtime.resetspinning" -> "runtime.throw";
          "runtime.resetspinning" -> "runtime.throw";
          "runtime.resetspinning" -> "runtime.wakep";
          "runtime.resolveNameOff" -> "runtime.reflectOffsLock";
          "runtime.resolveNameOff" -> "runtime.reflectOffsUnlock";
          "runtime.resolveNameOff" -> "runtime.throw";
          "runtime.resolveNameOff" -> "runtime.throw";
          "runtime.resolveTypeOff" -> "runtime.reflectOffsLock";
          "runtime.resolveTypeOff" -> "runtime.reflectOffsUnlock";
          "runtime.resolveTypeOff" -> "runtime.throw";
          "runtime.resolveTypeOff" -> "runtime.throw";
          "runtime.resumeG" -> "runtime.casfrom_Gscanstatus";
          "runtime.resumeG" -> "runtime.dumpgstatus";
          "runtime.resumeG" -> "runtime.readgstatus";
          "runtime.resumeG" -> "runtime.ready";
          "runtime.resumeG" -> "runtime.throw";
          "runtime.retryOnEAGAIN" -> "runtime.usleep_no_g";
          "runtime.runPerThreadSyscall" -> "runtime.throw";
          "runtime.runSafePointFn" -> "(runtime.puintptr).ptr";
          "runtime.runSafePointFn" -> "internal/runtime/atomic.Cas";
          "runtime.runSafePointFn" -> "runtime.getg";
          "runtime.runSafePointFn" -> "runtime.lock";
          "runtime.runSafePointFn" -> "runtime.notewakeup";
          "runtime.runSafePointFn" -> "runtime.unlock";
          "runtime.runfinq" -> "(*internal/runtime/atomic.Uint32).And";
          "runtime.runfinq" -> "(*internal/runtime/atomic.Uint32).And";
          "runtime.runfinq" -> "(*internal/runtime/atomic.Uint32).Or";
          "runtime.runfinq" -> "(*internal/runtime/atomic.Uint32).Or";
          "runtime.runfinq" -> "internal/poll.runtime_pollServerInit";
          "runtime.runfinq" -> "internal/runtime/atomic.Store";
          "runtime.runfinq" -> "internal/runtime/atomic.Store";
          "runtime.runfinq" -> "reflect.embeddedIfaceMethStub";
          "runtime.runfinq" -> "reflect.makeFuncStub";
          "runtime.runfinq" -> "reflect.methodValueCall";
          "runtime.runfinq" -> "runtime._ExternalCode";
          "runtime.runfinq" -> "runtime._GC";
          "runtime.runfinq" -> "runtime._LostContendedRuntimeLock";
          "runtime.runfinq" -> "runtime._LostExternalCode";
          "runtime.runfinq" -> "runtime._LostSIGPROFDuringAtomic64";
          "runtime.runfinq" -> "runtime._System";
          "runtime.runfinq" -> "runtime._VDSO";
          "runtime.runfinq" -> "runtime.assertE2I";
          "runtime.runfinq" -> "runtime.asyncPreempt";
          "runtime.runfinq" -> "runtime.cgoSigtramp";
          "runtime.runfinq" -> "runtime.entersyscall_gcwait";
          "runtime.runfinq" -> "runtime.entersyscall_sysmon";
          "runtime.runfinq" -> "runtime.exit_trampoline";
          "runtime.runfinq" -> "runtime.fcntl_trampoline";
          "runtime.runfinq" -> "runtime.freeStackSpans";
          "runtime.runfinq" -> "runtime.gcControllerCommit";
          "runtime.runfinq" -> "runtime.gcResetMarkState";
          "runtime.runfinq" -> "runtime.getg";
          "runtime.runfinq" -> "runtime.gopark";
          "runtime.runfinq" -> "runtime.kevent_trampoline";
          "runtime.runfinq" -> "runtime.kqueue_trampoline";
          "runtime.runfinq" -> "runtime.lock";
          "runtime.runfinq" -> "runtime.lock";
          "runtime.runfinq" -> "runtime.lock";
          "runtime.runfinq" -> "runtime.madvise_trampoline";
          "runtime.runfinq" -> "runtime.mallocgc";
          "runtime.runfinq" -> "runtime.markrootFreeGStacks";
          "runtime.runfinq" -> "runtime.mlock_trampoline";
          "runtime.runfinq" -> "runtime.mmap_trampoline";
          "runtime.runfinq" -> "runtime.mspinning";
          "runtime.runfinq" -> "runtime.mstart";
          "runtime.runfinq" -> "runtime.mstart_stub";
          "runtime.runfinq" -> "runtime.munmap_trampoline";
          "runtime.runfinq" -> "runtime.nanotime_trampoline";
          "runtime.runfinq" -> "runtime.osyield";
          "runtime.runfinq" -> "runtime.pthread_attr_getstacksize_trampoline";
          "runtime.runfinq" -> "runtime.pthread_attr_init_trampoline";
          "runtime.runfinq" -> "runtime.pthread_attr_setdetachstate_trampoline";
          "runtime.runfinq" -> "runtime.pthread_cond_init_trampoline";
          "runtime.runfinq" -> "runtime.pthread_cond_signal_trampoline";
          "runtime.runfinq" -> "runtime.pthread_cond_timedwait_relative_np_trampoline";
          "runtime.runfinq" -> "runtime.pthread_cond_wait_trampoline";
          "runtime.runfinq" -> "runtime.pthread_create_trampoline";
          "runtime.runfinq" -> "runtime.pthread_kill_trampoline";
          "runtime.runfinq" -> "runtime.pthread_mutex_init_trampoline";
          "runtime.runfinq" -> "runtime.pthread_mutex_lock_trampoline";
          "runtime.runfinq" -> "runtime.pthread_mutex_unlock_trampoline";
          "runtime.runfinq" -> "runtime.racefingo";
          "runtime.runfinq" -> "runtime.raise_trampoline";
          "runtime.runfinq" -> "runtime.raiseproc_trampoline";
          "runtime.runfinq" -> "runtime.reflectcall";
          "runtime.runfinq" -> "runtime.runSafePointFn";
          "runtime.runfinq" -> "runtime.sigaction_trampoline";
          "runtime.runfinq" -> "runtime.sigpanic";
          "runtime.runfinq" -> "runtime.sigprocmask_trampoline";
          "runtime.runfinq" -> "runtime.sigtramp";
          "runtime.runfinq" -> "runtime.throw";
          "runtime.runfinq" -> "runtime.throw";
          "runtime.runfinq" -> "runtime.unlock";
          "runtime.runfinq" -> "runtime.unlock";
          "runtime.runfinq" -> "runtime.unlock";
          "runtime.runfinq" -> "runtime.unreachableMethod";
          "runtime.runfinq" -> "runtime.usleep_trampoline";
          "runtime.runfinq" -> "runtime.walltime_trampoline";
          "runtime.runfinq" -> "runtime.write_trampoline";
          "runtime.runfinq" -> "syscall.copyenv";
          "runtime.runfinq" -> "syscall.libc_close_trampoline";
          "runtime.runfinq" -> "syscall.libc_closedir_trampoline";
          "runtime.runfinq" -> "syscall.libc_dup_trampoline";
          "runtime.runfinq" -> "syscall.libc_fchdir_trampoline";
          "runtime.runfinq" -> "syscall.libc_fchmod_trampoline";
          "runtime.runfinq" -> "syscall.libc_fchown_trampoline";
          "runtime.runfinq" -> "syscall.libc_fcntl_trampoline";
          "runtime.runfinq" -> "syscall.libc_fdopendir_trampoline";
          "runtime.runfinq" -> "syscall.libc_fstat_trampoline";
          "runtime.runfinq" -> "syscall.libc_fsync_trampoline";
          "runtime.runfinq" -> "syscall.libc_ftruncate_trampoline";
          "runtime.runfinq" -> "syscall.libc_getsockopt_trampoline";
          "runtime.runfinq" -> "syscall.libc_lseek_trampoline";
          "runtime.runfinq" -> "syscall.libc_open_trampoline";
          "runtime.runfinq" -> "syscall.libc_openat_trampoline";
          "runtime.runfinq" -> "syscall.libc_pread_trampoline";
          "runtime.runfinq" -> "syscall.libc_pwrite_trampoline";
          "runtime.runfinq" -> "syscall.libc_read_trampoline";
          "runtime.runfinq" -> "syscall.libc_readdir_r_trampoline";
          "runtime.runfinq" -> "syscall.libc_recvfrom_trampoline";
          "runtime.runfinq" -> "syscall.libc_recvmsg_trampoline";
          "runtime.runfinq" -> "syscall.libc_sendmsg_trampoline";
          "runtime.runfinq" -> "syscall.libc_sendto_trampoline";
          "runtime.runfinq" -> "syscall.libc_setsockopt_trampoline";
          "runtime.runfinq" -> "syscall.libc_shutdown_trampoline";
          "runtime.runfinq" -> "syscall.libc_write_trampoline";
          "runtime.runfinq" -> "time.initLocal";
          "runtime.runqdrain" -> "(*runtime.gQueue).pushBack";
          "runtime.runqdrain" -> "(*runtime.gQueue).pushBack";
          "runtime.runqdrain" -> "(*runtime.guintptr).cas";
          "runtime.runqdrain" -> "(runtime.guintptr).ptr";
          "runtime.runqdrain" -> "(runtime.guintptr).ptr";
          "runtime.runqdrain" -> "internal/runtime/atomic.CasRel";
          "runtime.runqdrain" -> "internal/runtime/atomic.LoadAcq";
          "runtime.runqempty" -> "internal/runtime/atomic.Load";
          "runtime.runqempty" -> "internal/runtime/atomic.Load";
          "runtime.runqempty" -> "internal/runtime/atomic.Load";
          "runtime.runqempty" -> "internal/runtime/atomic.Loaduintptr";
          "runtime.runqget" -> "(*runtime.guintptr).cas";
          "runtime.runqget" -> "(runtime.guintptr).ptr";
          "runtime.runqget" -> "(runtime.guintptr).ptr";
          "runtime.runqget" -> "internal/runtime/atomic.CasRel";
          "runtime.runqget" -> "internal/runtime/atomic.LoadAcq";
          "runtime.runqgrab" -> "(*runtime.guintptr).cas";
          "runtime.runqgrab" -> "internal/runtime/atomic.CasRel";
          "runtime.runqgrab" -> "internal/runtime/atomic.LoadAcq";
          "runtime.runqgrab" -> "internal/runtime/atomic.LoadAcq";
          "runtime.runqgrab" -> "runtime.osyield";
          "runtime.runqgrab" -> "runtime.usleep";
          "runtime.runqput" -> "(*runtime.guintptr).cas";
          "runtime.runqput" -> "(*runtime.guintptr).set";
          "runtime.runqput" -> "(runtime.guintptr).ptr";
          "runtime.runqput" -> "internal/runtime/atomic.LoadAcq";
          "runtime.runqput" -> "internal/runtime/atomic.StoreRel";
          "runtime.runqput" -> "runtime.randn";
          "runtime.runqput" -> "runtime.runqputslow";
          "runtime.runqputbatch" -> "(*runtime.gQueue).empty";
          "runtime.runqputbatch" -> "(*runtime.gQueue).empty";
          "runtime.runqputbatch" -> "(*runtime.gQueue).pop";
          "runtime.runqputbatch" -> "(*runtime.guintptr).set";
          "runtime.runqputbatch" -> "internal/runtime/atomic.LoadAcq";
          "runtime.runqputbatch" -> "internal/runtime/atomic.StoreRel";
          "runtime.runqputbatch" -> "runtime.cheaprandn";
          "runtime.runqputbatch" -> "runtime.globrunqputbatch";
          "runtime.runqputbatch" -> "runtime.lock";
          "runtime.runqputbatch" -> "runtime.unlock";
          "runtime.runqputslow" -> "(*runtime.guintptr).set";
          "runtime.runqputslow" -> "(*runtime.guintptr).set";
          "runtime.runqputslow" -> "(*runtime.guintptr).set";
          "runtime.runqputslow" -> "(runtime.guintptr).ptr";
          "runtime.runqputslow" -> "internal/runtime/atomic.CasRel";
          "runtime.runqputslow" -> "runtime.cheaprandn";
          "runtime.runqputslow" -> "runtime.globrunqputbatch";
          "runtime.runqputslow" -> "runtime.lock";
          "runtime.runqputslow" -> "runtime.throw";
          "runtime.runqputslow" -> "runtime.unlock";
          "runtime.runqsteal" -> "(runtime.guintptr).ptr";
          "runtime.runqsteal" -> "internal/runtime/atomic.LoadAcq";
          "runtime.runqsteal" -> "internal/runtime/atomic.StoreRel";
          "runtime.runqsteal" -> "runtime.runqgrab";
          "runtime.runqsteal" -> "runtime.throw";
          "runtime.save" -> "runtime.badctxt";
          "runtime.save" -> "runtime.getg";
          "runtime.save" -> "runtime.throw";
          "runtime.saveBlockEventStack" -> "(*runtime.bucket).bp";
          "runtime.saveBlockEventStack" -> "runtime.lock";
          "runtime.saveBlockEventStack" -> "runtime.stkbucket";
          "runtime.saveBlockEventStack" -> "runtime.unlock";
          "runtime.saveblockevent" -> "(*runtime.m).hasCgoOnStack";
          "runtime.saveblockevent" -> "runtime.acquirem";
          "runtime.saveblockevent" -> "runtime.callers";
          "runtime.saveblockevent" -> "runtime.fpTracebackPartialExpand";
          "runtime.saveblockevent" -> "runtime.fpTracebackPartialExpand";
          "runtime.saveblockevent" -> "runtime.gcallers";
          "runtime.saveblockevent" -> "runtime.getfp";
          "runtime.saveblockevent" -> "runtime.getg";
          "runtime.saveblockevent" -> "runtime.releasem";
          "runtime.saveblockevent" -> "runtime.saveBlockEventStack";
          "runtime.saveblockevent" -> "runtime.throw";
          "runtime.saveblockevent" -> "runtime.tracefpunwindoff";
          "runtime.saveg" -> "(*runtime.unwinder).initAt";
          "runtime.saveg" -> "runtime.makeProfStack";
          "runtime.saveg" -> "runtime.tracebackPCs";
          "runtime.scanConservative" -> "(*runtime.mspan).base";
          "runtime.scanConservative" -> "(*runtime.mspan).isFree";
          "runtime.scanConservative" -> "(*runtime.mspan).objIndex";
          "runtime.scanConservative" -> "(*runtime.stackScanState).putPtr";
          "runtime.scanConservative" -> "runtime.addb";
          "runtime.scanConservative" -> "runtime.greyobject";
          "runtime.scanConservative" -> "runtime.hexdumpWords";
          "runtime.scanConservative" -> "runtime.printlock";
          "runtime.scanConservative" -> "runtime.printunlock";
          "runtime.scanConservative" -> "runtime.spanOfHeap";
          "runtime.scanConservative" -> "runtime.throw";
          "runtime.scanblock" -> "(*runtime.stackScanState).putPtr";
          "runtime.scanblock" -> "runtime.addb";
          "runtime.scanblock" -> "runtime.findObject";
          "runtime.scanblock" -> "runtime.greyobject";
          "runtime.scanframeworker" -> "(*runtime.stackScanState).addObject";
          "runtime.scanframeworker" -> "(*runtime.stkframe).argBytes";
          "runtime.scanframeworker" -> "(*runtime.stkframe).getStackMap";
          "runtime.scanframeworker" -> "(runtime.funcInfo).valid";
          "runtime.scanframeworker" -> "(runtime.funcInfo).valid";
          "runtime.scanframeworker" -> "runtime.funcname";
          "runtime.scanframeworker" -> "runtime.funcname";
          "runtime.scanframeworker" -> "runtime.scanConservative";
          "runtime.scanframeworker" -> "runtime.scanConservative";
          "runtime.scanframeworker" -> "runtime.scanblock";
          "runtime.scanframeworker" -> "runtime.scanblock";
          "runtime.scanobject" -> "(*runtime.gcWork).put";
          "runtime.scanobject" -> "(*runtime.gcWork).putFast";
          "runtime.scanobject" -> "(*runtime.mspan).base";
          "runtime.scanobject" -> "(*runtime.mspan).base";
          "runtime.scanobject" -> "(*runtime.mspan).base";
          "runtime.scanobject" -> "(*runtime.mspan).base";
          "runtime.scanobject" -> "(*runtime.mspan).typePointersOfUnchecked";
          "runtime.scanobject" -> "(*runtime.mspan).typePointersOfUnchecked";
          "runtime.scanobject" -> "(runtime.spanClass).noscan";
          "runtime.scanobject" -> "(runtime.typePointers).fastForward";
          "runtime.scanobject" -> "(runtime.typePointers).next";
          "runtime.scanobject" -> "(runtime.typePointers).nextFast";
          "runtime.scanobject" -> "internal/runtime/sys.Prefetch";
          "runtime.scanobject" -> "runtime.findObject";
          "runtime.scanobject" -> "runtime.greyobject";
          "runtime.scanobject" -> "runtime.spanOfUnchecked";
          "runtime.scanobject" -> "runtime.throw";
          "runtime.scanobject" -> "runtime.throw";
          "runtime.scanstack" -> "(*runtime.stackObject).setRecord";
          "runtime.scanstack" -> "(*runtime.stackObjectRecord).gcdata";
          "runtime.scanstack" -> "(*runtime.stackScanState).buildIndex";
          "runtime.scanstack" -> "(*runtime.stackScanState).findObject";
          "runtime.scanstack" -> "(*runtime.stackScanState).getPtr";
          "runtime.scanstack" -> "(*runtime.stackScanState).putPtr";
          "runtime.scanstack" -> "(*runtime.unwinder).init";
          "runtime.scanstack" -> "(*runtime.unwinder).next";
          "runtime.scanstack" -> "(*runtime.unwinder).valid";
          "runtime.scanstack" -> "(runtime.puintptr).ptr";
          "runtime.scanstack" -> "runtime.getg";
          "runtime.scanstack" -> "runtime.getg";
          "runtime.scanstack" -> "runtime.isShrinkStackSafe";
          "runtime.scanstack" -> "runtime.printlock";
          "runtime.scanstack" -> "runtime.printunlock";
          "runtime.scanstack" -> "runtime.putempty";
          "runtime.scanstack" -> "runtime.readgstatus";
          "runtime.scanstack" -> "runtime.readgstatus";
          "runtime.scanstack" -> "runtime.readgstatus";
          "runtime.scanstack" -> "runtime.readgstatus";
          "runtime.scanstack" -> "runtime.readgstatus";
          "runtime.scanstack" -> "runtime.scanConservative";
          "runtime.scanstack" -> "runtime.scanblock";
          "runtime.scanstack" -> "runtime.scanblock";
          "runtime.scanstack" -> "runtime.scanblock";
          "runtime.scanstack" -> "runtime.scanblock";
          "runtime.scanstack" -> "runtime.scanblock";
          "runtime.scanstack" -> "runtime.scanframeworker";
          "runtime.scanstack" -> "runtime.shrinkstack";
          "runtime.scanstack" -> "runtime.throw";
          "runtime.scanstack" -> "runtime.throw";
          "runtime.scanstack" -> "runtime.throw";
          "runtime.scanstack" -> "runtime.throw";
          "runtime.scanstack" -> "runtime.throw";
          "runtime.schedEnableUser" -> "(*internal/runtime/atomic.Int32).Load";
          "runtime.schedEnableUser" -> "runtime.globrunqputbatch";
          "runtime.schedEnableUser" -> "runtime.lock";
          "runtime.schedEnableUser" -> "runtime.startm";
          "runtime.schedEnableUser" -> "runtime.unlock";
          "runtime.schedEnableUser" -> "runtime.unlock";
          "runtime.schedEnableUser" -> "runtime.unlock";
          "runtime.schedEnabled" -> "runtime.assertLockHeld";
          "runtime.schedEnabled" -> "runtime.isSystemGoroutine";
          "runtime.schedtrace" -> "(*internal/runtime/atomic.Bool).Load";
          "runtime.schedtrace" -> "(*internal/runtime/atomic.Bool).Load";
          "runtime.schedtrace" -> "(*internal/runtime/atomic.Int32).Load";
          "runtime.schedtrace" -> "(*internal/runtime/atomic.Int32).Load";
          "runtime.schedtrace" -> "(*internal/runtime/atomic.Uint32).Load";
          "runtime.schedtrace" -> "(runtime.guintptr).ptr";
          "runtime.schedtrace" -> "(runtime.muintptr).ptr";
          "runtime.schedtrace" -> "(runtime.puintptr).ptr";
          "runtime.schedtrace" -> "internal/runtime/atomic.Load";
          "runtime.schedtrace" -> "internal/runtime/atomic.Load";
          "runtime.schedtrace" -> "runtime.forEachG";
          "runtime.schedtrace" -> "runtime.lock";
          "runtime.schedtrace" -> "runtime.mcount";
          "runtime.schedtrace" -> "runtime.nanotime";
          "runtime.schedtrace" -> "runtime.unlock";
          "runtime.schedtrace" -> "runtime.unlock";
          "runtime.schedule" -> "(*internal/runtime/atomic.Bool).Load";
          "runtime.schedule" -> "(*runtime.gQueue).pushBack";
          "runtime.schedule" -> "(*runtime.m).clearAllpSnapshot";
          "runtime.schedule" -> "(runtime.guintptr).ptr";
          "runtime.schedule" -> "(runtime.puintptr).ptr";
          "runtime.schedule" -> "runtime.execute";
          "runtime.schedule" -> "runtime.execute";
          "runtime.schedule" -> "runtime.findRunnable";
          "runtime.schedule" -> "runtime.getg";
          "runtime.schedule" -> "runtime.lock";
          "runtime.schedule" -> "runtime.lock";
          "runtime.schedule" -> "runtime.lock";
          "runtime.schedule" -> "runtime.resetspinning";
          "runtime.schedule" -> "runtime.schedEnabled";
          "runtime.schedule" -> "runtime.schedEnabled";
          "runtime.schedule" -> "runtime.startlockedm";
          "runtime.schedule" -> "runtime.stoplockedm";
          "runtime.schedule" -> "runtime.throw";
          "runtime.schedule" -> "runtime.throw";
          "runtime.schedule" -> "runtime.throw";
          "runtime.schedule" -> "runtime.unlock";
          "runtime.schedule" -> "runtime.unlock";
          "runtime.schedule" -> "runtime.wakep";
          "runtime.semacquire" -> "runtime.semacquire1";
          "runtime.semacquire1" -> "(*internal/runtime/atomic.Uint32).Add";
          "runtime.semacquire1" -> "(*internal/runtime/atomic.Uint32).Add";
          "runtime.semacquire1" -> "(*runtime.semTable).rootFor";
          "runtime.semacquire1" -> "(*runtime.semaRoot).queue";
          "runtime.semacquire1" -> "runtime.acquireSudog";
          "runtime.semacquire1" -> "runtime.blockevent";
          "runtime.semacquire1" -> "runtime.cansemacquire";
          "runtime.semacquire1" -> "runtime.cansemacquire";
          "runtime.semacquire1" -> "runtime.cansemacquire";
          "runtime.semacquire1" -> "runtime.cputicks";
          "runtime.semacquire1" -> "runtime.cputicks";
          "runtime.semacquire1" -> "runtime.getg";
          "runtime.semacquire1" -> "runtime.goparkunlock";
          "runtime.semacquire1" -> "runtime.lockWithRank";
          "runtime.semacquire1" -> "runtime.releaseSudog";
          "runtime.semacquire1" -> "runtime.throw";
          "runtime.semacquire1" -> "runtime.unlock";
          "runtime.semacreate" -> "runtime.pthread_cond_init";
          "runtime.semacreate" -> "runtime.pthread_mutex_init";
          "runtime.semacreate" -> "runtime.throw";
          "runtime.semacreate" -> "runtime.throw";
          "runtime.semasleep" -> "(*runtime.timespec).setNsec";
          "runtime.semasleep" -> "runtime.getg";
          "runtime.semasleep" -> "runtime.nanotime";
          "runtime.semasleep" -> "runtime.nanotime";
          "runtime.semasleep" -> "runtime.pthread_cond_timedwait_relative_np";
          "runtime.semasleep" -> "runtime.pthread_cond_wait";
          "runtime.semasleep" -> "runtime.pthread_mutex_lock";
          "runtime.semasleep" -> "runtime.pthread_mutex_unlock";
          "runtime.semasleep" -> "runtime.pthread_mutex_unlock";
          "runtime.semasleep" -> "runtime.pthread_mutex_unlock";
          "runtime.semasleep" -> "runtime.throw";
          "runtime.semawakeup" -> "runtime.getg";
          "runtime.semawakeup" -> "runtime.pthread_cond_signal";
          "runtime.semawakeup" -> "runtime.pthread_mutex_lock";
          "runtime.semawakeup" -> "runtime.pthread_mutex_unlock";
          "runtime.semawakeup" -> "runtime.throw";
          "runtime.semrelease" -> "runtime.semrelease1";
          "runtime.semrelease1" -> "(*internal/runtime/atomic.Uint32).Add";
          "runtime.semrelease1" -> "(*internal/runtime/atomic.Uint32).Load";
          "runtime.semrelease1" -> "(*internal/runtime/atomic.Uint32).Load";
          "runtime.semrelease1" -> "(*runtime.semTable).rootFor";
          "runtime.semrelease1" -> "(*runtime.semaRoot).dequeue";
          "runtime.semrelease1" -> "internal/runtime/atomic.Xadd";
          "runtime.semrelease1" -> "runtime.cansemacquire";
          "runtime.semrelease1" -> "runtime.getg";
          "runtime.semrelease1" -> "runtime.goyield";
          "runtime.semrelease1" -> "runtime.lockWithRank";
          "runtime.semrelease1" -> "runtime.mutexevent";
          "runtime.semrelease1" -> "runtime.readyWithTime";
          "runtime.semrelease1" -> "runtime.throw";
          "runtime.semrelease1" -> "runtime.unlock";
          "runtime.semrelease1" -> "runtime.unlock";
          "runtime.setCheckmark" -> "(runtime.arenaIdx).l1";
          "runtime.setCheckmark" -> "(runtime.arenaIdx).l2";
          "runtime.setCheckmark" -> "(runtime.markBits).isMarked";
          "runtime.setCheckmark" -> "internal/runtime/atomic.Load8";
          "runtime.setCheckmark" -> "internal/runtime/atomic.Or8";
          "runtime.setCheckmark" -> "runtime.arenaIndex";
          "runtime.setCheckmark" -> "runtime.gcDumpObject";
          "runtime.setCheckmark" -> "runtime.gcDumpObject";
          "runtime.setCheckmark" -> "runtime.getg";
          "runtime.setCheckmark" -> "runtime.printlock";
          "runtime.setCheckmark" -> "runtime.throw";
          "runtime.setGCPhase" -> "internal/runtime/atomic.Store";
          "runtime.setGNoWB" -> "(*runtime.guintptr).set";
          "runtime.setMNoWB" -> "(*runtime.muintptr).set";
          "runtime.setThreadCPUProfiler" -> "runtime.setThreadCPUProfilerHz";
          "runtime.setThreadCPUProfilerHz" -> "runtime.getg";
          "runtime.setprofilebucket" -> "(*runtime.fixalloc).alloc";
          "runtime.setprofilebucket" -> "runtime.addspecial";
          "runtime.setprofilebucket" -> "runtime.lock";
          "runtime.setprofilebucket" -> "runtime.throw";
          "runtime.setprofilebucket" -> "runtime.unlock";
          "runtime.setsig" -> "internal/abi.FuncPCABI0";
          "runtime.setsig" -> "internal/abi.FuncPCABI0";
          "runtime.setsig" -> "internal/abi.FuncPCABIInternal";
          "runtime.setsig" -> "runtime.sigaction";
          "runtime.shade" -> "(runtime.puintptr).ptr";
          "runtime.shade" -> "runtime.findObject";
          "runtime.shade" -> "runtime.getg";
          "runtime.shade" -> "runtime.greyobject";
          "runtime.shouldPushSigpanic" -> "(runtime.funcInfo).valid";
          "runtime.shouldPushSigpanic" -> "(runtime.funcInfo).valid";
          "runtime.shouldPushSigpanic" -> "runtime.findfunc";
          "runtime.shouldPushSigpanic" -> "runtime.findfunc";
          "runtime.showframe" -> "(runtime.guintptr).ptr";
          "runtime.showframe" -> "runtime.getg";
          "runtime.showframe" -> "runtime.showfuncinfo";
          "runtime.showfuncinfo" -> "(runtime.srcFunc).name";
          "runtime.showfuncinfo" -> "internal/bytealg.IndexByteString";
          "runtime.showfuncinfo" -> "internal/stringslite.HasPrefix";
          "runtime.showfuncinfo" -> "runtime.elideWrapperCalling";
          "runtime.showfuncinfo" -> "runtime.gotraceback";
          "runtime.showfuncinfo" -> "runtime.isExportedRuntime";
          "runtime.shrinkstack" -> "(runtime.funcInfo).valid";
          "runtime.shrinkstack" -> "runtime.copystack";
          "runtime.shrinkstack" -> "runtime.findfunc";
          "runtime.shrinkstack" -> "runtime.getg";
          "runtime.shrinkstack" -> "runtime.getg";
          "runtime.shrinkstack" -> "runtime.getg";
          "runtime.shrinkstack" -> "runtime.getg";
          "runtime.shrinkstack" -> "runtime.isShrinkStackSafe";
          "runtime.shrinkstack" -> "runtime.readgstatus";
          "runtime.shrinkstack" -> "runtime.throw";
          "runtime.shrinkstack" -> "runtime.throw";
          "runtime.shrinkstack" -> "runtime.throw";
          "runtime.shrinkstack" -> "runtime.throw";
          "runtime.sigNoteWakeup" -> "runtime.write";
          "runtime.sigaction" -> "internal/abi.FuncPCABI0";
          "runtime.sigaction" -> "runtime.KeepAlive";
          "runtime.sigaction" -> "runtime.KeepAlive";
          "runtime.sigaction" -> "runtime.libcCall";
          "runtime.sighandler" -> "(*internal/runtime/atomic.Int32).Add";
          "runtime.sighandler" -> "(*internal/runtime/atomic.Int32).CompareAndSwap";
          "runtime.sighandler" -> "(*internal/runtime/atomic.Int32).Load";
          "runtime.sighandler" -> "(*internal/runtime/atomic.Int32).Load";
          "runtime.sighandler" -> "(*internal/runtime/atomic.Int32).Load";
          "runtime.sighandler" -> "(*internal/runtime/atomic.Int32).Load";
          "runtime.sighandler" -> "(*internal/runtime/atomic.Int32).Load";
          "runtime.sighandler" -> "(*internal/runtime/atomic.Int32).Load";
          "runtime.sighandler" -> "(*internal/runtime/atomic.Int32).Load";
          "runtime.sighandler" -> "(*internal/runtime/atomic.Int32).Load";
          "runtime.sighandler" -> "(*internal/runtime/atomic.Int32).Load";
          "runtime.sighandler" -> "(*internal/runtime/atomic.Uint32).Load";
          "runtime.sighandler" -> "(*internal/runtime/atomic.Uint32).Load";
          "runtime.sighandler" -> "(*runtime.guintptr).set";
          "runtime.sighandler" -> "(*runtime.sigctxt).fault";
          "runtime.sighandler" -> "(*runtime.sigctxt).preparePanic";
          "runtime.sighandler" -> "(*runtime.sigctxt).sigFromSeccomp";
          "runtime.sighandler" -> "(*runtime.sigctxt).sigFromUser";
          "runtime.sighandler" -> "(*runtime.sigctxt).sigFromUser";
          "runtime.sighandler" -> "(*runtime.sigctxt).sigFromUser";
          "runtime.sighandler" -> "(*runtime.sigctxt).sigFromUser";
          "runtime.sighandler" -> "(*runtime.sigctxt).sigcode";
          "runtime.sighandler" -> "(*runtime.sigctxt).siglr";
          "runtime.sighandler" -> "(*runtime.sigctxt).siglr";
          "runtime.sighandler" -> "(*runtime.sigctxt).sigpc";
          "runtime.sighandler" -> "(*runtime.sigctxt).sigpc";
          "runtime.sighandler" -> "(*runtime.sigctxt).sigpc";
          "runtime.sighandler" -> "(*runtime.sigctxt).sigpc";
          "runtime.sighandler" -> "(*runtime.sigctxt).sigsp";
          "runtime.sighandler" -> "(*runtime.sigctxt).sigsp";
          "runtime.sighandler" -> "internal/runtime/atomic.Load";
          "runtime.sighandler" -> "runtime.crash";
          "runtime.sighandler" -> "runtime.dieFromSignal";
          "runtime.sighandler" -> "runtime.doSigPreempt";
          "runtime.sighandler" -> "runtime.dumpregs";
          "runtime.sighandler" -> "runtime.exit";
          "runtime.sighandler" -> "runtime.fatalsignal";
          "runtime.sighandler" -> "runtime.getg";
          "runtime.sighandler" -> "runtime.goroutineheader";
          "runtime.sighandler" -> "runtime.goroutineheader";
          "runtime.sighandler" -> "runtime.gotraceback";
          "runtime.sighandler" -> "runtime.isAbortPC";
          "runtime.sighandler" -> "runtime.mcount";
          "runtime.sighandler" -> "runtime.mcount";
          "runtime.sighandler" -> "runtime.noescape";
          "runtime.sighandler" -> "runtime.printDebugLog";
          "runtime.sighandler" -> "runtime.printDebugLog";
          "runtime.sighandler" -> "runtime.raiseproc";
          "runtime.sighandler" -> "runtime.readgstatus";
          "runtime.sighandler" -> "runtime.runPerThreadSyscall";
          "runtime.sighandler" -> "runtime.signal_ignored";
          "runtime.sighandler" -> "runtime.sigprof";
          "runtime.sighandler" -> "runtime.sigsend";
          "runtime.sighandler" -> "runtime.startpanic_m";
          "runtime.sighandler" -> "runtime.traceback";
          "runtime.sighandler" -> "runtime.tracebackothers";
          "runtime.sighandler" -> "runtime.tracebacktrap";
          "runtime.sighandler" -> "runtime.usleep";
          "runtime.sighandler" -> "runtime.usleep";
          "runtime.sighandler" -> "runtime.validSIGPROF";
          "runtime.signalM" -> "runtime.pthread_kill";
          "runtime.signal_ignored" -> "internal/runtime/atomic.Load";
          "runtime.sigpanic" -> "runtime.canpanic";
          "runtime.sigpanic" -> "runtime.getg";
          "runtime.sigpanic" -> "runtime.inUserArenaChunk";
          "runtime.sigpanic" -> "runtime.panicdivide";
          "runtime.sigpanic" -> "runtime.panicfloat";
          "runtime.sigpanic" -> "runtime.panicmem";
          "runtime.sigpanic" -> "runtime.panicmem";
          "runtime.sigpanic" -> "runtime.panicmemAddr";
          "runtime.sigpanic" -> "runtime.panicmemAddr";
          "runtime.sigpanic" -> "runtime.panicoverflow";
          "runtime.sigpanic" -> "runtime.throw";
          "runtime.sigpanic" -> "runtime.throw";
          "runtime.sigpanic" -> "runtime.throw";
          "runtime.sigpanic" -> "runtime.throw";
          "runtime.sigprocmask" -> "internal/abi.FuncPCABI0";
          "runtime.sigprocmask" -> "runtime.KeepAlive";
          "runtime.sigprocmask" -> "runtime.KeepAlive";
          "runtime.sigprocmask" -> "runtime.libcCall";
          "runtime.sigprof" -> "(*internal/runtime/atomic.Int32).Load";
          "runtime.sigprof" -> "(*internal/runtime/atomic.Int32).Load";
          "runtime.sigprof" -> "(*internal/runtime/atomic.Uint32).Load";
          "runtime.sigprof" -> "(*runtime.cpuProfile).add";
          "runtime.sigprof" -> "(*runtime.unwinder).initAt";
          "runtime.sigprof" -> "(*runtime.unwinder).initAt";
          "runtime.sigprof" -> "(*runtime.unwinder).initAt";
          "runtime.sigprof" -> "(*runtime.unwinder).initAt";
          "runtime.sigprof" -> "(runtime.funcInfo).valid";
          "runtime.sigprof" -> "(runtime.guintptr).ptr";
          "runtime.sigprof" -> "(runtime.puintptr).ptr";
          "runtime.sigprof" -> "internal/abi.FuncPCABIInternal";
          "runtime.sigprof" -> "internal/abi.FuncPCABIInternal";
          "runtime.sigprof" -> "internal/abi.FuncPCABIInternal";
          "runtime.sigprof" -> "internal/abi.FuncPCABIInternal";
          "runtime.sigprof" -> "internal/stringslite.HasPrefix";
          "runtime.sigprof" -> "runtime.findfunc";
          "runtime.sigprof" -> "runtime.funcname";
          "runtime.sigprof" -> "runtime.getg";
          "runtime.sigprof" -> "runtime.getg";
          "runtime.sigprof" -> "runtime.inVDSOPage";
          "runtime.sigprof" -> "runtime.traceCPUSample";
          "runtime.sigprof" -> "runtime.tracebackPCs";
          "runtime.sigprof" -> "runtime.usesLibcall";
          "runtime.sigsend" -> "(*internal/runtime/atomic.Uint32).Add";
          "runtime.sigsend" -> "(*internal/runtime/atomic.Uint32).Add";
          "runtime.sigsend" -> "(*internal/runtime/atomic.Uint32).Add";
          "runtime.sigsend" -> "(*internal/runtime/atomic.Uint32).Add";
          "runtime.sigsend" -> "(*internal/runtime/atomic.Uint32).CompareAndSwap";
          "runtime.sigsend" -> "(*internal/runtime/atomic.Uint32).CompareAndSwap";
          "runtime.sigsend" -> "(*internal/runtime/atomic.Uint32).Load";
          "runtime.sigsend" -> "internal/runtime/atomic.Cas";
          "runtime.sigsend" -> "internal/runtime/atomic.Load";
          "runtime.sigsend" -> "runtime.notewakeup";
          "runtime.sigsend" -> "runtime.sigNoteWakeup";
          "runtime.sigsend" -> "runtime.throw";
          "runtime.slicebytetostringtmp" -> "internal/abi.FuncPCABIInternal";
          "runtime.slicebytetostringtmp" -> "internal/runtime/sys.GetCallerPC";
          "runtime.slicebytetostringtmp" -> "runtime.asanread";
          "runtime.slicebytetostringtmp" -> "runtime.msanread";
          "runtime.slicebytetostringtmp" -> "runtime.racereadrangepc";
          "runtime.spanHasNoSpecials" -> "(*runtime.mspan).base";
          "runtime.spanHasNoSpecials" -> "(*runtime.mspan).base";
          "runtime.spanHasNoSpecials" -> "(runtime.arenaIdx).l1";
          "runtime.spanHasNoSpecials" -> "(runtime.arenaIdx).l2";
          "runtime.spanHasNoSpecials" -> "internal/runtime/atomic.And8";
          "runtime.spanHasNoSpecials" -> "runtime.arenaIndex";
          "runtime.spanHasSpecials" -> "(*runtime.mspan).base";
          "runtime.spanHasSpecials" -> "(*runtime.mspan).base";
          "runtime.spanHasSpecials" -> "(runtime.arenaIdx).l1";
          "runtime.spanHasSpecials" -> "(runtime.arenaIdx).l2";
          "runtime.spanHasSpecials" -> "internal/runtime/atomic.Or8";
          "runtime.spanHasSpecials" -> "runtime.arenaIndex";
          "runtime.spanOf" -> "(runtime.arenaIdx).l1";
          "runtime.spanOf" -> "(runtime.arenaIdx).l1";
          "runtime.spanOf" -> "(runtime.arenaIdx).l2";
          "runtime.spanOf" -> "(runtime.arenaIdx).l2";
          "runtime.spanOf" -> "runtime.arenaIndex";
          "runtime.spanOfHeap" -> "(*runtime.mSpanStateBox).get";
          "runtime.spanOfHeap" -> "(*runtime.mspan).base";
          "runtime.spanOfHeap" -> "runtime.spanOf";
          "runtime.spanOfUnchecked" -> "(runtime.arenaIdx).l1";
          "runtime.spanOfUnchecked" -> "(runtime.arenaIdx).l2";
          "runtime.spanOfUnchecked" -> "runtime.arenaIndex";
          "runtime.stackalloc" -> "(*runtime.mSpanList).isEmpty";
          "runtime.stackalloc" -> "(*runtime.mSpanList).remove";
          "runtime.stackalloc" -> "(*runtime.mheap).allocManual";
          "runtime.stackalloc" -> "(*runtime.mspan).base";
          "runtime.stackalloc" -> "(runtime.gclinkptr).ptr";
          "runtime.stackalloc" -> "(runtime.gclinkptr).ptr";
          "runtime.stackalloc" -> "(runtime.puintptr).ptr";
          "runtime.stackalloc" -> "(runtime.traceLocker).GoroutineStackAlloc";
          "runtime.stackalloc" -> "(runtime.traceLocker).ok";
          "runtime.stackalloc" -> "runtime.alignUp";
          "runtime.stackalloc" -> "runtime.asanunpoison";
          "runtime.stackalloc" -> "runtime.getg";
          "runtime.stackalloc" -> "runtime.lock";
          "runtime.stackalloc" -> "runtime.lock";
          "runtime.stackalloc" -> "runtime.lockWithRankMayAcquire";
          "runtime.stackalloc" -> "runtime.msanmalloc";
          "runtime.stackalloc" -> "runtime.osStackAlloc";
          "runtime.stackalloc" -> "runtime.racemalloc";
          "runtime.stackalloc" -> "runtime.stackcacherefill";
          "runtime.stackalloc" -> "runtime.stacklog2";
          "runtime.stackalloc" -> "runtime.stackpoolalloc";
          "runtime.stackalloc" -> "runtime.sysAlloc";
          "runtime.stackalloc" -> "runtime.throw";
          "runtime.stackalloc" -> "runtime.throw";
          "runtime.stackalloc" -> "runtime.throw";
          "runtime.stackalloc" -> "runtime.throw";
          "runtime.stackalloc" -> "runtime.traceAcquire";
          "runtime.stackalloc" -> "runtime.traceAllocFreeEnabled";
          "runtime.stackalloc" -> "runtime.traceRelease";
          "runtime.stackalloc" -> "runtime.unlock";
          "runtime.stackalloc" -> "runtime.unlock";
          "runtime.stackcache_clear" -> "(runtime.gclinkptr).ptr";
          "runtime.stackcache_clear" -> "(runtime.gclinkptr).ptr";
          "runtime.stackcache_clear" -> "runtime.lock";
          "runtime.stackcache_clear" -> "runtime.stackpoolfree";
          "runtime.stackcache_clear" -> "runtime.unlock";
          "runtime.stackcacherefill" -> "(runtime.gclinkptr).ptr";
          "runtime.stackcacherefill" -> "runtime.lock";
          "runtime.stackcacherefill" -> "runtime.stackpoolalloc";
          "runtime.stackcacherefill" -> "runtime.unlock";
          "runtime.stackcacherelease" -> "(runtime.gclinkptr).ptr";
          "runtime.stackcacherelease" -> "runtime.lock";
          "runtime.stackcacherelease" -> "runtime.stackpoolfree";
          "runtime.stackcacherelease" -> "runtime.unlock";
          "runtime.stackfree" -> "(*runtime.mSpanList).insert";
          "runtime.stackfree" -> "(*runtime.mSpanStateBox).get";
          "runtime.stackfree" -> "(*runtime.mheap).freeManual";
          "runtime.stackfree" -> "(*runtime.mspan).base";
          "runtime.stackfree" -> "(runtime.gclinkptr).ptr";
          "runtime.stackfree" -> "(runtime.puintptr).ptr";
          "runtime.stackfree" -> "(runtime.traceLocker).GoroutineStackFree";
          "runtime.stackfree" -> "(runtime.traceLocker).ok";
          "runtime.stackfree" -> "runtime.asanpoison";
          "runtime.stackfree" -> "runtime.getg";
          "runtime.stackfree" -> "runtime.lock";
          "runtime.stackfree" -> "runtime.lock";
          "runtime.stackfree" -> "runtime.memclrNoHeapPointers";
          "runtime.stackfree" -> "runtime.msanfree";
          "runtime.stackfree" -> "runtime.osStackFree";
          "runtime.stackfree" -> "runtime.spanOfUnchecked";
          "runtime.stackfree" -> "runtime.stackcacherelease";
          "runtime.stackfree" -> "runtime.stacklog2";
          "runtime.stackfree" -> "runtime.stackpoolfree";
          "runtime.stackfree" -> "runtime.sysFault";
          "runtime.stackfree" -> "runtime.sysFree";
          "runtime.stackfree" -> "runtime.throw";
          "runtime.stackfree" -> "runtime.throw";
          "runtime.stackfree" -> "runtime.throw";
          "runtime.stackfree" -> "runtime.traceAcquire";
          "runtime.stackfree" -> "runtime.traceAllocFreeEnabled";
          "runtime.stackfree" -> "runtime.traceRelease";
          "runtime.stackfree" -> "runtime.unlock";
          "runtime.stackfree" -> "runtime.unlock";
          "runtime.stackmapdata" -> "runtime.addb";
          "runtime.stackmapdata" -> "runtime.throw";
          "runtime.stackpoolalloc" -> "(*runtime.mSpanList).insert";
          "runtime.stackpoolalloc" -> "(*runtime.mSpanList).remove";
          "runtime.stackpoolalloc" -> "(*runtime.mheap).allocManual";
          "runtime.stackpoolalloc" -> "(*runtime.mspan).base";
          "runtime.stackpoolalloc" -> "(runtime.gclinkptr).ptr";
          "runtime.stackpoolalloc" -> "(runtime.gclinkptr).ptr";
          "runtime.stackpoolalloc" -> "(runtime.gclinkptr).ptr";
          "runtime.stackpoolalloc" -> "(runtime.gclinkptr).ptr";
          "runtime.stackpoolalloc" -> "(runtime.gclinkptr).ptr";
          "runtime.stackpoolalloc" -> "runtime.lockWithRankMayAcquire";
          "runtime.stackpoolalloc" -> "runtime.osStackAlloc";
          "runtime.stackpoolalloc" -> "runtime.throw";
          "runtime.stackpoolalloc" -> "runtime.throw";
          "runtime.stackpoolalloc" -> "runtime.throw";
          "runtime.stackpoolalloc" -> "runtime.throw";
          "runtime.stackpoolfree" -> "(*runtime.mSpanList).insert";
          "runtime.stackpoolfree" -> "(*runtime.mSpanList).remove";
          "runtime.stackpoolfree" -> "(*runtime.mSpanStateBox).get";
          "runtime.stackpoolfree" -> "(*runtime.mheap).freeManual";
          "runtime.stackpoolfree" -> "(runtime.gclinkptr).ptr";
          "runtime.stackpoolfree" -> "(runtime.gclinkptr).ptr";
          "runtime.stackpoolfree" -> "runtime.osStackFree";
          "runtime.stackpoolfree" -> "runtime.spanOfUnchecked";
          "runtime.stackpoolfree" -> "runtime.throw";
          "runtime.startCheckmarks" -> "(runtime.arenaIdx).l1";
          "runtime.startCheckmarks" -> "(runtime.arenaIdx).l2";
          "runtime.startCheckmarks" -> "runtime.assertWorldStopped";
          "runtime.startCheckmarks" -> "runtime.persistentalloc";
          "runtime.startCheckmarks" -> "runtime.throw";
          "runtime.startTheWorld" -> "runtime.acquirem";
          "runtime.startTheWorld" -> "runtime.releasem";
          "runtime.startTheWorld" -> "runtime.semrelease1";
          "runtime.startTheWorld" -> "runtime.systemstack";
          "runtime.startTheWorldGC" -> "runtime.semrelease";
          "runtime.startTheWorldGC" -> "runtime.startTheWorld";
          "runtime.startTheWorldWithSema" -> "(*internal/runtime/atomic.Bool).Load";
          "runtime.startTheWorldWithSema" -> "(*internal/runtime/atomic.Bool).Store";
          "runtime.startTheWorldWithSema" -> "(*internal/runtime/atomic.Bool).Store";
          "runtime.startTheWorldWithSema" -> "(*runtime.puintptr).set";
          "runtime.startTheWorldWithSema" -> "(*runtime.timeHistogram).record";
          "runtime.startTheWorldWithSema" -> "(*runtime.timeHistogram).record";
          "runtime.startTheWorldWithSema" -> "(runtime.muintptr).ptr";
          "runtime.startTheWorldWithSema" -> "(runtime.puintptr).ptr";
          "runtime.startTheWorldWithSema" -> "(runtime.stwReason).isGC";
          "runtime.startTheWorldWithSema" -> "(runtime.traceLocker).STWDone";
          "runtime.startTheWorldWithSema" -> "(runtime.traceLocker).ok";
          "runtime.startTheWorldWithSema" -> "runtime.acquirem";
          "runtime.startTheWorldWithSema" -> "runtime.assertWorldStopped";
          "runtime.startTheWorldWithSema" -> "runtime.injectglist";
          "runtime.startTheWorldWithSema" -> "runtime.lock";
          "runtime.startTheWorldWithSema" -> "runtime.nanotime";
          "runtime.startTheWorldWithSema" -> "runtime.netpoll";
          "runtime.startTheWorldWithSema" -> "runtime.netpollAdjustWaiters";
          "runtime.startTheWorldWithSema" -> "runtime.netpollinited";
          "runtime.startTheWorldWithSema" -> "runtime.newm";
          "runtime.startTheWorldWithSema" -> "runtime.notewakeup";
          "runtime.startTheWorldWithSema" -> "runtime.notewakeup";
          "runtime.startTheWorldWithSema" -> "runtime.procresize";
          "runtime.startTheWorldWithSema" -> "runtime.releasem";
          "runtime.startTheWorldWithSema" -> "runtime.throw";
          "runtime.startTheWorldWithSema" -> "runtime.traceAcquire";
          "runtime.startTheWorldWithSema" -> "runtime.traceRelease";
          "runtime.startTheWorldWithSema" -> "runtime.unlock";
          "runtime.startTheWorldWithSema" -> "runtime.wakep";
          "runtime.startTheWorldWithSema" -> "runtime.worldStarted";
          "runtime.startlockedm" -> "(*runtime.puintptr).set";
          "runtime.startlockedm" -> "(runtime.muintptr).ptr";
          "runtime.startlockedm" -> "runtime.getg";
          "runtime.startlockedm" -> "runtime.incidlelocked";
          "runtime.startlockedm" -> "runtime.notewakeup";
          "runtime.startlockedm" -> "runtime.releasep";
          "runtime.startlockedm" -> "runtime.stopm";
          "runtime.startlockedm" -> "runtime.throw";
          "runtime.startlockedm" -> "runtime.throw";
          "runtime.startm" -> "(*runtime.puintptr).set";
          "runtime.startm" -> "runtime.acquirem";
          "runtime.startm" -> "runtime.lock";
          "runtime.startm" -> "runtime.lock";
          "runtime.startm" -> "runtime.mReserveID";
          "runtime.startm" -> "runtime.mget";
          "runtime.startm" -> "runtime.newm";
          "runtime.startm" -> "runtime.notewakeup";
          "runtime.startm" -> "runtime.pidleget";
          "runtime.startm" -> "runtime.releasem";
          "runtime.startm" -> "runtime.releasem";
          "runtime.startm" -> "runtime.releasem";
          "runtime.startm" -> "runtime.runqempty";
          "runtime.startm" -> "runtime.throw";
          "runtime.startm" -> "runtime.throw";
          "runtime.startm" -> "runtime.throw";
          "runtime.startm" -> "runtime.throw";
          "runtime.startm" -> "runtime.unlock";
          "runtime.startm" -> "runtime.unlock";
          "runtime.startm" -> "runtime.unlock";
          "runtime.startpanic_m" -> "(*internal/runtime/atomic.Uint32).Add";
          "runtime.startpanic_m" -> "runtime.exit";
          "runtime.startpanic_m" -> "runtime.exit";
          "runtime.startpanic_m" -> "runtime.freezetheworld";
          "runtime.startpanic_m" -> "runtime.getg";
          "runtime.startpanic_m" -> "runtime.lock";
          "runtime.startpanic_m" -> "runtime.schedtrace";
          "runtime.stealWork" -> "(*internal/runtime/atomic.Bool).Load";
          "runtime.stealWork" -> "(*runtime.randomEnum).done";
          "runtime.stealWork" -> "(*runtime.randomEnum).next";
          "runtime.stealWork" -> "(*runtime.randomEnum).position";
          "runtime.stealWork" -> "(*runtime.randomEnum).position";
          "runtime.stealWork" -> "(*runtime.randomEnum).position";
          "runtime.stealWork" -> "(*runtime.randomOrder).start";
          "runtime.stealWork" -> "(*runtime.timers).check";
          "runtime.stealWork" -> "(runtime.pMask).read";
          "runtime.stealWork" -> "(runtime.pMask).read";
          "runtime.stealWork" -> "(runtime.puintptr).ptr";
          "runtime.stealWork" -> "runtime.cheaprand";
          "runtime.stealWork" -> "runtime.getg";
          "runtime.stealWork" -> "runtime.runqget";
          "runtime.stealWork" -> "runtime.runqsteal";
          "runtime.step" -> "runtime.readvarint";
          "runtime.step" -> "runtime.readvarint";
          "runtime.stkbucket" -> "(*internal/runtime/atomic.UnsafePointer).Load";
          "runtime.stkbucket" -> "(*internal/runtime/atomic.UnsafePointer).Load";
          "runtime.stkbucket" -> "(*internal/runtime/atomic.UnsafePointer).Load";
          "runtime.stkbucket" -> "(*internal/runtime/atomic.UnsafePointer).Load";
          "runtime.stkbucket" -> "(*internal/runtime/atomic.UnsafePointer).Load";
          "runtime.stkbucket" -> "(*internal/runtime/atomic.UnsafePointer).Load";
          "runtime.stkbucket" -> "(*internal/runtime/atomic.UnsafePointer).StoreNoWB";
          "runtime.stkbucket" -> "(*internal/runtime/atomic.UnsafePointer).StoreNoWB";
          "runtime.stkbucket" -> "(*internal/runtime/atomic.UnsafePointer).StoreNoWB";
          "runtime.stkbucket" -> "(*runtime.bucket).stk";
          "runtime.stkbucket" -> "(*runtime.bucket).stk";
          "runtime.stkbucket" -> "(*runtime.bucket).stk";
          "runtime.stkbucket" -> "runtime.eqslice";
          "runtime.stkbucket" -> "runtime.eqslice";
          "runtime.stkbucket" -> "runtime.lock";
          "runtime.stkbucket" -> "runtime.lock";
          "runtime.stkbucket" -> "runtime.newBucket";
          "runtime.stkbucket" -> "runtime.sysAlloc";
          "runtime.stkbucket" -> "runtime.throw";
          "runtime.stkbucket" -> "runtime.unlock";
          "runtime.stkbucket" -> "runtime.unlock";
          "runtime.stkbucket" -> "runtime.unlock";
          "runtime.stopTheWorld" -> "(runtime.stwReason).String";
          "runtime.stopTheWorld" -> "runtime.getg";
          "runtime.stopTheWorld" -> "runtime.semacquire";
          "runtime.stopTheWorld" -> "runtime.systemstack";
          "runtime.stopTheWorldGC" -> "runtime.semacquire";
          "runtime.stopTheWorldGC" -> "runtime.stopTheWorld";
          "runtime.stopTheWorldWithSema" -> "(*internal/runtime/atomic.Bool).Load";
          "runtime.stopTheWorldWithSema" -> "(*internal/runtime/atomic.Bool).Store";
          "runtime.stopTheWorldWithSema" -> "(*runtime.timeHistogram).record";
          "runtime.stopTheWorldWithSema" -> "(*runtime.timeHistogram).record";
          "runtime.stopTheWorldWithSema" -> "(runtime.puintptr).ptr";
          "runtime.stopTheWorldWithSema" -> "(runtime.puintptr).ptr";
          "runtime.stopTheWorldWithSema" -> "(runtime.stwReason).isGC";
          "runtime.stopTheWorldWithSema" -> "(runtime.traceLocker).ProcSteal";
          "runtime.stopTheWorldWithSema" -> "(runtime.traceLocker).STWStart";
          "runtime.stopTheWorldWithSema" -> "(runtime.traceLocker).ok";
          "runtime.stopTheWorldWithSema" -> "(runtime.traceLocker).ok";
          "runtime.stopTheWorldWithSema" -> "(runtime.traceLocker).ok";
          "runtime.stopTheWorldWithSema" -> "internal/runtime/atomic.Cas";
          "runtime.stopTheWorldWithSema" -> "runtime.casGToWaitingForSuspendG";
          "runtime.stopTheWorldWithSema" -> "runtime.casgstatus";
          "runtime.stopTheWorldWithSema" -> "runtime.getg";
          "runtime.stopTheWorldWithSema" -> "runtime.getg";
          "runtime.stopTheWorldWithSema" -> "runtime.getg";
          "runtime.stopTheWorldWithSema" -> "runtime.lock";
          "runtime.stopTheWorldWithSema" -> "runtime.lock";
          "runtime.stopTheWorldWithSema" -> "runtime.lock";
          "runtime.stopTheWorldWithSema" -> "runtime.nanotime";
          "runtime.stopTheWorldWithSema" -> "runtime.nanotime";
          "runtime.stopTheWorldWithSema" -> "runtime.nanotime";
          "runtime.stopTheWorldWithSema" -> "runtime.nanotime";
          "runtime.stopTheWorldWithSema" -> "runtime.nanotime";
          "runtime.stopTheWorldWithSema" -> "runtime.noteclear";
          "runtime.stopTheWorldWithSema" -> "runtime.notetsleep";
          "runtime.stopTheWorldWithSema" -> "runtime.pidleget";
          "runtime.stopTheWorldWithSema" -> "runtime.preemptall";
          "runtime.stopTheWorldWithSema" -> "runtime.preemptall";
          "runtime.stopTheWorldWithSema" -> "runtime.throw";
          "runtime.stopTheWorldWithSema" -> "runtime.throw";
          "runtime.stopTheWorldWithSema" -> "runtime.traceAcquire";
          "runtime.stopTheWorldWithSema" -> "runtime.traceAcquire";
          "runtime.stopTheWorldWithSema" -> "runtime.traceRelease";
          "runtime.stopTheWorldWithSema" -> "runtime.traceRelease";
          "runtime.stopTheWorldWithSema" -> "runtime.unlock";
          "runtime.stopTheWorldWithSema" -> "runtime.worldStopped";
          "runtime.stoplockedm" -> "(runtime.guintptr).ptr";
          "runtime.stoplockedm" -> "(runtime.guintptr).ptr";
          "runtime.stoplockedm" -> "(runtime.guintptr).ptr";
          "runtime.stoplockedm" -> "(runtime.muintptr).ptr";
          "runtime.stoplockedm" -> "(runtime.puintptr).ptr";
          "runtime.stoplockedm" -> "runtime.acquirep";
          "runtime.stoplockedm" -> "runtime.dumpgstatus";
          "runtime.stoplockedm" -> "runtime.getg";
          "runtime.stoplockedm" -> "runtime.handoffp";
          "runtime.stoplockedm" -> "runtime.incidlelocked";
          "runtime.stoplockedm" -> "runtime.mPark";
          "runtime.stoplockedm" -> "runtime.readgstatus";
          "runtime.stoplockedm" -> "runtime.releasep";
          "runtime.stoplockedm" -> "runtime.throw";
          "runtime.stoplockedm" -> "runtime.throw";
          "runtime.stopm" -> "(runtime.puintptr).ptr";
          "runtime.stopm" -> "runtime.acquirep";
          "runtime.stopm" -> "runtime.getg";
          "runtime.stopm" -> "runtime.lock";
          "runtime.stopm" -> "runtime.mPark";
          "runtime.stopm" -> "runtime.mput";
          "runtime.stopm" -> "runtime.throw";
          "runtime.stopm" -> "runtime.throw";
          "runtime.stopm" -> "runtime.throw";
          "runtime.stopm" -> "runtime.unlock";
          "runtime.suspendG" -> "(*internal/runtime/atomic.Uint32).Load";
          "runtime.suspendG" -> "(*internal/runtime/atomic.Uint32).Load";
          "runtime.suspendG" -> "runtime.casGFromPreempted";
          "runtime.suspendG" -> "runtime.casfrom_Gscanstatus";
          "runtime.suspendG" -> "runtime.castogscanstatus";
          "runtime.suspendG" -> "runtime.castogscanstatus";
          "runtime.suspendG" -> "runtime.dumpgstatus";
          "runtime.suspendG" -> "runtime.getg";
          "runtime.suspendG" -> "runtime.nanotime";
          "runtime.suspendG" -> "runtime.nanotime";
          "runtime.suspendG" -> "runtime.nanotime";
          "runtime.suspendG" -> "runtime.nanotime";
          "runtime.suspendG" -> "runtime.osyield";
          "runtime.suspendG" -> "runtime.preemptM";
          "runtime.suspendG" -> "runtime.procyield";
          "runtime.suspendG" -> "runtime.readgstatus";
          "runtime.suspendG" -> "runtime.readgstatus";
          "runtime.suspendG" -> "runtime.throw";
          "runtime.suspendG" -> "runtime.throw";
          "runtime.sweepone" -> "(*internal/runtime/atomic.Uintptr).Add";
          "runtime.sweepone" -> "(*runtime.activeSweep).begin";
          "runtime.sweepone" -> "(*runtime.activeSweep).end";
          "runtime.sweepone" -> "(*runtime.activeSweep).markDrained";
          "runtime.sweepone" -> "(*runtime.mSpanStateBox).get";
          "runtime.sweepone" -> "(*runtime.mheap).nextSpanForSweep";
          "runtime.sweepone" -> "(*runtime.scavengerState).ready";
          "runtime.sweepone" -> "(*runtime.sweepLocked).sweep";
          "runtime.sweepone" -> "(*runtime.sweepLocker).tryAcquire";
          "runtime.sweepone" -> "runtime.getg";
          "runtime.sweepone" -> "runtime.systemstack";
          "runtime.sweepone" -> "runtime.throw";
          "runtime.syncadjustsudogs" -> "runtime.adjustsudogs";
          "runtime.syncadjustsudogs" -> "runtime.lockWithRank";
          "runtime.syncadjustsudogs" -> "runtime.memmove";
          "runtime.syncadjustsudogs" -> "runtime.unlock";
          "runtime.sysAlloc" -> "(*internal/runtime/atomic.Uint64).Add";
          "runtime.sysAlloc" -> "(*runtime.sysMemStat).add";
          "runtime.sysAlloc" -> "runtime.sysAllocOS";
          "runtime.sysAllocOS" -> "runtime.mmap";
          "runtime.sysFault" -> "(*internal/runtime/atomic.Uint64).Add";
          "runtime.sysFault" -> "runtime.sysFaultOS";
          "runtime.sysFaultOS" -> "runtime.mmap";
          "runtime.sysFree" -> "(*internal/runtime/atomic.Uint64).Add";
          "runtime.sysFree" -> "(*runtime.sysMemStat).add";
          "runtime.sysFree" -> "runtime.sysFreeOS";
          "runtime.sysFreeOS" -> "runtime.munmap";
          "runtime.sysHugePage" -> "runtime.sysHugePageOS";
          "runtime.sysMap" -> "(*runtime.sysMemStat).add";
          "runtime.sysMap" -> "runtime.sysMapOS";
          "runtime.sysMapOS" -> "runtime.mmap";
          "runtime.sysMapOS" -> "runtime.throw";
          "runtime.sysMapOS" -> "runtime.throw";
          "runtime.sysNoHugePage" -> "runtime.sysNoHugePageOS";
          "runtime.sysReserve" -> "runtime.sysReserveOS";
          "runtime.sysReserveAligned" -> "runtime.alignUp";
          "runtime.sysReserveAligned" -> "runtime.alignUp";
          "runtime.sysReserveAligned" -> "runtime.sysFreeOS";
          "runtime.sysReserveAligned" -> "runtime.sysFreeOS";
          "runtime.sysReserveAligned" -> "runtime.sysFreeOS";
          "runtime.sysReserveAligned" -> "runtime.sysFreeOS";
          "runtime.sysReserveAligned" -> "runtime.sysReserve";
          "runtime.sysReserveAligned" -> "runtime.sysReserve";
          "runtime.sysReserveAligned" -> "runtime.sysReserveAlignedSbrk";
          "runtime.sysReserveAligned" -> "runtime.throw";
          "runtime.sysReserveAligned" -> "runtime.throw";
          "runtime.sysReserveOS" -> "runtime.mmap";
          "runtime.sysUnused" -> "(*internal/runtime/atomic.Uint64).Add";
          "runtime.sysUnused" -> "runtime.sysUnusedOS";
          "runtime.sysUnusedOS" -> "runtime.madvise";
          "runtime.sysUsed" -> "(*internal/runtime/atomic.Uint64).Add";
          "runtime.sysUsed" -> "runtime.sysUsedOS";
          "runtime.sysUsedOS" -> "runtime.madvise";
          "runtime.taggedPointerPack" -> "runtime.throw";
          "runtime.throw" -> "runtime.fatalthrow";
          "runtime.throw" -> "runtime.systemstack";
          "runtime.timeSleepUntil" -> "(*runtime.timers).wakeTime";
          "runtime.timeSleepUntil" -> "runtime.lock";
          "runtime.timeSleepUntil" -> "runtime.unlock";
          "runtime.time_now" -> "runtime.nanotime";
          "runtime.time_now" -> "runtime.walltime";
          "runtime.traceAcquire" -> "runtime.traceAcquireEnabled";
          "runtime.traceAcquire" -> "runtime.traceEnabled";
          "runtime.traceAcquireEnabled" -> "(*internal/runtime/atomic.Uintptr).Add";
          "runtime.traceAcquireEnabled" -> "(*internal/runtime/atomic.Uintptr).Add";
          "runtime.traceAcquireEnabled" -> "(*internal/runtime/atomic.Uintptr).Load";
          "runtime.traceAcquireEnabled" -> "(*internal/runtime/atomic.Uintptr).Load";
          "runtime.traceAcquireEnabled" -> "(*internal/runtime/atomic.Uintptr).Load";
          "runtime.traceAcquireEnabled" -> "runtime.acquirem";
          "runtime.traceAcquireEnabled" -> "runtime.lockRankMayTraceFlush";
          "runtime.traceAcquireEnabled" -> "runtime.releasem";
          "runtime.traceAcquireEnabled" -> "runtime.throw";
          "runtime.traceBufFlush" -> "(*internal/runtime/atomic.Bool).Load";
          "runtime.traceBufFlush" -> "(*internal/runtime/atomic.Bool).Store";
          "runtime.traceBufFlush" -> "(*runtime.traceBuf).varintAt";
          "runtime.traceBufFlush" -> "(*runtime.traceBufQueue).push";
          "runtime.traceBufFlush" -> "runtime.assertLockHeld";
          "runtime.traceCPUSample" -> "(*internal/runtime/atomic.Uint32).CompareAndSwap";
          "runtime.traceCPUSample" -> "(*internal/runtime/atomic.Uint32).Store";
          "runtime.traceCPUSample" -> "(*internal/runtime/atomic.Uintptr).Add";
          "runtime.traceCPUSample" -> "(*internal/runtime/atomic.Uintptr).Add";
          "runtime.traceCPUSample" -> "(*internal/runtime/atomic.Uintptr).Add";
          "runtime.traceCPUSample" -> "(*internal/runtime/atomic.Uintptr).Load";
          "runtime.traceCPUSample" -> "(*internal/runtime/atomic.Uintptr).Load";
          "runtime.traceCPUSample" -> "(*runtime.profBuf).write";
          "runtime.traceCPUSample" -> "runtime.osyield";
          "runtime.traceCPUSample" -> "runtime.traceClockNow";
          "runtime.traceCPUSample" -> "runtime.traceEnabled";
          "runtime.traceClockNow" -> "runtime.cputicks";
          "runtime.traceClockNow" -> "runtime.nanotime";
          "runtime.traceCompressStackSize" -> "internal/runtime/sys.Len64";
          "runtime.traceCompressStackSize" -> "runtime.throw";
          "runtime.traceExitedSyscall" -> "(*internal/runtime/atomic.Int32).Add";
          "runtime.traceExitingSyscall" -> "(*internal/runtime/atomic.Int32).Add";
          "runtime.traceReader" -> "runtime.traceReaderAvailable";
          "runtime.traceReaderAvailable" -> "(*internal/runtime/atomic.Bool).Load";
          "runtime.traceReaderAvailable" -> "(*internal/runtime/atomic.Bool).Load";
          "runtime.traceReaderAvailable" -> "(*internal/runtime/atomic.Uintptr).Load";
          "runtime.traceReaderAvailable" -> "(*internal/runtime/atomic.Uintptr).Load";
          "runtime.traceRelease" -> "(*internal/runtime/atomic.Uintptr).Add";
          "runtime.traceRelease" -> "runtime.releasem";
          "runtime.traceRelease" -> "runtime.throw";
          "runtime.traceShuttingDown" -> "(*internal/runtime/atomic.Bool).Load";
          "runtime.traceSpanID" -> "(*runtime.mspan).base";
          "runtime.traceSpanTypeAndClass" -> "(*runtime.mSpanStateBox).get";
          "runtime.traceStack" -> "(*runtime.m).hasCgoOnStack";
          "runtime.traceStack" -> "(*runtime.traceStackTable).put";
          "runtime.traceStack" -> "(runtime.muintptr).ptr";
          "runtime.traceStack" -> "runtime.callers";
          "runtime.traceStack" -> "runtime.fpTracebackPCs";
          "runtime.traceStack" -> "runtime.fpTracebackPCs";
          "runtime.traceStack" -> "runtime.fpTracebackPCs";
          "runtime.traceStack" -> "runtime.gcallers";
          "runtime.traceStack" -> "runtime.getfp";
          "runtime.traceStack" -> "runtime.getg";
          "runtime.traceStack" -> "runtime.getg";
          "runtime.traceStack" -> "runtime.getg";
          "runtime.traceStack" -> "runtime.getg";
          "runtime.traceStack" -> "runtime.goStatusToTraceGoStatus";
          "runtime.traceStack" -> "runtime.readgstatus";
          "runtime.traceStack" -> "runtime.throw";
          "runtime.traceStack" -> "runtime.tracefpunwindoff";
          "runtime.traceThreadDestroy" -> "(*internal/runtime/atomic.Uintptr).Add";
          "runtime.traceThreadDestroy" -> "(*internal/runtime/atomic.Uintptr).Add";
          "runtime.traceThreadDestroy" -> "runtime.assertLockHeld";
          "runtime.traceThreadDestroy" -> "runtime.systemstack";
          "runtime.traceThreadDestroy" -> "runtime.throw";
          "runtime.traceThreadDestroy" -> "runtime.throw";
          "runtime.traceback" -> "runtime.traceback1";
          "runtime.traceback1" -> "(*internal/runtime/atomic.Uint32).Store";
          "runtime.traceback1" -> "(*internal/runtime/atomic.Uint32).Store";
          "runtime.traceback1" -> "runtime.printAncestorTraceback";
          "runtime.traceback1" -> "runtime.printCgoTraceback";
          "runtime.traceback1" -> "runtime.printcreatedby";
          "runtime.traceback1" -> "runtime.readgstatus";
          "runtime.traceback2" -> "(*runtime.inlineUnwinder).fileLine";
          "runtime.traceback2" -> "(*runtime.inlineUnwinder).isInlined";
          "runtime.traceback2" -> "(*runtime.inlineUnwinder).isInlined";
          "runtime.traceback2" -> "(*runtime.inlineUnwinder).next";
          "runtime.traceback2" -> "(*runtime.inlineUnwinder).srcFunc";
          "runtime.traceback2" -> "(*runtime.unwinder).cgoCallers";
          "runtime.traceback2" -> "(*runtime.unwinder).next";
          "runtime.traceback2" -> "(*runtime.unwinder).symPC";
          "runtime.traceback2" -> "(*runtime.unwinder).symPC";
          "runtime.traceback2" -> "(*runtime.unwinder).valid";
          "runtime.traceback2" -> "(runtime.funcInfo).entry";
          "runtime.traceback2" -> "(runtime.funcInfo).entry";
          "runtime.traceback2" -> "(runtime.guintptr).ptr";
          "runtime.traceback2" -> "(runtime.inlineFrame).valid";
          "runtime.traceback2" -> "(runtime.srcFunc).name";
          "runtime.traceback2" -> "runtime.callCgoSymbolizer";
          "runtime.traceback2" -> "runtime.gotraceback";
          "runtime.traceback2" -> "runtime.newInlineUnwinder";
          "runtime.traceback2" -> "runtime.printArgs";
          "runtime.traceback2" -> "runtime.printFuncName";
          "runtime.traceback2" -> "runtime.printOneCgoTraceback";
          "runtime.traceback2" -> "runtime.showframe";
          "runtime.tracebackHexdump" -> "runtime.hexdumpWords";
          "runtime.tracebackPCs" -> "(*runtime.inlineUnwinder).next";
          "runtime.tracebackPCs" -> "(*runtime.inlineUnwinder).srcFunc";
          "runtime.tracebackPCs" -> "(*runtime.unwinder).cgoCallers";
          "runtime.tracebackPCs" -> "(*runtime.unwinder).next";
          "runtime.tracebackPCs" -> "(*runtime.unwinder).symPC";
          "runtime.tracebackPCs" -> "(*runtime.unwinder).valid";
          "runtime.tracebackPCs" -> "(runtime.inlineFrame).valid";
          "runtime.tracebackPCs" -> "runtime.elideWrapperCalling";
          "runtime.tracebackPCs" -> "runtime.newInlineUnwinder";
          "runtime.tracebackothers" -> "runtime.forEachGRace";
          "runtime.tracebackothers" -> "runtime.getg";
          "runtime.tracebackothers" -> "runtime.goroutineheader";
          "runtime.tracebackothers" -> "runtime.gotraceback";
          "runtime.tracebackothers" -> "runtime.traceback";
          "runtime.tracebacktrap" -> "(runtime.guintptr).ptr";
          "runtime.tracebacktrap" -> "runtime.traceback1";
          "runtime.tracebacktrap" -> "runtime.traceback1";
          "runtime.tryRecordGoroutineProfile" -> "(*runtime.goroutineProfileStateHolder).CompareAndSwap";
          "runtime.tryRecordGoroutineProfile" -> "(*runtime.goroutineProfileStateHolder).Load";
          "runtime.tryRecordGoroutineProfile" -> "(*runtime.goroutineProfileStateHolder).Store";
          "runtime.tryRecordGoroutineProfile" -> "internal/poll.runtime_pollServerInit";
          "runtime.tryRecordGoroutineProfile" -> "reflect.embeddedIfaceMethStub";
          "runtime.tryRecordGoroutineProfile" -> "reflect.makeFuncStub";
          "runtime.tryRecordGoroutineProfile" -> "reflect.methodValueCall";
          "runtime.tryRecordGoroutineProfile" -> "runtime._ExternalCode";
          "runtime.tryRecordGoroutineProfile" -> "runtime._GC";
          "runtime.tryRecordGoroutineProfile" -> "runtime._LostContendedRuntimeLock";
          "runtime.tryRecordGoroutineProfile" -> "runtime._LostExternalCode";
          "runtime.tryRecordGoroutineProfile" -> "runtime._LostSIGPROFDuringAtomic64";
          "runtime.tryRecordGoroutineProfile" -> "runtime._System";
          "runtime.tryRecordGoroutineProfile" -> "runtime._VDSO";
          "runtime.tryRecordGoroutineProfile" -> "runtime.acquirem";
          "runtime.tryRecordGoroutineProfile" -> "runtime.asyncPreempt";
          "runtime.tryRecordGoroutineProfile" -> "runtime.cgoSigtramp";
          "runtime.tryRecordGoroutineProfile" -> "runtime.doRecordGoroutineProfile";
          "runtime.tryRecordGoroutineProfile" -> "runtime.entersyscall_gcwait";
          "runtime.tryRecordGoroutineProfile" -> "runtime.entersyscall_sysmon";
          "runtime.tryRecordGoroutineProfile" -> "runtime.exit_trampoline";
          "runtime.tryRecordGoroutineProfile" -> "runtime.fcntl_trampoline";
          "runtime.tryRecordGoroutineProfile" -> "runtime.freeStackSpans";
          "runtime.tryRecordGoroutineProfile" -> "runtime.gcControllerCommit";
          "runtime.tryRecordGoroutineProfile" -> "runtime.gcResetMarkState";
          "runtime.tryRecordGoroutineProfile" -> "runtime.kevent_trampoline";
          "runtime.tryRecordGoroutineProfile" -> "runtime.kqueue_trampoline";
          "runtime.tryRecordGoroutineProfile" -> "runtime.madvise_trampoline";
          "runtime.tryRecordGoroutineProfile" -> "runtime.markrootFreeGStacks";
          "runtime.tryRecordGoroutineProfile" -> "runtime.mlock_trampoline";
          "runtime.tryRecordGoroutineProfile" -> "runtime.mmap_trampoline";
          "runtime.tryRecordGoroutineProfile" -> "runtime.mspinning";
          "runtime.tryRecordGoroutineProfile" -> "runtime.mstart";
          "runtime.tryRecordGoroutineProfile" -> "runtime.mstart_stub";
          "runtime.tryRecordGoroutineProfile" -> "runtime.munmap_trampoline";
          "runtime.tryRecordGoroutineProfile" -> "runtime.nanotime_trampoline";
          "runtime.tryRecordGoroutineProfile" -> "runtime.osyield";
          "runtime.tryRecordGoroutineProfile" -> "runtime.pthread_attr_getstacksize_trampoline";
          "runtime.tryRecordGoroutineProfile" -> "runtime.pthread_attr_init_trampoline";
          "runtime.tryRecordGoroutineProfile" -> "runtime.pthread_attr_setdetachstate_trampoline";
          "runtime.tryRecordGoroutineProfile" -> "runtime.pthread_cond_init_trampoline";
          "runtime.tryRecordGoroutineProfile" -> "runtime.pthread_cond_signal_trampoline";
          "runtime.tryRecordGoroutineProfile" -> "runtime.pthread_cond_timedwait_relative_np_trampoline";
          "runtime.tryRecordGoroutineProfile" -> "runtime.pthread_cond_wait_trampoline";
          "runtime.tryRecordGoroutineProfile" -> "runtime.pthread_create_trampoline";
          "runtime.tryRecordGoroutineProfile" -> "runtime.pthread_kill_trampoline";
          "runtime.tryRecordGoroutineProfile" -> "runtime.pthread_mutex_init_trampoline";
          "runtime.tryRecordGoroutineProfile" -> "runtime.pthread_mutex_lock_trampoline";
          "runtime.tryRecordGoroutineProfile" -> "runtime.pthread_mutex_unlock_trampoline";
          "runtime.tryRecordGoroutineProfile" -> "runtime.raise_trampoline";
          "runtime.tryRecordGoroutineProfile" -> "runtime.raiseproc_trampoline";
          "runtime.tryRecordGoroutineProfile" -> "runtime.readgstatus";
          "runtime.tryRecordGoroutineProfile" -> "runtime.releasem";
          "runtime.tryRecordGoroutineProfile" -> "runtime.runSafePointFn";
          "runtime.tryRecordGoroutineProfile" -> "runtime.sigaction_trampoline";
          "runtime.tryRecordGoroutineProfile" -> "runtime.sigpanic";
          "runtime.tryRecordGoroutineProfile" -> "runtime.sigprocmask_trampoline";
          "runtime.tryRecordGoroutineProfile" -> "runtime.sigtramp";
          "runtime.tryRecordGoroutineProfile" -> "runtime.unreachableMethod";
          "runtime.tryRecordGoroutineProfile" -> "runtime.usleep_trampoline";
          "runtime.tryRecordGoroutineProfile" -> "runtime.walltime_trampoline";
          "runtime.tryRecordGoroutineProfile" -> "runtime.write_trampoline";
          "runtime.tryRecordGoroutineProfile" -> "syscall.copyenv";
          "runtime.tryRecordGoroutineProfile" -> "syscall.libc_close_trampoline";
          "runtime.tryRecordGoroutineProfile" -> "syscall.libc_closedir_trampoline";
          "runtime.tryRecordGoroutineProfile" -> "syscall.libc_dup_trampoline";
          "runtime.tryRecordGoroutineProfile" -> "syscall.libc_fchdir_trampoline";
          "runtime.tryRecordGoroutineProfile" -> "syscall.libc_fchmod_trampoline";
          "runtime.tryRecordGoroutineProfile" -> "syscall.libc_fchown_trampoline";
          "runtime.tryRecordGoroutineProfile" -> "syscall.libc_fcntl_trampoline";
          "runtime.tryRecordGoroutineProfile" -> "syscall.libc_fdopendir_trampoline";
          "runtime.tryRecordGoroutineProfile" -> "syscall.libc_fstat_trampoline";
          "runtime.tryRecordGoroutineProfile" -> "syscall.libc_fsync_trampoline";
          "runtime.tryRecordGoroutineProfile" -> "syscall.libc_ftruncate_trampoline";
          "runtime.tryRecordGoroutineProfile" -> "syscall.libc_getsockopt_trampoline";
          "runtime.tryRecordGoroutineProfile" -> "syscall.libc_lseek_trampoline";
          "runtime.tryRecordGoroutineProfile" -> "syscall.libc_open_trampoline";
          "runtime.tryRecordGoroutineProfile" -> "syscall.libc_openat_trampoline";
          "runtime.tryRecordGoroutineProfile" -> "syscall.libc_pread_trampoline";
          "runtime.tryRecordGoroutineProfile" -> "syscall.libc_pwrite_trampoline";
          "runtime.tryRecordGoroutineProfile" -> "syscall.libc_read_trampoline";
          "runtime.tryRecordGoroutineProfile" -> "syscall.libc_readdir_r_trampoline";
          "runtime.tryRecordGoroutineProfile" -> "syscall.libc_recvfrom_trampoline";
          "runtime.tryRecordGoroutineProfile" -> "syscall.libc_recvmsg_trampoline";
          "runtime.tryRecordGoroutineProfile" -> "syscall.libc_sendmsg_trampoline";
          "runtime.tryRecordGoroutineProfile" -> "syscall.libc_sendto_trampoline";
          "runtime.tryRecordGoroutineProfile" -> "syscall.libc_setsockopt_trampoline";
          "runtime.tryRecordGoroutineProfile" -> "syscall.libc_shutdown_trampoline";
          "runtime.tryRecordGoroutineProfile" -> "syscall.libc_write_trampoline";
          "runtime.tryRecordGoroutineProfile" -> "time.initLocal";
          "runtime.tryRecordGoroutineProfileWB" -> "(runtime.puintptr).ptr";
          "runtime.tryRecordGoroutineProfileWB" -> "runtime.getg";
          "runtime.tryRecordGoroutineProfileWB" -> "runtime.throw";
          "runtime.tryRecordGoroutineProfileWB" -> "runtime.tryRecordGoroutineProfile";
          "runtime.trygetfull" -> "(*runtime.lfstack).pop";
          "runtime.trygetfull" -> "(*runtime.workbuf).checknonempty";
          "runtime.unblocksig" -> "runtime.sigaddset";
          "runtime.unblocksig" -> "runtime.sigprocmask";
          "runtime.unlock" -> "runtime.unlockWithRank";
          "runtime.unlock2" -> "(*runtime.mLockProfile).recordUnlock";
          "runtime.unlock2" -> "internal/runtime/atomic.Xchg8";
          "runtime.unlock2" -> "runtime.getg";
          "runtime.unlock2" -> "runtime.key8";
          "runtime.unlock2" -> "runtime.throw";
          "runtime.unlock2" -> "runtime.throw";
          "runtime.unlock2" -> "runtime.unlock2Wake";
          "runtime.unlock2Wake" -> "(runtime.muintptr).ptr";
          "runtime.unlock2Wake" -> "(runtime.muintptr).ptr";
          "runtime.unlock2Wake" -> "internal/runtime/atomic.Casuintptr";
          "runtime.unlock2Wake" -> "internal/runtime/atomic.Casuintptr";
          "runtime.unlock2Wake" -> "internal/runtime/atomic.Loaduintptr";
          "runtime.unlock2Wake" -> "internal/runtime/atomic.Loaduintptr";
          "runtime.unlock2Wake" -> "internal/runtime/atomic.Loaduintptr";
          "runtime.unlock2Wake" -> "runtime.cheaprandn";
          "runtime.unlock2Wake" -> "runtime.mutexPreferLowLatency";
          "runtime.unlock2Wake" -> "runtime.mutexPreferLowLatency";
          "runtime.unlock2Wake" -> "runtime.mutexWaitListHead";
          "runtime.unlock2Wake" -> "runtime.semawakeup";
          "runtime.unlockWithRank" -> "runtime.unlock2";
          "runtime.unreachableMethod" -> "runtime.throw";
          "runtime.usleep" -> "internal/abi.FuncPCABI0";
          "runtime.usleep" -> "runtime.libcCall";
          "runtime.usleep_no_g" -> "internal/abi.FuncPCABI0";
          "runtime.usleep_no_g" -> "runtime.asmcgocall_no_g";
          "runtime.wakeNetPoller" -> "(*internal/runtime/atomic.Int64).Load";
          "runtime.wakeNetPoller" -> "(*internal/runtime/atomic.Int64).Load";
          "runtime.wakeNetPoller" -> "runtime.netpollBreak";
          "runtime.wakeNetPoller" -> "runtime.wakep";
          "runtime.wakeNetpoll" -> "runtime.kevent";
          "runtime.wakeNetpoll" -> "runtime.throw";
          "runtime.wakefing" -> "(*internal/runtime/atomic.Uint32).CompareAndSwap";
          "runtime.wakep" -> "(*internal/runtime/atomic.Int32).Add";
          "runtime.wakep" -> "(*internal/runtime/atomic.Int32).CompareAndSwap";
          "runtime.wakep" -> "(*internal/runtime/atomic.Int32).Load";
          "runtime.wakep" -> "runtime.acquirem";
          "runtime.wakep" -> "runtime.lock";
          "runtime.wakep" -> "runtime.pidlegetSpinning";
          "runtime.wakep" -> "runtime.releasem";
          "runtime.wakep" -> "runtime.releasem";
          "runtime.wakep" -> "runtime.startm";
          "runtime.wakep" -> "runtime.throw";
          "runtime.wakep" -> "runtime.unlock";
          "runtime.wakep" -> "runtime.unlock";
          "runtime.walltime" -> "internal/abi.FuncPCABI0";
          "runtime.walltime" -> "runtime.libcCall";
          "runtime.wantAsyncPreempt" -> "(runtime.puintptr).ptr";
          "runtime.wantAsyncPreempt" -> "runtime.readgstatus";
          "runtime.wbBufFlush" -> "(*runtime.wbBuf).discard";
          "runtime.wbBufFlush" -> "(runtime.puintptr).ptr";
          "runtime.wbBufFlush" -> "runtime.getg";
          "runtime.wbBufFlush" -> "runtime.getg";
          "runtime.wbBufFlush" -> "runtime.systemstack";
          "runtime.wbBufFlush1" -> "(*runtime.gcWork).putBatch";
          "runtime.wbBufFlush1" -> "(*runtime.mspan).base";
          "runtime.wbBufFlush1" -> "(*runtime.mspan).markBitsForIndex";
          "runtime.wbBufFlush1" -> "(*runtime.wbBuf).reset";
          "runtime.wbBufFlush1" -> "(*runtime.wbBuf).reset";
          "runtime.wbBufFlush1" -> "(runtime.markBits).isMarked";
          "runtime.wbBufFlush1" -> "(runtime.markBits).setMarked";
          "runtime.wbBufFlush1" -> "(runtime.spanClass).noscan";
          "runtime.wbBufFlush1" -> "internal/runtime/atomic.Or8";
          "runtime.wbBufFlush1" -> "runtime.findObject";
          "runtime.wbBufFlush1" -> "runtime.pageIndexOf";
          "runtime.wbBufFlush1" -> "runtime.shade";
          "runtime.wirep" -> "(*runtime.muintptr).set";
          "runtime.wirep" -> "(*runtime.puintptr).set";
          "runtime.wirep" -> "runtime.getg";
          "runtime.wirep" -> "runtime.systemstack";
          "runtime.wirep" -> "runtime.systemstack";
          "runtime.write" -> "runtime.noescape";
          "runtime.write" -> "runtime.write1";
          "runtime.write1" -> "internal/abi.FuncPCABI0";
          "runtime.write1" -> "runtime.KeepAlive";
          "runtime.write1" -> "runtime.libcCall";
          "runtime.writeErr" -> "runtime.writeErrData";
          "runtime.writeErrData" -> "(*internal/runtime/atomic.Uint32).Load";
          "runtime.writeErrData" -> "(*internal/runtime/atomic.Uintptr).Load";
          "runtime.writeErrData" -> "runtime.getg";
          "runtime.writeErrData" -> "runtime.write";
          "runtime.writeErrData" -> "runtime.write";
          "runtime.writeErrStr" -> "runtime.writeErrData";
          "strconv.AppendFloat" -> "strconv.genericFtoa";
          "strconv.AppendQuote" -> "strconv.appendQuotedWith";
          "strconv.AppendQuoteRune" -> "strconv.appendQuotedRuneWith";
          "strconv.AppendQuoteRuneToASCII" -> "strconv.appendQuotedRuneWith";
          "strconv.AppendQuoteToASCII" -> "strconv.appendQuotedWith";
          "strconv.CanBackquote" -> "unicode/utf8.DecodeRuneInString";
          "strconv.FormatInt" -> "strconv.formatBits";
          "strconv.FormatInt" -> "strconv.small";
          "strconv.Itoa" -> "strconv.FormatInt";
          "strconv.Quote" -> "strconv.quoteWith";
          "strconv.Unquote" -> "strconv.unquote";
          "strconv.UnquoteChar" -> "strconv.unhex";
          "strconv.UnquoteChar" -> "unicode/utf8.DecodeRuneInString";
          "strconv.UnquoteChar" -> "unicode/utf8.ValidRune";
          "strconv.appendEscapedRune" -> "strconv.IsPrint";
          "strconv.appendEscapedRune" -> "strconv.IsPrint";
          "strconv.appendEscapedRune" -> "strconv.isInGraphicList";
          "strconv.appendEscapedRune" -> "unicode/utf8.AppendRune";
          "strconv.appendEscapedRune" -> "unicode/utf8.ValidRune";
          "strconv.appendQuotedRuneWith" -> "strconv.appendEscapedRune";
          "strconv.appendQuotedRuneWith" -> "unicode/utf8.ValidRune";
          "strconv.appendQuotedWith" -> "strconv.appendEscapedRune";
          "strconv.appendQuotedWith" -> "unicode/utf8.DecodeRuneInString";
          "strconv.bigFtoa" -> "(*strconv.decimal).Assign";
          "strconv.bigFtoa" -> "(*strconv.decimal).Round";
          "strconv.bigFtoa" -> "(*strconv.decimal).Round";
          "strconv.bigFtoa" -> "(*strconv.decimal).Round";
          "strconv.bigFtoa" -> "(*strconv.decimal).Shift";
          "strconv.bigFtoa" -> "strconv.formatDigits";
          "strconv.bigFtoa" -> "strconv.roundShortest";
          "strconv.contains" -> "strconv.index";
          "strconv.divmod1e9" -> "math/bits.Mul64";
          "strconv.fmtB" -> "strconv.formatBits";
          "strconv.fmtB" -> "strconv.formatBits";
          "strconv.fmtX" -> "strconv.lower";
          "strconv.formatBits" -> "math/bits.TrailingZeros";
          "strconv.formatBits" -> "strconv.isPowerOfTwo";
          "strconv.formatDigits" -> "strconv.fmtE";
          "strconv.formatDigits" -> "strconv.fmtE";
          "strconv.formatDigits" -> "strconv.fmtF";
          "strconv.formatDigits" -> "strconv.fmtF";
          "strconv.genericFtoa" -> "math.Float32bits";
          "strconv.genericFtoa" -> "math.Float64bits";
          "strconv.genericFtoa" -> "strconv.bigFtoa";
          "strconv.genericFtoa" -> "strconv.bigFtoa";
          "strconv.genericFtoa" -> "strconv.fmtB";
          "strconv.genericFtoa" -> "strconv.fmtX";
          "strconv.genericFtoa" -> "strconv.formatDigits";
          "strconv.genericFtoa" -> "strconv.ryuFtoaFixed32";
          "strconv.genericFtoa" -> "strconv.ryuFtoaFixed64";
          "strconv.genericFtoa" -> "strconv.ryuFtoaShortest";
          "strconv.index" -> "internal/bytealg.IndexByteString";
          "strconv.leftShift" -> "strconv.prefixIsLessThan";
          "strconv.leftShift" -> "strconv.trim";
          "strconv.mult128bitPow10" -> "math/bits.Add64";
          "strconv.mult128bitPow10" -> "math/bits.Mul64";
          "strconv.mult128bitPow10" -> "math/bits.Mul64";
          "strconv.mult128bitPow10" -> "strconv.mulByLog10Log2";
          "strconv.mult64bitPow10" -> "math/bits.Mul64";
          "strconv.mult64bitPow10" -> "strconv.mulByLog10Log2";
          "strconv.quoteWith" -> "strconv.appendQuotedWith";
          "strconv.rightShift" -> "strconv.trim";
          "strconv.roundShortest" -> "(*strconv.decimal).Assign";
          "strconv.roundShortest" -> "(*strconv.decimal).Assign";
          "strconv.roundShortest" -> "(*strconv.decimal).Round";
          "strconv.roundShortest" -> "(*strconv.decimal).RoundDown";
          "strconv.roundShortest" -> "(*strconv.decimal).RoundUp";
          "strconv.roundShortest" -> "(*strconv.decimal).Shift";
          "strconv.roundShortest" -> "(*strconv.decimal).Shift";
          "strconv.ryuDigits" -> "strconv.divmod1e9";
          "strconv.ryuDigits" -> "strconv.divmod1e9";
          "strconv.ryuDigits" -> "strconv.divmod1e9";
          "strconv.ryuDigits" -> "strconv.ryuDigits32";
          "strconv.ryuDigits" -> "strconv.ryuDigits32";
          "strconv.ryuDigits" -> "strconv.ryuDigits32";
          "strconv.ryuFtoaFixed32" -> "math/bits.Len32";
          "strconv.ryuFtoaFixed32" -> "strconv.divisibleByPower5";
          "strconv.ryuFtoaFixed32" -> "strconv.formatDecimal";
          "strconv.ryuFtoaFixed32" -> "strconv.mulByLog2Log10";
          "strconv.ryuFtoaFixed32" -> "strconv.mult64bitPow10";
          "strconv.ryuFtoaFixed64" -> "math/bits.Len64";
          "strconv.ryuFtoaFixed64" -> "strconv.divisibleByPower5";
          "strconv.ryuFtoaFixed64" -> "strconv.formatDecimal";
          "strconv.ryuFtoaFixed64" -> "strconv.mulByLog2Log10";
          "strconv.ryuFtoaFixed64" -> "strconv.mult128bitPow10";
          "strconv.ryuFtoaShortest" -> "math/bits.TrailingZeros64";
          "strconv.ryuFtoaShortest" -> "strconv.computeBounds";
          "strconv.ryuFtoaShortest" -> "strconv.divisibleByPower5";
          "strconv.ryuFtoaShortest" -> "strconv.divisibleByPower5";
          "strconv.ryuFtoaShortest" -> "strconv.divisibleByPower5";
          "strconv.ryuFtoaShortest" -> "strconv.mulByLog2Log10";
          "strconv.ryuFtoaShortest" -> "strconv.mult128bitPow10";
          "strconv.ryuFtoaShortest" -> "strconv.mult128bitPow10";
          "strconv.ryuFtoaShortest" -> "strconv.mult128bitPow10";
          "strconv.ryuFtoaShortest" -> "strconv.mult64bitPow10";
          "strconv.ryuFtoaShortest" -> "strconv.mult64bitPow10";
          "strconv.ryuFtoaShortest" -> "strconv.mult64bitPow10";
          "strconv.ryuFtoaShortest" -> "strconv.ryuDigits";
          "strconv.ryuFtoaShortest" -> "strconv.ryuDigits";
          "strconv.ryuFtoaShortest" -> "strconv.ryuDigits";
          "strconv.unquote" -> "strconv.UnquoteChar";
          "strconv.unquote" -> "strconv.contains";
          "strconv.unquote" -> "strconv.contains";
          "strconv.unquote" -> "strconv.contains";
          "strconv.unquote" -> "strconv.index";
          "strconv.unquote" -> "unicode/utf8.AppendRune";
          "strconv.unquote" -> "unicode/utf8.DecodeRuneInString";
          "strconv.unquote" -> "unicode/utf8.ValidString";
          "syscall.BytePtrFromString" -> "syscall.ByteSliceFromString";
          "syscall.ByteSliceFromString" -> "internal/bytealg.IndexByteString";
          "syscall.Close" -> "internal/abi.FuncPCABI0";
          "syscall.Close" -> "syscall.errnoErr";
          "syscall.Close" -> "syscall.syscall";
          "syscall.CloseOnExec" -> "syscall.fcntl";
          "syscall.Dup" -> "internal/abi.FuncPCABI0";
          "syscall.Dup" -> "syscall.errnoErr";
          "syscall.Dup" -> "syscall.syscall";
          "syscall.Fchdir" -> "internal/abi.FuncPCABI0";
          "syscall.Fchdir" -> "syscall.errnoErr";
          "syscall.Fchdir" -> "syscall.syscall";
          "syscall.Fchmod" -> "internal/abi.FuncPCABI0";
          "syscall.Fchmod" -> "syscall.errnoErr";
          "syscall.Fchmod" -> "syscall.syscall";
          "syscall.Fchown" -> "internal/abi.FuncPCABI0";
          "syscall.Fchown" -> "syscall.errnoErr";
          "syscall.Fchown" -> "syscall.syscall";
          "syscall.Fstat" -> "internal/abi.FuncPCABI0";
          "syscall.Fstat" -> "syscall.errnoErr";
          "syscall.Fstat" -> "syscall.syscall";
          "syscall.Fsync" -> "internal/abi.FuncPCABI0";
          "syscall.Fsync" -> "syscall.errnoErr";
          "syscall.Fsync" -> "syscall.syscall";
          "syscall.Ftruncate" -> "internal/abi.FuncPCABI0";
          "syscall.Ftruncate" -> "syscall.errnoErr";
          "syscall.Ftruncate" -> "syscall.syscall";
          "syscall.Getdirentries" -> "syscall.Close";
          "syscall.Getdirentries" -> "syscall.Seek";
          "syscall.Getdirentries" -> "syscall.Seek";
          "syscall.Getdirentries" -> "syscall.closedir";
          "syscall.Getdirentries" -> "syscall.errnoErr";
          "syscall.Getdirentries" -> "syscall.fdopendir";
          "syscall.Getdirentries" -> "syscall.openat";
          "syscall.Getdirentries" -> "syscall.readdir_r";
          "syscall.Getenv" -> "(*sync.Once).Do";
          "syscall.Getenv" -> "(*sync.RWMutex).RLock";
          "syscall.Getenv" -> "(*sync.RWMutex).RUnlock";
          "syscall.GetsockoptInt" -> "syscall.getsockopt";
          "syscall.Open" -> "internal/abi.FuncPCABI0";
          "syscall.Open" -> "syscall.BytePtrFromString";
          "syscall.Open" -> "syscall.errnoErr";
          "syscall.Open" -> "syscall.syscall";
          "syscall.Pread" -> "internal/asan.Write";
          "syscall.Pread" -> "internal/msan.Write";
          "syscall.Pread" -> "internal/race.Acquire";
          "syscall.Pread" -> "internal/race.WriteRange";
          "syscall.Pread" -> "syscall.pread";
          "syscall.Pwrite" -> "internal/asan.Read";
          "syscall.Pwrite" -> "internal/msan.Read";
          "syscall.Pwrite" -> "internal/race.ReadRange";
          "syscall.Pwrite" -> "internal/race.ReleaseMerge";
          "syscall.Pwrite" -> "syscall.pwrite";
          "syscall.Read" -> "internal/asan.Write";
          "syscall.Read" -> "internal/msan.Write";
          "syscall.Read" -> "internal/race.Acquire";
          "syscall.Read" -> "internal/race.WriteRange";
          "syscall.Read" -> "syscall.read";
          "syscall.ReadDirent" -> "syscall.Getdirentries";
          "syscall.Recvfrom" -> "syscall.anyToSockaddr";
          "syscall.Recvfrom" -> "syscall.recvfrom";
          "syscall.Recvmsg" -> "syscall.anyToSockaddr";
          "syscall.Recvmsg" -> "syscall.recvmsgRaw";
          "syscall.Seek" -> "internal/abi.FuncPCABI0";
          "syscall.Seek" -> "syscall.errnoErr";
          "syscall.Seek" -> "syscall.syscallX";
          "syscall.SendmsgN" -> "(*syscall.SockaddrDatalink).sockaddr";
          "syscall.SendmsgN" -> "(*syscall.SockaddrInet4).sockaddr";
          "syscall.SendmsgN" -> "(*syscall.SockaddrInet6).sockaddr";
          "syscall.SendmsgN" -> "(*syscall.SockaddrUnix).sockaddr";
          "syscall.SendmsgN" -> "syscall.sendmsgN";
          "syscall.Sendto" -> "(*syscall.SockaddrDatalink).sockaddr";
          "syscall.Sendto" -> "(*syscall.SockaddrInet4).sockaddr";
          "syscall.Sendto" -> "(*syscall.SockaddrInet6).sockaddr";
          "syscall.Sendto" -> "(*syscall.SockaddrUnix).sockaddr";
          "syscall.Sendto" -> "syscall.sendto";
          "syscall.SetNonblock" -> "syscall.fcntl";
          "syscall.SetNonblock" -> "syscall.fcntl";
          "syscall.SetsockoptByte" -> "syscall.setsockopt";
          "syscall.SetsockoptIPMreq" -> "syscall.setsockopt";
          "syscall.SetsockoptIPv6Mreq" -> "syscall.setsockopt";
          "syscall.SetsockoptInet4Addr" -> "syscall.setsockopt";
          "syscall.SetsockoptInt" -> "syscall.setsockopt";
          "syscall.SetsockoptLinger" -> "syscall.setsockopt";
          "syscall.Shutdown" -> "internal/abi.FuncPCABI0";
          "syscall.Shutdown" -> "syscall.errnoErr";
          "syscall.Shutdown" -> "syscall.syscall";
          "syscall.Write" -> "internal/asan.Read";
          "syscall.Write" -> "internal/msan.Read";
          "syscall.Write" -> "internal/race.ReadRange";
          "syscall.Write" -> "internal/race.ReleaseMerge";
          "syscall.Write" -> "syscall.errnoErr";
          "syscall.Write" -> "syscall.faketimeWrite";
          "syscall.Write" -> "syscall.write";
          "syscall.closedir" -> "internal/abi.FuncPCABI0";
          "syscall.closedir" -> "syscall.errnoErr";
          "syscall.closedir" -> "syscall.syscall";
          "syscall.fcntl" -> "internal/abi.FuncPCABI0";
          "syscall.fcntl" -> "syscall.errnoErr";
          "syscall.fcntl" -> "syscall.syscall";
          "syscall.fdopendir" -> "internal/abi.FuncPCABI0";
          "syscall.fdopendir" -> "syscall.errnoErr";
          "syscall.fdopendir" -> "syscall.syscallPtr";
          "syscall.getsockopt" -> "internal/abi.FuncPCABI0";
          "syscall.getsockopt" -> "syscall.errnoErr";
          "syscall.getsockopt" -> "syscall.syscall6";
          "syscall.openat" -> "internal/abi.FuncPCABI0";
          "syscall.openat" -> "syscall.BytePtrFromString";
          "syscall.openat" -> "syscall.errnoErr";
          "syscall.openat" -> "syscall.syscall6";
          "syscall.pread" -> "internal/abi.FuncPCABI0";
          "syscall.pread" -> "syscall.errnoErr";
          "syscall.pread" -> "syscall.syscall6";
          "syscall.pwrite" -> "internal/abi.FuncPCABI0";
          "syscall.pwrite" -> "syscall.errnoErr";
          "syscall.pwrite" -> "syscall.syscall6";
          "syscall.read" -> "internal/abi.FuncPCABI0";
          "syscall.read" -> "syscall.errnoErr";
          "syscall.read" -> "syscall.syscall";
          "syscall.readdir_r" -> "internal/abi.FuncPCABI0";
          "syscall.readdir_r" -> "syscall.syscall";
          "syscall.recvfrom" -> "internal/abi.FuncPCABI0";
          "syscall.recvfrom" -> "syscall.errnoErr";
          "syscall.recvfrom" -> "syscall.syscall6";
          "syscall.recvmsg" -> "internal/abi.FuncPCABI0";
          "syscall.recvmsg" -> "syscall.errnoErr";
          "syscall.recvmsg" -> "syscall.syscall";
          "syscall.recvmsgRaw" -> "(*syscall.Iovec).SetLen";
          "syscall.recvmsgRaw" -> "(*syscall.Iovec).SetLen";
          "syscall.recvmsgRaw" -> "(*syscall.Msghdr).SetControllen";
          "syscall.recvmsgRaw" -> "syscall.recvmsg";
          "syscall.sendmsg" -> "internal/abi.FuncPCABI0";
          "syscall.sendmsg" -> "syscall.errnoErr";
          "syscall.sendmsg" -> "syscall.syscall";
          "syscall.sendmsgN" -> "(*syscall.Iovec).SetLen";
          "syscall.sendmsgN" -> "(*syscall.Iovec).SetLen";
          "syscall.sendmsgN" -> "(*syscall.Msghdr).SetControllen";
          "syscall.sendmsgN" -> "syscall.sendmsg";
          "syscall.sendto" -> "internal/abi.FuncPCABI0";
          "syscall.sendto" -> "syscall.errnoErr";
          "syscall.sendto" -> "syscall.syscall6";
          "syscall.setsockopt" -> "internal/abi.FuncPCABI0";
          "syscall.setsockopt" -> "syscall.errnoErr";
          "syscall.setsockopt" -> "syscall.syscall6";
          "syscall.write" -> "internal/abi.FuncPCABI0";
          "syscall.write" -> "syscall.errnoErr";
          "syscall.write" -> "syscall.syscall";
          "time.Date" -> "(*time.Location).lookup";
          "time.Date" -> "(*time.Location).lookup";
          "time.Date" -> "(*time.Time).setLoc";
          "time.Date" -> "time.dateToAbsDays";
          "time.Date" -> "time.norm";
          "time.Date" -> "time.norm";
          "time.Date" -> "time.norm";
          "time.Date" -> "time.norm";
          "time.Date" -> "time.norm";
          "time.Date" -> "time.unixTime";
          "time.FixedZone" -> "(*sync.Once).Do";
          "time.FixedZone" -> "time.fixedZone";
          "time.LoadLocationFromTZData" -> "(*time.dataIO).big4";
          "time.LoadLocationFromTZData" -> "(*time.dataIO).big4";
          "time.LoadLocationFromTZData" -> "(*time.dataIO).big4";
          "time.LoadLocationFromTZData" -> "(*time.dataIO).big4";
          "time.LoadLocationFromTZData" -> "(*time.dataIO).big8";
          "time.LoadLocationFromTZData" -> "(*time.dataIO).byte";
          "time.LoadLocationFromTZData" -> "(*time.dataIO).byte";
          "time.LoadLocationFromTZData" -> "(*time.dataIO).read";
          "time.LoadLocationFromTZData" -> "(*time.dataIO).read";
          "time.LoadLocationFromTZData" -> "(*time.dataIO).read";
          "time.LoadLocationFromTZData" -> "(*time.dataIO).read";
          "time.LoadLocationFromTZData" -> "(*time.dataIO).read";
          "time.LoadLocationFromTZData" -> "(*time.dataIO).read";
          "time.LoadLocationFromTZData" -> "(*time.dataIO).read";
          "time.LoadLocationFromTZData" -> "(*time.dataIO).read";
          "time.LoadLocationFromTZData" -> "(*time.dataIO).read";
          "time.LoadLocationFromTZData" -> "(*time.dataIO).read";
          "time.LoadLocationFromTZData" -> "(*time.dataIO).rest";
          "time.LoadLocationFromTZData" -> "time.byteString";
          "time.LoadLocationFromTZData" -> "time.findZone";
          "time.LoadLocationFromTZData" -> "time.runtimeNow";
          "time.LoadLocationFromTZData" -> "time.tzset";
          "time.Now" -> "time.runtimeNow";
          "time.Parse" -> "time.parse";
          "time.Unix" -> "time.unixTime";
          "time.Until" -> "(time.Time).Sub";
          "time.Until" -> "time.Now";
          "time.Until" -> "time.runtimeNano";
          "time.Until" -> "time.subMono";
          "time.appendNano" -> "time.appendInt";
          "time.appendNano" -> "time.digitsLen";
          "time.appendNano" -> "time.separator";
          "time.byteString" -> "internal/bytealg.IndexByte";
          "time.closefd" -> "syscall.Close";
          "time.daysIn" -> "time.isLeap";
          "time.div" -> "(*time.Time).nsec";
          "time.div" -> "(*time.Time).sec";
          "time.initLocal" -> "syscall.Getenv";
          "time.initLocal" -> "time.loadLocation";
          "time.initLocal" -> "time.loadLocation";
          "time.initLocal" -> "time.loadLocation";
          "time.loadLocation" -> "errors.New";
          "time.loadLocation" -> "runtime.GOROOT";
          "time.loadLocation" -> "time.LoadLocationFromTZData";
          "time.loadLocation" -> "time.LoadLocationFromTZData";
          "time.loadLocation" -> "time.LoadLocationFromTZData";
          "time.loadLocation" -> "time.gorootZoneSource";
          "time.loadLocation" -> "time.loadTzinfo";
          "time.loadLocation" -> "time.loadTzinfo";
          "time.loadTzinfo" -> "time.loadTzinfoFromDirOrZip";
          "time.loadTzinfoFromDirOrZip" -> "time.loadTzinfoFromZip";
          "time.loadTzinfoFromDirOrZip" -> "time.readFile";
          "time.loadTzinfoFromZip" -> "errors.New";
          "time.loadTzinfoFromZip" -> "errors.New";
          "time.loadTzinfoFromZip" -> "errors.New";
          "time.loadTzinfoFromZip" -> "errors.New";
          "time.loadTzinfoFromZip" -> "errors.New";
          "time.loadTzinfoFromZip" -> "time.closefd";
          "time.loadTzinfoFromZip" -> "time.get2";
          "time.loadTzinfoFromZip" -> "time.get2";
          "time.loadTzinfoFromZip" -> "time.get2";
          "time.loadTzinfoFromZip" -> "time.get2";
          "time.loadTzinfoFromZip" -> "time.get2";
          "time.loadTzinfoFromZip" -> "time.get2";
          "time.loadTzinfoFromZip" -> "time.get2";
          "time.loadTzinfoFromZip" -> "time.get2";
          "time.loadTzinfoFromZip" -> "time.get4";
          "time.loadTzinfoFromZip" -> "time.get4";
          "time.loadTzinfoFromZip" -> "time.get4";
          "time.loadTzinfoFromZip" -> "time.get4";
          "time.loadTzinfoFromZip" -> "time.get4";
          "time.loadTzinfoFromZip" -> "time.get4";
          "time.loadTzinfoFromZip" -> "time.get4";
          "time.loadTzinfoFromZip" -> "time.open";
          "time.loadTzinfoFromZip" -> "time.preadn";
          "time.loadTzinfoFromZip" -> "time.preadn";
          "time.loadTzinfoFromZip" -> "time.preadn";
          "time.loadTzinfoFromZip" -> "time.preadn";
          "time.lookup" -> "time.match";
          "time.newParseError" -> "internal/stringslite.Clone";
          "time.newParseError" -> "internal/stringslite.Clone";
          "time.nextStdChunk" -> "time.startsWithLowerCase";
          "time.nextStdChunk" -> "time.startsWithLowerCase";
          "time.nextStdChunk" -> "time.stdFracSecond";
          "time.open" -> "syscall.Open";
          "time.parse" -> "(*time.Location).lookup";
          "time.parse" -> "(*time.Location).lookupName";
          "time.parse" -> "(*time.Time).addSec";
          "time.parse" -> "(*time.Time).addSec";
          "time.parse" -> "(*time.Time).setLoc";
          "time.parse" -> "(*time.Time).setLoc";
          "time.parse" -> "(*time.Time).setLoc";
          "time.parse" -> "(*time.Time).setLoc";
          "time.parse" -> "(*time.Time).unixSec";
          "time.parse" -> "(*time.Time).unixSec";
          "time.parse" -> "internal/stringslite.Clone";
          "time.parse" -> "internal/stringslite.Clone";
          "time.parse" -> "time.Date";
          "time.parse" -> "time.Date";
          "time.parse" -> "time.Date";
          "time.parse" -> "time.Date";
          "time.parse" -> "time.FixedZone";
          "time.parse" -> "time.FixedZone";
          "time.parse" -> "time.commaOrPeriod";
          "time.parse" -> "time.commaOrPeriod";
          "time.parse" -> "time.daysBefore";
          "time.parse" -> "time.daysBefore";
          "time.parse" -> "time.daysIn";
          "time.parse" -> "time.digitsLen";
          "time.parse" -> "time.getnum";
          "time.parse" -> "time.getnum";
          "time.parse" -> "time.getnum";
          "time.parse" -> "time.getnum";
          "time.parse" -> "time.getnum";
          "time.parse" -> "time.getnum";
          "time.parse" -> "time.getnum";
          "time.parse" -> "time.getnum";
          "time.parse" -> "time.getnum";
          "time.parse" -> "time.getnum3";
          "time.parse" -> "time.isLeap";
          "time.parse" -> "time.lookup";
          "time.parse" -> "time.lookup";
          "time.parse" -> "time.lookup";
          "time.parse" -> "time.lookup";
          "time.parse" -> "time.newParseError";
          "time.parse" -> "time.newParseError";
          "time.parse" -> "time.newParseError";
          "time.parse" -> "time.newParseError";
          "time.parse" -> "time.newParseError";
          "time.parse" -> "time.newParseError";
          "time.parse" -> "time.newParseError";
          "time.parse" -> "time.newParseError";
          "time.parse" -> "time.nextStdChunk";
          "time.parse" -> "time.nextStdChunk";
          "time.parse" -> "time.parseTimeZone";
          "time.parse" -> "time.quote";
          "time.parse" -> "time.skip";
          "time.parseGMT" -> "time.parseSignedOffset";
          "time.parseStrictRFC3339" -> "time.Parse";
          "time.parseTimeZone" -> "time.parseGMT";
          "time.parseTimeZone" -> "time.parseSignedOffset";
          "time.preadn" -> "errors.New";
          "time.preadn" -> "syscall.Read";
          "time.preadn" -> "syscall.Seek";
          "time.read" -> "syscall.Read";
          "time.readFile" -> "time.closefd";
          "time.readFile" -> "time.open";
          "time.readFile" -> "time.read";
          "time.skip" -> "time.cutspace";
          "time.skip" -> "time.cutspace";
          "time.tzruleTime" -> "time.daysBefore";
          "time.tzruleTime" -> "time.daysIn";
          "time.tzruleTime" -> "time.isLeap";
          "time.tzruleTime" -> "time.isLeap";
          "time.tzset" -> "(time.absDays).yearYday";
          "time.tzset" -> "(time.absSeconds).days";
          "time.tzset" -> "time.tzruleTime";
          "time.tzset" -> "time.tzruleTime";
          "time.tzset" -> "time.tzsetName";
          "time.tzset" -> "time.tzsetName";
          "time.tzset" -> "time.tzsetOffset";
          "time.tzset" -> "time.tzsetOffset";
          "time.tzset" -> "time.tzsetRule";
          "time.tzset" -> "time.tzsetRule";
          "time.tzsetOffset" -> "time.tzsetNum";
          "time.tzsetOffset" -> "time.tzsetNum";
          "time.tzsetOffset" -> "time.tzsetNum";
          "time.tzsetRule" -> "time.tzsetNum";
          "time.tzsetRule" -> "time.tzsetNum";
          "time.tzsetRule" -> "time.tzsetNum";
          "time.tzsetRule" -> "time.tzsetNum";
          "time.tzsetRule" -> "time.tzsetNum";
          "time.tzsetRule" -> "time.tzsetOffset";
          "unicode.IsDigit" -> "unicode.isExcludingLatin";
          "unicode.IsLetter" -> "unicode.isExcludingLatin";
          "unicode.isExcludingLatin" -> "unicode.is16";
          "unicode.isExcludingLatin" -> "unicode.is32";
          "unicode/utf8.AppendRune" -> "unicode/utf8.appendRuneNonASCII";
          "unicode/utf8.EncodeRune" -> "unicode/utf8.encodeRuneNonASCII";
          "unicode/utf8.RuneCount" -> "unicode/utf8.RuneCountInString";
        }
--- FAIL: TestProtoIncrementalRTA (4.65s)
    --- FAIL: TestProtoIncrementalRTA/deletion (4.65s)
FAIL
FAIL	rta/incremental-rta	4.872s
FAIL
